Archive member included to satisfy reference by file (symbol)

.\CortexM3\ARM_GCC_541\Debug\Design.a(LCD.o)
                              .\CortexM3\ARM_GCC_541\Debug\lcd_functions.o (LCD_PrintString)
.\CortexM3\ARM_GCC_541\Debug\Design.a(CyLib.o)
                              .\CortexM3\ARM_GCC_541\Debug\Cm3Start.o (CyHalt)
.\CortexM3\ARM_GCC_541\Debug\Design.a(cyPm.o)
                              .\CortexM3\ARM_GCC_541\Debug\Design.a(CyLib.o) (CyPmReadStatus)
.\CortexM3\ARM_GCC_541\Debug\Design.a(Hall_Interrupt.o)
                              .\CortexM3\ARM_GCC_541\Debug\main.o (Hall_Interrupt_SetVector)
.\CortexM3\ARM_GCC_541\Debug\Design.a(Timer.o)
                              .\CortexM3\ARM_GCC_541\Debug\main.o (Timer_ReadStatusRegister)
.\CortexM3\ARM_GCC_541\Debug\Design.a(PWM.o)
                              .\CortexM3\ARM_GCC_541\Debug\main.o (PWM_WriteCompare)
.\CortexM3\ARM_GCC_541\Debug\Design.a(Servo.o)
                              .\CortexM3\ARM_GCC_541\Debug\main.o (Servo_Start)
.\CortexM3\ARM_GCC_541\Debug\Design.a(XBee.o)
                              .\CortexM3\ARM_GCC_541\Debug\main.o (XBee_Start)
.\CortexM3\ARM_GCC_541\Debug\Design.a(XBee_IntClock.o)
                              .\CortexM3\ARM_GCC_541\Debug\Design.a(XBee.o) (XBee_IntClock_Start)
.\CortexM3\ARM_GCC_541\Debug\Design.a(XBee_Interrupt.o)
                              .\CortexM3\ARM_GCC_541\Debug\main.o (XBee_Interrupt_SetVector)
.\CortexM3\ARM_GCC_541\Debug\Design.a(CyBootAsmGnu.o)
                              .\CortexM3\ARM_GCC_541\Debug\cyfitter_cfg.o (CyDelayCycles)
.\CortexM3\ARM_GCC_541\Debug\Design.a(CyFlash.o)
                              .\CortexM3\ARM_GCC_541\Debug\Design.a(cyPm.o) (CyFlash_SetWaitCycles)
.\CortexM3\ARM_GCC_541\Debug\Design.a(CySpc.o)
                              .\CortexM3\ARM_GCC_541\Debug\Design.a(CyFlash.o) (CySpcStart)
c:/program files (x86)/cypress/psoc creator/4.4/psoc creator/import/gnu/arm/5.4.1/bin/../lib/gcc/arm-none-eabi/5.4.1/armv7-m\libgcc.a(_arm_addsubdf3.o)
                              .\CortexM3\ARM_GCC_541\Debug\pid_functions.o (__aeabi_dadd)
c:/program files (x86)/cypress/psoc creator/4.4/psoc creator/import/gnu/arm/5.4.1/bin/../lib/gcc/arm-none-eabi/5.4.1/armv7-m\libgcc.a(_arm_muldivdf3.o)
                              .\CortexM3\ARM_GCC_541\Debug\pid_functions.o (__aeabi_dmul)
c:/program files (x86)/cypress/psoc creator/4.4/psoc creator/import/gnu/arm/5.4.1/bin/../lib/gcc/arm-none-eabi/5.4.1/armv7-m\libgcc.a(_arm_cmpdf2.o)
                              .\CortexM3\ARM_GCC_541\Debug\pid_functions.o (__aeabi_dcmplt)
c:/program files (x86)/cypress/psoc creator/4.4/psoc creator/import/gnu/arm/5.4.1/bin/../lib/gcc/arm-none-eabi/5.4.1/armv7-m\libgcc.a(_arm_fixunsdfsi.o)
                              .\CortexM3\ARM_GCC_541\Debug\pid_functions.o (__aeabi_d2uiz)
c:/program files (x86)/cypress/psoc creator/4.4/psoc creator/import/gnu/arm/5.4.1/bin/../lib/gcc/arm-none-eabi/5.4.1/armv7-m\libgcc.a(_aeabi_ldivmod.o)
                              .\CortexM3\ARM_GCC_541\Debug\main.o (__aeabi_ldivmod)
c:/program files (x86)/cypress/psoc creator/4.4/psoc creator/import/gnu/arm/5.4.1/bin/../lib/gcc/arm-none-eabi/5.4.1/armv7-m\libgcc.a(_udivmoddi4.o)
                              c:/program files (x86)/cypress/psoc creator/4.4/psoc creator/import/gnu/arm/5.4.1/bin/../lib/gcc/arm-none-eabi/5.4.1/armv7-m\libgcc.a(_aeabi_ldivmod.o) (__udivmoddi4)
c:/program files (x86)/cypress/psoc creator/4.4/psoc creator/import/gnu/arm/5.4.1/bin/../lib/gcc/arm-none-eabi/5.4.1/armv7-m\libgcc.a(_dvmd_tls.o)
                              c:/program files (x86)/cypress/psoc creator/4.4/psoc creator/import/gnu/arm/5.4.1/bin/../lib/gcc/arm-none-eabi/5.4.1/armv7-m\libgcc.a(_aeabi_ldivmod.o) (__aeabi_ldiv0)
c:/program files (x86)/cypress/psoc creator/4.4/psoc creator/import/gnu/arm/5.4.1/bin/../lib/gcc/arm-none-eabi/5.4.1/../../../../arm-none-eabi/lib/armv7-m\libg_nano.a(lib_a-atof.o)
                              .\CortexM3\ARM_GCC_541\Debug\xbee_functions.o (atof)
c:/program files (x86)/cypress/psoc creator/4.4/psoc creator/import/gnu/arm/5.4.1/bin/../lib/gcc/arm-none-eabi/5.4.1/../../../../arm-none-eabi/lib/armv7-m\libg_nano.a(lib_a-errno.o)
                              .\CortexM3\ARM_GCC_541\Debug\Cm3Start.o (__errno)
c:/program files (x86)/cypress/psoc creator/4.4/psoc creator/import/gnu/arm/5.4.1/bin/../lib/gcc/arm-none-eabi/5.4.1/../../../../arm-none-eabi/lib/armv7-m\libg_nano.a(lib_a-exit.o)
                              c:/program files (x86)/cypress/psoc creator/4.4/psoc creator/import/gnu/arm/5.4.1/bin/../lib/gcc/arm-none-eabi/5.4.1/../../../../arm-none-eabi/lib/armv7-m/crt0.o (exit)
c:/program files (x86)/cypress/psoc creator/4.4/psoc creator/import/gnu/arm/5.4.1/bin/../lib/gcc/arm-none-eabi/5.4.1/../../../../arm-none-eabi/lib/armv7-m\libg_nano.a(lib_a-impure.o)
[...]
Memory Configuration

Name             Origin             Length             Attributes
rom              0x00000000         0x00040000         xr
ram              0x1fff8000         0x00010000         xrw
*default*        0x00000000         0xffffffff

Linker script and memory map

LOAD c:/program files (x86)/cypress/psoc creator/4.4/psoc creator/import/gnu/arm/5.4.1/bin/../lib/gcc/arm-none-eabi/5.4.1/armv7-m/crti.o
LOAD c:/program files (x86)/cypress/psoc creator/4.4/psoc creator/import/gnu/arm/5.4.1/bin/../lib/gcc/arm-none-eabi/5.4.1/armv7-m/crtbegin.o
LOAD c:/program files (x86)/cypress/psoc creator/4.4/psoc creator/import/gnu/arm/5.4.1/bin/../lib/gcc/arm-none-eabi/5.4.1/../../../../arm-none-eabi/lib/armv7-m/crt0.o
START GROUP
LOAD .\CortexM3\ARM_GCC_541\Debug\main.o
LOAD .\CortexM3\ARM_GCC_541\Debug\lcd_functions.o
LOAD .\CortexM3\ARM_GCC_541\Debug\pid_functions.o
LOAD .\CortexM3\ARM_GCC_541\Debug\xbee_functions.o
LOAD .\CortexM3\ARM_GCC_541\Debug\cyfitter_cfg.o
LOAD .\CortexM3\ARM_GCC_541\Debug\cymetadata.o
LOAD .\CortexM3\ARM_GCC_541\Debug\Cm3Start.o
LOAD .\CortexM3\ARM_GCC_541\Debug\Design.a
LOAD C:\Program Files (x86)\Cypress\PSoC Creator\4.4\PSoC Creator\psoc\content\cycomponentlibrary\CyComponentLibrary.cylib\CortexM3\ARM_GCC_541\Debug\CyComponentLibrary.a
END GROUP
START GROUP
LOAD c:/program files (x86)/cypress/psoc creator/4.4/psoc creator/import/gnu/arm/5.4.1/bin/../lib/gcc/arm-none-eabi/5.4.1/armv7-m\libgcc.a
LOAD c:/program files (x86)/cypress/psoc creator/4.4/psoc creator/import/gnu/arm/5.4.1/bin/../lib/gcc/arm-none-eabi/5.4.1/../../../../arm-none-eabi/lib/armv7-m\libg_nano.a
LOAD c:/program files (x86)/cypress/psoc creator/4.4/psoc creator/import/gnu/arm/5.4.1/bin/../lib/gcc/arm-none-eabi/5.4.1/../../../../arm-none-eabi/lib/armv7-m\libc_nano.a
END GROUP
START GROUP
LOAD c:/program files (x86)/cypress/psoc creator/4.4/psoc creator/import/gnu/arm/5.4.1/bin/../lib/gcc/arm-none-eabi/5.4.1/armv7-m\libgcc.a
LOAD c:/program files (x86)/cypress/psoc creator/4.4/psoc creator/import/gnu/arm/5.4.1/bin/../lib/gcc/arm-none-eabi/5.4.1/../../../../arm-none-eabi/lib/armv7-m\libc_nano.a
END GROUP
LOAD c:/program files (x86)/cypress/psoc creator/4.4/psoc creator/import/gnu/arm/5.4.1/bin/../lib/gcc/arm-none-eabi/5.4.1/armv7-m/crtend.o
LOAD c:/program files (x86)/cypress/psoc creator/4.4/psoc creator/import/gnu/arm/5.4.1/bin/../lib/gcc/arm-none-eabi/5.4.1/armv7-m/crtn.o
START GROUP
LOAD c:/program files (x86)/cypress/psoc creator/4.4/psoc creator/import/gnu/arm/5.4.1/bin/../lib/gcc/arm-none-eabi/5.4.1/armv7-m\libgcc.a
LOAD c:/program files (x86)/cypress/psoc creator/4.4/psoc creator/import/gnu/arm/5.4.1/bin/../lib/gcc/arm-none-eabi/5.4.1/../../../../arm-none-eabi/lib/armv7-m\libc.a
LOAD c:/program files (x86)/cypress/psoc creator/4.4/psoc creator/import/gnu/arm/5.4.1/bin/../lib/gcc/arm-none-eabi/5.4.1/../../../../arm-none-eabi/lib/armv7-m\libnosys.a
END GROUP
                0x00000000                CY_APPL_ORIGIN = 0x0
                0x00000100                CY_FLASH_ROW_SIZE = 0x100
                0x00000020                CY_ECC_ROW_SIZE = 0x20
                0x00000000                CY_EE_IN_BTLDR = 0x0
                0x00000000                CY_APPL_LOADABLE = 0x0
                0x00000800                CY_EE_SIZE = 0x800
                0x00000001                CY_APPL_NUM = 0x1
                0x00000001                CY_APPL_MAX = 0x1
                0x00000040                CY_METADATA_SIZE = 0x40
                0x00000000                CY_APPL_LOADABLE = 0x0
                0x00000000                CY_CHECKSUM_EXCLUDE_SIZE = ALIGN (0x0, CY_FLASH_ROW_SIZE)
                [!provide]                PROVIDE (__cy_heap_start, _end)
                0x00000001                PROVIDE (__cy_region_num, ((__cy_regions_end - __cy_regions) / 0x10))
                0x20008000                PROVIDE (__cy_stack, (ORIGIN (ram) + LENGTH (ram)))
                [!provide]                PROVIDE (__cy_heap_end, (__cy_stack - 0x800))

.cybootloader   0x00000000        0x0
 *(.cybootloader)
                0x00000000                appl1_start = CY_APPL_ORIGIN?CY_APPL_ORIGIN:ALIGN (CY_FLASH_ROW_SIZE)
                0x0001ff00                appl2_start = (appl1_start + ALIGN ((((LENGTH (rom) - appl1_start) - (0x2 * CY_FLASH_ROW_SIZE)) / 0x2), CY_FLASH_ROW_SIZE))
                0x00000000                appl_start = (CY_APPL_NUM == 0x1)?appl1_start:appl2_start
                0x00000000                ecc_offset = ((appl_start / CY_FLASH_ROW_SIZE) * CY_ECC_ROW_SIZE)
                0x00000000                ee_offset = (CY_APPL_LOADABLE && ! (CY_EE_IN_BTLDR))?((CY_EE_SIZE / CY_APPL_MAX) * (CY_APPL_NUM - 0x1)):0x0
                0x00000800                ee_size = (CY_APPL_LOADABLE && ! (CY_EE_IN_BTLDR))?(CY_EE_SIZE / CY_APPL_MAX):CY_EE_SIZE
                [!provide]                PROVIDE (CY_ECC_OFFSET, ecc_offset)

.text           0x00000000     0x3bbc
 CREATE_OBJECT_SYMBOLS
                0x00000000                PROVIDE (__cy_interrupt_vector, RomVectors)
 *(.romvectors)
 .romvectors    0x00000000       0x10 .\CortexM3\ARM_GCC_541\Debug\Cm3Start.o
                0x00000000                RomVectors
                0x00000001                ASSERT ((. != __cy_interrupt_vector), No interrupt vector)
                0x00000001                ASSERT (CY_APPL_ORIGIN?(SIZEOF (.cybootloader) <= CY_APPL_ORIGIN):0x1, Wrong image location)
                0x00000010                PROVIDE (__cy_reset, Reset)
 *(.text.Reset)
 .text.Reset    0x00000010       0x18 .\CortexM3\ARM_GCC_541\Debug\Cm3Start.o
                0x00000010                Reset
                0x00000001                ASSERT ((. != __cy_reset), No reset code)
 *(.dma_init)
                0x00000001                ASSERT ((((appl_start + .) <= 0x10000) || 0x1), DMA Init must be within the first 64k of flash)
 *(.text .text.* .gnu.linkonce.t.*)
 .text          0x00000028       0x5c c:/program files (x86)/cypress/psoc creator/4.4/psoc creator/import/gnu/arm/5.4.1/bin/../lib/gcc/arm-none-eabi/5.4.1/armv7-m/crtbegin.o
 *fill*         0x00000084        0x4 
 .text.hall_int
                0x00000088       0x98 .\CortexM3\ARM_GCC_541\Debug\main.o
                0x00000088                hall_int
 .text.xbee_int
                0x00000120       0x70 .\CortexM3\ARM_GCC_541\Debug\main.o
                0x00000120                xbee_int
 .text.main     0x00000190       0x7c .\CortexM3\ARM_GCC_541\Debug\main.o
                0x00000190                main
 .text.initLCD  0x0000020c       0x1c .\CortexM3\ARM_GCC_541\Debug\lcd_functions.o
                0x0000020c                initLCD
 .text.printLCD
                0x00000228       0x14 .\CortexM3\ARM_GCC_541\Debug\lcd_functions.o
                0x00000228                printLCD
 .text.clearLCD
                0x0000023c        0xc .\CortexM3\ARM_GCC_541\Debug\lcd_functions.o
                0x0000023c                clearLCD
 .text.printUint32LCD
                0x00000248       0x20 .\CortexM3\ARM_GCC_541\Debug\lcd_functions.o
                0x00000248                printUint32LCD
 .text.pidOutput
                0x00000268       0xf0 .\CortexM3\ARM_GCC_541\Debug\pid_functions.o
                0x00000268                pidOutput
 .text.xBeeWrite
                0x00000358       0x14 .\CortexM3\ARM_GCC_541\Debug\xbee_functions.o
                0x00000358                xBeeWrite
 .text.CyClockStartupError
                0x0000036c        0x4 .\CortexM3\ARM_GCC_541\Debug\cyfitter_cfg.o
 .text.cfg_write_bytes32
                0x00000370       0x34 .\CortexM3\ARM_GCC_541\Debug\cyfitter_cfg.o
 .text.AnalogSetDefault
                0x000003a4       0x28 .\CortexM3\ARM_GCC_541\Debug\cyfitter_cfg.o
 .text.CYMEMZERO
                0x000003cc        0xc .\CortexM3\ARM_GCC_541\Debug\cyfitter_cfg.o
 .text.ClockSetup
                0x000003d8       0xdc .\CortexM3\ARM_GCC_541\Debug\cyfitter_cfg.o
 .text.CYCONFIGCPY
                0x000004b4        0x8 .\CortexM3\ARM_GCC_541\Debug\cyfitter_cfg.o
 .text.cyfitter_cfg
                0x000004bc      0x120 .\CortexM3\ARM_GCC_541\Debug\cyfitter_cfg.o
                0x000004bc                cyfitter_cfg
 .text.IntDefaultHandler
                0x000005dc       0x10 .\CortexM3\ARM_GCC_541\Debug\Cm3Start.o
                0x000005dc                IntDefaultHandler
 .text._sbrk    0x000005ec       0x30 .\CortexM3\ARM_GCC_541\Debug\Cm3Start.o
                0x000005ec                _sbrk
 .text.Start_c  0x0000061c       0x4c .\CortexM3\ARM_GCC_541\Debug\Cm3Start.o
                0x0000061c                Start_c
 .text.initialize_psoc
                0x00000668       0x68 .\CortexM3\ARM_GCC_541\Debug\Cm3Start.o
                0x00000668                initialize_psoc
 .text.LCD_WrCntrlNib
                0x000006d0       0x34 .\CortexM3\ARM_GCC_541\Debug\Design.a(LCD.o)
 .text.LCD_WrDatNib
                0x00000704       0x44 .\CortexM3\ARM_GCC_541\Debug\Design.a(LCD.o)
 .text.LCD_IsReady
                0x00000748       0xe4 .\CortexM3\ARM_GCC_541\Debug\Design.a(LCD.o)
                0x00000748                LCD_IsReady
 .text.LCD_WriteData
                0x0000082c       0x18 .\CortexM3\ARM_GCC_541\Debug\Design.a(LCD.o)
                0x0000082c                LCD_WriteData
 .text.LCD_PrintString
                0x00000844       0x1c .\CortexM3\ARM_GCC_541\Debug\Design.a(LCD.o)
                0x00000844                LCD_PrintString
 .text.LCD_WriteControl
                0x00000860       0x18 .\CortexM3\ARM_GCC_541\Debug\Design.a(LCD.o)
                0x00000860                LCD_WriteControl
 .text.LCD_Init
                0x00000878       0x6c .\CortexM3\ARM_GCC_541\Debug\Design.a(LCD.o)
                0x00000878                LCD_Init
 .text.LCD_Enable
                0x000008e4       0x14 .\CortexM3\ARM_GCC_541\Debug\Design.a(LCD.o)
                0x000008e4                LCD_Enable
 .text.LCD_Start
                0x000008f8       0x1c .\CortexM3\ARM_GCC_541\Debug\Design.a(LCD.o)
                0x000008f8                LCD_Start
 .text.LCD_Position
                0x00000914       0x3c .\CortexM3\ARM_GCC_541\Debug\Design.a(LCD.o)
                0x00000914                LCD_Position
 .text.CyDelay  0x00000950       0x2c .\CortexM3\ARM_GCC_541\Debug\Design.a(CyLib.o)
                0x00000950                CyDelay
 .text.CyDelayUs
                0x0000097c       0x14 .\CortexM3\ARM_GCC_541\Debug\Design.a(CyLib.o)
                0x0000097c                CyDelayUs
 .text.Hall_Interrupt_Interrupt
                0x00000990        0x4 .\CortexM3\ARM_GCC_541\Debug\Design.a(Hall_Interrupt.o)
                0x00000990                Hall_Interrupt_Interrupt
 .text.Hall_Interrupt_SetVector
                0x00000994        0xc .\CortexM3\ARM_GCC_541\Debug\Design.a(Hall_Interrupt.o)
                0x00000994                Hall_Interrupt_SetVector
 .text.Hall_Interrupt_SetPriority
                0x000009a0       0x10 .\CortexM3\ARM_GCC_541\Debug\Design.a(Hall_Interrupt.o)
                0x000009a0                Hall_Interrupt_SetPriority
 .text.Hall_Interrupt_Enable
                0x000009b0        0xc .\CortexM3\ARM_GCC_541\Debug\Design.a(Hall_Interrupt.o)
                0x000009b0                Hall_Interrupt_Enable
 .text.Hall_Interrupt_Disable
                0x000009bc        0xc .\CortexM3\ARM_GCC_541\Debug\Design.a(Hall_Interrupt.o)
                0x000009bc                Hall_Interrupt_Disable
 .text.Hall_Interrupt_Start
                0x000009c8       0x1c .\CortexM3\ARM_GCC_541\Debug\Design.a(Hall_Interrupt.o)
                0x000009c8                Hall_Interrupt_Start
 .text.Timer_Enable
                0x000009e4       0x10 .\CortexM3\ARM_GCC_541\Debug\Design.a(Timer.o)
                0x000009e4                Timer_Enable
 .text.Timer_SetInterruptMode
                0x000009f4        0xc .\CortexM3\ARM_GCC_541\Debug\Design.a(Timer.o)
                0x000009f4                Timer_SetInterruptMode
 .text.Timer_ReadStatusRegister
                0x00000a00        0xc .\CortexM3\ARM_GCC_541\Debug\Design.a(Timer.o)
                0x00000a00                Timer_ReadStatusRegister
 .text.Timer_WritePeriod
                0x00000a0c        0xc .\CortexM3\ARM_GCC_541\Debug\Design.a(Timer.o)
                0x00000a0c                Timer_WritePeriod
 .text.Timer_ReadCapture
                0x00000a18        0xc .\CortexM3\ARM_GCC_541\Debug\Design.a(Timer.o)
                0x00000a18                Timer_ReadCapture
 .text.Timer_WriteCounter
                0x00000a24        0xc .\CortexM3\ARM_GCC_541\Debug\Design.a(Timer.o)
                0x00000a24                Timer_WriteCounter
 .text.Timer_SetInterruptCount
                0x00000a30       0x1c .\CortexM3\ARM_GCC_541\Debug\Design.a(Timer.o)
                0x00000a30                Timer_SetInterruptCount
 .text.Timer_ClearFIFO
                0x00000a4c       0x14 .\CortexM3\ARM_GCC_541\Debug\Design.a(Timer.o)
                0x00000a4c                Timer_ClearFIFO
 .text.Timer_Init
                0x00000a60       0x3c .\CortexM3\ARM_GCC_541\Debug\Design.a(Timer.o)
                0x00000a60                Timer_Init
 .text.Timer_Start
                0x00000a9c       0x1c .\CortexM3\ARM_GCC_541\Debug\Design.a(Timer.o)
                0x00000a9c                Timer_Start
 .text.PWM_Enable
                0x00000ab8       0x10 .\CortexM3\ARM_GCC_541\Debug\Design.a(PWM.o)
                0x00000ab8                PWM_Enable
 .text.PWM_WriteCounter
                0x00000ac8        0xc .\CortexM3\ARM_GCC_541\Debug\Design.a(PWM.o)
                0x00000ac8                PWM_WriteCounter
 .text.PWM_WritePeriod
                0x00000ad4        0xc .\CortexM3\ARM_GCC_541\Debug\Design.a(PWM.o)
                0x00000ad4                PWM_WritePeriod
 .text.PWM_WriteCompare
                0x00000ae0        0xc .\CortexM3\ARM_GCC_541\Debug\Design.a(PWM.o)
                0x00000ae0                PWM_WriteCompare
 .text.PWM_SetInterruptMode
                0x00000aec        0xc .\CortexM3\ARM_GCC_541\Debug\Design.a(PWM.o)
                0x00000aec                PWM_SetInterruptMode
 .text.PWM_ReadStatusRegister
                0x00000af8        0xc .\CortexM3\ARM_GCC_541\Debug\Design.a(PWM.o)
                0x00000af8                PWM_ReadStatusRegister
 .text.PWM_ReadCapture
                0x00000b04        0xc .\CortexM3\ARM_GCC_541\Debug\Design.a(PWM.o)
                0x00000b04                PWM_ReadCapture
 .text.PWM_ClearFIFO
                0x00000b10       0x14 .\CortexM3\ARM_GCC_541\Debug\Design.a(PWM.o)
                0x00000b10                PWM_ClearFIFO
 .text.PWM_Init
                0x00000b24       0x60 .\CortexM3\ARM_GCC_541\Debug\Design.a(PWM.o)
                0x00000b24                PWM_Init
 .text.PWM_Start
                0x00000b84       0x1c .\CortexM3\ARM_GCC_541\Debug\Design.a(PWM.o)
                0x00000b84                PWM_Start
 .text.Servo_Enable
                0x00000ba0       0x10 .\CortexM3\ARM_GCC_541\Debug\Design.a(Servo.o)
                0x00000ba0                Servo_Enable
 .text.Servo_WriteCounter
                0x00000bb0        0xc .\CortexM3\ARM_GCC_541\Debug\Design.a(Servo.o)
                0x00000bb0                Servo_WriteCounter
 .text.Servo_WritePeriod
                0x00000bbc        0xc .\CortexM3\ARM_GCC_541\Debug\Design.a(Servo.o)
                0x00000bbc                Servo_WritePeriod
 .text.Servo_WriteCompare
                0x00000bc8        0xc .\CortexM3\ARM_GCC_541\Debug\Design.a(Servo.o)
                0x00000bc8                Servo_WriteCompare
 .text.Servo_SetInterruptMode
                0x00000bd4        0xc .\CortexM3\ARM_GCC_541\Debug\Design.a(Servo.o)
                0x00000bd4                Servo_SetInterruptMode
 .text.Servo_ReadStatusRegister
                0x00000be0        0xc .\CortexM3\ARM_GCC_541\Debug\Design.a(Servo.o)
                0x00000be0                Servo_ReadStatusRegister
 .text.Servo_ReadCapture
                0x00000bec        0xc .\CortexM3\ARM_GCC_541\Debug\Design.a(Servo.o)
                0x00000bec                Servo_ReadCapture
 .text.Servo_ClearFIFO
                0x00000bf8       0x14 .\CortexM3\ARM_GCC_541\Debug\Design.a(Servo.o)
                0x00000bf8                Servo_ClearFIFO
 .text.Servo_Init
                0x00000c0c       0x60 .\CortexM3\ARM_GCC_541\Debug\Design.a(Servo.o)
                0x00000c0c                Servo_Init
 .text.Servo_Start
                0x00000c6c       0x1c .\CortexM3\ARM_GCC_541\Debug\Design.a(Servo.o)
                0x00000c6c                Servo_Start
 .text.XBee_Init
                0x00000c88       0x24 .\CortexM3\ARM_GCC_541\Debug\Design.a(XBee.o)
                0x00000c88                XBee_Init
 .text.XBee_Enable
                0x00000cac       0x38 .\CortexM3\ARM_GCC_541\Debug\Design.a(XBee.o)
                0x00000cac                XBee_Enable
 .text.XBee_Start
                0x00000ce4       0x1c .\CortexM3\ARM_GCC_541\Debug\Design.a(XBee.o)
                0x00000ce4                XBee_Start
 .text.XBee_ReadRxStatus
                0x00000d00       0x10 .\CortexM3\ARM_GCC_541\Debug\Design.a(XBee.o)
                0x00000d00                XBee_ReadRxStatus
 .text.XBee_GetChar
                0x00000d10       0x2c .\CortexM3\ARM_GCC_541\Debug\Design.a(XBee.o)
                0x00000d10                XBee_GetChar
 .text.XBee_GetRxBufferSize
                0x00000d3c       0x18 .\CortexM3\ARM_GCC_541\Debug\Design.a(XBee.o)
                0x00000d3c                XBee_GetRxBufferSize
 .text.XBee_PutChar
                0x00000d54       0x18 .\CortexM3\ARM_GCC_541\Debug\Design.a(XBee.o)
                0x00000d54                XBee_PutChar
 .text.XBee_PutString
                0x00000d6c       0x24 .\CortexM3\ARM_GCC_541\Debug\Design.a(XBee.o)
                0x00000d6c                XBee_PutString
 .text.XBee_IntClock_Start
                0x00000d90       0x1c .\CortexM3\ARM_GCC_541\Debug\Design.a(XBee_IntClock.o)
                0x00000d90                XBee_IntClock_Start
 .text.XBee_Interrupt_Interrupt
                0x00000dac        0x4 .\CortexM3\ARM_GCC_541\Debug\Design.a(XBee_Interrupt.o)
                0x00000dac                XBee_Interrupt_Interrupt
 .text.XBee_Interrupt_SetVector
                0x00000db0        0xc .\CortexM3\ARM_GCC_541\Debug\Design.a(XBee_Interrupt.o)
                0x00000db0                XBee_Interrupt_SetVector
 .text.XBee_Interrupt_SetPriority
                0x00000dbc       0x10 .\CortexM3\ARM_GCC_541\Debug\Design.a(XBee_Interrupt.o)
                0x00000dbc                XBee_Interrupt_SetPriority
 .text.XBee_Interrupt_Enable
                0x00000dcc        0xc .\CortexM3\ARM_GCC_541\Debug\Design.a(XBee_Interrupt.o)
                0x00000dcc                XBee_Interrupt_Enable
 .text.XBee_Interrupt_Disable
                0x00000dd8        0xc .\CortexM3\ARM_GCC_541\Debug\Design.a(XBee_Interrupt.o)
                0x00000dd8                XBee_Interrupt_Disable
 .text.XBee_Interrupt_Start
                0x00000de4       0x1c .\CortexM3\ARM_GCC_541\Debug\Design.a(XBee_Interrupt.o)
                0x00000de4                XBee_Interrupt_Start
 .text          0x00000e00       0x20 .\CortexM3\ARM_GCC_541\Debug\Design.a(CyBootAsmGnu.o)
                0x00000e00                CyDelayCycles
                0x00000e10                CyEnterCriticalSection
                0x00000e18                CyExitCriticalSection
 .text          0x00000e20      0x370 c:/program files (x86)/cypress/psoc creator/4.4/psoc creator/import/gnu/arm/5.4.1/bin/../lib/gcc/arm-none-eabi/5.4.1/armv7-m\libgcc.a(_arm_addsubdf3.o)
                0x00000e20                __aeabi_drsub
                0x00000e28                __aeabi_dsub
                0x00000e28                __subdf3
                0x00000e2c                __aeabi_dadd
                0x00000e2c                __adddf3
                0x000010a4                __floatunsidf
                0x000010a4                __aeabi_ui2d
                0x000010c4                __floatsidf
                0x000010c4                __aeabi_i2d
                0x000010e8                __aeabi_f2d
                0x000010e8                __extendsfdf2
                0x00001124                __floatundidf
                0x00001124                __aeabi_ul2d
                0x00001134                __floatdidf
                0x00001134                __aeabi_l2d
 .text          0x00001190      0x424 c:/program files (x86)/cypress/psoc creator/4.4/psoc creator/import/gnu/arm/5.4.1/bin/../lib/gcc/arm-none-eabi/5.4.1/armv7-m\libgcc.a(_arm_muldivdf3.o)
                0x00001190                __aeabi_dmul
                0x00001190                __muldf3
                0x000013e4                __divdf3
                0x000013e4                __aeabi_ddiv
 .text          0x000015b4      0x110 c:/program files (x86)/cypress/psoc creator/4.4/psoc creator/import/gnu/arm/5.4.1/bin/../lib/gcc/arm-none-eabi/5.4.1/armv7-m\libgcc.a(_arm_cmpdf2.o)
                0x000015b4                __gtdf2
                0x000015b4                __gedf2
                0x000015bc                __ltdf2
                0x000015bc                __ledf2
                0x000015c4                __nedf2
                0x000015c4                __eqdf2
                0x000015c4                __cmpdf2
                0x00001640                __aeabi_cdrcmple
                0x00001650                __aeabi_cdcmpeq
                0x00001650                __aeabi_cdcmple
                0x00001660                __aeabi_dcmpeq
                0x00001674                __aeabi_dcmplt
                0x00001688                __aeabi_dcmple
                0x0000169c                __aeabi_dcmpge
                0x000016b0                __aeabi_dcmpgt
 .text          0x000016c4       0x40 c:/program files (x86)/cypress/psoc creator/4.4/psoc creator/import/gnu/arm/5.4.1/bin/../lib/gcc/arm-none-eabi/5.4.1/armv7-m\libgcc.a(_arm_fixunsdfsi.o)
                0x000016c4                __aeabi_d2uiz
                0x000016c4                __fixunsdfsi
 .text          0x00001704       0xa0 c:/program files (x86)/cypress/psoc creator/4.4/psoc creator/import/gnu/arm/5.4.1/bin/../lib/gcc/arm-none-eabi/5.4.1/armv7-m\libgcc.a(_aeabi_ldivmod.o)
                0x00001704                __aeabi_ldivmod
 .text          0x000017a4      0x2ec c:/program files (x86)/cypress/psoc creator/4.4/psoc creator/import/gnu/arm/5.4.1/bin/../lib/gcc/arm-none-eabi/5.4.1/armv7-m\libgcc.a(_udivmoddi4.o)
                0x000017a4                __udivmoddi4
 .text          0x00001a90        0x4 c:/program files (x86)/cypress/psoc creator/4.4/psoc creator/import/gnu/arm/5.4.1/bin/../lib/gcc/arm-none-eabi/5.4.1/armv7-m\libgcc.a(_dvmd_tls.o)
                0x00001a90                __aeabi_idiv0
                0x00001a90                __aeabi_ldiv0
 .text.__errno  0x00001a94        0xc c:/program files (x86)/cypress/psoc creator/4.4/psoc creator/import/gnu/arm/5.4.1/bin/../lib/gcc/arm-none-eabi/5.4.1/../../../../arm-none-eabi/lib/armv7-m\libg_nano.a(lib_a-errno.o)
                0x00001a94                __errno
 .text.__libc_init_array
                0x00001aa0       0x4c c:/program files (x86)/cypress/psoc creator/4.4/psoc creator/import/gnu/arm/5.4.1/bin/../lib/gcc/arm-none-eabi/5.4.1/../../../../arm-none-eabi/lib/armv7-m\libg_nano.a(lib_a-init.o)
                0x00001aa0                __libc_init_array
 .text.memcpy   0x00001aec       0x16 c:/program files (x86)/cypress/psoc creator/4.4/psoc creator/import/gnu/arm/5.4.1/bin/../lib/gcc/arm-none-eabi/5.4.1/../../../../arm-none-eabi/lib/armv7-m\libg_nano.a(lib_a-memcpy-stub.o)
                0x00001aec                memcpy
 .text.memset   0x00001b02       0x10 c:/program files (x86)/cypress/psoc creator/4.4/psoc creator/import/gnu/arm/5.4.1/bin/../lib/gcc/arm-none-eabi/5.4.1/../../../../arm-none-eabi/lib/armv7-m\libg_nano.a(lib_a-memset.o)
                0x00001b02                memset
 .text.__cvt    0x00001b12       0xc0 c:/program files (x86)/cypress/psoc creator/4.4/psoc creator/import/gnu/arm/5.4.1/bin/../lib/gcc/arm-none-eabi/5.4.1/../../../../arm-none-eabi/lib/armv7-m\libg_nano.a(lib_a-nano-vfprintf_float.o)
                0x00001b12                __cvt
 .text.__exponent
                0x00001bd2       0x62 c:/program files (x86)/cypress/psoc creator/4.4/psoc creator/import/gnu/arm/5.4.1/bin/../lib/gcc/arm-none-eabi/5.4.1/../../../../arm-none-eabi/lib/armv7-m\libg_nano.a(lib_a-nano-vfprintf_float.o)
                0x00001bd2                __exponent
 .text._printf_float
                0x00001c34      0x488 c:/program files (x86)/cypress/psoc creator/4.4/psoc creator/import/gnu/arm/5.4.1/bin/../lib/gcc/arm-none-eabi/5.4.1/../../../../arm-none-eabi/lib/armv7-m\libg_nano.a(lib_a-nano-vfprintf_float.o)
                0x00001c34                _printf_float
 .text._printf_common
                0x000020bc       0xec c:/program files (x86)/cypress/psoc creator/4.4/psoc creator/import/gnu/arm/5.4.1/bin/../lib/gcc/arm-none-eabi/5.4.1/../../../../arm-none-eabi/lib/armv7-m\libg_nano.a(lib_a-nano-vfprintf_i.o)
                0x000020bc                _printf_common
 .text._printf_i
                0x000021a8      0x24c c:/program files (x86)/cypress/psoc creator/4.4/psoc creator/import/gnu/arm/5.4.1/bin/../lib/gcc/arm-none-eabi/5.4.1/../../../../arm-none-eabi/lib/armv7-m\libg_nano.a(lib_a-nano-vfprintf_i.o)
                0x000021a8                _printf_i
 .text.sprintf  0x000023f4       0x48 c:/program files (x86)/cypress/psoc creator/4.4/psoc creator/import/gnu/arm/5.4.1/bin/../lib/gcc/arm-none-eabi/5.4.1/../../../../arm-none-eabi/lib/armv7-m\libg_nano.a(lib_a-sprintf.o)
                0x000023f4                siprintf
                0x000023f4                sprintf
 .text          0x0000243c       0x10 c:/program files (x86)/cypress/psoc creator/4.4/psoc creator/import/gnu/arm/5.4.1/bin/../lib/gcc/arm-none-eabi/5.4.1/../../../../arm-none-eabi/lib/armv7-m\libg_nano.a(lib_a-strlen.o)
                0x0000243c                strlen
 .text.quorem   0x0000244c      0x116 c:/program files (x86)/cypress/psoc creator/4.4/psoc creator/import/gnu/arm/5.4.1/bin/../lib/gcc/arm-none-eabi/5.4.1/../../../../arm-none-eabi/lib/armv7-m\libg_nano.a(lib_a-dtoa.o)
 *fill*         0x00002562        0x6 
 .text._dtoa_r  0x00002568      0xb30 c:/program files (x86)/cypress/psoc creator/4.4/psoc creator/import/gnu/arm/5.4.1/bin/../lib/gcc/arm-none-eabi/5.4.1/../../../../arm-none-eabi/lib/armv7-m\libg_nano.a(lib_a-dtoa.o)
                0x00002568                _dtoa_r
 .text._localeconv_r
                0x00003098        0x8 c:/program files (x86)/cypress/psoc creator/4.4/psoc creator/import/gnu/arm/5.4.1/bin/../lib/gcc/arm-none-eabi/5.4.1/../../../../arm-none-eabi/lib/armv7-m\libg_nano.a(lib_a-locale.o)
                0x00003098                _localeconv_r
 .text.malloc   0x000030a0       0x10 c:/program files (x86)/cypress/psoc creator/4.4/psoc creator/import/gnu/arm/5.4.1/bin/../lib/gcc/arm-none-eabi/5.4.1/../../../../arm-none-eabi/lib/armv7-m\libg_nano.a(lib_a-malloc.o)
                0x000030a0                malloc
 .text.memchr   0x000030b0       0x1c c:/program files (x86)/cypress/psoc creator/4.4/psoc creator/import/gnu/arm/5.4.1/bin/../lib/gcc/arm-none-eabi/5.4.1/../../../../arm-none-eabi/lib/armv7-m\libg_nano.a(lib_a-memchr-stub.o)
                0x000030b0                memchr
 .text._Balloc  0x000030cc       0x6a c:/program files (x86)/cypress/psoc creator/4.4/psoc creator/import/gnu/arm/5.4.1/bin/../lib/gcc/arm-none-eabi/5.4.1/../../../../arm-none-eabi/lib/armv7-m\libg_nano.a(lib_a-mprec.o)
                0x000030cc                _Balloc
 .text._Bfree   0x00003136       0x2e c:/program files (x86)/cypress/psoc creator/4.4/psoc creator/import/gnu/arm/5.4.1/bin/../lib/gcc/arm-none-eabi/5.4.1/../../../../arm-none-eabi/lib/armv7-m\libg_nano.a(lib_a-mprec.o)
                0x00003136                _Bfree
 .text.__multadd
                0x00003164       0x76 c:/program files (x86)/cypress/psoc creator/4.4/psoc creator/import/gnu/arm/5.4.1/bin/../lib/gcc/arm-none-eabi/5.4.1/../../../../arm-none-eabi/lib/armv7-m\libg_nano.a(lib_a-mprec.o)
                0x00003164                __multadd
 .text.__hi0bits
                0x000031da       0x40 c:/program files (x86)/cypress/psoc creator/4.4/psoc creator/import/gnu/arm/5.4.1/bin/../lib/gcc/arm-none-eabi/5.4.1/../../../../arm-none-eabi/lib/armv7-m\libg_nano.a(lib_a-mprec.o)
                0x000031da                __hi0bits
 .text.__lo0bits
                0x0000321a       0x5a c:/program files (x86)/cypress/psoc creator/4.4/psoc creator/import/gnu/arm/5.4.1/bin/../lib/gcc/arm-none-eabi/5.4.1/../../../../arm-none-eabi/lib/armv7-m\libg_nano.a(lib_a-mprec.o)
                0x0000321a                __lo0bits
 .text.__i2b    0x00003274       0x12 c:/program files (x86)/cypress/psoc creator/4.4/psoc creator/import/gnu/arm/5.4.1/bin/../lib/gcc/arm-none-eabi/5.4.1/../../../../arm-none-eabi/lib/armv7-m\libg_nano.a(lib_a-mprec.o)
                0x00003274                __i2b
 .text.__multiply
                0x00003286      0x120 c:/program files (x86)/cypress/psoc creator/4.4/psoc creator/import/gnu/arm/5.4.1/bin/../lib/gcc/arm-none-eabi/5.4.1/../../../../arm-none-eabi/lib/armv7-m\libg_nano.a(lib_a-mprec.o)
                0x00003286                __multiply
 *fill*         0x000033a6        0x2 
 .text.__pow5mult
                0x000033a8       0x9c c:/program files (x86)/cypress/psoc creator/4.4/psoc creator/import/gnu/arm/5.4.1/bin/../lib/gcc/arm-none-eabi/5.4.1/../../../../arm-none-eabi/lib/armv7-m\libg_nano.a(lib_a-mprec.o)
                0x000033a8                __pow5mult
 .text.__lshift
                0x00003444       0xa2 c:/program files (x86)/cypress/psoc creator/4.4/psoc creator/import/gnu/arm/5.4.1/bin/../lib/gcc/arm-none-eabi/5.4.1/../../../../arm-none-eabi/lib/armv7-m\libg_nano.a(lib_a-mprec.o)
                0x00003444                __lshift
 .text.__mcmp   0x000034e6       0x38 c:/program files (x86)/cypress/psoc creator/4.4/psoc creator/import/gnu/arm/5.4.1/bin/../lib/gcc/arm-none-eabi/5.4.1/../../../../arm-none-eabi/lib/armv7-m\libg_nano.a(lib_a-mprec.o)
                0x000034e6                __mcmp
 .text.__mdiff  0x0000351e       0xbe c:/program files (x86)/cypress/psoc creator/4.4/psoc creator/import/gnu/arm/5.4.1/bin/../lib/gcc/arm-none-eabi/5.4.1/../../../../arm-none-eabi/lib/armv7-m\libg_nano.a(lib_a-mprec.o)
                0x0000351e                __mdiff
 .text.__d2b    0x000035dc       0x9c c:/program files (x86)/cypress/psoc creator/4.4/psoc creator/import/gnu/arm/5.4.1/bin/../lib/gcc/arm-none-eabi/5.4.1/../../../../arm-none-eabi/lib/armv7-m\libg_nano.a(lib_a-mprec.o)
                0x000035dc                __d2b
 .text._calloc_r
                0x00003678       0x1c c:/program files (x86)/cypress/psoc creator/4.4/psoc creator/import/gnu/arm/5.4.1/bin/../lib/gcc/arm-none-eabi/5.4.1/../../../../arm-none-eabi/lib/armv7-m\libg_nano.a(lib_a-nano-callocr.o)
                0x00003678                _calloc_r
 .text._free_r  0x00003694       0x98 c:/program files (x86)/cypress/psoc creator/4.4/psoc creator/import/gnu/arm/5.4.1/bin/../lib/gcc/arm-none-eabi/5.4.1/../../../../arm-none-eabi/lib/armv7-m\libg_nano.a(lib_a-nano-freer.o)
                0x00003694                _free_r
 .text._malloc_r
                0x0000372c       0xbc c:/program files (x86)/cypress/psoc creator/4.4/psoc creator/import/gnu/arm/5.4.1/bin/../lib/gcc/arm-none-eabi/5.4.1/../../../../arm-none-eabi/lib/armv7-m\libg_nano.a(lib_a-nano-mallocr.o)
                0x0000372c                _malloc_r
 .text.__ssputs_r
                0x000037e8       0xb2 c:/program files (x86)/cypress/psoc creator/4.4/psoc creator/import/gnu/arm/5.4.1/bin/../lib/gcc/arm-none-eabi/5.4.1/../../../../arm-none-eabi/lib/armv7-m\libg_nano.a(lib_a-nano-svfprintf.o)
                0x000037e8                __ssputs_r
 *fill*         0x0000389a        0x2 
 .text._svfprintf_r
                0x0000389c      0x1e8 c:/program files (x86)/cypress/psoc creator/4.4/psoc creator/import/gnu/arm/5.4.1/bin/../lib/gcc/arm-none-eabi/5.4.1/../../../../arm-none-eabi/lib/armv7-m\libg_nano.a(lib_a-nano-svfprintf.o)
                0x0000389c                _svfiprintf_r
                0x0000389c                _svfprintf_r
 .text._sbrk_r  0x00003a84       0x20 c:/program files (x86)/cypress/psoc creator/4.4/psoc creator/import/gnu/arm/5.4.1/bin/../lib/gcc/arm-none-eabi/5.4.1/../../../../arm-none-eabi/lib/armv7-m\libg_nano.a(lib_a-sbrkr.o)
                0x00003a84                _sbrk_r
 .text.memmove  0x00003aa4       0x36 c:/program files (x86)/cypress/psoc creator/4.4/psoc creator/import/gnu/arm/5.4.1/bin/../lib/gcc/arm-none-eabi/5.4.1/../../../../arm-none-eabi/lib/armv7-m\libg_nano.a(lib_a-memmove.o)
                0x00003aa4                memmove
 .text.__malloc_lock
                0x00003ada        0x2 c:/program files (x86)/cypress/psoc creator/4.4/psoc creator/import/gnu/arm/5.4.1/bin/../lib/gcc/arm-none-eabi/5.4.1/../../../../arm-none-eabi/lib/armv7-m\libg_nano.a(lib_a-mlock.o)
                0x00003ada                __malloc_lock
 .text.__malloc_unlock
                0x00003adc        0x2 c:/program files (x86)/cypress/psoc creator/4.4/psoc creator/import/gnu/arm/5.4.1/bin/../lib/gcc/arm-none-eabi/5.4.1/../../../../arm-none-eabi/lib/armv7-m\libg_nano.a(lib_a-mlock.o)
                0x00003adc                __malloc_unlock
 .text._realloc_r
                0x00003ade       0x4c c:/program files (x86)/cypress/psoc creator/4.4/psoc creator/import/gnu/arm/5.4.1/bin/../lib/gcc/arm-none-eabi/5.4.1/../../../../arm-none-eabi/lib/armv7-m\libg_nano.a(lib_a-nano-reallocr.o)
                0x00003ade                _realloc_r
 .text._malloc_usable_size_r
                0x00003b2a       0x14 c:/program files (x86)/cypress/psoc creator/4.4/psoc creator/import/gnu/arm/5.4.1/bin/../lib/gcc/arm-none-eabi/5.4.1/../../../../arm-none-eabi/lib/armv7-m\libg_nano.a(lib_a-nano-msizer.o)
                0x00003b2a                _malloc_usable_size_r
 *fill*         0x00003b3e        0x2 
 .text          0x00003b40       0x2c c:/program files (x86)/cypress/psoc creator/4.4/psoc creator/import/gnu/arm/5.4.1/bin/../lib/gcc/arm-none-eabi/5.4.1/armv7-m\libgcc.a(_arm_unorddf2.o)
                0x00003b40                __unorddf2
                0x00003b40                __aeabi_dcmpun
 .text          0x00003b6c       0x50 c:/program files (x86)/cypress/psoc creator/4.4/psoc creator/import/gnu/arm/5.4.1/bin/../lib/gcc/arm-none-eabi/5.4.1/armv7-m\libgcc.a(_arm_fixdfsi.o)
                0x00003b6c                __aeabi_d2iz
                0x00003b6c                __fixdfsi
 *(.plt)
 *(.gnu.warning)
 *(.glue_7t)
 .glue_7t       0x00003bbc        0x0 linker stubs
 *(.glue_7)
 .glue_7        0x00003bbc        0x0 linker stubs
 *(.vfp11_veneer)
 .vfp11_veneer  0x00003bbc        0x0 linker stubs
 *(.bootloader)
 *(.ARM.extab* .gnu.linkonce.armextab.*)
 *(.gcc_except_table)

.v4_bx          0x00003bbc        0x0
 .v4_bx         0x00003bbc        0x0 linker stubs

.iplt           0x00003bbc        0x0
 .iplt          0x00003bbc        0x0 c:/program files (x86)/cypress/psoc creator/4.4/psoc creator/import/gnu/arm/5.4.1/bin/../lib/gcc/arm-none-eabi/5.4.1/armv7-m/crtbegin.o

.eh_frame_hdr
 *(.eh_frame_hdr)

.eh_frame       0x00003bbc        0x4
 *(.eh_frame)
 .eh_frame      0x00003bbc        0x0 c:/program files (x86)/cypress/psoc creator/4.4/psoc creator/import/gnu/arm/5.4.1/bin/../lib/gcc/arm-none-eabi/5.4.1/armv7-m/crtbegin.o
 .eh_frame      0x00003bbc        0x4 c:/program files (x86)/cypress/psoc creator/4.4/psoc creator/import/gnu/arm/5.4.1/bin/../lib/gcc/arm-none-eabi/5.4.1/armv7-m/crtend.o
                [!provide]                PROVIDE (__exidx_start, .)

.ARM.exidx      0x00003bc0        0x8
 *(.ARM.exidx* .gnu.linkonce.armexidx.*)
 .ARM.exidx     0x00003bc0        0x8 c:/program files (x86)/cypress/psoc creator/4.4/psoc creator/import/gnu/arm/5.4.1/bin/../lib/gcc/arm-none-eabi/5.4.1/armv7-m\libgcc.a(_udivmoddi4.o)
                0x00003bc8                __exidx_end = .

.rodata         0x00003bc8      0x238
 *(.rodata .rodata.* .gnu.linkonce.r.*)
 .rodata.str1.4
                0x00003bc8       0x43 .\CortexM3\ARM_GCC_541\Debug\main.o
 *fill*         0x00003c0b        0x1 
 .rodata.str1.4
                0x00003c0c        0xb .\CortexM3\ARM_GCC_541\Debug\lcd_functions.o
                                 0x13 (size before relaxing)
 *fill*         0x00003c17        0x1 
 .rodata.str1.4
                0x00003c18        0x8 .\CortexM3\ARM_GCC_541\Debug\xbee_functions.o
                                  0x6 (size before relaxing)
 .rodata        0x00003c20       0x46 .\CortexM3\ARM_GCC_541\Debug\cyfitter_cfg.o
 .rodata.str1.1
                0x00003c66        0x2 c:/program files (x86)/cypress/psoc creator/4.4/psoc creator/import/gnu/arm/5.4.1/bin/../lib/gcc/arm-none-eabi/5.4.1/../../../../arm-none-eabi/lib/armv7-m\libg_nano.a(lib_a-impure.o)
 .rodata.str1.1
                0x00003c68       0x12 c:/program files (x86)/cypress/psoc creator/4.4/psoc creator/import/gnu/arm/5.4.1/bin/../lib/gcc/arm-none-eabi/5.4.1/../../../../arm-none-eabi/lib/armv7-m\libg_nano.a(lib_a-nano-vfprintf_float.o)
 .rodata.str1.1
                0x00003c7a       0x22 c:/program files (x86)/cypress/psoc creator/4.4/psoc creator/import/gnu/arm/5.4.1/bin/../lib/gcc/arm-none-eabi/5.4.1/../../../../arm-none-eabi/lib/armv7-m\libg_nano.a(lib_a-nano-vfprintf_i.o)
 .rodata.str1.1
                0x00003c9c        0xd c:/program files (x86)/cypress/psoc creator/4.4/psoc creator/import/gnu/arm/5.4.1/bin/../lib/gcc/arm-none-eabi/5.4.1/../../../../arm-none-eabi/lib/armv7-m\libg_nano.a(lib_a-dtoa.o)
                                  0xf (size before relaxing)
 .rodata.str1.1
                0x00003ca9        0x8 c:/program files (x86)/cypress/psoc creator/4.4/psoc creator/import/gnu/arm/5.4.1/bin/../lib/gcc/arm-none-eabi/5.4.1/../../../../arm-none-eabi/lib/armv7-m\libg_nano.a(lib_a-locale.o)
                                  0xb (size before relaxing)
 *fill*         0x00003cb1        0x7 
 .rodata.__mprec_tens
                0x00003cb8       0xc8 c:/program files (x86)/cypress/psoc creator/4.4/psoc creator/import/gnu/arm/5.4.1/bin/../lib/gcc/arm-none-eabi/5.4.1/../../../../arm-none-eabi/lib/armv7-m\libg_nano.a(lib_a-mprec.o)
                0x00003cb8                __mprec_tens
 .rodata.p05.5408
                0x00003d80        0xc c:/program files (x86)/cypress/psoc creator/4.4/psoc creator/import/gnu/arm/5.4.1/bin/../lib/gcc/arm-none-eabi/5.4.1/../../../../arm-none-eabi/lib/armv7-m\libg_nano.a(lib_a-mprec.o)
 *fill*         0x00003d8c        0x4 
 .rodata.__mprec_bigtens
                0x00003d90       0x28 c:/program files (x86)/cypress/psoc creator/4.4/psoc creator/import/gnu/arm/5.4.1/bin/../lib/gcc/arm-none-eabi/5.4.1/../../../../arm-none-eabi/lib/armv7-m\libg_nano.a(lib_a-mprec.o)
                0x00003d90                __mprec_bigtens
 .rodata.str1.1
                0x00003db8       0x11 c:/program files (x86)/cypress/psoc creator/4.4/psoc creator/import/gnu/arm/5.4.1/bin/../lib/gcc/arm-none-eabi/5.4.1/../../../../arm-none-eabi/lib/armv7-m\libg_nano.a(lib_a-nano-svfprintf.o)
                0x00003dcc                . = ALIGN (0x4)
 *fill*         0x00003dc9        0x3 
 *(.init)
 .init          0x00003dcc        0x4 c:/program files (x86)/cypress/psoc creator/4.4/psoc creator/import/gnu/arm/5.4.1/bin/../lib/gcc/arm-none-eabi/5.4.1/armv7-m/crti.o
                0x00003dcc                _init
 .init          0x00003dd0        0x8 c:/program files (x86)/cypress/psoc creator/4.4/psoc creator/import/gnu/arm/5.4.1/bin/../lib/gcc/arm-none-eabi/5.4.1/armv7-m/crtn.o
                0x00003dd8                . = ALIGN (0x4)
                0x00003dd8                __preinit_array_start = .
 *(.preinit_array)
                0x00003dd8                __preinit_array_end = .
                0x00003dd8                . = ALIGN (0x4)
                0x00003dd8                __init_array_start = .
 *(SORT(.init_array.*))
 *(.init_array)
 .init_array    0x00003dd8        0x4 c:/program files (x86)/cypress/psoc creator/4.4/psoc creator/import/gnu/arm/5.4.1/bin/../lib/gcc/arm-none-eabi/5.4.1/armv7-m/crtbegin.o
 .init_array    0x00003ddc        0x4 .\CortexM3\ARM_GCC_541\Debug\Cm3Start.o
                0x00003de0                __init_array_end = .
                0x00003de0                . = ALIGN (0x4)
 *(.fini)
 .fini          0x00003de0        0x4 c:/program files (x86)/cypress/psoc creator/4.4/psoc creator/import/gnu/arm/5.4.1/bin/../lib/gcc/arm-none-eabi/5.4.1/armv7-m/crti.o
                0x00003de0                _fini
 .fini          0x00003de4        0x8 c:/program files (x86)/cypress/psoc creator/4.4/psoc creator/import/gnu/arm/5.4.1/bin/../lib/gcc/arm-none-eabi/5.4.1/armv7-m/crtn.o
                0x00003dec                . = ALIGN (0x4)
                0x00003dec                __fini_array_start = .
 *(.fini_array)
 .fini_array    0x00003dec        0x4 c:/program files (x86)/cypress/psoc creator/4.4/psoc creator/import/gnu/arm/5.4.1/bin/../lib/gcc/arm-none-eabi/5.4.1/armv7-m/crtbegin.o
 *(SORT(.fini_array.*))
                0x00003df0                __fini_array_end = .
                0x00003df0                . = ALIGN (0x4)
 *crtbegin.o(.ctors)
 *(EXCLUDE_FILE(*crtend.o) .ctors)
 *(SORT(.ctors.*))
 *crtend.o(.ctors)
                0x00003df0                . = ALIGN (0x4)
 *crtbegin.o(.dtors)
 *(EXCLUDE_FILE(*crtend.o) .dtors)
 *(SORT(.dtors.*))
 *crtend.o(.dtors)
                0x00003df0                . = ALIGN (0x4)
                0x00003df0                __cy_regions = .
                0x00003df0        0x4 LONG 0x3e00 __cy_region_init_ram
                0x00003df4        0x4 LONG 0x1fff80c8 __cy_region_start_data
                0x00003df8        0x4 LONG 0xd8 __cy_region_init_size_ram
                0x00003dfc        0x4 LONG 0xe8 __cy_region_zero_size_ram
                0x00003e00                __cy_regions_end = .
                0x00003e00                . = ALIGN (0x8)
                0x00003e00                _etext = .

.cy_checksum_exclude
                0x00003e00        0x0
 *(.cy_checksum_exclude)

.ramvectors     0x1fff8000       0xc0
                0x1fff8000                __cy_region_start_ram = .
 *(.ramvectors)
 .ramvectors    0x1fff8000       0xc0 .\CortexM3\ARM_GCC_541\Debug\Cm3Start.o
                0x1fff8000                CyRamVectors

.noinit         0x1fff80c0        0x1
 *(.noinit)
 .noinit        0x1fff80c0        0x1 .\CortexM3\ARM_GCC_541\Debug\Design.a(CyLib.o)
                0x1fff80c0                CyResetStatus

.data           0x1fff80c8       0xd8 load address 0x00003e00
                0x1fff80c8                __cy_region_start_data = .
 *(.jcr)
 .jcr           0x1fff80c8        0x0 c:/program files (x86)/cypress/psoc creator/4.4/psoc creator/import/gnu/arm/5.4.1/bin/../lib/gcc/arm-none-eabi/5.4.1/armv7-m/crtbegin.o
 .jcr           0x1fff80c8        0x4 c:/program files (x86)/cypress/psoc creator/4.4/psoc creator/import/gnu/arm/5.4.1/bin/../lib/gcc/arm-none-eabi/5.4.1/armv7-m/crtend.o
 *(.got.plt)
 *(.got)
 *(.shdata)
 *(.data .data.* .gnu.linkonce.d.*)
 .data          0x1fff80cc        0x8 .\CortexM3\ARM_GCC_541\Debug\main.o
                0x1fff80cc                lastTime
                0x1fff80d0                goalScaledSpeed
 *fill*         0x1fff80d4        0x4 
 .data          0x1fff80d8       0x18 .\CortexM3\ARM_GCC_541\Debug\pid_functions.o
                0x1fff80d8                kp
                0x1fff80e0                ki
                0x1fff80e8                kd
 .data          0x1fff80f0        0x4 .\CortexM3\ARM_GCC_541\Debug\Cm3Start.o
 .data          0x1fff80f4       0x10 .\CortexM3\ARM_GCC_541\Debug\Design.a(CyLib.o)
                0x1fff80f4                cydelay_32k_ms
                0x1fff80f8                cydelay_freq_khz
                0x1fff80fc                cydelay_freq_mhz
                0x1fff8100                cydelay_freq_hz
 .data.impure_data
                0x1fff8104       0x60 c:/program files (x86)/cypress/psoc creator/4.4/psoc creator/import/gnu/arm/5.4.1/bin/../lib/gcc/arm-none-eabi/5.4.1/../../../../arm-none-eabi/lib/armv7-m\libg_nano.a(lib_a-impure.o)
 .data._impure_ptr
                0x1fff8164        0x4 c:/program files (x86)/cypress/psoc creator/4.4/psoc creator/import/gnu/arm/5.4.1/bin/../lib/gcc/arm-none-eabi/5.4.1/../../../../arm-none-eabi/lib/armv7-m\libg_nano.a(lib_a-impure.o)
                0x1fff8164                _impure_ptr
 .data.lconv    0x1fff8168       0x38 c:/program files (x86)/cypress/psoc creator/4.4/psoc creator/import/gnu/arm/5.4.1/bin/../lib/gcc/arm-none-eabi/5.4.1/../../../../arm-none-eabi/lib/armv7-m\libg_nano.a(lib_a-locale.o)
                0x1fff81a0                . = ALIGN (0x8)
 *(.ram)
                0x1fff81a0                _edata = .

.igot.plt       0x1fff81a0        0x0 load address 0x00003ed8
 .igot.plt      0x1fff81a0        0x0 c:/program files (x86)/cypress/psoc creator/4.4/psoc creator/import/gnu/arm/5.4.1/bin/../lib/gcc/arm-none-eabi/5.4.1/armv7-m/crtbegin.o

.bss            0x1fff81a0       0xe8 load address 0x00003ed8
                0x1fff81a0                PROVIDE (__bss_start__, .)
 *(.shbss)
 *(.bss .bss.* .gnu.linkonce.b.*)
 .bss           0x1fff81a0       0x1c c:/program files (x86)/cypress/psoc creator/4.4/psoc creator/import/gnu/arm/5.4.1/bin/../lib/gcc/arm-none-eabi/5.4.1/armv7-m/crtbegin.o
 .bss           0x1fff81bc       0x14 .\CortexM3\ARM_GCC_541\Debug\main.o
                0x1fff81bc                avgdScaledSpeed
                0x1fff81c0                lpSpeedIdx
                0x1fff81c4                lpWindowSum
                0x1fff81c8                uart_step
                0x1fff81cc                cmdIdx
 .bss           0x1fff81d0        0x8 .\CortexM3\ARM_GCC_541\Debug\pid_functions.o
 .bss           0x1fff81d8        0x2 .\CortexM3\ARM_GCC_541\Debug\Design.a(LCD.o)
                0x1fff81d8                LCD_enableState
                0x1fff81d9                LCD_initVar
 .bss           0x1fff81da        0x1 .\CortexM3\ARM_GCC_541\Debug\Design.a(Timer.o)
                0x1fff81da                Timer_initVar
 .bss           0x1fff81db        0x1 .\CortexM3\ARM_GCC_541\Debug\Design.a(PWM.o)
                0x1fff81db                PWM_initVar
 .bss           0x1fff81dc        0x1 .\CortexM3\ARM_GCC_541\Debug\Design.a(Servo.o)
                0x1fff81dc                Servo_initVar
 .bss           0x1fff81dd        0x2 .\CortexM3\ARM_GCC_541\Debug\Design.a(XBee.o)
                0x1fff81dd                XBee_initVar
 *fill*         0x1fff81df        0x1 
 .bss.__malloc_sbrk_start
                0x1fff81e0        0x4 c:/program files (x86)/cypress/psoc creator/4.4/psoc creator/import/gnu/arm/5.4.1/bin/../lib/gcc/arm-none-eabi/5.4.1/../../../../arm-none-eabi/lib/armv7-m\libg_nano.a(lib_a-nano-mallocr.o)
                0x1fff81e0                __malloc_sbrk_start
 .bss.__malloc_free_list
                0x1fff81e4        0x4 c:/program files (x86)/cypress/psoc creator/4.4/psoc creator/import/gnu/arm/5.4.1/bin/../lib/gcc/arm-none-eabi/5.4.1/../../../../arm-none-eabi/lib/armv7-m\libg_nano.a(lib_a-nano-mallocr.o)
                0x1fff81e4                __malloc_free_list
 *(COMMON)
 COMMON         0x1fff81e8       0x98 .\CortexM3\ARM_GCC_541\Debug\main.o
                0x1fff81e8                lpSpeed
                0x1fff8200                cmdBuf
 COMMON         0x1fff8280        0x4 c:/program files (x86)/cypress/psoc creator/4.4/psoc creator/import/gnu/arm/5.4.1/bin/../lib/gcc/arm-none-eabi/5.4.1/../../../../arm-none-eabi/lib/armv7-m\libg_nano.a(lib_a-reent.o)
                0x1fff8280                errno
                0x1fff8288                . = ALIGN (0x8)
 *fill*         0x1fff8284        0x4 
 *(.ram.b)
                0x1fff8288                _end = .
                0x1fff8288                __end = .
                0x1fff8288                PROVIDE (end, .)
                0x1fff8288                PROVIDE (__bss_end__, .)
                0x00003e00                __cy_region_init_ram = LOADADDR (.data)
                0x000000d8                __cy_region_init_size_ram = (_edata - ADDR (.data))
                0x000000e8                __cy_region_zero_size_ram = (_end - _edata)

.heap           0x1fff8288     0x1000 load address 0x00003ed8
                0x1fff8288                . = _end
                0x1fff9288                . = (. + 0x1000)
 *fill*         0x1fff8288     0x1000 
                0x1fff9288                __cy_heap_limit = .

.stack          0x20007800      0x800
                0x20007800                __cy_stack_limit = .
                0x20008000                . = (. + 0x800)
 *fill*         0x20007800      0x800 
                0x00000001                ASSERT ((__cy_stack_limit >= __cy_heap_limit), region RAM overflowed with stack)
                0x00000000                cy_checksum_exclude_size = (CY_APPL_LOADABLE == 0x1)?SIZEOF (.cy_checksum_exclude):0x0
                0x00000001                ASSERT ((cy_checksum_exclude_size <= CY_CHECKSUM_EXCLUDE_SIZE), CY_BOOT: Section .cy_checksum_exclude size exceedes specified limit.)

.cyloadermeta
 *(.cyloadermeta)

.cyloadablemeta
 *(.cyloadablemeta)

.cyconfigecc    0x80000000      0x684
 *(.cyconfigecc)
 .cyconfigecc   0x80000000      0x684 .\CortexM3\ARM_GCC_541\Debug\cymetadata.o
                0x80000000                cy_meta_configecc

.cycustnvl      0x90000000        0x4
 *(.cycustnvl)
 .cycustnvl     0x90000000        0x4 .\CortexM3\ARM_GCC_541\Debug\cymetadata.o
                0x90000000                cy_meta_custnvl

.cywolatch      0x90100000        0x4
 *(.cywolatch)
 .cywolatch     0x90100000        0x4 .\CortexM3\ARM_GCC_541\Debug\cymetadata.o
                0x90100000                cy_meta_wonvl

.cyeeprom       0x90200000        0x0
 *(.cyeeprom)
                0x00000001                ASSERT ((. <= ((0x90200000 + ee_offset) + ee_size)), .cyeeprom data will not fit in EEPROM)

.cyflashprotect
                0x90400000      0x100
 *(.cyflashprotect)
 .cyflashprotect
                0x90400000      0x100 .\CortexM3\ARM_GCC_541\Debug\cymetadata.o
                0x90400000                cy_meta_flashprotect

.cymeta         0x90500000        0xc
 *(.cymeta)
 .cymeta        0x90500000        0xc .\CortexM3\ARM_GCC_541\Debug\cymetadata.o
                0x90500000                cy_metadata

.rel.dyn        0x00003ed8        0x0 load address 0x9050000c
 .rel.iplt      0x00003ed8        0x0 c:/program files (x86)/cypress/psoc creator/4.4/psoc creator/import/gnu/arm/5.4.1/bin/../lib/gcc/arm-none-eabi/5.4.1/armv7-m/crtbegin.o

.stab
 *(.stab)

.stabstr
 *(.stabstr)

.debug
 *(.debug)

.line
 *(.line)

.debug_srcinfo
 *(.debug_srcinfo)

.debug_sfnames
 *(.debug_sfnames)

.debug_aranges  0x00000000      0xac8
 *(.debug_aranges)
 .debug_aranges
                0x00000000       0x30 .\CortexM3\ARM_GCC_541\Debug\main.o
 .debug_aranges
                0x00000030       0x48 .\CortexM3\ARM_GCC_541\Debug\lcd_functions.o
 .debug_aranges
                0x00000078       0x50 .\CortexM3\ARM_GCC_541\Debug\pid_functions.o
 .debug_aranges
                0x000000c8       0x28 .\CortexM3\ARM_GCC_541\Debug\xbee_functions.o
 .debug_aranges
                0x000000f0       0x58 .\CortexM3\ARM_GCC_541\Debug\cyfitter_cfg.o
 .debug_aranges
                0x00000148       0x18 .\CortexM3\ARM_GCC_541\Debug\cymetadata.o
 .debug_aranges
                0x00000160       0x48 .\CortexM3\ARM_GCC_541\Debug\Cm3Start.o
 .debug_aranges
                0x000001a8       0x98 .\CortexM3\ARM_GCC_541\Debug\Design.a(LCD.o)
 .debug_aranges
                0x00000240      0x2a0 .\CortexM3\ARM_GCC_541\Debug\Design.a(CyLib.o)
 .debug_aranges
                0x000004e0       0x98 .\CortexM3\ARM_GCC_541\Debug\Design.a(cyPm.o)
 .debug_aranges
                0x00000578       0x80 .\CortexM3\ARM_GCC_541\Debug\Design.a(Hall_Interrupt.o)
 .debug_aranges
                0x000005f8       0x98 .\CortexM3\ARM_GCC_541\Debug\Design.a(Timer.o)
 .debug_aranges
                0x00000690       0x98 .\CortexM3\ARM_GCC_541\Debug\Design.a(PWM.o)
 .debug_aranges
                0x00000728       0x98 .\CortexM3\ARM_GCC_541\Debug\Design.a(Servo.o)
 .debug_aranges
                0x000007c0       0xf0 .\CortexM3\ARM_GCC_541\Debug\Design.a(XBee.o)
 .debug_aranges
                0x000008b0       0x70 .\CortexM3\ARM_GCC_541\Debug\Design.a(XBee_IntClock.o)
 .debug_aranges
                0x00000920       0x80 .\CortexM3\ARM_GCC_541\Debug\Design.a(XBee_Interrupt.o)
 .debug_aranges
                0x000009a0       0x20 .\CortexM3\ARM_GCC_541\Debug\Design.a(CyBootAsmGnu.o)
 .debug_aranges
                0x000009c0       0x88 .\CortexM3\ARM_GCC_541\Debug\Design.a(CyFlash.o)
 .debug_aranges
                0x00000a48       0x80 .\CortexM3\ARM_GCC_541\Debug\Design.a(CySpc.o)

.debug_pubnames
 *(.debug_pubnames)

.debug_info     0x00000000     0x614f
 *(.debug_info .gnu.linkonce.wi.*)
 .debug_info    0x00000000      0x527 .\CortexM3\ARM_GCC_541\Debug\main.o
 .debug_info    0x00000527      0x349 .\CortexM3\ARM_GCC_541\Debug\lcd_functions.o
 .debug_info    0x00000870      0x342 .\CortexM3\ARM_GCC_541\Debug\pid_functions.o
 .debug_info    0x00000bb2      0x215 .\CortexM3\ARM_GCC_541\Debug\xbee_functions.o
 .debug_info    0x00000dc7      0x5ba .\CortexM3\ARM_GCC_541\Debug\cyfitter_cfg.o
 .debug_info    0x00001381      0x138 .\CortexM3\ARM_GCC_541\Debug\cymetadata.o
 .debug_info    0x000014b9      0x3bb .\CortexM3\ARM_GCC_541\Debug\Cm3Start.o
 .debug_info    0x00001874      0x715 .\CortexM3\ARM_GCC_541\Debug\Design.a(LCD.o)
 .debug_info    0x00001f89     0x1374 .\CortexM3\ARM_GCC_541\Debug\Design.a(CyLib.o)
 .debug_info    0x000032fd      0xa2a .\CortexM3\ARM_GCC_541\Debug\Design.a(cyPm.o)
 .debug_info    0x00003d27      0x2d2 .\CortexM3\ARM_GCC_541\Debug\Design.a(Hall_Interrupt.o)
 .debug_info    0x00003ff9      0x328 .\CortexM3\ARM_GCC_541\Debug\Design.a(Timer.o)
 .debug_info    0x00004321      0x354 .\CortexM3\ARM_GCC_541\Debug\Design.a(PWM.o)
 .debug_info    0x00004675      0x354 .\CortexM3\ARM_GCC_541\Debug\Design.a(Servo.o)
 .debug_info    0x000049c9      0x60c .\CortexM3\ARM_GCC_541\Debug\Design.a(XBee.o)
 .debug_info    0x00004fd5      0x283 .\CortexM3\ARM_GCC_541\Debug\Design.a(XBee_IntClock.o)
 .debug_info    0x00005258      0x2d2 .\CortexM3\ARM_GCC_541\Debug\Design.a(XBee_Interrupt.o)
 .debug_info    0x0000552a       0x88 .\CortexM3\ARM_GCC_541\Debug\Design.a(CyBootAsmGnu.o)
 .debug_info    0x000055b2      0x64d .\CortexM3\ARM_GCC_541\Debug\Design.a(CyFlash.o)
 .debug_info    0x00005bff      0x550 .\CortexM3\ARM_GCC_541\Debug\Design.a(CySpc.o)

.debug_abbrev   0x00000000     0x1ac2
 *(.debug_abbrev)
 .debug_abbrev  0x00000000      0x14a .\CortexM3\ARM_GCC_541\Debug\main.o
 .debug_abbrev  0x0000014a      0x116 .\CortexM3\ARM_GCC_541\Debug\lcd_functions.o
 .debug_abbrev  0x00000260      0x13e .\CortexM3\ARM_GCC_541\Debug\pid_functions.o
 .debug_abbrev  0x0000039e       0xdf .\CortexM3\ARM_GCC_541\Debug\xbee_functions.o
 .debug_abbrev  0x0000047d      0x20d .\CortexM3\ARM_GCC_541\Debug\cyfitter_cfg.o
 .debug_abbrev  0x0000068a       0x77 .\CortexM3\ARM_GCC_541\Debug\cymetadata.o
 .debug_abbrev  0x00000701      0x1e8 .\CortexM3\ARM_GCC_541\Debug\Cm3Start.o
 .debug_abbrev  0x000008e9      0x157 .\CortexM3\ARM_GCC_541\Debug\Design.a(LCD.o)
 .debug_abbrev  0x00000a40      0x254 .\CortexM3\ARM_GCC_541\Debug\Design.a(CyLib.o)
 .debug_abbrev  0x00000c94      0x1ab .\CortexM3\ARM_GCC_541\Debug\Design.a(cyPm.o)
 .debug_abbrev  0x00000e3f      0x173 .\CortexM3\ARM_GCC_541\Debug\Design.a(Hall_Interrupt.o)
 .debug_abbrev  0x00000fb2      0x13a .\CortexM3\ARM_GCC_541\Debug\Design.a(Timer.o)
 .debug_abbrev  0x000010ec      0x133 .\CortexM3\ARM_GCC_541\Debug\Design.a(PWM.o)
 .debug_abbrev  0x0000121f      0x133 .\CortexM3\ARM_GCC_541\Debug\Design.a(Servo.o)
 .debug_abbrev  0x00001352      0x175 .\CortexM3\ARM_GCC_541\Debug\Design.a(XBee.o)
 .debug_abbrev  0x000014c7      0x139 .\CortexM3\ARM_GCC_541\Debug\Design.a(XBee_IntClock.o)
 .debug_abbrev  0x00001600      0x173 .\CortexM3\ARM_GCC_541\Debug\Design.a(XBee_Interrupt.o)
 .debug_abbrev  0x00001773       0x14 .\CortexM3\ARM_GCC_541\Debug\Design.a(CyBootAsmGnu.o)
 .debug_abbrev  0x00001787      0x1a7 .\CortexM3\ARM_GCC_541\Debug\Design.a(CyFlash.o)
 .debug_abbrev  0x0000192e      0x194 .\CortexM3\ARM_GCC_541\Debug\Design.a(CySpc.o)

.debug_line     0x00000000     0x2c8a
 *(.debug_line)
 .debug_line    0x00000000      0x2b4 .\CortexM3\ARM_GCC_541\Debug\main.o
 .debug_line    0x000002b4      0x244 .\CortexM3\ARM_GCC_541\Debug\lcd_functions.o
 .debug_line    0x000004f8      0x288 .\CortexM3\ARM_GCC_541\Debug\pid_functions.o
 .debug_line    0x00000780      0x224 .\CortexM3\ARM_GCC_541\Debug\xbee_functions.o
 .debug_line    0x000009a4      0x1fa .\CortexM3\ARM_GCC_541\Debug\cyfitter_cfg.o
 .debug_line    0x00000b9e      0x141 .\CortexM3\ARM_GCC_541\Debug\cymetadata.o
 .debug_line    0x00000cdf      0x234 .\CortexM3\ARM_GCC_541\Debug\Cm3Start.o
 .debug_line    0x00000f13      0x1dc .\CortexM3\ARM_GCC_541\Debug\Design.a(LCD.o)
 .debug_line    0x000010ef      0x816 .\CortexM3\ARM_GCC_541\Debug\Design.a(CyLib.o)
 .debug_line    0x00001905      0x367 .\CortexM3\ARM_GCC_541\Debug\Design.a(cyPm.o)
 .debug_line    0x00001c6c      0x13b .\CortexM3\ARM_GCC_541\Debug\Design.a(Hall_Interrupt.o)
 .debug_line    0x00001da7      0x182 .\CortexM3\ARM_GCC_541\Debug\Design.a(Timer.o)
 .debug_line    0x00001f29      0x186 .\CortexM3\ARM_GCC_541\Debug\Design.a(PWM.o)
 .debug_line    0x000020af      0x188 .\CortexM3\ARM_GCC_541\Debug\Design.a(Servo.o)
 .debug_line    0x00002237      0x2bc .\CortexM3\ARM_GCC_541\Debug\Design.a(XBee.o)
 .debug_line    0x000024f3      0x17c .\CortexM3\ARM_GCC_541\Debug\Design.a(XBee_IntClock.o)
 .debug_line    0x0000266f      0x13b .\CortexM3\ARM_GCC_541\Debug\Design.a(XBee_Interrupt.o)
 .debug_line    0x000027aa       0x66 .\CortexM3\ARM_GCC_541\Debug\Design.a(CyBootAsmGnu.o)
 .debug_line    0x00002810      0x21a .\CortexM3\ARM_GCC_541\Debug\Design.a(CyFlash.o)
 .debug_line    0x00002a2a      0x260 .\CortexM3\ARM_GCC_541\Debug\Design.a(CySpc.o)

.debug_frame    0x00000000     0x233c
 *(.debug_frame)
 .debug_frame   0x00000000       0x6c .\CortexM3\ARM_GCC_541\Debug\main.o
 .debug_frame   0x0000006c       0xb8 .\CortexM3\ARM_GCC_541\Debug\lcd_functions.o
 .debug_frame   0x00000124       0xd0 .\CortexM3\ARM_GCC_541\Debug\pid_functions.o
 .debug_frame   0x000001f4       0x40 .\CortexM3\ARM_GCC_541\Debug\xbee_functions.o
 .debug_frame   0x00000234       0xcc .\CortexM3\ARM_GCC_541\Debug\cyfitter_cfg.o
 .debug_frame   0x00000300       0xa0 .\CortexM3\ARM_GCC_541\Debug\Cm3Start.o
 .debug_frame   0x000003a0      0x1ac .\CortexM3\ARM_GCC_541\Debug\Design.a(LCD.o)
 .debug_frame   0x0000054c      0x698 .\CortexM3\ARM_GCC_541\Debug\Design.a(CyLib.o)
 .debug_frame   0x00000be4      0x1b8 .\CortexM3\ARM_GCC_541\Debug\Design.a(cyPm.o)
 .debug_frame   0x00000d9c       0xf8 .\CortexM3\ARM_GCC_541\Debug\Design.a(Hall_Interrupt.o)
 .debug_frame   0x00000e94      0x128 .\CortexM3\ARM_GCC_541\Debug\Design.a(Timer.o)
 .debug_frame   0x00000fbc      0x128 .\CortexM3\ARM_GCC_541\Debug\Design.a(PWM.o)
 .debug_frame   0x000010e4      0x128 .\CortexM3\ARM_GCC_541\Debug\Design.a(Servo.o)
 .debug_frame   0x0000120c      0x224 .\CortexM3\ARM_GCC_541\Debug\Design.a(XBee.o)
 .debug_frame   0x00001430       0xd8 .\CortexM3\ARM_GCC_541\Debug\Design.a(XBee_IntClock.o)
 .debug_frame   0x00001508       0xf8 .\CortexM3\ARM_GCC_541\Debug\Design.a(XBee_Interrupt.o)
 .debug_frame   0x00001600      0x160 .\CortexM3\ARM_GCC_541\Debug\Design.a(CyFlash.o)
 .debug_frame   0x00001760      0x154 .\CortexM3\ARM_GCC_541\Debug\Design.a(CySpc.o)
 .debug_frame   0x000018b4       0x44 c:/program files (x86)/cypress/psoc creator/4.4/psoc creator/import/gnu/arm/5.4.1/bin/../lib/gcc/arm-none-eabi/5.4.1/armv7-m\libgcc.a(_aeabi_ldivmod.o)
 .debug_frame   0x000018f8       0x38 c:/program files (x86)/cypress/psoc creator/4.4/psoc creator/import/gnu/arm/5.4.1/bin/../lib/gcc/arm-none-eabi/5.4.1/armv7-m\libgcc.a(_udivmoddi4.o)
 .debug_frame   0x00001930       0x20 c:/program files (x86)/cypress/psoc creator/4.4/psoc creator/import/gnu/arm/5.4.1/bin/../lib/gcc/arm-none-eabi/5.4.1/../../../../arm-none-eabi/lib/armv7-m\libg_nano.a(lib_a-atof.o)
 .debug_frame   0x00001950       0x20 c:/program files (x86)/cypress/psoc creator/4.4/psoc creator/import/gnu/arm/5.4.1/bin/../lib/gcc/arm-none-eabi/5.4.1/../../../../arm-none-eabi/lib/armv7-m\libg_nano.a(lib_a-errno.o)
 .debug_frame   0x00001970       0x28 c:/program files (x86)/cypress/psoc creator/4.4/psoc creator/import/gnu/arm/5.4.1/bin/../lib/gcc/arm-none-eabi/5.4.1/../../../../arm-none-eabi/lib/armv7-m\libg_nano.a(lib_a-exit.o)
 .debug_frame   0x00001998       0x2c c:/program files (x86)/cypress/psoc creator/4.4/psoc creator/import/gnu/arm/5.4.1/bin/../lib/gcc/arm-none-eabi/5.4.1/../../../../arm-none-eabi/lib/armv7-m\libg_nano.a(lib_a-init.o)
 .debug_frame   0x000019c4       0x28 c:/program files (x86)/cypress/psoc creator/4.4/psoc creator/import/gnu/arm/5.4.1/bin/../lib/gcc/arm-none-eabi/5.4.1/../../../../arm-none-eabi/lib/armv7-m\libg_nano.a(lib_a-memcpy-stub.o)
 .debug_frame   0x000019ec       0x20 c:/program files (x86)/cypress/psoc creator/4.4/psoc creator/import/gnu/arm/5.4.1/bin/../lib/gcc/arm-none-eabi/5.4.1/../../../../arm-none-eabi/lib/armv7-m\libg_nano.a(lib_a-memset.o)
 .debug_frame   0x00001a0c       0x8c c:/program files (x86)/cypress/psoc creator/4.4/psoc creator/import/gnu/arm/5.4.1/bin/../lib/gcc/arm-none-eabi/5.4.1/../../../../arm-none-eabi/lib/armv7-m\libg_nano.a(lib_a-nano-vfprintf_float.o)
 .debug_frame   0x00001a98       0x60 c:/program files (x86)/cypress/psoc creator/4.4/psoc creator/import/gnu/arm/5.4.1/bin/../lib/gcc/arm-none-eabi/5.4.1/../../../../arm-none-eabi/lib/armv7-m\libg_nano.a(lib_a-nano-vfprintf_i.o)
 .debug_frame   0x00001af8       0x70 c:/program files (x86)/cypress/psoc creator/4.4/psoc creator/import/gnu/arm/5.4.1/bin/../lib/gcc/arm-none-eabi/5.4.1/../../../../arm-none-eabi/lib/armv7-m\libg_nano.a(lib_a-sprintf.o)
 .debug_frame   0x00001b68       0x20 c:/program files (x86)/cypress/psoc creator/4.4/psoc creator/import/gnu/arm/5.4.1/bin/../lib/gcc/arm-none-eabi/5.4.1/../../../../arm-none-eabi/lib/armv7-m\libg_nano.a(lib_a-strcmp.o)
 .debug_frame   0x00001b88       0x98 c:/program files (x86)/cypress/psoc creator/4.4/psoc creator/import/gnu/arm/5.4.1/bin/../lib/gcc/arm-none-eabi/5.4.1/../../../../arm-none-eabi/lib/armv7-m\libg_nano.a(lib_a-strtod.o)
 .debug_frame   0x00001c20       0x6c c:/program files (x86)/cypress/psoc creator/4.4/psoc creator/import/gnu/arm/5.4.1/bin/../lib/gcc/arm-none-eabi/5.4.1/../../../../arm-none-eabi/lib/armv7-m\libg_nano.a(lib_a-dtoa.o)
 .debug_frame   0x00001c8c       0x70 c:/program files (x86)/cypress/psoc creator/4.4/psoc creator/import/gnu/arm/5.4.1/bin/../lib/gcc/arm-none-eabi/5.4.1/../../../../arm-none-eabi/lib/armv7-m\libg_nano.a(lib_a-gdtoa-gethex.o)
 .debug_frame   0x00001cfc       0x74 c:/program files (x86)/cypress/psoc creator/4.4/psoc creator/import/gnu/arm/5.4.1/bin/../lib/gcc/arm-none-eabi/5.4.1/../../../../arm-none-eabi/lib/armv7-m\libg_nano.a(lib_a-gdtoa-hexnan.o)
 .debug_frame   0x00001d70       0x98 c:/program files (x86)/cypress/psoc creator/4.4/psoc creator/import/gnu/arm/5.4.1/bin/../lib/gcc/arm-none-eabi/5.4.1/../../../../arm-none-eabi/lib/armv7-m\libg_nano.a(lib_a-locale.o)
 .debug_frame   0x00001e08       0x30 c:/program files (x86)/cypress/psoc creator/4.4/psoc creator/import/gnu/arm/5.4.1/bin/../lib/gcc/arm-none-eabi/5.4.1/../../../../arm-none-eabi/lib/armv7-m\libg_nano.a(lib_a-malloc.o)
 .debug_frame   0x00001e38       0x28 c:/program files (x86)/cypress/psoc creator/4.4/psoc creator/import/gnu/arm/5.4.1/bin/../lib/gcc/arm-none-eabi/5.4.1/../../../../arm-none-eabi/lib/armv7-m\libg_nano.a(lib_a-memchr-stub.o)
 .debug_frame   0x00001e60      0x234 c:/program files (x86)/cypress/psoc creator/4.4/psoc creator/import/gnu/arm/5.4.1/bin/../lib/gcc/arm-none-eabi/5.4.1/../../../../arm-none-eabi/lib/armv7-m\libg_nano.a(lib_a-mprec.o)
 .debug_frame   0x00002094       0x2c c:/program files (x86)/cypress/psoc creator/4.4/psoc creator/import/gnu/arm/5.4.1/bin/../lib/gcc/arm-none-eabi/5.4.1/../../../../arm-none-eabi/lib/armv7-m\libg_nano.a(lib_a-nano-callocr.o)
 .debug_frame   0x000020c0       0x38 c:/program files (x86)/cypress/psoc creator/4.4/psoc creator/import/gnu/arm/5.4.1/bin/../lib/gcc/arm-none-eabi/5.4.1/../../../../arm-none-eabi/lib/armv7-m\libg_nano.a(lib_a-nano-freer.o)
 .debug_frame   0x000020f8       0x2c c:/program files (x86)/cypress/psoc creator/4.4/psoc creator/import/gnu/arm/5.4.1/bin/../lib/gcc/arm-none-eabi/5.4.1/../../../../arm-none-eabi/lib/armv7-m\libg_nano.a(lib_a-nano-mallocr.o)
 .debug_frame   0x00002124       0x90 c:/program files (x86)/cypress/psoc creator/4.4/psoc creator/import/gnu/arm/5.4.1/bin/../lib/gcc/arm-none-eabi/5.4.1/../../../../arm-none-eabi/lib/armv7-m\libg_nano.a(lib_a-nano-svfprintf.o)
 .debug_frame   0x000021b4       0x2c c:/program files (x86)/cypress/psoc creator/4.4/psoc creator/import/gnu/arm/5.4.1/bin/../lib/gcc/arm-none-eabi/5.4.1/../../../../arm-none-eabi/lib/armv7-m\libg_nano.a(lib_a-sbrkr.o)
 .debug_frame   0x000021e0       0x20 c:/program files (x86)/cypress/psoc creator/4.4/psoc creator/import/gnu/arm/5.4.1/bin/../lib/gcc/arm-none-eabi/5.4.1/../../../../arm-none-eabi/lib/armv7-m\libg_nano.a(lib_a-sf_nan.o)
 .debug_frame   0x00002200       0x2c c:/program files (x86)/cypress/psoc creator/4.4/psoc creator/import/gnu/arm/5.4.1/bin/../lib/gcc/arm-none-eabi/5.4.1/../../../../arm-none-eabi/lib/armv7-m\libg_nano.a(lib_a-strncmp.o)
 .debug_frame   0x0000222c       0x28 c:/program files (x86)/cypress/psoc creator/4.4/psoc creator/import/gnu/arm/5.4.1/bin/../lib/gcc/arm-none-eabi/5.4.1/../../../../arm-none-eabi/lib/armv7-m\libg_nano.a(lib_a-memmove.o)
 .debug_frame   0x00002254       0x30 c:/program files (x86)/cypress/psoc creator/4.4/psoc creator/import/gnu/arm/5.4.1/bin/../lib/gcc/arm-none-eabi/5.4.1/../../../../arm-none-eabi/lib/armv7-m\libg_nano.a(lib_a-mlock.o)
 .debug_frame   0x00002284       0x3c c:/program files (x86)/cypress/psoc creator/4.4/psoc creator/import/gnu/arm/5.4.1/bin/../lib/gcc/arm-none-eabi/5.4.1/../../../../arm-none-eabi/lib/armv7-m\libg_nano.a(lib_a-nano-reallocr.o)
 .debug_frame   0x000022c0       0x5c c:/program files (x86)/cypress/psoc creator/4.4/psoc creator/import/gnu/arm/5.4.1/bin/../lib/gcc/arm-none-eabi/5.4.1/../../../../arm-none-eabi/lib/armv7-m\libg_nano.a(lib_a-reent.o)
 .debug_frame   0x0000231c       0x20 c:/program files (x86)/cypress/psoc creator/4.4/psoc creator/import/gnu/arm/5.4.1/bin/../lib/gcc/arm-none-eabi/5.4.1/../../../../arm-none-eabi/lib/armv7-m\libg_nano.a(lib_a-nano-msizer.o)

.debug_str      0x00000000     0x21ab
 *(.debug_str)
 .debug_str     0x00000000      0x369 .\CortexM3\ARM_GCC_541\Debug\main.o
                                0x3b1 (size before relaxing)
 .debug_str     0x00000369       0x6c .\CortexM3\ARM_GCC_541\Debug\lcd_functions.o
                                0x236 (size before relaxing)
 .debug_str     0x000003d5       0xb1 .\CortexM3\ARM_GCC_541\Debug\pid_functions.o
                                0x26c (size before relaxing)
 .debug_str     0x00000486       0x4a .\CortexM3\ARM_GCC_541\Debug\xbee_functions.o
                                0x1f8 (size before relaxing)
 .debug_str     0x000004d0      0x1a8 .\CortexM3\ARM_GCC_541\Debug\cyfitter_cfg.o
                                0x33c (size before relaxing)
 .debug_str     0x00000678       0x7f .\CortexM3\ARM_GCC_541\Debug\cymetadata.o
                                0x1dc (size before relaxing)
 .debug_str     0x000006f7      0x144 .\CortexM3\ARM_GCC_541\Debug\Cm3Start.o
                                0x302 (size before relaxing)
 .debug_str     0x0000083b      0x151 .\CortexM3\ARM_GCC_541\Debug\Design.a(LCD.o)
                                0x323 (size before relaxing)
 .debug_str     0x0000098c      0x824 .\CortexM3\ARM_GCC_541\Debug\Design.a(CyLib.o)
                                0xa3f (size before relaxing)
 .debug_str     0x000011b0      0x365 .\CortexM3\ARM_GCC_541\Debug\Design.a(cyPm.o)
                                0x72b (size before relaxing)
 .debug_str     0x00001515      0x136 .\CortexM3\ARM_GCC_541\Debug\Design.a(Hall_Interrupt.o)
                                0x31c (size before relaxing)
 .debug_str     0x0000164b      0x16b .\CortexM3\ARM_GCC_541\Debug\Design.a(Timer.o)
                                0x35a (size before relaxing)
 .debug_str     0x000017b6      0x138 .\CortexM3\ARM_GCC_541\Debug\Design.a(PWM.o)
                                0x330 (size before relaxing)
 .debug_str     0x000018ee      0x159 .\CortexM3\ARM_GCC_541\Debug\Design.a(Servo.o)
                                0x356 (size before relaxing)
 .debug_str     0x00001a47      0x244 .\CortexM3\ARM_GCC_541\Debug\Design.a(XBee.o)
                                0x46d (size before relaxing)
 .debug_str     0x00001c8b      0x183 .\CortexM3\ARM_GCC_541\Debug\Design.a(XBee_IntClock.o)
                                0x32e (size before relaxing)
 .debug_str     0x00001e0e      0x136 .\CortexM3\ARM_GCC_541\Debug\Design.a(XBee_Interrupt.o)
                                0x31c (size before relaxing)
 .debug_str     0x00001f44      0x1bb .\CortexM3\ARM_GCC_541\Debug\Design.a(CyFlash.o)
                                0x3b8 (size before relaxing)
 .debug_str     0x000020ff       0xac .\CortexM3\ARM_GCC_541\Debug\Design.a(CySpc.o)
                                0x330 (size before relaxing)

.debug_loc      0x00000000     0x26c4
 *(.debug_loc)
 .debug_loc     0x00000000       0xcf .\CortexM3\ARM_GCC_541\Debug\main.o
 .debug_loc     0x000000cf      0x143 .\CortexM3\ARM_GCC_541\Debug\lcd_functions.o
 .debug_loc     0x00000212      0x1ac .\CortexM3\ARM_GCC_541\Debug\pid_functions.o
 .debug_loc     0x000003be       0x4d .\CortexM3\ARM_GCC_541\Debug\xbee_functions.o
 .debug_loc     0x0000040b      0x25a .\CortexM3\ARM_GCC_541\Debug\cyfitter_cfg.o
 .debug_loc     0x00000665      0x144 .\CortexM3\ARM_GCC_541\Debug\Cm3Start.o
 .debug_loc     0x000007a9      0x3c6 .\CortexM3\ARM_GCC_541\Debug\Design.a(LCD.o)
 .debug_loc     0x00000b6f      0xa11 .\CortexM3\ARM_GCC_541\Debug\Design.a(CyLib.o)
 .debug_loc     0x00001580      0x1e4 .\CortexM3\ARM_GCC_541\Debug\Design.a(cyPm.o)
 .debug_loc     0x00001764       0x56 .\CortexM3\ARM_GCC_541\Debug\Design.a(Hall_Interrupt.o)
 .debug_loc     0x000017ba       0x31 .\CortexM3\ARM_GCC_541\Debug\Design.a(Timer.o)
 .debug_loc     0x000017eb       0x26 .\CortexM3\ARM_GCC_541\Debug\Design.a(PWM.o)
 .debug_loc     0x00001811       0x26 .\CortexM3\ARM_GCC_541\Debug\Design.a(Servo.o)
 .debug_loc     0x00001837      0x258 .\CortexM3\ARM_GCC_541\Debug\Design.a(XBee.o)
 .debug_loc     0x00001a8f      0x128 .\CortexM3\ARM_GCC_541\Debug\Design.a(XBee_IntClock.o)
 .debug_loc     0x00001bb7       0x56 .\CortexM3\ARM_GCC_541\Debug\Design.a(XBee_Interrupt.o)
 .debug_loc     0x00001c0d      0x3b2 .\CortexM3\ARM_GCC_541\Debug\Design.a(CyFlash.o)
 .debug_loc     0x00001fbf      0x705 .\CortexM3\ARM_GCC_541\Debug\Design.a(CySpc.o)

.debug_macinfo
 *(.debug_macinfo)

.debug_ranges   0x00000000      0x970
 *(.debug_ranges)
 .debug_ranges  0x00000000       0x20 .\CortexM3\ARM_GCC_541\Debug\main.o
 .debug_ranges  0x00000020       0x38 .\CortexM3\ARM_GCC_541\Debug\lcd_functions.o
 .debug_ranges  0x00000058       0x40 .\CortexM3\ARM_GCC_541\Debug\pid_functions.o
 .debug_ranges  0x00000098       0x18 .\CortexM3\ARM_GCC_541\Debug\xbee_functions.o
 .debug_ranges  0x000000b0       0x48 .\CortexM3\ARM_GCC_541\Debug\cyfitter_cfg.o
 .debug_ranges  0x000000f8       0x38 .\CortexM3\ARM_GCC_541\Debug\Cm3Start.o
 .debug_ranges  0x00000130       0x88 .\CortexM3\ARM_GCC_541\Debug\Design.a(LCD.o)
 .debug_ranges  0x000001b8      0x290 .\CortexM3\ARM_GCC_541\Debug\Design.a(CyLib.o)
 .debug_ranges  0x00000448       0x88 .\CortexM3\ARM_GCC_541\Debug\Design.a(cyPm.o)
 .debug_ranges  0x000004d0       0x70 .\CortexM3\ARM_GCC_541\Debug\Design.a(Hall_Interrupt.o)
 .debug_ranges  0x00000540       0x88 .\CortexM3\ARM_GCC_541\Debug\Design.a(Timer.o)
 .debug_ranges  0x000005c8       0x88 .\CortexM3\ARM_GCC_541\Debug\Design.a(PWM.o)
 .debug_ranges  0x00000650       0x88 .\CortexM3\ARM_GCC_541\Debug\Design.a(Servo.o)
 .debug_ranges  0x000006d8       0xe0 .\CortexM3\ARM_GCC_541\Debug\Design.a(XBee.o)
 .debug_ranges  0x000007b8       0x60 .\CortexM3\ARM_GCC_541\Debug\Design.a(XBee_IntClock.o)
 .debug_ranges  0x00000818       0x70 .\CortexM3\ARM_GCC_541\Debug\Design.a(XBee_Interrupt.o)
 .debug_ranges  0x00000888       0x78 .\CortexM3\ARM_GCC_541\Debug\Design.a(CyFlash.o)
 .debug_ranges  0x00000900       0x70 .\CortexM3\ARM_GCC_541\Debug\Design.a(CySpc.o)

.comment        0x00000000       0x6e
 .comment       0x00000000       0x6e .\CortexM3\ARM_GCC_541\Debug\main.o
                                 0x6f (size before relaxing)
 .comment       0x0000006e       0x6f .\CortexM3\ARM_GCC_541\Debug\lcd_functions.o
 .comment       0x0000006e       0x6f .\CortexM3\ARM_GCC_541\Debug\pid_functions.o
 .comment       0x0000006e       0x6f .\CortexM3\ARM_GCC_541\Debug\xbee_functions.o
 .comment       0x0000006e       0x6f .\CortexM3\ARM_GCC_541\Debug\cyfitter_cfg.o
 .comment       0x0000006e       0x6f .\CortexM3\ARM_GCC_541\Debug\cymetadata.o
 .comment       0x0000006e       0x6f .\CortexM3\ARM_GCC_541\Debug\Cm3Start.o
 .comment       0x0000006e       0x6f .\CortexM3\ARM_GCC_541\Debug\Design.a(LCD.o)
 .comment       0x0000006e       0x6f .\CortexM3\ARM_GCC_541\Debug\Design.a(CyLib.o)
 .comment       0x0000006e       0x6f .\CortexM3\ARM_GCC_541\Debug\Design.a(cyPm.o)
 .comment       0x0000006e       0x6f .\CortexM3\ARM_GCC_541\Debug\Design.a(Hall_Interrupt.o)
 .comment       0x0000006e       0x6f .\CortexM3\ARM_GCC_541\Debug\Design.a(Timer.o)
 .comment       0x0000006e       0x6f .\CortexM3\ARM_GCC_541\Debug\Design.a(PWM.o)
 .comment       0x0000006e       0x6f .\CortexM3\ARM_GCC_541\Debug\Design.a(Servo.o)
 .comment       0x0000006e       0x6f .\CortexM3\ARM_GCC_541\Debug\Design.a(XBee.o)
 .comment       0x0000006e       0x6f .\CortexM3\ARM_GCC_541\Debug\Design.a(XBee_IntClock.o)
 .comment       0x0000006e       0x6f .\CortexM3\ARM_GCC_541\Debug\Design.a(XBee_Interrupt.o)
 .comment       0x0000006e       0x6f .\CortexM3\ARM_GCC_541\Debug\Design.a(CyFlash.o)
 .comment       0x0000006e       0x6f .\CortexM3\ARM_GCC_541\Debug\Design.a(CySpc.o)

.debug_weaknames
 *(.debug_weaknames)

.debug_funcnames
 *(.debug_funcnames)

.debug_typenames
 *(.debug_typenames)

.debug_varnames
 *(.debug_varnames)

.note.gnu.arm.ident
 *(.note.gnu.arm.ident)

.ARM.attributes
                0x00000000       0x29
 *(.ARM.attributes)
 .ARM.attributes
                0x00000000       0x1d c:/program files (x86)/cypress/psoc creator/4.4/psoc creator/import/gnu/arm/5.4.1/bin/../lib/gcc/arm-none-eabi/5.4.1/armv7-m/crti.o
 .ARM.attributes
                0x0000001d       0x2d c:/program files (x86)/cypress/psoc creator/4.4/psoc creator/import/gnu/arm/5.4.1/bin/../lib/gcc/arm-none-eabi/5.4.1/armv7-m/crtbegin.o
 .ARM.attributes
                0x0000004a       0x1b c:/program files (x86)/cypress/psoc creator/4.4/psoc creator/import/gnu/arm/5.4.1/bin/../lib/gcc/arm-none-eabi/5.4.1/../../../../arm-none-eabi/lib/armv7-m/crt0.o
 .ARM.attributes
                0x00000065       0x33 .\CortexM3\ARM_GCC_541\Debug\main.o
 .ARM.attributes
                0x00000098       0x33 .\CortexM3\ARM_GCC_541\Debug\lcd_functions.o
 .ARM.attributes
                0x000000cb       0x33 .\CortexM3\ARM_GCC_541\Debug\pid_functions.o
 .ARM.attributes
                0x000000fe       0x33 .\CortexM3\ARM_GCC_541\Debug\xbee_functions.o
 .ARM.attributes
                0x00000131       0x33 .\CortexM3\ARM_GCC_541\Debug\cyfitter_cfg.o
 .ARM.attributes
                0x00000164       0x33 .\CortexM3\ARM_GCC_541\Debug\cymetadata.o
 .ARM.attributes
                0x00000197       0x33 .\CortexM3\ARM_GCC_541\Debug\Cm3Start.o
 .ARM.attributes
                0x000001ca       0x33 .\CortexM3\ARM_GCC_541\Debug\Design.a(LCD.o)
 .ARM.attributes
                0x000001fd       0x33 .\CortexM3\ARM_GCC_541\Debug\Design.a(CyLib.o)
 .ARM.attributes
                0x00000230       0x33 .\CortexM3\ARM_GCC_541\Debug\Design.a(cyPm.o)
 .ARM.attributes
                0x00000263       0x33 .\CortexM3\ARM_GCC_541\Debug\Design.a(Hall_Interrupt.o)
 .ARM.attributes
                0x00000296       0x33 .\CortexM3\ARM_GCC_541\Debug\Design.a(Timer.o)
 .ARM.attributes
                0x000002c9       0x33 .\CortexM3\ARM_GCC_541\Debug\Design.a(PWM.o)
 .ARM.attributes
                0x000002fc       0x33 .\CortexM3\ARM_GCC_541\Debug\Design.a(Servo.o)
 .ARM.attributes
                0x0000032f       0x33 .\CortexM3\ARM_GCC_541\Debug\Design.a(XBee.o)
 .ARM.attributes
                0x00000362       0x33 .\CortexM3\ARM_GCC_541\Debug\Design.a(XBee_IntClock.o)
 .ARM.attributes
                0x00000395       0x33 .\CortexM3\ARM_GCC_541\Debug\Design.a(XBee_Interrupt.o)
 .ARM.attributes
                0x000003c8       0x21 .\CortexM3\ARM_GCC_541\Debug\Design.a(CyBootAsmGnu.o)
 .ARM.attributes
                0x000003e9       0x33 .\CortexM3\ARM_GCC_541\Debug\Design.a(CyFlash.o)
 .ARM.attributes
                0x0000041c       0x33 .\CortexM3\ARM_GCC_541\Debug\Design.a(CySpc.o)
 .ARM.attributes
                0x0000044f       0x1d c:/program files (x86)/cypress/psoc creator/4.4/psoc creator/import/gnu/arm/5.4.1/bin/../lib/gcc/arm-none-eabi/5.4.1/armv7-m\libgcc.a(_arm_addsubdf3.o)
 .ARM.attributes
                0x0000046c       0x1d c:/program files (x86)/cypress/psoc creator/4.4/psoc creator/import/gnu/arm/5.4.1/bin/../lib/gcc/arm-none-eabi/5.4.1/armv7-m\libgcc.a(_arm_muldivdf3.o)
 .ARM.attributes
                0x00000489       0x1d c:/program files (x86)/cypress/psoc creator/4.4/psoc creator/import/gnu/arm/5.4.1/bin/../lib/gcc/arm-none-eabi/5.4.1/armv7-m\libgcc.a(_arm_cmpdf2.o)
 .ARM.attributes
                0x000004a6       0x1d c:/program files (x86)/cypress/psoc creator/4.4/psoc creator/import/gnu/arm/5.4.1/bin/../lib/gcc/arm-none-eabi/5.4.1/armv7-m\libgcc.a(_arm_fixunsdfsi.o)
 .ARM.attributes
                0x000004c3       0x1d c:/program files (x86)/cypress/psoc creator/4.4/psoc creator/import/gnu/arm/5.4.1/bin/../lib/gcc/arm-none-eabi/5.4.1/armv7-m\libgcc.a(_aeabi_ldivmod.o)
 .ARM.attributes
                0x000004e0       0x2d c:/program files (x86)/cypress/psoc creator/4.4/psoc creator/import/gnu/arm/5.4.1/bin/../lib/gcc/arm-none-eabi/5.4.1/armv7-m\libgcc.a(_udivmoddi4.o)
 .ARM.attributes
                0x0000050d       0x1d c:/program files (x86)/cypress/psoc creator/4.4/psoc creator/import/gnu/arm/5.4.1/bin/../lib/gcc/arm-none-eabi/5.4.1/armv7-m\libgcc.a(_dvmd_tls.o)
 .ARM.attributes
                0x0000052a       0x2d c:/program files (x86)/cypress/psoc creator/4.4/psoc creator/import/gnu/arm/5.4.1/bin/../lib/gcc/arm-none-eabi/5.4.1/../../../../arm-none-eabi/lib/armv7-m\libg_nano.a(lib_a-atof.o)
 .ARM.attributes
                0x00000557       0x2d c:/program files (x86)/cypress/psoc creator/4.4/psoc creator/import/gnu/arm/5.4.1/bin/../lib/gcc/arm-none-eabi/5.4.1/../../../../arm-none-eabi/lib/armv7-m\libg_nano.a(lib_a-errno.o)
 .ARM.attributes
                0x00000584       0x2d c:/program files (x86)/cypress/psoc creator/4.4/psoc creator/import/gnu/arm/5.4.1/bin/../lib/gcc/arm-none-eabi/5.4.1/../../../../arm-none-eabi/lib/armv7-m\libg_nano.a(lib_a-exit.o)
 .ARM.attributes
                0x000005b1       0x2d c:/program files (x86)/cypress/psoc creator/4.4/psoc creator/import/gnu/arm/5.4.1/bin/../lib/gcc/arm-none-eabi/5.4.1/../../../../arm-none-eabi/lib/armv7-m\libg_nano.a(lib_a-impure.o)
 .ARM.attributes
                0x000005de       0x2d c:/program files (x86)/cypress/psoc creator/4.4/psoc creator/import/gnu/arm/5.4.1/bin/../lib/gcc/arm-none-eabi/5.4.1/../../../../arm-none-eabi/lib/armv7-m\libg_nano.a(lib_a-init.o)
 .ARM.attributes
                0x0000060b       0x2d c:/program files (x86)/cypress/psoc creator/4.4/psoc creator/import/gnu/arm/5.4.1/bin/../lib/gcc/arm-none-eabi/5.4.1/../../../../arm-none-eabi/lib/armv7-m\libg_nano.a(lib_a-memcpy-stub.o)
 .ARM.attributes
                0x00000638       0x2d c:/program files (x86)/cypress/psoc creator/4.4/psoc creator/import/gnu/arm/5.4.1/bin/../lib/gcc/arm-none-eabi/5.4.1/../../../../arm-none-eabi/lib/armv7-m\libg_nano.a(lib_a-memset.o)
 .ARM.attributes
                0x00000665       0x2d c:/program files (x86)/cypress/psoc creator/4.4/psoc creator/import/gnu/arm/5.4.1/bin/../lib/gcc/arm-none-eabi/5.4.1/../../../../arm-none-eabi/lib/armv7-m\libg_nano.a(lib_a-nano-vfprintf_float.o)
 .ARM.attributes
                0x00000692       0x2d c:/program files (x86)/cypress/psoc creator/4.4/psoc creator/import/gnu/arm/5.4.1/bin/../lib/gcc/arm-none-eabi/5.4.1/../../../../arm-none-eabi/lib/armv7-m\libg_nano.a(lib_a-nano-vfprintf_i.o)
 .ARM.attributes
                0x000006bf       0x2d c:/program files (x86)/cypress/psoc creator/4.4/psoc creator/import/gnu/arm/5.4.1/bin/../lib/gcc/arm-none-eabi/5.4.1/../../../../arm-none-eabi/lib/armv7-m\libg_nano.a(lib_a-sprintf.o)
 .ARM.attributes
                0x000006ec       0x1b c:/program files (x86)/cypress/psoc creator/4.4/psoc creator/import/gnu/arm/5.4.1/bin/../lib/gcc/arm-none-eabi/5.4.1/../../../../arm-none-eabi/lib/armv7-m\libg_nano.a(lib_a-strcmp.o)
 .ARM.attributes
                0x00000707       0x17 c:/program files (x86)/cypress/psoc creator/4.4/psoc creator/import/gnu/arm/5.4.1/bin/../lib/gcc/arm-none-eabi/5.4.1/../../../../arm-none-eabi/lib/armv7-m\libg_nano.a(lib_a-strlen.o)
 .ARM.attributes
                0x0000071e       0x2d c:/program files (x86)/cypress/psoc creator/4.4/psoc creator/import/gnu/arm/5.4.1/bin/../lib/gcc/arm-none-eabi/5.4.1/../../../../arm-none-eabi/lib/armv7-m\libg_nano.a(lib_a-strtod.o)
 .ARM.attributes
                0x0000074b       0x2d c:/program files (x86)/cypress/psoc creator/4.4/psoc creator/import/gnu/arm/5.4.1/bin/../lib/gcc/arm-none-eabi/5.4.1/../../../../arm-none-eabi/lib/armv7-m\libg_nano.a(lib_a-dtoa.o)
 .ARM.attributes
                0x00000778       0x2d c:/program files (x86)/cypress/psoc creator/4.4/psoc creator/import/gnu/arm/5.4.1/bin/../lib/gcc/arm-none-eabi/5.4.1/../../../../arm-none-eabi/lib/armv7-m\libg_nano.a(lib_a-gdtoa-gethex.o)
 .ARM.attributes
                0x000007a5       0x2d c:/program files (x86)/cypress/psoc creator/4.4/psoc creator/import/gnu/arm/5.4.1/bin/../lib/gcc/arm-none-eabi/5.4.1/../../../../arm-none-eabi/lib/armv7-m\libg_nano.a(lib_a-gdtoa-hexnan.o)
 .ARM.attributes
                0x000007d2       0x2d c:/program files (x86)/cypress/psoc creator/4.4/psoc creator/import/gnu/arm/5.4.1/bin/../lib/gcc/arm-none-eabi/5.4.1/../../../../arm-none-eabi/lib/armv7-m\libg_nano.a(lib_a-locale.o)
 .ARM.attributes
                0x000007ff       0x2d c:/program files (x86)/cypress/psoc creator/4.4/psoc creator/import/gnu/arm/5.4.1/bin/../lib/gcc/arm-none-eabi/5.4.1/../../../../arm-none-eabi/lib/armv7-m\libg_nano.a(lib_a-malloc.o)
 .ARM.attributes
                0x0000082c       0x2d c:/program files (x86)/cypress/psoc creator/4.4/psoc creator/import/gnu/arm/5.4.1/bin/../lib/gcc/arm-none-eabi/5.4.1/../../../../arm-none-eabi/lib/armv7-m\libg_nano.a(lib_a-memchr-stub.o)
 .ARM.attributes
                0x00000859       0x2d c:/program files (x86)/cypress/psoc creator/4.4/psoc creator/import/gnu/arm/5.4.1/bin/../lib/gcc/arm-none-eabi/5.4.1/../../../../arm-none-eabi/lib/armv7-m\libg_nano.a(lib_a-mprec.o)
 .ARM.attributes
                0x00000886       0x2d c:/program files (x86)/cypress/psoc creator/4.4/psoc creator/import/gnu/arm/5.4.1/bin/../lib/gcc/arm-none-eabi/5.4.1/../../../../arm-none-eabi/lib/armv7-m\libg_nano.a(lib_a-nano-callocr.o)
 .ARM.attributes
                0x000008b3       0x2d c:/program files (x86)/cypress/psoc creator/4.4/psoc creator/import/gnu/arm/5.4.1/bin/../lib/gcc/arm-none-eabi/5.4.1/../../../../arm-none-eabi/lib/armv7-m\libg_nano.a(lib_a-nano-freer.o)
 .ARM.attributes
                0x000008e0       0x2d c:/program files (x86)/cypress/psoc creator/4.4/psoc creator/import/gnu/arm/5.4.1/bin/../lib/gcc/arm-none-eabi/5.4.1/../../../../arm-none-eabi/lib/armv7-m\libg_nano.a(lib_a-nano-mallocr.o)
 .ARM.attributes
                0x0000090d       0x2d c:/program files (x86)/cypress/psoc creator/4.4/psoc creator/import/gnu/arm/5.4.1/bin/../lib/gcc/arm-none-eabi/5.4.1/../../../../arm-none-eabi/lib/armv7-m\libg_nano.a(lib_a-nano-svfprintf.o)
 .ARM.attributes
                0x0000093a       0x2d c:/program files (x86)/cypress/psoc creator/4.4/psoc creator/import/gnu/arm/5.4.1/bin/../lib/gcc/arm-none-eabi/5.4.1/../../../../arm-none-eabi/lib/armv7-m\libg_nano.a(lib_a-sbrkr.o)
 .ARM.attributes
                0x00000967       0x2d c:/program files (x86)/cypress/psoc creator/4.4/psoc creator/import/gnu/arm/5.4.1/bin/../lib/gcc/arm-none-eabi/5.4.1/../../../../arm-none-eabi/lib/armv7-m\libg_nano.a(lib_a-sf_nan.o)
 .ARM.attributes
                0x00000994       0x2d c:/program files (x86)/cypress/psoc creator/4.4/psoc creator/import/gnu/arm/5.4.1/bin/../lib/gcc/arm-none-eabi/5.4.1/../../../../arm-none-eabi/lib/armv7-m\libg_nano.a(lib_a-strncmp.o)
 .ARM.attributes
                0x000009c1       0x2d c:/program files (x86)/cypress/psoc creator/4.4/psoc creator/import/gnu/arm/5.4.1/bin/../lib/gcc/arm-none-eabi/5.4.1/../../../../arm-none-eabi/lib/armv7-m\libg_nano.a(lib_a-memmove.o)
 .ARM.attributes
                0x000009ee       0x2d c:/program files (x86)/cypress/psoc creator/4.4/psoc creator/import/gnu/arm/5.4.1/bin/../lib/gcc/arm-none-eabi/5.4.1/../../../../arm-none-eabi/lib/armv7-m\libg_nano.a(lib_a-mlock.o)
 .ARM.attributes
                0x00000a1b       0x2d c:/program files (x86)/cypress/psoc creator/4.4/psoc creator/import/gnu/arm/5.4.1/bin/../lib/gcc/arm-none-eabi/5.4.1/../../../../arm-none-eabi/lib/armv7-m\libg_nano.a(lib_a-nano-reallocr.o)
 .ARM.attributes
                0x00000a48       0x2d c:/program files (x86)/cypress/psoc creator/4.4/psoc creator/import/gnu/arm/5.4.1/bin/../lib/gcc/arm-none-eabi/5.4.1/../../../../arm-none-eabi/lib/armv7-m\libg_nano.a(lib_a-reent.o)
 .ARM.attributes
                0x00000a75       0x2d c:/program files (x86)/cypress/psoc creator/4.4/psoc creator/import/gnu/arm/5.4.1/bin/../lib/gcc/arm-none-eabi/5.4.1/../../../../arm-none-eabi/lib/armv7-m\libg_nano.a(lib_a-nano-msizer.o)
 .ARM.attributes
                0x00000aa2       0x1d c:/program files (x86)/cypress/psoc creator/4.4/psoc creator/import/gnu/arm/5.4.1/bin/../lib/gcc/arm-none-eabi/5.4.1/armv7-m\libgcc.a(_arm_unorddf2.o)
 .ARM.attributes
                0x00000abf       0x1d c:/program files (x86)/cypress/psoc creator/4.4/psoc creator/import/gnu/arm/5.4.1/bin/../lib/gcc/arm-none-eabi/5.4.1/armv7-m\libgcc.a(_arm_fixdfsi.o)
 .ARM.attributes
                0x00000adc       0x1d c:/program files (x86)/cypress/psoc creator/4.4/psoc creator/import/gnu/arm/5.4.1/bin/../lib/gcc/arm-none-eabi/5.4.1/armv7-m\libgcc.a(_arm_truncdfsf2.o)
 .ARM.attributes
                0x00000af9       0x2d c:/program files (x86)/cypress/psoc creator/4.4/psoc creator/import/gnu/arm/5.4.1/bin/../lib/gcc/arm-none-eabi/5.4.1/armv7-m/crtend.o
 .ARM.attributes
                0x00000b26       0x1d c:/program files (x86)/cypress/psoc creator/4.4/psoc creator/import/gnu/arm/5.4.1/bin/../lib/gcc/arm-none-eabi/5.4.1/armv7-m/crtn.o

/DISCARD/
 *(.note.GNU-stack)
OUTPUT(C:\Users\ianh\Documents\Car Lab\SpeedControl\Design.cydsn\CortexM3\ARM_GCC_541\Debug\Design.elf elf32-littlearm)
