Archive member included to satisfy reference by file (symbol)

.\CortexM3\ARM_GCC_541\Debug\Design.a(LCD.o)
                              .\CortexM3\ARM_GCC_541\Debug\lcd_functions.o (LCD_PrintString)
.\CortexM3\ARM_GCC_541\Debug\Design.a(CyLib.o)
                              .\CortexM3\ARM_GCC_541\Debug\Cm3Start.o (CyHalt)
.\CortexM3\ARM_GCC_541\Debug\Design.a(cyPm.o)
                              .\CortexM3\ARM_GCC_541\Debug\Design.a(CyLib.o) (CyPmReadStatus)
.\CortexM3\ARM_GCC_541\Debug\Design.a(Hall_Interrupt.o)
                              .\CortexM3\ARM_GCC_541\Debug\main.o (Hall_Interrupt_SetVector)
.\CortexM3\ARM_GCC_541\Debug\Design.a(Timer.o)
                              .\CortexM3\ARM_GCC_541\Debug\main.o (Timer_ReadStatusRegister)
.\CortexM3\ARM_GCC_541\Debug\Design.a(PWM.o)
                              .\CortexM3\ARM_GCC_541\Debug\main.o (PWM_WriteCompare)
.\CortexM3\ARM_GCC_541\Debug\Design.a(Servo.o)
                              .\CortexM3\ARM_GCC_541\Debug\main.o (Servo_Start)
.\CortexM3\ARM_GCC_541\Debug\Design.a(XBee.o)
                              .\CortexM3\ARM_GCC_541\Debug\main.o (XBee_Start)
.\CortexM3\ARM_GCC_541\Debug\Design.a(XBee_INT.o)
                              .\CortexM3\ARM_GCC_541\Debug\Design.a(XBee.o) (XBee_RXISR)
.\CortexM3\ARM_GCC_541\Debug\Design.a(XBee_IntClock.o)
                              .\CortexM3\ARM_GCC_541\Debug\Design.a(XBee.o) (XBee_IntClock_Start)
.\CortexM3\ARM_GCC_541\Debug\Design.a(XBee_Interrupt.o)
                              .\CortexM3\ARM_GCC_541\Debug\main.o (XBee_Interrupt_SetVector)
.\CortexM3\ARM_GCC_541\Debug\Design.a(CyBootAsmGnu.o)
                              .\CortexM3\ARM_GCC_541\Debug\cyfitter_cfg.o (CyDelayCycles)
.\CortexM3\ARM_GCC_541\Debug\Design.a(CyFlash.o)
                              .\CortexM3\ARM_GCC_541\Debug\Design.a(cyPm.o) (CyFlash_SetWaitCycles)
.\CortexM3\ARM_GCC_541\Debug\Design.a(CySpc.o)
                              .\CortexM3\ARM_GCC_541\Debug\Design.a(CyFlash.o) (CySpcStart)
c:/program files (x86)/cypress/psoc creator/4.4/psoc creator/import/gnu/arm/5.4.1/bin/../lib/gcc/arm-none-eabi/5.4.1/armv7-m\libgcc.a(_arm_addsubdf3.o)
                              .\CortexM3\ARM_GCC_541\Debug\pid_functions.o (__aeabi_dadd)
c:/program files (x86)/cypress/psoc creator/4.4/psoc creator/import/gnu/arm/5.4.1/bin/../lib/gcc/arm-none-eabi/5.4.1/armv7-m\libgcc.a(_arm_muldivdf3.o)
                              .\CortexM3\ARM_GCC_541\Debug\pid_functions.o (__aeabi_dmul)
c:/program files (x86)/cypress/psoc creator/4.4/psoc creator/import/gnu/arm/5.4.1/bin/../lib/gcc/arm-none-eabi/5.4.1/armv7-m\libgcc.a(_arm_cmpdf2.o)
                              .\CortexM3\ARM_GCC_541\Debug\pid_functions.o (__aeabi_dcmplt)
c:/program files (x86)/cypress/psoc creator/4.4/psoc creator/import/gnu/arm/5.4.1/bin/../lib/gcc/arm-none-eabi/5.4.1/armv7-m\libgcc.a(_arm_fixunsdfsi.o)
                              .\CortexM3\ARM_GCC_541\Debug\pid_functions.o (__aeabi_d2uiz)
c:/program files (x86)/cypress/psoc creator/4.4/psoc creator/import/gnu/arm/5.4.1/bin/../lib/gcc/arm-none-eabi/5.4.1/armv7-m\libgcc.a(_aeabi_ldivmod.o)
                              .\CortexM3\ARM_GCC_541\Debug\main.o (__aeabi_ldivmod)
c:/program files (x86)/cypress/psoc creator/4.4/psoc creator/import/gnu/arm/5.4.1/bin/../lib/gcc/arm-none-eabi/5.4.1/armv7-m\libgcc.a(_udivmoddi4.o)
                              c:/program files (x86)/cypress/psoc creator/4.4/psoc creator/import/gnu/arm/5.4.1/bin/../lib/gcc/arm-none-eabi/5.4.1/armv7-m\libgcc.a(_aeabi_ldivmod.o) (__udivmoddi4)
c:/program files (x86)/cypress/psoc creator/4.4/psoc creator/import/gnu/arm/5.4.1/bin/../lib/gcc/arm-none-eabi/5.4.1/armv7-m\libgcc.a(_dvmd_tls.o)
                              c:/program files (x86)/cypress/psoc creator/4.4/psoc creator/import/gnu/arm/5.4.1/bin/../lib/gcc/arm-none-eabi/5.4.1/armv7-m\libgcc.a(_aeabi_ldivmod.o) (__aeabi_ldiv0)
c:/program files (x86)/cypress/psoc creator/4.4/psoc creator/import/gnu/arm/5.4.1/bin/../lib/gcc/arm-none-eabi/5.4.1/../../../../arm-none-eabi/lib/armv7-m\libg_nano.a(lib_a-atof.o)
                              .\CortexM3\ARM_GCC_541\Debug\xbee_functions.o (atof)
c:/program files (x86)/cypress/psoc creator/4.4/psoc creator/import/gnu/arm/5.4.1/bin/../lib/gcc/arm-none-eabi/5.4.1/../../../../arm-none-eabi/lib/armv7-m\libg_nano.a(lib_a-errno.o)
                              .\CortexM3\ARM_GCC_541\Debug\Cm3Start.o (__errno)
c:/program files (x86)/cypress/psoc creator/4.4/psoc creator/import/gnu/arm/5.4.1/bin/../lib/gcc/arm-none-eabi/5.4.1/../../../../arm-none-eabi/lib/armv7-m\libg_nano.a(lib_a-exit.o)
                              c:/program files (x86)/cypress/psoc creator/4.4/psoc creator/import/gnu/arm/5.4.1/bin/../lib/gcc/arm-none-eabi/5.4.1/../../../../arm-none-eabi/lib/armv7-m/crt0.o (exit)
c:/program files (x86)/cypress/psoc creator/4.4/psoc creator/import/gnu/arm/5.4.1/bin/../lib/gcc/arm-none-eabi/5.4.1/../../../../arm-none-eabi/lib/armv7-m\libg_nano.a(lib_a-impure.o)
[...]
Memory Configuration

Name             Origin             Length             Attributes
rom              0x00000000         0x00040000         xr
ram              0x1fff8000         0x00010000         xrw
*default*        0x00000000         0xffffffff

Linker script and memory map

LOAD c:/program files (x86)/cypress/psoc creator/4.4/psoc creator/import/gnu/arm/5.4.1/bin/../lib/gcc/arm-none-eabi/5.4.1/armv7-m/crti.o
LOAD c:/program files (x86)/cypress/psoc creator/4.4/psoc creator/import/gnu/arm/5.4.1/bin/../lib/gcc/arm-none-eabi/5.4.1/armv7-m/crtbegin.o
LOAD c:/program files (x86)/cypress/psoc creator/4.4/psoc creator/import/gnu/arm/5.4.1/bin/../lib/gcc/arm-none-eabi/5.4.1/../../../../arm-none-eabi/lib/armv7-m/crt0.o
START GROUP
LOAD .\CortexM3\ARM_GCC_541\Debug\main.o
LOAD .\CortexM3\ARM_GCC_541\Debug\lcd_functions.o
LOAD .\CortexM3\ARM_GCC_541\Debug\pid_functions.o
LOAD .\CortexM3\ARM_GCC_541\Debug\xbee_functions.o
LOAD .\CortexM3\ARM_GCC_541\Debug\cyfitter_cfg.o
LOAD .\CortexM3\ARM_GCC_541\Debug\cymetadata.o
LOAD .\CortexM3\ARM_GCC_541\Debug\Cm3Start.o
LOAD .\CortexM3\ARM_GCC_541\Debug\Design.a
LOAD C:\Program Files (x86)\Cypress\PSoC Creator\4.4\PSoC Creator\psoc\content\cycomponentlibrary\CyComponentLibrary.cylib\CortexM3\ARM_GCC_541\Debug\CyComponentLibrary.a
END GROUP
START GROUP
LOAD c:/program files (x86)/cypress/psoc creator/4.4/psoc creator/import/gnu/arm/5.4.1/bin/../lib/gcc/arm-none-eabi/5.4.1/armv7-m\libgcc.a
LOAD c:/program files (x86)/cypress/psoc creator/4.4/psoc creator/import/gnu/arm/5.4.1/bin/../lib/gcc/arm-none-eabi/5.4.1/../../../../arm-none-eabi/lib/armv7-m\libg_nano.a
LOAD c:/program files (x86)/cypress/psoc creator/4.4/psoc creator/import/gnu/arm/5.4.1/bin/../lib/gcc/arm-none-eabi/5.4.1/../../../../arm-none-eabi/lib/armv7-m\libc_nano.a
END GROUP
START GROUP
LOAD c:/program files (x86)/cypress/psoc creator/4.4/psoc creator/import/gnu/arm/5.4.1/bin/../lib/gcc/arm-none-eabi/5.4.1/armv7-m\libgcc.a
LOAD c:/program files (x86)/cypress/psoc creator/4.4/psoc creator/import/gnu/arm/5.4.1/bin/../lib/gcc/arm-none-eabi/5.4.1/../../../../arm-none-eabi/lib/armv7-m\libc_nano.a
END GROUP
LOAD c:/program files (x86)/cypress/psoc creator/4.4/psoc creator/import/gnu/arm/5.4.1/bin/../lib/gcc/arm-none-eabi/5.4.1/armv7-m/crtend.o
LOAD c:/program files (x86)/cypress/psoc creator/4.4/psoc creator/import/gnu/arm/5.4.1/bin/../lib/gcc/arm-none-eabi/5.4.1/armv7-m/crtn.o
START GROUP
LOAD c:/program files (x86)/cypress/psoc creator/4.4/psoc creator/import/gnu/arm/5.4.1/bin/../lib/gcc/arm-none-eabi/5.4.1/armv7-m\libgcc.a
LOAD c:/program files (x86)/cypress/psoc creator/4.4/psoc creator/import/gnu/arm/5.4.1/bin/../lib/gcc/arm-none-eabi/5.4.1/../../../../arm-none-eabi/lib/armv7-m\libc.a
LOAD c:/program files (x86)/cypress/psoc creator/4.4/psoc creator/import/gnu/arm/5.4.1/bin/../lib/gcc/arm-none-eabi/5.4.1/../../../../arm-none-eabi/lib/armv7-m\libnosys.a
END GROUP
                0x00000000                CY_APPL_ORIGIN = 0x0
                0x00000100                CY_FLASH_ROW_SIZE = 0x100
                0x00000020                CY_ECC_ROW_SIZE = 0x20
                0x00000000                CY_EE_IN_BTLDR = 0x0
                0x00000000                CY_APPL_LOADABLE = 0x0
                0x00000800                CY_EE_SIZE = 0x800
                0x00000001                CY_APPL_NUM = 0x1
                0x00000001                CY_APPL_MAX = 0x1
                0x00000040                CY_METADATA_SIZE = 0x40
                0x00000000                CY_APPL_LOADABLE = 0x0
                0x00000000                CY_CHECKSUM_EXCLUDE_SIZE = ALIGN (0x0, CY_FLASH_ROW_SIZE)
                [!provide]                PROVIDE (__cy_heap_start, _end)
                0x00000001                PROVIDE (__cy_region_num, ((__cy_regions_end - __cy_regions) / 0x10))
                0x20008000                PROVIDE (__cy_stack, (ORIGIN (ram) + LENGTH (ram)))
                [!provide]                PROVIDE (__cy_heap_end, (__cy_stack - 0x800))

.cybootloader   0x00000000        0x0
 *(.cybootloader)
                0x00000000                appl1_start = CY_APPL_ORIGIN?CY_APPL_ORIGIN:ALIGN (CY_FLASH_ROW_SIZE)
                0x0001ff00                appl2_start = (appl1_start + ALIGN ((((LENGTH (rom) - appl1_start) - (0x2 * CY_FLASH_ROW_SIZE)) / 0x2), CY_FLASH_ROW_SIZE))
                0x00000000                appl_start = (CY_APPL_NUM == 0x1)?appl1_start:appl2_start
                0x00000000                ecc_offset = ((appl_start / CY_FLASH_ROW_SIZE) * CY_ECC_ROW_SIZE)
                0x00000000                ee_offset = (CY_APPL_LOADABLE && ! (CY_EE_IN_BTLDR))?((CY_EE_SIZE / CY_APPL_MAX) * (CY_APPL_NUM - 0x1)):0x0
                0x00000800                ee_size = (CY_APPL_LOADABLE && ! (CY_EE_IN_BTLDR))?(CY_EE_SIZE / CY_APPL_MAX):CY_EE_SIZE
                [!provide]                PROVIDE (CY_ECC_OFFSET, ecc_offset)

.text           0x00000000     0x3da4
 CREATE_OBJECT_SYMBOLS
                0x00000000                PROVIDE (__cy_interrupt_vector, RomVectors)
 *(.romvectors)
 .romvectors    0x00000000       0x10 .\CortexM3\ARM_GCC_541\Debug\Cm3Start.o
                0x00000000                RomVectors
                0x00000001                ASSERT ((. != __cy_interrupt_vector), No interrupt vector)
                0x00000001                ASSERT (CY_APPL_ORIGIN?(SIZEOF (.cybootloader) <= CY_APPL_ORIGIN):0x1, Wrong image location)
                0x00000010                PROVIDE (__cy_reset, Reset)
 *(.text.Reset)
 .text.Reset    0x00000010       0x18 .\CortexM3\ARM_GCC_541\Debug\Cm3Start.o
                0x00000010                Reset
                0x00000001                ASSERT ((. != __cy_reset), No reset code)
 *(.dma_init)
                0x00000001                ASSERT ((((appl_start + .) <= 0x10000) || 0x1), DMA Init must be within the first 64k of flash)
 *(.text .text.* .gnu.linkonce.t.*)
 .text          0x00000028       0x5c c:/program files (x86)/cypress/psoc creator/4.4/psoc creator/import/gnu/arm/5.4.1/bin/../lib/gcc/arm-none-eabi/5.4.1/armv7-m/crtbegin.o
 *fill*         0x00000084        0x4 
 .text.hall_int
                0x00000088       0x98 .\CortexM3\ARM_GCC_541\Debug\main.o
                0x00000088                hall_int
 .text.xbee_int
                0x00000120       0x70 .\CortexM3\ARM_GCC_541\Debug\main.o
                0x00000120                xbee_int
 .text.main     0x00000190       0x90 .\CortexM3\ARM_GCC_541\Debug\main.o
                0x00000190                main
 .text.initLCD  0x00000220       0x1c .\CortexM3\ARM_GCC_541\Debug\lcd_functions.o
                0x00000220                initLCD
 .text.printLCD
                0x0000023c       0x14 .\CortexM3\ARM_GCC_541\Debug\lcd_functions.o
                0x0000023c                printLCD
 .text.clearLCD
                0x00000250        0xc .\CortexM3\ARM_GCC_541\Debug\lcd_functions.o
                0x00000250                clearLCD
 .text.printUint32LCD
                0x0000025c       0x20 .\CortexM3\ARM_GCC_541\Debug\lcd_functions.o
                0x0000025c                printUint32LCD
 .text.pidOutput
                0x0000027c       0xf0 .\CortexM3\ARM_GCC_541\Debug\pid_functions.o
                0x0000027c                pidOutput
 .text.xBeeWrite
                0x0000036c       0x14 .\CortexM3\ARM_GCC_541\Debug\xbee_functions.o
                0x0000036c                xBeeWrite
 .text.CyClockStartupError
                0x00000380        0x4 .\CortexM3\ARM_GCC_541\Debug\cyfitter_cfg.o
 .text.cfg_write_bytes32
                0x00000384       0x34 .\CortexM3\ARM_GCC_541\Debug\cyfitter_cfg.o
 .text.AnalogSetDefault
                0x000003b8       0x28 .\CortexM3\ARM_GCC_541\Debug\cyfitter_cfg.o
 .text.CYMEMZERO
                0x000003e0        0xc .\CortexM3\ARM_GCC_541\Debug\cyfitter_cfg.o
 .text.ClockSetup
                0x000003ec       0xdc .\CortexM3\ARM_GCC_541\Debug\cyfitter_cfg.o
 .text.CYCONFIGCPY
                0x000004c8        0x8 .\CortexM3\ARM_GCC_541\Debug\cyfitter_cfg.o
 .text.cyfitter_cfg
                0x000004d0      0x120 .\CortexM3\ARM_GCC_541\Debug\cyfitter_cfg.o
                0x000004d0                cyfitter_cfg
 .text.IntDefaultHandler
                0x000005f0       0x10 .\CortexM3\ARM_GCC_541\Debug\Cm3Start.o
                0x000005f0                IntDefaultHandler
 .text._sbrk    0x00000600       0x30 .\CortexM3\ARM_GCC_541\Debug\Cm3Start.o
                0x00000600                _sbrk
 .text.Start_c  0x00000630       0x4c .\CortexM3\ARM_GCC_541\Debug\Cm3Start.o
                0x00000630                Start_c
 .text.initialize_psoc
                0x0000067c       0x68 .\CortexM3\ARM_GCC_541\Debug\Cm3Start.o
                0x0000067c                initialize_psoc
 .text.LCD_WrCntrlNib
                0x000006e4       0x34 .\CortexM3\ARM_GCC_541\Debug\Design.a(LCD.o)
 .text.LCD_WrDatNib
                0x00000718       0x44 .\CortexM3\ARM_GCC_541\Debug\Design.a(LCD.o)
 .text.LCD_IsReady
                0x0000075c       0xe4 .\CortexM3\ARM_GCC_541\Debug\Design.a(LCD.o)
                0x0000075c                LCD_IsReady
 .text.LCD_WriteData
                0x00000840       0x18 .\CortexM3\ARM_GCC_541\Debug\Design.a(LCD.o)
                0x00000840                LCD_WriteData
 .text.LCD_PrintString
                0x00000858       0x1c .\CortexM3\ARM_GCC_541\Debug\Design.a(LCD.o)
                0x00000858                LCD_PrintString
 .text.LCD_WriteControl
                0x00000874       0x18 .\CortexM3\ARM_GCC_541\Debug\Design.a(LCD.o)
                0x00000874                LCD_WriteControl
 .text.LCD_Init
                0x0000088c       0x6c .\CortexM3\ARM_GCC_541\Debug\Design.a(LCD.o)
                0x0000088c                LCD_Init
 .text.LCD_Enable
                0x000008f8       0x14 .\CortexM3\ARM_GCC_541\Debug\Design.a(LCD.o)
                0x000008f8                LCD_Enable
 .text.LCD_Start
                0x0000090c       0x1c .\CortexM3\ARM_GCC_541\Debug\Design.a(LCD.o)
                0x0000090c                LCD_Start
 .text.LCD_Position
                0x00000928       0x3c .\CortexM3\ARM_GCC_541\Debug\Design.a(LCD.o)
                0x00000928                LCD_Position
 .text.CyHalt   0x00000964        0x4 .\CortexM3\ARM_GCC_541\Debug\Design.a(CyLib.o)
                0x00000964                CyHalt
 .text.CyDelay  0x00000968       0x2c .\CortexM3\ARM_GCC_541\Debug\Design.a(CyLib.o)
                0x00000968                CyDelay
 .text.CyDelayUs
                0x00000994       0x14 .\CortexM3\ARM_GCC_541\Debug\Design.a(CyLib.o)
                0x00000994                CyDelayUs
 .text.CyIntSetVector
                0x000009a8       0x28 .\CortexM3\ARM_GCC_541\Debug\Design.a(CyLib.o)
                0x000009a8                CyIntSetVector
 .text.CyIntSetPriority
                0x000009d0       0x30 .\CortexM3\ARM_GCC_541\Debug\Design.a(CyLib.o)
                0x000009d0                CyIntSetPriority
 .text.Hall_Interrupt_Interrupt
                0x00000a00        0x4 .\CortexM3\ARM_GCC_541\Debug\Design.a(Hall_Interrupt.o)
                0x00000a00                Hall_Interrupt_Interrupt
 .text.Hall_Interrupt_SetVector
                0x00000a04        0xc .\CortexM3\ARM_GCC_541\Debug\Design.a(Hall_Interrupt.o)
                0x00000a04                Hall_Interrupt_SetVector
 .text.Hall_Interrupt_SetPriority
                0x00000a10       0x10 .\CortexM3\ARM_GCC_541\Debug\Design.a(Hall_Interrupt.o)
                0x00000a10                Hall_Interrupt_SetPriority
 .text.Hall_Interrupt_Enable
                0x00000a20        0xc .\CortexM3\ARM_GCC_541\Debug\Design.a(Hall_Interrupt.o)
                0x00000a20                Hall_Interrupt_Enable
 .text.Hall_Interrupt_Disable
                0x00000a2c        0xc .\CortexM3\ARM_GCC_541\Debug\Design.a(Hall_Interrupt.o)
                0x00000a2c                Hall_Interrupt_Disable
 .text.Hall_Interrupt_Start
                0x00000a38       0x1c .\CortexM3\ARM_GCC_541\Debug\Design.a(Hall_Interrupt.o)
                0x00000a38                Hall_Interrupt_Start
 .text.Timer_Enable
                0x00000a54       0x10 .\CortexM3\ARM_GCC_541\Debug\Design.a(Timer.o)
                0x00000a54                Timer_Enable
 .text.Timer_SetInterruptMode
                0x00000a64        0xc .\CortexM3\ARM_GCC_541\Debug\Design.a(Timer.o)
                0x00000a64                Timer_SetInterruptMode
 .text.Timer_ReadStatusRegister
                0x00000a70        0xc .\CortexM3\ARM_GCC_541\Debug\Design.a(Timer.o)
                0x00000a70                Timer_ReadStatusRegister
 .text.Timer_WritePeriod
                0x00000a7c        0xc .\CortexM3\ARM_GCC_541\Debug\Design.a(Timer.o)
                0x00000a7c                Timer_WritePeriod
 .text.Timer_ReadCapture
                0x00000a88        0xc .\CortexM3\ARM_GCC_541\Debug\Design.a(Timer.o)
                0x00000a88                Timer_ReadCapture
 .text.Timer_WriteCounter
                0x00000a94        0xc .\CortexM3\ARM_GCC_541\Debug\Design.a(Timer.o)
                0x00000a94                Timer_WriteCounter
 .text.Timer_SetInterruptCount
                0x00000aa0       0x1c .\CortexM3\ARM_GCC_541\Debug\Design.a(Timer.o)
                0x00000aa0                Timer_SetInterruptCount
 .text.Timer_ClearFIFO
                0x00000abc       0x14 .\CortexM3\ARM_GCC_541\Debug\Design.a(Timer.o)
                0x00000abc                Timer_ClearFIFO
 .text.Timer_Init
                0x00000ad0       0x3c .\CortexM3\ARM_GCC_541\Debug\Design.a(Timer.o)
                0x00000ad0                Timer_Init
 .text.Timer_Start
                0x00000b0c       0x1c .\CortexM3\ARM_GCC_541\Debug\Design.a(Timer.o)
                0x00000b0c                Timer_Start
 .text.PWM_Enable
                0x00000b28       0x10 .\CortexM3\ARM_GCC_541\Debug\Design.a(PWM.o)
                0x00000b28                PWM_Enable
 .text.PWM_WriteCounter
                0x00000b38        0xc .\CortexM3\ARM_GCC_541\Debug\Design.a(PWM.o)
                0x00000b38                PWM_WriteCounter
 .text.PWM_WritePeriod
                0x00000b44        0xc .\CortexM3\ARM_GCC_541\Debug\Design.a(PWM.o)
                0x00000b44                PWM_WritePeriod
 .text.PWM_WriteCompare
                0x00000b50        0xc .\CortexM3\ARM_GCC_541\Debug\Design.a(PWM.o)
                0x00000b50                PWM_WriteCompare
 .text.PWM_SetInterruptMode
                0x00000b5c        0xc .\CortexM3\ARM_GCC_541\Debug\Design.a(PWM.o)
                0x00000b5c                PWM_SetInterruptMode
 .text.PWM_ReadStatusRegister
                0x00000b68        0xc .\CortexM3\ARM_GCC_541\Debug\Design.a(PWM.o)
                0x00000b68                PWM_ReadStatusRegister
 .text.PWM_ReadCapture
                0x00000b74        0xc .\CortexM3\ARM_GCC_541\Debug\Design.a(PWM.o)
                0x00000b74                PWM_ReadCapture
 .text.PWM_ClearFIFO
                0x00000b80       0x14 .\CortexM3\ARM_GCC_541\Debug\Design.a(PWM.o)
                0x00000b80                PWM_ClearFIFO
 .text.PWM_Init
                0x00000b94       0x60 .\CortexM3\ARM_GCC_541\Debug\Design.a(PWM.o)
                0x00000b94                PWM_Init
 .text.PWM_Start
                0x00000bf4       0x1c .\CortexM3\ARM_GCC_541\Debug\Design.a(PWM.o)
                0x00000bf4                PWM_Start
 .text.Servo_Enable
                0x00000c10       0x10 .\CortexM3\ARM_GCC_541\Debug\Design.a(Servo.o)
                0x00000c10                Servo_Enable
 .text.Servo_WriteCounter
                0x00000c20        0xc .\CortexM3\ARM_GCC_541\Debug\Design.a(Servo.o)
                0x00000c20                Servo_WriteCounter
 .text.Servo_WritePeriod
                0x00000c2c        0xc .\CortexM3\ARM_GCC_541\Debug\Design.a(Servo.o)
                0x00000c2c                Servo_WritePeriod
 .text.Servo_WriteCompare
                0x00000c38        0xc .\CortexM3\ARM_GCC_541\Debug\Design.a(Servo.o)
                0x00000c38                Servo_WriteCompare
 .text.Servo_SetInterruptMode
                0x00000c44        0xc .\CortexM3\ARM_GCC_541\Debug\Design.a(Servo.o)
                0x00000c44                Servo_SetInterruptMode
 .text.Servo_ReadStatusRegister
                0x00000c50        0xc .\CortexM3\ARM_GCC_541\Debug\Design.a(Servo.o)
                0x00000c50                Servo_ReadStatusRegister
 .text.Servo_ReadCapture
                0x00000c5c        0xc .\CortexM3\ARM_GCC_541\Debug\Design.a(Servo.o)
                0x00000c5c                Servo_ReadCapture
 .text.Servo_ClearFIFO
                0x00000c68       0x14 .\CortexM3\ARM_GCC_541\Debug\Design.a(Servo.o)
                0x00000c68                Servo_ClearFIFO
 .text.Servo_Init
                0x00000c7c       0x60 .\CortexM3\ARM_GCC_541\Debug\Design.a(Servo.o)
                0x00000c7c                Servo_Init
 .text.Servo_Start
                0x00000cdc       0x1c .\CortexM3\ARM_GCC_541\Debug\Design.a(Servo.o)
                0x00000cdc                Servo_Start
 .text.XBee_Init
                0x00000cf8       0x44 .\CortexM3\ARM_GCC_541\Debug\Design.a(XBee.o)
                0x00000cf8                XBee_Init
 .text.XBee_Enable
                0x00000d3c       0x44 .\CortexM3\ARM_GCC_541\Debug\Design.a(XBee.o)
                0x00000d3c                XBee_Enable
 .text.XBee_Start
                0x00000d80       0x1c .\CortexM3\ARM_GCC_541\Debug\Design.a(XBee.o)
                0x00000d80                XBee_Start
 .text.XBee_ReadRxStatus
                0x00000d9c       0x28 .\CortexM3\ARM_GCC_541\Debug\Design.a(XBee.o)
                0x00000d9c                XBee_ReadRxStatus
 .text.XBee_GetChar
                0x00000dc4       0x80 .\CortexM3\ARM_GCC_541\Debug\Design.a(XBee.o)
                0x00000dc4                XBee_GetChar
 .text.XBee_GetRxBufferSize
                0x00000e44       0x60 .\CortexM3\ARM_GCC_541\Debug\Design.a(XBee.o)
                0x00000e44                XBee_GetRxBufferSize
 .text.XBee_PutChar
                0x00000ea4       0x18 .\CortexM3\ARM_GCC_541\Debug\Design.a(XBee.o)
                0x00000ea4                XBee_PutChar
 .text.XBee_PutString
                0x00000ebc       0x24 .\CortexM3\ARM_GCC_541\Debug\Design.a(XBee.o)
                0x00000ebc                XBee_PutString
 .text.XBee_RXISR
                0x00000ee0       0x98 .\CortexM3\ARM_GCC_541\Debug\Design.a(XBee_INT.o)
                0x00000ee0                XBee_RXISR
 .text.XBee_IntClock_Start
                0x00000f78       0x1c .\CortexM3\ARM_GCC_541\Debug\Design.a(XBee_IntClock.o)
                0x00000f78                XBee_IntClock_Start
 .text.XBee_Interrupt_Interrupt
                0x00000f94        0x4 .\CortexM3\ARM_GCC_541\Debug\Design.a(XBee_Interrupt.o)
                0x00000f94                XBee_Interrupt_Interrupt
 .text.XBee_Interrupt_SetVector
                0x00000f98        0xc .\CortexM3\ARM_GCC_541\Debug\Design.a(XBee_Interrupt.o)
                0x00000f98                XBee_Interrupt_SetVector
 .text.XBee_Interrupt_SetPriority
                0x00000fa4       0x10 .\CortexM3\ARM_GCC_541\Debug\Design.a(XBee_Interrupt.o)
                0x00000fa4                XBee_Interrupt_SetPriority
 .text.XBee_Interrupt_Enable
                0x00000fb4        0xc .\CortexM3\ARM_GCC_541\Debug\Design.a(XBee_Interrupt.o)
                0x00000fb4                XBee_Interrupt_Enable
 .text.XBee_Interrupt_Disable
                0x00000fc0        0xc .\CortexM3\ARM_GCC_541\Debug\Design.a(XBee_Interrupt.o)
                0x00000fc0                XBee_Interrupt_Disable
 .text.XBee_Interrupt_Start
                0x00000fcc       0x1c .\CortexM3\ARM_GCC_541\Debug\Design.a(XBee_Interrupt.o)
                0x00000fcc                XBee_Interrupt_Start
 .text          0x00000fe8       0x20 .\CortexM3\ARM_GCC_541\Debug\Design.a(CyBootAsmGnu.o)
                0x00000fe8                CyDelayCycles
                0x00000ff8                CyEnterCriticalSection
                0x00001000                CyExitCriticalSection
 .text          0x00001008      0x370 c:/program files (x86)/cypress/psoc creator/4.4/psoc creator/import/gnu/arm/5.4.1/bin/../lib/gcc/arm-none-eabi/5.4.1/armv7-m\libgcc.a(_arm_addsubdf3.o)
                0x00001008                __aeabi_drsub
                0x00001010                __aeabi_dsub
                0x00001010                __subdf3
                0x00001014                __aeabi_dadd
                0x00001014                __adddf3
                0x0000128c                __floatunsidf
                0x0000128c                __aeabi_ui2d
                0x000012ac                __floatsidf
                0x000012ac                __aeabi_i2d
                0x000012d0                __aeabi_f2d
                0x000012d0                __extendsfdf2
                0x0000130c                __floatundidf
                0x0000130c                __aeabi_ul2d
                0x0000131c                __floatdidf
                0x0000131c                __aeabi_l2d
 .text          0x00001378      0x424 c:/program files (x86)/cypress/psoc creator/4.4/psoc creator/import/gnu/arm/5.4.1/bin/../lib/gcc/arm-none-eabi/5.4.1/armv7-m\libgcc.a(_arm_muldivdf3.o)
                0x00001378                __aeabi_dmul
                0x00001378                __muldf3
                0x000015cc                __divdf3
                0x000015cc                __aeabi_ddiv
 .text          0x0000179c      0x110 c:/program files (x86)/cypress/psoc creator/4.4/psoc creator/import/gnu/arm/5.4.1/bin/../lib/gcc/arm-none-eabi/5.4.1/armv7-m\libgcc.a(_arm_cmpdf2.o)
                0x0000179c                __gtdf2
                0x0000179c                __gedf2
                0x000017a4                __ltdf2
                0x000017a4                __ledf2
                0x000017ac                __nedf2
                0x000017ac                __eqdf2
                0x000017ac                __cmpdf2
                0x00001828                __aeabi_cdrcmple
                0x00001838                __aeabi_cdcmpeq
                0x00001838                __aeabi_cdcmple
                0x00001848                __aeabi_dcmpeq
                0x0000185c                __aeabi_dcmplt
                0x00001870                __aeabi_dcmple
                0x00001884                __aeabi_dcmpge
                0x00001898                __aeabi_dcmpgt
 .text          0x000018ac       0x40 c:/program files (x86)/cypress/psoc creator/4.4/psoc creator/import/gnu/arm/5.4.1/bin/../lib/gcc/arm-none-eabi/5.4.1/armv7-m\libgcc.a(_arm_fixunsdfsi.o)
                0x000018ac                __aeabi_d2uiz
                0x000018ac                __fixunsdfsi
 .text          0x000018ec       0xa0 c:/program files (x86)/cypress/psoc creator/4.4/psoc creator/import/gnu/arm/5.4.1/bin/../lib/gcc/arm-none-eabi/5.4.1/armv7-m\libgcc.a(_aeabi_ldivmod.o)
                0x000018ec                __aeabi_ldivmod
 .text          0x0000198c      0x2ec c:/program files (x86)/cypress/psoc creator/4.4/psoc creator/import/gnu/arm/5.4.1/bin/../lib/gcc/arm-none-eabi/5.4.1/armv7-m\libgcc.a(_udivmoddi4.o)
                0x0000198c                __udivmoddi4
 .text          0x00001c78        0x4 c:/program files (x86)/cypress/psoc creator/4.4/psoc creator/import/gnu/arm/5.4.1/bin/../lib/gcc/arm-none-eabi/5.4.1/armv7-m\libgcc.a(_dvmd_tls.o)
                0x00001c78                __aeabi_idiv0
                0x00001c78                __aeabi_ldiv0
 .text.__errno  0x00001c7c        0xc c:/program files (x86)/cypress/psoc creator/4.4/psoc creator/import/gnu/arm/5.4.1/bin/../lib/gcc/arm-none-eabi/5.4.1/../../../../arm-none-eabi/lib/armv7-m\libg_nano.a(lib_a-errno.o)
                0x00001c7c                __errno
 .text.__libc_init_array
                0x00001c88       0x4c c:/program files (x86)/cypress/psoc creator/4.4/psoc creator/import/gnu/arm/5.4.1/bin/../lib/gcc/arm-none-eabi/5.4.1/../../../../arm-none-eabi/lib/armv7-m\libg_nano.a(lib_a-init.o)
                0x00001c88                __libc_init_array
 .text.memcpy   0x00001cd4       0x16 c:/program files (x86)/cypress/psoc creator/4.4/psoc creator/import/gnu/arm/5.4.1/bin/../lib/gcc/arm-none-eabi/5.4.1/../../../../arm-none-eabi/lib/armv7-m\libg_nano.a(lib_a-memcpy-stub.o)
                0x00001cd4                memcpy
 .text.memset   0x00001cea       0x10 c:/program files (x86)/cypress/psoc creator/4.4/psoc creator/import/gnu/arm/5.4.1/bin/../lib/gcc/arm-none-eabi/5.4.1/../../../../arm-none-eabi/lib/armv7-m\libg_nano.a(lib_a-memset.o)
                0x00001cea                memset
 .text.__cvt    0x00001cfa       0xc0 c:/program files (x86)/cypress/psoc creator/4.4/psoc creator/import/gnu/arm/5.4.1/bin/../lib/gcc/arm-none-eabi/5.4.1/../../../../arm-none-eabi/lib/armv7-m\libg_nano.a(lib_a-nano-vfprintf_float.o)
                0x00001cfa                __cvt
 .text.__exponent
                0x00001dba       0x62 c:/program files (x86)/cypress/psoc creator/4.4/psoc creator/import/gnu/arm/5.4.1/bin/../lib/gcc/arm-none-eabi/5.4.1/../../../../arm-none-eabi/lib/armv7-m\libg_nano.a(lib_a-nano-vfprintf_float.o)
                0x00001dba                __exponent
 .text._printf_float
                0x00001e1c      0x488 c:/program files (x86)/cypress/psoc creator/4.4/psoc creator/import/gnu/arm/5.4.1/bin/../lib/gcc/arm-none-eabi/5.4.1/../../../../arm-none-eabi/lib/armv7-m\libg_nano.a(lib_a-nano-vfprintf_float.o)
                0x00001e1c                _printf_float
 .text._printf_common
                0x000022a4       0xec c:/program files (x86)/cypress/psoc creator/4.4/psoc creator/import/gnu/arm/5.4.1/bin/../lib/gcc/arm-none-eabi/5.4.1/../../../../arm-none-eabi/lib/armv7-m\libg_nano.a(lib_a-nano-vfprintf_i.o)
                0x000022a4                _printf_common
 .text._printf_i
                0x00002390      0x24c c:/program files (x86)/cypress/psoc creator/4.4/psoc creator/import/gnu/arm/5.4.1/bin/../lib/gcc/arm-none-eabi/5.4.1/../../../../arm-none-eabi/lib/armv7-m\libg_nano.a(lib_a-nano-vfprintf_i.o)
                0x00002390                _printf_i
 .text.sprintf  0x000025dc       0x48 c:/program files (x86)/cypress/psoc creator/4.4/psoc creator/import/gnu/arm/5.4.1/bin/../lib/gcc/arm-none-eabi/5.4.1/../../../../arm-none-eabi/lib/armv7-m\libg_nano.a(lib_a-sprintf.o)
                0x000025dc                siprintf
                0x000025dc                sprintf
 .text          0x00002624       0x10 c:/program files (x86)/cypress/psoc creator/4.4/psoc creator/import/gnu/arm/5.4.1/bin/../lib/gcc/arm-none-eabi/5.4.1/../../../../arm-none-eabi/lib/armv7-m\libg_nano.a(lib_a-strlen.o)
                0x00002624                strlen
 .text.quorem   0x00002634      0x116 c:/program files (x86)/cypress/psoc creator/4.4/psoc creator/import/gnu/arm/5.4.1/bin/../lib/gcc/arm-none-eabi/5.4.1/../../../../arm-none-eabi/lib/armv7-m\libg_nano.a(lib_a-dtoa.o)
 *fill*         0x0000274a        0x6 
 .text._dtoa_r  0x00002750      0xb30 c:/program files (x86)/cypress/psoc creator/4.4/psoc creator/import/gnu/arm/5.4.1/bin/../lib/gcc/arm-none-eabi/5.4.1/../../../../arm-none-eabi/lib/armv7-m\libg_nano.a(lib_a-dtoa.o)
                0x00002750                _dtoa_r
 .text._localeconv_r
                0x00003280        0x8 c:/program files (x86)/cypress/psoc creator/4.4/psoc creator/import/gnu/arm/5.4.1/bin/../lib/gcc/arm-none-eabi/5.4.1/../../../../arm-none-eabi/lib/armv7-m\libg_nano.a(lib_a-locale.o)
                0x00003280                _localeconv_r
 .text.malloc   0x00003288       0x10 c:/program files (x86)/cypress/psoc creator/4.4/psoc creator/import/gnu/arm/5.4.1/bin/../lib/gcc/arm-none-eabi/5.4.1/../../../../arm-none-eabi/lib/armv7-m\libg_nano.a(lib_a-malloc.o)
                0x00003288                malloc
 .text.memchr   0x00003298       0x1c c:/program files (x86)/cypress/psoc creator/4.4/psoc creator/import/gnu/arm/5.4.1/bin/../lib/gcc/arm-none-eabi/5.4.1/../../../../arm-none-eabi/lib/armv7-m\libg_nano.a(lib_a-memchr-stub.o)
                0x00003298                memchr
 .text._Balloc  0x000032b4       0x6a c:/program files (x86)/cypress/psoc creator/4.4/psoc creator/import/gnu/arm/5.4.1/bin/../lib/gcc/arm-none-eabi/5.4.1/../../../../arm-none-eabi/lib/armv7-m\libg_nano.a(lib_a-mprec.o)
                0x000032b4                _Balloc
 .text._Bfree   0x0000331e       0x2e c:/program files (x86)/cypress/psoc creator/4.4/psoc creator/import/gnu/arm/5.4.1/bin/../lib/gcc/arm-none-eabi/5.4.1/../../../../arm-none-eabi/lib/armv7-m\libg_nano.a(lib_a-mprec.o)
                0x0000331e                _Bfree
 .text.__multadd
                0x0000334c       0x76 c:/program files (x86)/cypress/psoc creator/4.4/psoc creator/import/gnu/arm/5.4.1/bin/../lib/gcc/arm-none-eabi/5.4.1/../../../../arm-none-eabi/lib/armv7-m\libg_nano.a(lib_a-mprec.o)
                0x0000334c                __multadd
 .text.__hi0bits
                0x000033c2       0x40 c:/program files (x86)/cypress/psoc creator/4.4/psoc creator/import/gnu/arm/5.4.1/bin/../lib/gcc/arm-none-eabi/5.4.1/../../../../arm-none-eabi/lib/armv7-m\libg_nano.a(lib_a-mprec.o)
                0x000033c2                __hi0bits
 .text.__lo0bits
                0x00003402       0x5a c:/program files (x86)/cypress/psoc creator/4.4/psoc creator/import/gnu/arm/5.4.1/bin/../lib/gcc/arm-none-eabi/5.4.1/../../../../arm-none-eabi/lib/armv7-m\libg_nano.a(lib_a-mprec.o)
                0x00003402                __lo0bits
 .text.__i2b    0x0000345c       0x12 c:/program files (x86)/cypress/psoc creator/4.4/psoc creator/import/gnu/arm/5.4.1/bin/../lib/gcc/arm-none-eabi/5.4.1/../../../../arm-none-eabi/lib/armv7-m\libg_nano.a(lib_a-mprec.o)
                0x0000345c                __i2b
 .text.__multiply
                0x0000346e      0x120 c:/program files (x86)/cypress/psoc creator/4.4/psoc creator/import/gnu/arm/5.4.1/bin/../lib/gcc/arm-none-eabi/5.4.1/../../../../arm-none-eabi/lib/armv7-m\libg_nano.a(lib_a-mprec.o)
                0x0000346e                __multiply
 *fill*         0x0000358e        0x2 
 .text.__pow5mult
                0x00003590       0x9c c:/program files (x86)/cypress/psoc creator/4.4/psoc creator/import/gnu/arm/5.4.1/bin/../lib/gcc/arm-none-eabi/5.4.1/../../../../arm-none-eabi/lib/armv7-m\libg_nano.a(lib_a-mprec.o)
                0x00003590                __pow5mult
 .text.__lshift
                0x0000362c       0xa2 c:/program files (x86)/cypress/psoc creator/4.4/psoc creator/import/gnu/arm/5.4.1/bin/../lib/gcc/arm-none-eabi/5.4.1/../../../../arm-none-eabi/lib/armv7-m\libg_nano.a(lib_a-mprec.o)
                0x0000362c                __lshift
 .text.__mcmp   0x000036ce       0x38 c:/program files (x86)/cypress/psoc creator/4.4/psoc creator/import/gnu/arm/5.4.1/bin/../lib/gcc/arm-none-eabi/5.4.1/../../../../arm-none-eabi/lib/armv7-m\libg_nano.a(lib_a-mprec.o)
                0x000036ce                __mcmp
 .text.__mdiff  0x00003706       0xbe c:/program files (x86)/cypress/psoc creator/4.4/psoc creator/import/gnu/arm/5.4.1/bin/../lib/gcc/arm-none-eabi/5.4.1/../../../../arm-none-eabi/lib/armv7-m\libg_nano.a(lib_a-mprec.o)
                0x00003706                __mdiff
 .text.__d2b    0x000037c4       0x9c c:/program files (x86)/cypress/psoc creator/4.4/psoc creator/import/gnu/arm/5.4.1/bin/../lib/gcc/arm-none-eabi/5.4.1/../../../../arm-none-eabi/lib/armv7-m\libg_nano.a(lib_a-mprec.o)
                0x000037c4                __d2b
 .text._calloc_r
                0x00003860       0x1c c:/program files (x86)/cypress/psoc creator/4.4/psoc creator/import/gnu/arm/5.4.1/bin/../lib/gcc/arm-none-eabi/5.4.1/../../../../arm-none-eabi/lib/armv7-m\libg_nano.a(lib_a-nano-callocr.o)
                0x00003860                _calloc_r
 .text._free_r  0x0000387c       0x98 c:/program files (x86)/cypress/psoc creator/4.4/psoc creator/import/gnu/arm/5.4.1/bin/../lib/gcc/arm-none-eabi/5.4.1/../../../../arm-none-eabi/lib/armv7-m\libg_nano.a(lib_a-nano-freer.o)
                0x0000387c                _free_r
 .text._malloc_r
                0x00003914       0xbc c:/program files (x86)/cypress/psoc creator/4.4/psoc creator/import/gnu/arm/5.4.1/bin/../lib/gcc/arm-none-eabi/5.4.1/../../../../arm-none-eabi/lib/armv7-m\libg_nano.a(lib_a-nano-mallocr.o)
                0x00003914                _malloc_r
 .text.__ssputs_r
                0x000039d0       0xb2 c:/program files (x86)/cypress/psoc creator/4.4/psoc creator/import/gnu/arm/5.4.1/bin/../lib/gcc/arm-none-eabi/5.4.1/../../../../arm-none-eabi/lib/armv7-m\libg_nano.a(lib_a-nano-svfprintf.o)
                0x000039d0                __ssputs_r
 *fill*         0x00003a82        0x2 
 .text._svfprintf_r
                0x00003a84      0x1e8 c:/program files (x86)/cypress/psoc creator/4.4/psoc creator/import/gnu/arm/5.4.1/bin/../lib/gcc/arm-none-eabi/5.4.1/../../../../arm-none-eabi/lib/armv7-m\libg_nano.a(lib_a-nano-svfprintf.o)
                0x00003a84                _svfiprintf_r
                0x00003a84                _svfprintf_r
 .text._sbrk_r  0x00003c6c       0x20 c:/program files (x86)/cypress/psoc creator/4.4/psoc creator/import/gnu/arm/5.4.1/bin/../lib/gcc/arm-none-eabi/5.4.1/../../../../arm-none-eabi/lib/armv7-m\libg_nano.a(lib_a-sbrkr.o)
                0x00003c6c                _sbrk_r
 .text.memmove  0x00003c8c       0x36 c:/program files (x86)/cypress/psoc creator/4.4/psoc creator/import/gnu/arm/5.4.1/bin/../lib/gcc/arm-none-eabi/5.4.1/../../../../arm-none-eabi/lib/armv7-m\libg_nano.a(lib_a-memmove.o)
                0x00003c8c                memmove
 .text.__malloc_lock
                0x00003cc2        0x2 c:/program files (x86)/cypress/psoc creator/4.4/psoc creator/import/gnu/arm/5.4.1/bin/../lib/gcc/arm-none-eabi/5.4.1/../../../../arm-none-eabi/lib/armv7-m\libg_nano.a(lib_a-mlock.o)
                0x00003cc2                __malloc_lock
 .text.__malloc_unlock
                0x00003cc4        0x2 c:/program files (x86)/cypress/psoc creator/4.4/psoc creator/import/gnu/arm/5.4.1/bin/../lib/gcc/arm-none-eabi/5.4.1/../../../../arm-none-eabi/lib/armv7-m\libg_nano.a(lib_a-mlock.o)
                0x00003cc4                __malloc_unlock
 .text._realloc_r
                0x00003cc6       0x4c c:/program files (x86)/cypress/psoc creator/4.4/psoc creator/import/gnu/arm/5.4.1/bin/../lib/gcc/arm-none-eabi/5.4.1/../../../../arm-none-eabi/lib/armv7-m\libg_nano.a(lib_a-nano-reallocr.o)
                0x00003cc6                _realloc_r
 .text._malloc_usable_size_r
                0x00003d12       0x14 c:/program files (x86)/cypress/psoc creator/4.4/psoc creator/import/gnu/arm/5.4.1/bin/../lib/gcc/arm-none-eabi/5.4.1/../../../../arm-none-eabi/lib/armv7-m\libg_nano.a(lib_a-nano-msizer.o)
                0x00003d12                _malloc_usable_size_r
 *fill*         0x00003d26        0x2 
 .text          0x00003d28       0x2c c:/program files (x86)/cypress/psoc creator/4.4/psoc creator/import/gnu/arm/5.4.1/bin/../lib/gcc/arm-none-eabi/5.4.1/armv7-m\libgcc.a(_arm_unorddf2.o)
                0x00003d28                __unorddf2
                0x00003d28                __aeabi_dcmpun
 .text          0x00003d54       0x50 c:/program files (x86)/cypress/psoc creator/4.4/psoc creator/import/gnu/arm/5.4.1/bin/../lib/gcc/arm-none-eabi/5.4.1/armv7-m\libgcc.a(_arm_fixdfsi.o)
                0x00003d54                __aeabi_d2iz
                0x00003d54                __fixdfsi
 *(.plt)
 *(.gnu.warning)
 *(.glue_7t)
 .glue_7t       0x00003da4        0x0 linker stubs
 *(.glue_7)
 .glue_7        0x00003da4        0x0 linker stubs
 *(.vfp11_veneer)
 .vfp11_veneer  0x00003da4        0x0 linker stubs
 *(.bootloader)
 *(.ARM.extab* .gnu.linkonce.armextab.*)
 *(.gcc_except_table)

.v4_bx          0x00003da4        0x0
 .v4_bx         0x00003da4        0x0 linker stubs

.iplt           0x00003da4        0x0
 .iplt          0x00003da4        0x0 c:/program files (x86)/cypress/psoc creator/4.4/psoc creator/import/gnu/arm/5.4.1/bin/../lib/gcc/arm-none-eabi/5.4.1/armv7-m/crtbegin.o

.eh_frame_hdr
 *(.eh_frame_hdr)

.eh_frame       0x00003da4        0x4
 *(.eh_frame)
 .eh_frame      0x00003da4        0x0 c:/program files (x86)/cypress/psoc creator/4.4/psoc creator/import/gnu/arm/5.4.1/bin/../lib/gcc/arm-none-eabi/5.4.1/armv7-m/crtbegin.o
 .eh_frame      0x00003da4        0x4 c:/program files (x86)/cypress/psoc creator/4.4/psoc creator/import/gnu/arm/5.4.1/bin/../lib/gcc/arm-none-eabi/5.4.1/armv7-m/crtend.o
                [!provide]                PROVIDE (__exidx_start, .)

.ARM.exidx      0x00003da8        0x8
 *(.ARM.exidx* .gnu.linkonce.armexidx.*)
 .ARM.exidx     0x00003da8        0x8 c:/program files (x86)/cypress/psoc creator/4.4/psoc creator/import/gnu/arm/5.4.1/bin/../lib/gcc/arm-none-eabi/5.4.1/armv7-m\libgcc.a(_udivmoddi4.o)
                0x00003db0                __exidx_end = .

.rodata         0x00003db0      0x238
 *(.rodata .rodata.* .gnu.linkonce.r.*)
 .rodata.str1.4
                0x00003db0       0x48 .\CortexM3\ARM_GCC_541\Debug\main.o
 .rodata.str1.4
                0x00003df8        0x7 .\CortexM3\ARM_GCC_541\Debug\lcd_functions.o
                                 0x13 (size before relaxing)
 *fill*         0x00003dff        0x1 
 .rodata.str1.4
                0x00003e00        0x8 .\CortexM3\ARM_GCC_541\Debug\xbee_functions.o
                                  0x6 (size before relaxing)
 .rodata        0x00003e08       0x46 .\CortexM3\ARM_GCC_541\Debug\cyfitter_cfg.o
 .rodata.str1.1
                0x00003e4e        0x2 c:/program files (x86)/cypress/psoc creator/4.4/psoc creator/import/gnu/arm/5.4.1/bin/../lib/gcc/arm-none-eabi/5.4.1/../../../../arm-none-eabi/lib/armv7-m\libg_nano.a(lib_a-impure.o)
 .rodata.str1.1
                0x00003e50       0x12 c:/program files (x86)/cypress/psoc creator/4.4/psoc creator/import/gnu/arm/5.4.1/bin/../lib/gcc/arm-none-eabi/5.4.1/../../../../arm-none-eabi/lib/armv7-m\libg_nano.a(lib_a-nano-vfprintf_float.o)
 .rodata.str1.1
                0x00003e62       0x22 c:/program files (x86)/cypress/psoc creator/4.4/psoc creator/import/gnu/arm/5.4.1/bin/../lib/gcc/arm-none-eabi/5.4.1/../../../../arm-none-eabi/lib/armv7-m\libg_nano.a(lib_a-nano-vfprintf_i.o)
 .rodata.str1.1
                0x00003e84        0xd c:/program files (x86)/cypress/psoc creator/4.4/psoc creator/import/gnu/arm/5.4.1/bin/../lib/gcc/arm-none-eabi/5.4.1/../../../../arm-none-eabi/lib/armv7-m\libg_nano.a(lib_a-dtoa.o)
                                  0xf (size before relaxing)
 .rodata.str1.1
                0x00003e91        0x8 c:/program files (x86)/cypress/psoc creator/4.4/psoc creator/import/gnu/arm/5.4.1/bin/../lib/gcc/arm-none-eabi/5.4.1/../../../../arm-none-eabi/lib/armv7-m\libg_nano.a(lib_a-locale.o)
                                  0xb (size before relaxing)
 *fill*         0x00003e99        0x7 
 .rodata.__mprec_tens
                0x00003ea0       0xc8 c:/program files (x86)/cypress/psoc creator/4.4/psoc creator/import/gnu/arm/5.4.1/bin/../lib/gcc/arm-none-eabi/5.4.1/../../../../arm-none-eabi/lib/armv7-m\libg_nano.a(lib_a-mprec.o)
                0x00003ea0                __mprec_tens
 .rodata.p05.5408
                0x00003f68        0xc c:/program files (x86)/cypress/psoc creator/4.4/psoc creator/import/gnu/arm/5.4.1/bin/../lib/gcc/arm-none-eabi/5.4.1/../../../../arm-none-eabi/lib/armv7-m\libg_nano.a(lib_a-mprec.o)
 *fill*         0x00003f74        0x4 
 .rodata.__mprec_bigtens
                0x00003f78       0x28 c:/program files (x86)/cypress/psoc creator/4.4/psoc creator/import/gnu/arm/5.4.1/bin/../lib/gcc/arm-none-eabi/5.4.1/../../../../arm-none-eabi/lib/armv7-m\libg_nano.a(lib_a-mprec.o)
                0x00003f78                __mprec_bigtens
 .rodata.str1.1
                0x00003fa0       0x11 c:/program files (x86)/cypress/psoc creator/4.4/psoc creator/import/gnu/arm/5.4.1/bin/../lib/gcc/arm-none-eabi/5.4.1/../../../../arm-none-eabi/lib/armv7-m\libg_nano.a(lib_a-nano-svfprintf.o)
                0x00003fb4                . = ALIGN (0x4)
 *fill*         0x00003fb1        0x3 
 *(.init)
 .init          0x00003fb4        0x4 c:/program files (x86)/cypress/psoc creator/4.4/psoc creator/import/gnu/arm/5.4.1/bin/../lib/gcc/arm-none-eabi/5.4.1/armv7-m/crti.o
                0x00003fb4                _init
 .init          0x00003fb8        0x8 c:/program files (x86)/cypress/psoc creator/4.4/psoc creator/import/gnu/arm/5.4.1/bin/../lib/gcc/arm-none-eabi/5.4.1/armv7-m/crtn.o
                0x00003fc0                . = ALIGN (0x4)
                0x00003fc0                __preinit_array_start = .
 *(.preinit_array)
                0x00003fc0                __preinit_array_end = .
                0x00003fc0                . = ALIGN (0x4)
                0x00003fc0                __init_array_start = .
 *(SORT(.init_array.*))
 *(.init_array)
 .init_array    0x00003fc0        0x4 c:/program files (x86)/cypress/psoc creator/4.4/psoc creator/import/gnu/arm/5.4.1/bin/../lib/gcc/arm-none-eabi/5.4.1/armv7-m/crtbegin.o
 .init_array    0x00003fc4        0x4 .\CortexM3\ARM_GCC_541\Debug\Cm3Start.o
                0x00003fc8                __init_array_end = .
                0x00003fc8                . = ALIGN (0x4)
 *(.fini)
 .fini          0x00003fc8        0x4 c:/program files (x86)/cypress/psoc creator/4.4/psoc creator/import/gnu/arm/5.4.1/bin/../lib/gcc/arm-none-eabi/5.4.1/armv7-m/crti.o
                0x00003fc8                _fini
 .fini          0x00003fcc        0x8 c:/program files (x86)/cypress/psoc creator/4.4/psoc creator/import/gnu/arm/5.4.1/bin/../lib/gcc/arm-none-eabi/5.4.1/armv7-m/crtn.o
                0x00003fd4                . = ALIGN (0x4)
                0x00003fd4                __fini_array_start = .
 *(.fini_array)
 .fini_array    0x00003fd4        0x4 c:/program files (x86)/cypress/psoc creator/4.4/psoc creator/import/gnu/arm/5.4.1/bin/../lib/gcc/arm-none-eabi/5.4.1/armv7-m/crtbegin.o
 *(SORT(.fini_array.*))
                0x00003fd8                __fini_array_end = .
                0x00003fd8                . = ALIGN (0x4)
 *crtbegin.o(.ctors)
 *(EXCLUDE_FILE(*crtend.o) .ctors)
 *(SORT(.ctors.*))
 *crtend.o(.ctors)
                0x00003fd8                . = ALIGN (0x4)
 *crtbegin.o(.dtors)
 *(EXCLUDE_FILE(*crtend.o) .dtors)
 *(SORT(.dtors.*))
 *crtend.o(.dtors)
                0x00003fd8                . = ALIGN (0x4)
                0x00003fd8                __cy_regions = .
                0x00003fd8        0x4 LONG 0x3fe8 __cy_region_init_ram
                0x00003fdc        0x4 LONG 0x1fff80c8 __cy_region_start_data
                0x00003fe0        0x4 LONG 0xd8 __cy_region_init_size_ram
                0x00003fe4        0x4 LONG 0x150 __cy_region_zero_size_ram
                0x00003fe8                __cy_regions_end = .
                0x00003fe8                . = ALIGN (0x8)
                0x00003fe8                _etext = .

.cy_checksum_exclude
                0x00003fe8        0x0
 *(.cy_checksum_exclude)

.ramvectors     0x1fff8000       0xc0
                0x1fff8000                __cy_region_start_ram = .
 *(.ramvectors)
 .ramvectors    0x1fff8000       0xc0 .\CortexM3\ARM_GCC_541\Debug\Cm3Start.o
                0x1fff8000                CyRamVectors

.noinit         0x1fff80c0        0x1
 *(.noinit)
 .noinit        0x1fff80c0        0x1 .\CortexM3\ARM_GCC_541\Debug\Design.a(CyLib.o)
                0x1fff80c0                CyResetStatus

.data           0x1fff80c8       0xd8 load address 0x00003fe8
                0x1fff80c8                __cy_region_start_data = .
 *(.jcr)
 .jcr           0x1fff80c8        0x0 c:/program files (x86)/cypress/psoc creator/4.4/psoc creator/import/gnu/arm/5.4.1/bin/../lib/gcc/arm-none-eabi/5.4.1/armv7-m/crtbegin.o
 .jcr           0x1fff80c8        0x4 c:/program files (x86)/cypress/psoc creator/4.4/psoc creator/import/gnu/arm/5.4.1/bin/../lib/gcc/arm-none-eabi/5.4.1/armv7-m/crtend.o
 *(.got.plt)
 *(.got)
 *(.shdata)
 *(.data .data.* .gnu.linkonce.d.*)
 .data          0x1fff80cc        0x8 .\CortexM3\ARM_GCC_541\Debug\main.o
                0x1fff80cc                lastTime
                0x1fff80d0                goalScaledSpeed
 *fill*         0x1fff80d4        0x4 
 .data          0x1fff80d8       0x18 .\CortexM3\ARM_GCC_541\Debug\pid_functions.o
                0x1fff80d8                kp
                0x1fff80e0                ki
                0x1fff80e8                kd
 .data          0x1fff80f0        0x4 .\CortexM3\ARM_GCC_541\Debug\Cm3Start.o
 .data          0x1fff80f4       0x10 .\CortexM3\ARM_GCC_541\Debug\Design.a(CyLib.o)
                0x1fff80f4                cydelay_32k_ms
                0x1fff80f8                cydelay_freq_khz
                0x1fff80fc                cydelay_freq_mhz
                0x1fff8100                cydelay_freq_hz
 .data.impure_data
                0x1fff8104       0x60 c:/program files (x86)/cypress/psoc creator/4.4/psoc creator/import/gnu/arm/5.4.1/bin/../lib/gcc/arm-none-eabi/5.4.1/../../../../arm-none-eabi/lib/armv7-m\libg_nano.a(lib_a-impure.o)
 .data._impure_ptr
                0x1fff8164        0x4 c:/program files (x86)/cypress/psoc creator/4.4/psoc creator/import/gnu/arm/5.4.1/bin/../lib/gcc/arm-none-eabi/5.4.1/../../../../arm-none-eabi/lib/armv7-m\libg_nano.a(lib_a-impure.o)
                0x1fff8164                _impure_ptr
 .data.lconv    0x1fff8168       0x38 c:/program files (x86)/cypress/psoc creator/4.4/psoc creator/import/gnu/arm/5.4.1/bin/../lib/gcc/arm-none-eabi/5.4.1/../../../../arm-none-eabi/lib/armv7-m\libg_nano.a(lib_a-locale.o)
                0x1fff81a0                . = ALIGN (0x8)
 *(.ram)
                0x1fff81a0                _edata = .

.igot.plt       0x1fff81a0        0x0 load address 0x000040c0
 .igot.plt      0x1fff81a0        0x0 c:/program files (x86)/cypress/psoc creator/4.4/psoc creator/import/gnu/arm/5.4.1/bin/../lib/gcc/arm-none-eabi/5.4.1/armv7-m/crtbegin.o

.bss            0x1fff81a0      0x150 load address 0x000040c0
                0x1fff81a0                PROVIDE (__bss_start__, .)
 *(.shbss)
 *(.bss .bss.* .gnu.linkonce.b.*)
 .bss           0x1fff81a0       0x1c c:/program files (x86)/cypress/psoc creator/4.4/psoc creator/import/gnu/arm/5.4.1/bin/../lib/gcc/arm-none-eabi/5.4.1/armv7-m/crtbegin.o
 .bss           0x1fff81bc       0x14 .\CortexM3\ARM_GCC_541\Debug\main.o
                0x1fff81bc                avgdScaledSpeed
                0x1fff81c0                lpSpeedIdx
                0x1fff81c4                lpWindowSum
                0x1fff81c8                uart_step
                0x1fff81cc                cmdIdx
 .bss           0x1fff81d0        0x8 .\CortexM3\ARM_GCC_541\Debug\pid_functions.o
 .bss           0x1fff81d8        0x2 .\CortexM3\ARM_GCC_541\Debug\Design.a(LCD.o)
                0x1fff81d8                LCD_enableState
                0x1fff81d9                LCD_initVar
 .bss           0x1fff81da        0x1 .\CortexM3\ARM_GCC_541\Debug\Design.a(Timer.o)
                0x1fff81da                Timer_initVar
 .bss           0x1fff81db        0x1 .\CortexM3\ARM_GCC_541\Debug\Design.a(PWM.o)
                0x1fff81db                PWM_initVar
 .bss           0x1fff81dc        0x1 .\CortexM3\ARM_GCC_541\Debug\Design.a(Servo.o)
                0x1fff81dc                Servo_initVar
 .bss           0x1fff81dd        0x7 .\CortexM3\ARM_GCC_541\Debug\Design.a(XBee.o)
                0x1fff81dd                XBee_errorStatus
                0x1fff81de                XBee_initVar
                0x1fff81df                XBee_rxBufferRead
                0x1fff81e0                XBee_rxBufferWrite
                0x1fff81e1                XBee_rxBufferLoopDetect
                0x1fff81e2                XBee_rxBufferOverflow
 .bss.__malloc_sbrk_start
                0x1fff81e4        0x4 c:/program files (x86)/cypress/psoc creator/4.4/psoc creator/import/gnu/arm/5.4.1/bin/../lib/gcc/arm-none-eabi/5.4.1/../../../../arm-none-eabi/lib/armv7-m\libg_nano.a(lib_a-nano-mallocr.o)
                0x1fff81e4                __malloc_sbrk_start
 .bss.__malloc_free_list
                0x1fff81e8        0x4 c:/program files (x86)/cypress/psoc creator/4.4/psoc creator/import/gnu/arm/5.4.1/bin/../lib/gcc/arm-none-eabi/5.4.1/../../../../arm-none-eabi/lib/armv7-m\libg_nano.a(lib_a-nano-mallocr.o)
                0x1fff81e8                __malloc_free_list
 *(COMMON)
 COMMON         0x1fff81ec       0x98 .\CortexM3\ARM_GCC_541\Debug\main.o
                0x1fff81ec                lpSpeed
                0x1fff8204                cmdBuf
 COMMON         0x1fff8284       0x64 .\CortexM3\ARM_GCC_541\Debug\Design.a(XBee.o)
                0x1fff8284                XBee_rxBuffer
 COMMON         0x1fff82e8        0x4 c:/program files (x86)/cypress/psoc creator/4.4/psoc creator/import/gnu/arm/5.4.1/bin/../lib/gcc/arm-none-eabi/5.4.1/../../../../arm-none-eabi/lib/armv7-m\libg_nano.a(lib_a-reent.o)
                0x1fff82e8                errno
                0x1fff82f0                . = ALIGN (0x8)
 *fill*         0x1fff82ec        0x4 
 *(.ram.b)
                0x1fff82f0                _end = .
                0x1fff82f0                __end = .
                0x1fff82f0                PROVIDE (end, .)
                0x1fff82f0                PROVIDE (__bss_end__, .)
                0x00003fe8                __cy_region_init_ram = LOADADDR (.data)
                0x000000d8                __cy_region_init_size_ram = (_edata - ADDR (.data))
                0x00000150                __cy_region_zero_size_ram = (_end - _edata)

.heap           0x1fff82f0     0x1000 load address 0x000040c0
                0x1fff82f0                . = _end
                0x1fff92f0                . = (. + 0x1000)
 *fill*         0x1fff82f0     0x1000 
                0x1fff92f0                __cy_heap_limit = .

.stack          0x20007800      0x800
                0x20007800                __cy_stack_limit = .
                0x20008000                . = (. + 0x800)
 *fill*         0x20007800      0x800 
                0x00000001                ASSERT ((__cy_stack_limit >= __cy_heap_limit), region RAM overflowed with stack)
                0x00000000                cy_checksum_exclude_size = (CY_APPL_LOADABLE == 0x1)?SIZEOF (.cy_checksum_exclude):0x0
                0x00000001                ASSERT ((cy_checksum_exclude_size <= CY_CHECKSUM_EXCLUDE_SIZE), CY_BOOT: Section .cy_checksum_exclude size exceedes specified limit.)

.cyloadermeta
 *(.cyloadermeta)

.cyloadablemeta
 *(.cyloadablemeta)

.cyconfigecc    0x80000000      0x674
 *(.cyconfigecc)
 .cyconfigecc   0x80000000      0x674 .\CortexM3\ARM_GCC_541\Debug\cymetadata.o
                0x80000000                cy_meta_configecc

.cycustnvl      0x90000000        0x4
 *(.cycustnvl)
 .cycustnvl     0x90000000        0x4 .\CortexM3\ARM_GCC_541\Debug\cymetadata.o
                0x90000000                cy_meta_custnvl

.cywolatch      0x90100000        0x4
 *(.cywolatch)
 .cywolatch     0x90100000        0x4 .\CortexM3\ARM_GCC_541\Debug\cymetadata.o
                0x90100000                cy_meta_wonvl

.cyeeprom       0x90200000        0x0
 *(.cyeeprom)
                0x00000001                ASSERT ((. <= ((0x90200000 + ee_offset) + ee_size)), .cyeeprom data will not fit in EEPROM)

.cyflashprotect
                0x90400000      0x100
 *(.cyflashprotect)
 .cyflashprotect
                0x90400000      0x100 .\CortexM3\ARM_GCC_541\Debug\cymetadata.o
                0x90400000                cy_meta_flashprotect

.cymeta         0x90500000        0xc
 *(.cymeta)
 .cymeta        0x90500000        0xc .\CortexM3\ARM_GCC_541\Debug\cymetadata.o
                0x90500000                cy_metadata

.rel.dyn        0x000040c0        0x0 load address 0x9050000c
 .rel.iplt      0x000040c0        0x0 c:/program files (x86)/cypress/psoc creator/4.4/psoc creator/import/gnu/arm/5.4.1/bin/../lib/gcc/arm-none-eabi/5.4.1/armv7-m/crtbegin.o

.stab
 *(.stab)

.stabstr
 *(.stabstr)

.debug
 *(.debug)

.line
 *(.line)

.debug_srcinfo
 *(.debug_srcinfo)

.debug_sfnames
 *(.debug_sfnames)

.debug_aranges  0x00000000      0xae8
 *(.debug_aranges)
 .debug_aranges
                0x00000000       0x30 .\CortexM3\ARM_GCC_541\Debug\main.o
 .debug_aranges
                0x00000030       0x48 .\CortexM3\ARM_GCC_541\Debug\lcd_functions.o
 .debug_aranges
                0x00000078       0x50 .\CortexM3\ARM_GCC_541\Debug\pid_functions.o
 .debug_aranges
                0x000000c8       0x28 .\CortexM3\ARM_GCC_541\Debug\xbee_functions.o
 .debug_aranges
                0x000000f0       0x58 .\CortexM3\ARM_GCC_541\Debug\cyfitter_cfg.o
 .debug_aranges
                0x00000148       0x18 .\CortexM3\ARM_GCC_541\Debug\cymetadata.o
 .debug_aranges
                0x00000160       0x48 .\CortexM3\ARM_GCC_541\Debug\Cm3Start.o
 .debug_aranges
                0x000001a8       0x98 .\CortexM3\ARM_GCC_541\Debug\Design.a(LCD.o)
 .debug_aranges
                0x00000240      0x2a0 .\CortexM3\ARM_GCC_541\Debug\Design.a(CyLib.o)
 .debug_aranges
                0x000004e0       0x98 .\CortexM3\ARM_GCC_541\Debug\Design.a(cyPm.o)
 .debug_aranges
                0x00000578       0x80 .\CortexM3\ARM_GCC_541\Debug\Design.a(Hall_Interrupt.o)
 .debug_aranges
                0x000005f8       0x98 .\CortexM3\ARM_GCC_541\Debug\Design.a(Timer.o)
 .debug_aranges
                0x00000690       0x98 .\CortexM3\ARM_GCC_541\Debug\Design.a(PWM.o)
 .debug_aranges
                0x00000728       0x98 .\CortexM3\ARM_GCC_541\Debug\Design.a(Servo.o)
 .debug_aranges
                0x000007c0       0xf0 .\CortexM3\ARM_GCC_541\Debug\Design.a(XBee.o)
 .debug_aranges
                0x000008b0       0x20 .\CortexM3\ARM_GCC_541\Debug\Design.a(XBee_INT.o)
 .debug_aranges
                0x000008d0       0x70 .\CortexM3\ARM_GCC_541\Debug\Design.a(XBee_IntClock.o)
 .debug_aranges
                0x00000940       0x80 .\CortexM3\ARM_GCC_541\Debug\Design.a(XBee_Interrupt.o)
 .debug_aranges
                0x000009c0       0x20 .\CortexM3\ARM_GCC_541\Debug\Design.a(CyBootAsmGnu.o)
 .debug_aranges
                0x000009e0       0x88 .\CortexM3\ARM_GCC_541\Debug\Design.a(CyFlash.o)
 .debug_aranges
                0x00000a68       0x80 .\CortexM3\ARM_GCC_541\Debug\Design.a(CySpc.o)

.debug_pubnames
 *(.debug_pubnames)

.debug_info     0x00000000     0x63fe
 *(.debug_info .gnu.linkonce.wi.*)
 .debug_info    0x00000000      0x569 .\CortexM3\ARM_GCC_541\Debug\main.o
 .debug_info    0x00000569      0x349 .\CortexM3\ARM_GCC_541\Debug\lcd_functions.o
 .debug_info    0x000008b2      0x342 .\CortexM3\ARM_GCC_541\Debug\pid_functions.o
 .debug_info    0x00000bf4      0x215 .\CortexM3\ARM_GCC_541\Debug\xbee_functions.o
 .debug_info    0x00000e09      0x5ba .\CortexM3\ARM_GCC_541\Debug\cyfitter_cfg.o
 .debug_info    0x000013c3      0x138 .\CortexM3\ARM_GCC_541\Debug\cymetadata.o
 .debug_info    0x000014fb      0x3bb .\CortexM3\ARM_GCC_541\Debug\Cm3Start.o
 .debug_info    0x000018b6      0x715 .\CortexM3\ARM_GCC_541\Debug\Design.a(LCD.o)
 .debug_info    0x00001fcb     0x1374 .\CortexM3\ARM_GCC_541\Debug\Design.a(CyLib.o)
 .debug_info    0x0000333f      0xa2a .\CortexM3\ARM_GCC_541\Debug\Design.a(cyPm.o)
 .debug_info    0x00003d69      0x2d2 .\CortexM3\ARM_GCC_541\Debug\Design.a(Hall_Interrupt.o)
 .debug_info    0x0000403b      0x328 .\CortexM3\ARM_GCC_541\Debug\Design.a(Timer.o)
 .debug_info    0x00004363      0x354 .\CortexM3\ARM_GCC_541\Debug\Design.a(PWM.o)
 .debug_info    0x000046b7      0x354 .\CortexM3\ARM_GCC_541\Debug\Design.a(Servo.o)
 .debug_info    0x00004a0b      0x72d .\CortexM3\ARM_GCC_541\Debug\Design.a(XBee.o)
 .debug_info    0x00005138      0x14c .\CortexM3\ARM_GCC_541\Debug\Design.a(XBee_INT.o)
 .debug_info    0x00005284      0x283 .\CortexM3\ARM_GCC_541\Debug\Design.a(XBee_IntClock.o)
 .debug_info    0x00005507      0x2d2 .\CortexM3\ARM_GCC_541\Debug\Design.a(XBee_Interrupt.o)
 .debug_info    0x000057d9       0x88 .\CortexM3\ARM_GCC_541\Debug\Design.a(CyBootAsmGnu.o)
 .debug_info    0x00005861      0x64d .\CortexM3\ARM_GCC_541\Debug\Design.a(CyFlash.o)
 .debug_info    0x00005eae      0x550 .\CortexM3\ARM_GCC_541\Debug\Design.a(CySpc.o)

.debug_abbrev   0x00000000     0x1b55
 *(.debug_abbrev)
 .debug_abbrev  0x00000000      0x159 .\CortexM3\ARM_GCC_541\Debug\main.o
 .debug_abbrev  0x00000159      0x116 .\CortexM3\ARM_GCC_541\Debug\lcd_functions.o
 .debug_abbrev  0x0000026f      0x13e .\CortexM3\ARM_GCC_541\Debug\pid_functions.o
 .debug_abbrev  0x000003ad       0xdf .\CortexM3\ARM_GCC_541\Debug\xbee_functions.o
 .debug_abbrev  0x0000048c      0x20d .\CortexM3\ARM_GCC_541\Debug\cyfitter_cfg.o
 .debug_abbrev  0x00000699       0x77 .\CortexM3\ARM_GCC_541\Debug\cymetadata.o
 .debug_abbrev  0x00000710      0x1e8 .\CortexM3\ARM_GCC_541\Debug\Cm3Start.o
 .debug_abbrev  0x000008f8      0x157 .\CortexM3\ARM_GCC_541\Debug\Design.a(LCD.o)
 .debug_abbrev  0x00000a4f      0x254 .\CortexM3\ARM_GCC_541\Debug\Design.a(CyLib.o)
 .debug_abbrev  0x00000ca3      0x1ab .\CortexM3\ARM_GCC_541\Debug\Design.a(cyPm.o)
 .debug_abbrev  0x00000e4e      0x173 .\CortexM3\ARM_GCC_541\Debug\Design.a(Hall_Interrupt.o)
 .debug_abbrev  0x00000fc1      0x13a .\CortexM3\ARM_GCC_541\Debug\Design.a(Timer.o)
 .debug_abbrev  0x000010fb      0x133 .\CortexM3\ARM_GCC_541\Debug\Design.a(PWM.o)
 .debug_abbrev  0x0000122e      0x133 .\CortexM3\ARM_GCC_541\Debug\Design.a(Servo.o)
 .debug_abbrev  0x00001361      0x16f .\CortexM3\ARM_GCC_541\Debug\Design.a(XBee.o)
 .debug_abbrev  0x000014d0       0x8a .\CortexM3\ARM_GCC_541\Debug\Design.a(XBee_INT.o)
 .debug_abbrev  0x0000155a      0x139 .\CortexM3\ARM_GCC_541\Debug\Design.a(XBee_IntClock.o)
 .debug_abbrev  0x00001693      0x173 .\CortexM3\ARM_GCC_541\Debug\Design.a(XBee_Interrupt.o)
 .debug_abbrev  0x00001806       0x14 .\CortexM3\ARM_GCC_541\Debug\Design.a(CyBootAsmGnu.o)
 .debug_abbrev  0x0000181a      0x1a7 .\CortexM3\ARM_GCC_541\Debug\Design.a(CyFlash.o)
 .debug_abbrev  0x000019c1      0x194 .\CortexM3\ARM_GCC_541\Debug\Design.a(CySpc.o)

.debug_line     0x00000000     0x2d53
 *(.debug_line)
 .debug_line    0x00000000      0x2b6 .\CortexM3\ARM_GCC_541\Debug\main.o
 .debug_line    0x000002b6      0x244 .\CortexM3\ARM_GCC_541\Debug\lcd_functions.o
 .debug_line    0x000004fa      0x288 .\CortexM3\ARM_GCC_541\Debug\pid_functions.o
 .debug_line    0x00000782      0x224 .\CortexM3\ARM_GCC_541\Debug\xbee_functions.o
 .debug_line    0x000009a6      0x1fa .\CortexM3\ARM_GCC_541\Debug\cyfitter_cfg.o
 .debug_line    0x00000ba0      0x141 .\CortexM3\ARM_GCC_541\Debug\cymetadata.o
 .debug_line    0x00000ce1      0x234 .\CortexM3\ARM_GCC_541\Debug\Cm3Start.o
 .debug_line    0x00000f15      0x1dc .\CortexM3\ARM_GCC_541\Debug\Design.a(LCD.o)
 .debug_line    0x000010f1      0x816 .\CortexM3\ARM_GCC_541\Debug\Design.a(CyLib.o)
 .debug_line    0x00001907      0x367 .\CortexM3\ARM_GCC_541\Debug\Design.a(cyPm.o)
 .debug_line    0x00001c6e      0x13b .\CortexM3\ARM_GCC_541\Debug\Design.a(Hall_Interrupt.o)
 .debug_line    0x00001da9      0x182 .\CortexM3\ARM_GCC_541\Debug\Design.a(Timer.o)
 .debug_line    0x00001f2b      0x186 .\CortexM3\ARM_GCC_541\Debug\Design.a(PWM.o)
 .debug_line    0x000020b1      0x188 .\CortexM3\ARM_GCC_541\Debug\Design.a(Servo.o)
 .debug_line    0x00002239      0x302 .\CortexM3\ARM_GCC_541\Debug\Design.a(XBee.o)
 .debug_line    0x0000253b       0x81 .\CortexM3\ARM_GCC_541\Debug\Design.a(XBee_INT.o)
 .debug_line    0x000025bc      0x17c .\CortexM3\ARM_GCC_541\Debug\Design.a(XBee_IntClock.o)
 .debug_line    0x00002738      0x13b .\CortexM3\ARM_GCC_541\Debug\Design.a(XBee_Interrupt.o)
 .debug_line    0x00002873       0x66 .\CortexM3\ARM_GCC_541\Debug\Design.a(CyBootAsmGnu.o)
 .debug_line    0x000028d9      0x21a .\CortexM3\ARM_GCC_541\Debug\Design.a(CyFlash.o)
 .debug_line    0x00002af3      0x260 .\CortexM3\ARM_GCC_541\Debug\Design.a(CySpc.o)

.debug_frame    0x00000000     0x2368
 *(.debug_frame)
 .debug_frame   0x00000000       0x70 .\CortexM3\ARM_GCC_541\Debug\main.o
 .debug_frame   0x00000070       0xb8 .\CortexM3\ARM_GCC_541\Debug\lcd_functions.o
 .debug_frame   0x00000128       0xd0 .\CortexM3\ARM_GCC_541\Debug\pid_functions.o
 .debug_frame   0x000001f8       0x40 .\CortexM3\ARM_GCC_541\Debug\xbee_functions.o
 .debug_frame   0x00000238       0xcc .\CortexM3\ARM_GCC_541\Debug\cyfitter_cfg.o
 .debug_frame   0x00000304       0xa0 .\CortexM3\ARM_GCC_541\Debug\Cm3Start.o
 .debug_frame   0x000003a4      0x1ac .\CortexM3\ARM_GCC_541\Debug\Design.a(LCD.o)
 .debug_frame   0x00000550      0x698 .\CortexM3\ARM_GCC_541\Debug\Design.a(CyLib.o)
 .debug_frame   0x00000be8      0x1b8 .\CortexM3\ARM_GCC_541\Debug\Design.a(cyPm.o)
 .debug_frame   0x00000da0       0xf8 .\CortexM3\ARM_GCC_541\Debug\Design.a(Hall_Interrupt.o)
 .debug_frame   0x00000e98      0x128 .\CortexM3\ARM_GCC_541\Debug\Design.a(Timer.o)
 .debug_frame   0x00000fc0      0x128 .\CortexM3\ARM_GCC_541\Debug\Design.a(PWM.o)
 .debug_frame   0x000010e8      0x128 .\CortexM3\ARM_GCC_541\Debug\Design.a(Servo.o)
 .debug_frame   0x00001210      0x22c .\CortexM3\ARM_GCC_541\Debug\Design.a(XBee.o)
 .debug_frame   0x0000143c       0x20 .\CortexM3\ARM_GCC_541\Debug\Design.a(XBee_INT.o)
 .debug_frame   0x0000145c       0xd8 .\CortexM3\ARM_GCC_541\Debug\Design.a(XBee_IntClock.o)
 .debug_frame   0x00001534       0xf8 .\CortexM3\ARM_GCC_541\Debug\Design.a(XBee_Interrupt.o)
 .debug_frame   0x0000162c      0x160 .\CortexM3\ARM_GCC_541\Debug\Design.a(CyFlash.o)
 .debug_frame   0x0000178c      0x154 .\CortexM3\ARM_GCC_541\Debug\Design.a(CySpc.o)
 .debug_frame   0x000018e0       0x44 c:/program files (x86)/cypress/psoc creator/4.4/psoc creator/import/gnu/arm/5.4.1/bin/../lib/gcc/arm-none-eabi/5.4.1/armv7-m\libgcc.a(_aeabi_ldivmod.o)
 .debug_frame   0x00001924       0x38 c:/program files (x86)/cypress/psoc creator/4.4/psoc creator/import/gnu/arm/5.4.1/bin/../lib/gcc/arm-none-eabi/5.4.1/armv7-m\libgcc.a(_udivmoddi4.o)
 .debug_frame   0x0000195c       0x20 c:/program files (x86)/cypress/psoc creator/4.4/psoc creator/import/gnu/arm/5.4.1/bin/../lib/gcc/arm-none-eabi/5.4.1/../../../../arm-none-eabi/lib/armv7-m\libg_nano.a(lib_a-atof.o)
 .debug_frame   0x0000197c       0x20 c:/program files (x86)/cypress/psoc creator/4.4/psoc creator/import/gnu/arm/5.4.1/bin/../lib/gcc/arm-none-eabi/5.4.1/../../../../arm-none-eabi/lib/armv7-m\libg_nano.a(lib_a-errno.o)
 .debug_frame   0x0000199c       0x28 c:/program files (x86)/cypress/psoc creator/4.4/psoc creator/import/gnu/arm/5.4.1/bin/../lib/gcc/arm-none-eabi/5.4.1/../../../../arm-none-eabi/lib/armv7-m\libg_nano.a(lib_a-exit.o)
 .debug_frame   0x000019c4       0x2c c:/program files (x86)/cypress/psoc creator/4.4/psoc creator/import/gnu/arm/5.4.1/bin/../lib/gcc/arm-none-eabi/5.4.1/../../../../arm-none-eabi/lib/armv7-m\libg_nano.a(lib_a-init.o)
 .debug_frame   0x000019f0       0x28 c:/program files (x86)/cypress/psoc creator/4.4/psoc creator/import/gnu/arm/5.4.1/bin/../lib/gcc/arm-none-eabi/5.4.1/../../../../arm-none-eabi/lib/armv7-m\libg_nano.a(lib_a-memcpy-stub.o)
 .debug_frame   0x00001a18       0x20 c:/program files (x86)/cypress/psoc creator/4.4/psoc creator/import/gnu/arm/5.4.1/bin/../lib/gcc/arm-none-eabi/5.4.1/../../../../arm-none-eabi/lib/armv7-m\libg_nano.a(lib_a-memset.o)
 .debug_frame   0x00001a38       0x8c c:/program files (x86)/cypress/psoc creator/4.4/psoc creator/import/gnu/arm/5.4.1/bin/../lib/gcc/arm-none-eabi/5.4.1/../../../../arm-none-eabi/lib/armv7-m\libg_nano.a(lib_a-nano-vfprintf_float.o)
 .debug_frame   0x00001ac4       0x60 c:/program files (x86)/cypress/psoc creator/4.4/psoc creator/import/gnu/arm/5.4.1/bin/../lib/gcc/arm-none-eabi/5.4.1/../../../../arm-none-eabi/lib/armv7-m\libg_nano.a(lib_a-nano-vfprintf_i.o)
 .debug_frame   0x00001b24       0x70 c:/program files (x86)/cypress/psoc creator/4.4/psoc creator/import/gnu/arm/5.4.1/bin/../lib/gcc/arm-none-eabi/5.4.1/../../../../arm-none-eabi/lib/armv7-m\libg_nano.a(lib_a-sprintf.o)
 .debug_frame   0x00001b94       0x20 c:/program files (x86)/cypress/psoc creator/4.4/psoc creator/import/gnu/arm/5.4.1/bin/../lib/gcc/arm-none-eabi/5.4.1/../../../../arm-none-eabi/lib/armv7-m\libg_nano.a(lib_a-strcmp.o)
 .debug_frame   0x00001bb4       0x98 c:/program files (x86)/cypress/psoc creator/4.4/psoc creator/import/gnu/arm/5.4.1/bin/../lib/gcc/arm-none-eabi/5.4.1/../../../../arm-none-eabi/lib/armv7-m\libg_nano.a(lib_a-strtod.o)
 .debug_frame   0x00001c4c       0x6c c:/program files (x86)/cypress/psoc creator/4.4/psoc creator/import/gnu/arm/5.4.1/bin/../lib/gcc/arm-none-eabi/5.4.1/../../../../arm-none-eabi/lib/armv7-m\libg_nano.a(lib_a-dtoa.o)
 .debug_frame   0x00001cb8       0x70 c:/program files (x86)/cypress/psoc creator/4.4/psoc creator/import/gnu/arm/5.4.1/bin/../lib/gcc/arm-none-eabi/5.4.1/../../../../arm-none-eabi/lib/armv7-m\libg_nano.a(lib_a-gdtoa-gethex.o)
 .debug_frame   0x00001d28       0x74 c:/program files (x86)/cypress/psoc creator/4.4/psoc creator/import/gnu/arm/5.4.1/bin/../lib/gcc/arm-none-eabi/5.4.1/../../../../arm-none-eabi/lib/armv7-m\libg_nano.a(lib_a-gdtoa-hexnan.o)
 .debug_frame   0x00001d9c       0x98 c:/program files (x86)/cypress/psoc creator/4.4/psoc creator/import/gnu/arm/5.4.1/bin/../lib/gcc/arm-none-eabi/5.4.1/../../../../arm-none-eabi/lib/armv7-m\libg_nano.a(lib_a-locale.o)
 .debug_frame   0x00001e34       0x30 c:/program files (x86)/cypress/psoc creator/4.4/psoc creator/import/gnu/arm/5.4.1/bin/../lib/gcc/arm-none-eabi/5.4.1/../../../../arm-none-eabi/lib/armv7-m\libg_nano.a(lib_a-malloc.o)
 .debug_frame   0x00001e64       0x28 c:/program files (x86)/cypress/psoc creator/4.4/psoc creator/import/gnu/arm/5.4.1/bin/../lib/gcc/arm-none-eabi/5.4.1/../../../../arm-none-eabi/lib/armv7-m\libg_nano.a(lib_a-memchr-stub.o)
 .debug_frame   0x00001e8c      0x234 c:/program files (x86)/cypress/psoc creator/4.4/psoc creator/import/gnu/arm/5.4.1/bin/../lib/gcc/arm-none-eabi/5.4.1/../../../../arm-none-eabi/lib/armv7-m\libg_nano.a(lib_a-mprec.o)
 .debug_frame   0x000020c0       0x2c c:/program files (x86)/cypress/psoc creator/4.4/psoc creator/import/gnu/arm/5.4.1/bin/../lib/gcc/arm-none-eabi/5.4.1/../../../../arm-none-eabi/lib/armv7-m\libg_nano.a(lib_a-nano-callocr.o)
 .debug_frame   0x000020ec       0x38 c:/program files (x86)/cypress/psoc creator/4.4/psoc creator/import/gnu/arm/5.4.1/bin/../lib/gcc/arm-none-eabi/5.4.1/../../../../arm-none-eabi/lib/armv7-m\libg_nano.a(lib_a-nano-freer.o)
 .debug_frame   0x00002124       0x2c c:/program files (x86)/cypress/psoc creator/4.4/psoc creator/import/gnu/arm/5.4.1/bin/../lib/gcc/arm-none-eabi/5.4.1/../../../../arm-none-eabi/lib/armv7-m\libg_nano.a(lib_a-nano-mallocr.o)
 .debug_frame   0x00002150       0x90 c:/program files (x86)/cypress/psoc creator/4.4/psoc creator/import/gnu/arm/5.4.1/bin/../lib/gcc/arm-none-eabi/5.4.1/../../../../arm-none-eabi/lib/armv7-m\libg_nano.a(lib_a-nano-svfprintf.o)
 .debug_frame   0x000021e0       0x2c c:/program files (x86)/cypress/psoc creator/4.4/psoc creator/import/gnu/arm/5.4.1/bin/../lib/gcc/arm-none-eabi/5.4.1/../../../../arm-none-eabi/lib/armv7-m\libg_nano.a(lib_a-sbrkr.o)
 .debug_frame   0x0000220c       0x20 c:/program files (x86)/cypress/psoc creator/4.4/psoc creator/import/gnu/arm/5.4.1/bin/../lib/gcc/arm-none-eabi/5.4.1/../../../../arm-none-eabi/lib/armv7-m\libg_nano.a(lib_a-sf_nan.o)
 .debug_frame   0x0000222c       0x2c c:/program files (x86)/cypress/psoc creator/4.4/psoc creator/import/gnu/arm/5.4.1/bin/../lib/gcc/arm-none-eabi/5.4.1/../../../../arm-none-eabi/lib/armv7-m\libg_nano.a(lib_a-strncmp.o)
 .debug_frame   0x00002258       0x28 c:/program files (x86)/cypress/psoc creator/4.4/psoc creator/import/gnu/arm/5.4.1/bin/../lib/gcc/arm-none-eabi/5.4.1/../../../../arm-none-eabi/lib/armv7-m\libg_nano.a(lib_a-memmove.o)
 .debug_frame   0x00002280       0x30 c:/program files (x86)/cypress/psoc creator/4.4/psoc creator/import/gnu/arm/5.4.1/bin/../lib/gcc/arm-none-eabi/5.4.1/../../../../arm-none-eabi/lib/armv7-m\libg_nano.a(lib_a-mlock.o)
 .debug_frame   0x000022b0       0x3c c:/program files (x86)/cypress/psoc creator/4.4/psoc creator/import/gnu/arm/5.4.1/bin/../lib/gcc/arm-none-eabi/5.4.1/../../../../arm-none-eabi/lib/armv7-m\libg_nano.a(lib_a-nano-reallocr.o)
 .debug_frame   0x000022ec       0x5c c:/program files (x86)/cypress/psoc creator/4.4/psoc creator/import/gnu/arm/5.4.1/bin/../lib/gcc/arm-none-eabi/5.4.1/../../../../arm-none-eabi/lib/armv7-m\libg_nano.a(lib_a-reent.o)
 .debug_frame   0x00002348       0x20 c:/program files (x86)/cypress/psoc creator/4.4/psoc creator/import/gnu/arm/5.4.1/bin/../lib/gcc/arm-none-eabi/5.4.1/../../../../arm-none-eabi/lib/armv7-m\libg_nano.a(lib_a-nano-msizer.o)

.debug_str      0x00000000     0x22a8
 *(.debug_str)
 .debug_str     0x00000000      0x371 .\CortexM3\ARM_GCC_541\Debug\main.o
                                0x3b9 (size before relaxing)
 .debug_str     0x00000371       0x6c .\CortexM3\ARM_GCC_541\Debug\lcd_functions.o
                                0x236 (size before relaxing)
 .debug_str     0x000003dd       0xb1 .\CortexM3\ARM_GCC_541\Debug\pid_functions.o
                                0x26c (size before relaxing)
 .debug_str     0x0000048e       0x4a .\CortexM3\ARM_GCC_541\Debug\xbee_functions.o
                                0x1f8 (size before relaxing)
 .debug_str     0x000004d8      0x1a8 .\CortexM3\ARM_GCC_541\Debug\cyfitter_cfg.o
                                0x33c (size before relaxing)
 .debug_str     0x00000680       0x7f .\CortexM3\ARM_GCC_541\Debug\cymetadata.o
                                0x1dc (size before relaxing)
 .debug_str     0x000006ff      0x144 .\CortexM3\ARM_GCC_541\Debug\Cm3Start.o
                                0x302 (size before relaxing)
 .debug_str     0x00000843      0x151 .\CortexM3\ARM_GCC_541\Debug\Design.a(LCD.o)
                                0x323 (size before relaxing)
 .debug_str     0x00000994      0x824 .\CortexM3\ARM_GCC_541\Debug\Design.a(CyLib.o)
                                0xa3f (size before relaxing)
 .debug_str     0x000011b8      0x365 .\CortexM3\ARM_GCC_541\Debug\Design.a(cyPm.o)
                                0x72b (size before relaxing)
 .debug_str     0x0000151d      0x136 .\CortexM3\ARM_GCC_541\Debug\Design.a(Hall_Interrupt.o)
                                0x31c (size before relaxing)
 .debug_str     0x00001653      0x16b .\CortexM3\ARM_GCC_541\Debug\Design.a(Timer.o)
                                0x35a (size before relaxing)
 .debug_str     0x000017be      0x138 .\CortexM3\ARM_GCC_541\Debug\Design.a(PWM.o)
                                0x330 (size before relaxing)
 .debug_str     0x000018f6      0x159 .\CortexM3\ARM_GCC_541\Debug\Design.a(Servo.o)
                                0x356 (size before relaxing)
 .debug_str     0x00001a4f      0x2e6 .\CortexM3\ARM_GCC_541\Debug\Design.a(XBee.o)
                                0x53c (size before relaxing)
 .debug_str     0x00001d35       0x53 .\CortexM3\ARM_GCC_541\Debug\Design.a(XBee_INT.o)
                                0x243 (size before relaxing)
 .debug_str     0x00001d88      0x183 .\CortexM3\ARM_GCC_541\Debug\Design.a(XBee_IntClock.o)
                                0x32e (size before relaxing)
 .debug_str     0x00001f0b      0x136 .\CortexM3\ARM_GCC_541\Debug\Design.a(XBee_Interrupt.o)
                                0x31c (size before relaxing)
 .debug_str     0x00002041      0x1bb .\CortexM3\ARM_GCC_541\Debug\Design.a(CyFlash.o)
                                0x3b8 (size before relaxing)
 .debug_str     0x000021fc       0xac .\CortexM3\ARM_GCC_541\Debug\Design.a(CySpc.o)
                                0x330 (size before relaxing)

.debug_loc      0x00000000     0x27ff
 *(.debug_loc)
 .debug_loc     0x00000000       0xcf .\CortexM3\ARM_GCC_541\Debug\main.o
 .debug_loc     0x000000cf      0x143 .\CortexM3\ARM_GCC_541\Debug\lcd_functions.o
 .debug_loc     0x00000212      0x1ac .\CortexM3\ARM_GCC_541\Debug\pid_functions.o
 .debug_loc     0x000003be       0x4d .\CortexM3\ARM_GCC_541\Debug\xbee_functions.o
 .debug_loc     0x0000040b      0x25a .\CortexM3\ARM_GCC_541\Debug\cyfitter_cfg.o
 .debug_loc     0x00000665      0x144 .\CortexM3\ARM_GCC_541\Debug\Cm3Start.o
 .debug_loc     0x000007a9      0x3c6 .\CortexM3\ARM_GCC_541\Debug\Design.a(LCD.o)
 .debug_loc     0x00000b6f      0xa11 .\CortexM3\ARM_GCC_541\Debug\Design.a(CyLib.o)
 .debug_loc     0x00001580      0x1e4 .\CortexM3\ARM_GCC_541\Debug\Design.a(cyPm.o)
 .debug_loc     0x00001764       0x56 .\CortexM3\ARM_GCC_541\Debug\Design.a(Hall_Interrupt.o)
 .debug_loc     0x000017ba       0x31 .\CortexM3\ARM_GCC_541\Debug\Design.a(Timer.o)
 .debug_loc     0x000017eb       0x26 .\CortexM3\ARM_GCC_541\Debug\Design.a(PWM.o)
 .debug_loc     0x00001811       0x26 .\CortexM3\ARM_GCC_541\Debug\Design.a(Servo.o)
 .debug_loc     0x00001837      0x34e .\CortexM3\ARM_GCC_541\Debug\Design.a(XBee.o)
 .debug_loc     0x00001b85       0x45 .\CortexM3\ARM_GCC_541\Debug\Design.a(XBee_INT.o)
 .debug_loc     0x00001bca      0x128 .\CortexM3\ARM_GCC_541\Debug\Design.a(XBee_IntClock.o)
 .debug_loc     0x00001cf2       0x56 .\CortexM3\ARM_GCC_541\Debug\Design.a(XBee_Interrupt.o)
 .debug_loc     0x00001d48      0x3b2 .\CortexM3\ARM_GCC_541\Debug\Design.a(CyFlash.o)
 .debug_loc     0x000020fa      0x705 .\CortexM3\ARM_GCC_541\Debug\Design.a(CySpc.o)

.debug_macinfo
 *(.debug_macinfo)

.debug_ranges   0x00000000      0x980
 *(.debug_ranges)
 .debug_ranges  0x00000000       0x20 .\CortexM3\ARM_GCC_541\Debug\main.o
 .debug_ranges  0x00000020       0x38 .\CortexM3\ARM_GCC_541\Debug\lcd_functions.o
 .debug_ranges  0x00000058       0x40 .\CortexM3\ARM_GCC_541\Debug\pid_functions.o
 .debug_ranges  0x00000098       0x18 .\CortexM3\ARM_GCC_541\Debug\xbee_functions.o
 .debug_ranges  0x000000b0       0x48 .\CortexM3\ARM_GCC_541\Debug\cyfitter_cfg.o
 .debug_ranges  0x000000f8       0x38 .\CortexM3\ARM_GCC_541\Debug\Cm3Start.o
 .debug_ranges  0x00000130       0x88 .\CortexM3\ARM_GCC_541\Debug\Design.a(LCD.o)
 .debug_ranges  0x000001b8      0x290 .\CortexM3\ARM_GCC_541\Debug\Design.a(CyLib.o)
 .debug_ranges  0x00000448       0x88 .\CortexM3\ARM_GCC_541\Debug\Design.a(cyPm.o)
 .debug_ranges  0x000004d0       0x70 .\CortexM3\ARM_GCC_541\Debug\Design.a(Hall_Interrupt.o)
 .debug_ranges  0x00000540       0x88 .\CortexM3\ARM_GCC_541\Debug\Design.a(Timer.o)
 .debug_ranges  0x000005c8       0x88 .\CortexM3\ARM_GCC_541\Debug\Design.a(PWM.o)
 .debug_ranges  0x00000650       0x88 .\CortexM3\ARM_GCC_541\Debug\Design.a(Servo.o)
 .debug_ranges  0x000006d8       0xe0 .\CortexM3\ARM_GCC_541\Debug\Design.a(XBee.o)
 .debug_ranges  0x000007b8       0x10 .\CortexM3\ARM_GCC_541\Debug\Design.a(XBee_INT.o)
 .debug_ranges  0x000007c8       0x60 .\CortexM3\ARM_GCC_541\Debug\Design.a(XBee_IntClock.o)
 .debug_ranges  0x00000828       0x70 .\CortexM3\ARM_GCC_541\Debug\Design.a(XBee_Interrupt.o)
 .debug_ranges  0x00000898       0x78 .\CortexM3\ARM_GCC_541\Debug\Design.a(CyFlash.o)
 .debug_ranges  0x00000910       0x70 .\CortexM3\ARM_GCC_541\Debug\Design.a(CySpc.o)

.comment        0x00000000       0x6e
 .comment       0x00000000       0x6e .\CortexM3\ARM_GCC_541\Debug\main.o
                                 0x6f (size before relaxing)
 .comment       0x0000006e       0x6f .\CortexM3\ARM_GCC_541\Debug\lcd_functions.o
 .comment       0x0000006e       0x6f .\CortexM3\ARM_GCC_541\Debug\pid_functions.o
 .comment       0x0000006e       0x6f .\CortexM3\ARM_GCC_541\Debug\xbee_functions.o
 .comment       0x0000006e       0x6f .\CortexM3\ARM_GCC_541\Debug\cyfitter_cfg.o
 .comment       0x0000006e       0x6f .\CortexM3\ARM_GCC_541\Debug\cymetadata.o
 .comment       0x0000006e       0x6f .\CortexM3\ARM_GCC_541\Debug\Cm3Start.o
 .comment       0x0000006e       0x6f .\CortexM3\ARM_GCC_541\Debug\Design.a(LCD.o)
 .comment       0x0000006e       0x6f .\CortexM3\ARM_GCC_541\Debug\Design.a(CyLib.o)
 .comment       0x0000006e       0x6f .\CortexM3\ARM_GCC_541\Debug\Design.a(cyPm.o)
 .comment       0x0000006e       0x6f .\CortexM3\ARM_GCC_541\Debug\Design.a(Hall_Interrupt.o)
 .comment       0x0000006e       0x6f .\CortexM3\ARM_GCC_541\Debug\Design.a(Timer.o)
 .comment       0x0000006e       0x6f .\CortexM3\ARM_GCC_541\Debug\Design.a(PWM.o)
 .comment       0x0000006e       0x6f .\CortexM3\ARM_GCC_541\Debug\Design.a(Servo.o)
 .comment       0x0000006e       0x6f .\CortexM3\ARM_GCC_541\Debug\Design.a(XBee.o)
 .comment       0x0000006e       0x6f .\CortexM3\ARM_GCC_541\Debug\Design.a(XBee_INT.o)
 .comment       0x0000006e       0x6f .\CortexM3\ARM_GCC_541\Debug\Design.a(XBee_IntClock.o)
 .comment       0x0000006e       0x6f .\CortexM3\ARM_GCC_541\Debug\Design.a(XBee_Interrupt.o)
 .comment       0x0000006e       0x6f .\CortexM3\ARM_GCC_541\Debug\Design.a(CyFlash.o)
 .comment       0x0000006e       0x6f .\CortexM3\ARM_GCC_541\Debug\Design.a(CySpc.o)

.debug_weaknames
 *(.debug_weaknames)

.debug_funcnames
 *(.debug_funcnames)

.debug_typenames
 *(.debug_typenames)

.debug_varnames
 *(.debug_varnames)

.note.gnu.arm.ident
 *(.note.gnu.arm.ident)

.ARM.attributes
                0x00000000       0x29
 *(.ARM.attributes)
 .ARM.attributes
                0x00000000       0x1d c:/program files (x86)/cypress/psoc creator/4.4/psoc creator/import/gnu/arm/5.4.1/bin/../lib/gcc/arm-none-eabi/5.4.1/armv7-m/crti.o
 .ARM.attributes
                0x0000001d       0x2d c:/program files (x86)/cypress/psoc creator/4.4/psoc creator/import/gnu/arm/5.4.1/bin/../lib/gcc/arm-none-eabi/5.4.1/armv7-m/crtbegin.o
 .ARM.attributes
                0x0000004a       0x1b c:/program files (x86)/cypress/psoc creator/4.4/psoc creator/import/gnu/arm/5.4.1/bin/../lib/gcc/arm-none-eabi/5.4.1/../../../../arm-none-eabi/lib/armv7-m/crt0.o
 .ARM.attributes
                0x00000065       0x33 .\CortexM3\ARM_GCC_541\Debug\main.o
 .ARM.attributes
                0x00000098       0x33 .\CortexM3\ARM_GCC_541\Debug\lcd_functions.o
 .ARM.attributes
                0x000000cb       0x33 .\CortexM3\ARM_GCC_541\Debug\pid_functions.o
 .ARM.attributes
                0x000000fe       0x33 .\CortexM3\ARM_GCC_541\Debug\xbee_functions.o
 .ARM.attributes
                0x00000131       0x33 .\CortexM3\ARM_GCC_541\Debug\cyfitter_cfg.o
 .ARM.attributes
                0x00000164       0x33 .\CortexM3\ARM_GCC_541\Debug\cymetadata.o
 .ARM.attributes
                0x00000197       0x33 .\CortexM3\ARM_GCC_541\Debug\Cm3Start.o
 .ARM.attributes
                0x000001ca       0x33 .\CortexM3\ARM_GCC_541\Debug\Design.a(LCD.o)
 .ARM.attributes
                0x000001fd       0x33 .\CortexM3\ARM_GCC_541\Debug\Design.a(CyLib.o)
 .ARM.attributes
                0x00000230       0x33 .\CortexM3\ARM_GCC_541\Debug\Design.a(cyPm.o)
 .ARM.attributes
                0x00000263       0x33 .\CortexM3\ARM_GCC_541\Debug\Design.a(Hall_Interrupt.o)
 .ARM.attributes
                0x00000296       0x33 .\CortexM3\ARM_GCC_541\Debug\Design.a(Timer.o)
 .ARM.attributes
                0x000002c9       0x33 .\CortexM3\ARM_GCC_541\Debug\Design.a(PWM.o)
 .ARM.attributes
                0x000002fc       0x33 .\CortexM3\ARM_GCC_541\Debug\Design.a(Servo.o)
 .ARM.attributes
                0x0000032f       0x33 .\CortexM3\ARM_GCC_541\Debug\Design.a(XBee.o)
 .ARM.attributes
                0x00000362       0x33 .\CortexM3\ARM_GCC_541\Debug\Design.a(XBee_INT.o)
 .ARM.attributes
                0x00000395       0x33 .\CortexM3\ARM_GCC_541\Debug\Design.a(XBee_IntClock.o)
 .ARM.attributes
                0x000003c8       0x33 .\CortexM3\ARM_GCC_541\Debug\Design.a(XBee_Interrupt.o)
 .ARM.attributes
                0x000003fb       0x21 .\CortexM3\ARM_GCC_541\Debug\Design.a(CyBootAsmGnu.o)
 .ARM.attributes
                0x0000041c       0x33 .\CortexM3\ARM_GCC_541\Debug\Design.a(CyFlash.o)
 .ARM.attributes
                0x0000044f       0x33 .\CortexM3\ARM_GCC_541\Debug\Design.a(CySpc.o)
 .ARM.attributes
                0x00000482       0x1d c:/program files (x86)/cypress/psoc creator/4.4/psoc creator/import/gnu/arm/5.4.1/bin/../lib/gcc/arm-none-eabi/5.4.1/armv7-m\libgcc.a(_arm_addsubdf3.o)
 .ARM.attributes
                0x0000049f       0x1d c:/program files (x86)/cypress/psoc creator/4.4/psoc creator/import/gnu/arm/5.4.1/bin/../lib/gcc/arm-none-eabi/5.4.1/armv7-m\libgcc.a(_arm_muldivdf3.o)
 .ARM.attributes
                0x000004bc       0x1d c:/program files (x86)/cypress/psoc creator/4.4/psoc creator/import/gnu/arm/5.4.1/bin/../lib/gcc/arm-none-eabi/5.4.1/armv7-m\libgcc.a(_arm_cmpdf2.o)
 .ARM.attributes
                0x000004d9       0x1d c:/program files (x86)/cypress/psoc creator/4.4/psoc creator/import/gnu/arm/5.4.1/bin/../lib/gcc/arm-none-eabi/5.4.1/armv7-m\libgcc.a(_arm_fixunsdfsi.o)
 .ARM.attributes
                0x000004f6       0x1d c:/program files (x86)/cypress/psoc creator/4.4/psoc creator/import/gnu/arm/5.4.1/bin/../lib/gcc/arm-none-eabi/5.4.1/armv7-m\libgcc.a(_aeabi_ldivmod.o)
 .ARM.attributes
                0x00000513       0x2d c:/program files (x86)/cypress/psoc creator/4.4/psoc creator/import/gnu/arm/5.4.1/bin/../lib/gcc/arm-none-eabi/5.4.1/armv7-m\libgcc.a(_udivmoddi4.o)
 .ARM.attributes
                0x00000540       0x1d c:/program files (x86)/cypress/psoc creator/4.4/psoc creator/import/gnu/arm/5.4.1/bin/../lib/gcc/arm-none-eabi/5.4.1/armv7-m\libgcc.a(_dvmd_tls.o)
 .ARM.attributes
                0x0000055d       0x2d c:/program files (x86)/cypress/psoc creator/4.4/psoc creator/import/gnu/arm/5.4.1/bin/../lib/gcc/arm-none-eabi/5.4.1/../../../../arm-none-eabi/lib/armv7-m\libg_nano.a(lib_a-atof.o)
 .ARM.attributes
                0x0000058a       0x2d c:/program files (x86)/cypress/psoc creator/4.4/psoc creator/import/gnu/arm/5.4.1/bin/../lib/gcc/arm-none-eabi/5.4.1/../../../../arm-none-eabi/lib/armv7-m\libg_nano.a(lib_a-errno.o)
 .ARM.attributes
                0x000005b7       0x2d c:/program files (x86)/cypress/psoc creator/4.4/psoc creator/import/gnu/arm/5.4.1/bin/../lib/gcc/arm-none-eabi/5.4.1/../../../../arm-none-eabi/lib/armv7-m\libg_nano.a(lib_a-exit.o)
 .ARM.attributes
                0x000005e4       0x2d c:/program files (x86)/cypress/psoc creator/4.4/psoc creator/import/gnu/arm/5.4.1/bin/../lib/gcc/arm-none-eabi/5.4.1/../../../../arm-none-eabi/lib/armv7-m\libg_nano.a(lib_a-impure.o)
 .ARM.attributes
                0x00000611       0x2d c:/program files (x86)/cypress/psoc creator/4.4/psoc creator/import/gnu/arm/5.4.1/bin/../lib/gcc/arm-none-eabi/5.4.1/../../../../arm-none-eabi/lib/armv7-m\libg_nano.a(lib_a-init.o)
 .ARM.attributes
                0x0000063e       0x2d c:/program files (x86)/cypress/psoc creator/4.4/psoc creator/import/gnu/arm/5.4.1/bin/../lib/gcc/arm-none-eabi/5.4.1/../../../../arm-none-eabi/lib/armv7-m\libg_nano.a(lib_a-memcpy-stub.o)
 .ARM.attributes
                0x0000066b       0x2d c:/program files (x86)/cypress/psoc creator/4.4/psoc creator/import/gnu/arm/5.4.1/bin/../lib/gcc/arm-none-eabi/5.4.1/../../../../arm-none-eabi/lib/armv7-m\libg_nano.a(lib_a-memset.o)
 .ARM.attributes
                0x00000698       0x2d c:/program files (x86)/cypress/psoc creator/4.4/psoc creator/import/gnu/arm/5.4.1/bin/../lib/gcc/arm-none-eabi/5.4.1/../../../../arm-none-eabi/lib/armv7-m\libg_nano.a(lib_a-nano-vfprintf_float.o)
 .ARM.attributes
                0x000006c5       0x2d c:/program files (x86)/cypress/psoc creator/4.4/psoc creator/import/gnu/arm/5.4.1/bin/../lib/gcc/arm-none-eabi/5.4.1/../../../../arm-none-eabi/lib/armv7-m\libg_nano.a(lib_a-nano-vfprintf_i.o)
 .ARM.attributes
                0x000006f2       0x2d c:/program files (x86)/cypress/psoc creator/4.4/psoc creator/import/gnu/arm/5.4.1/bin/../lib/gcc/arm-none-eabi/5.4.1/../../../../arm-none-eabi/lib/armv7-m\libg_nano.a(lib_a-sprintf.o)
 .ARM.attributes
                0x0000071f       0x1b c:/program files (x86)/cypress/psoc creator/4.4/psoc creator/import/gnu/arm/5.4.1/bin/../lib/gcc/arm-none-eabi/5.4.1/../../../../arm-none-eabi/lib/armv7-m\libg_nano.a(lib_a-strcmp.o)
 .ARM.attributes
                0x0000073a       0x17 c:/program files (x86)/cypress/psoc creator/4.4/psoc creator/import/gnu/arm/5.4.1/bin/../lib/gcc/arm-none-eabi/5.4.1/../../../../arm-none-eabi/lib/armv7-m\libg_nano.a(lib_a-strlen.o)
 .ARM.attributes
                0x00000751       0x2d c:/program files (x86)/cypress/psoc creator/4.4/psoc creator/import/gnu/arm/5.4.1/bin/../lib/gcc/arm-none-eabi/5.4.1/../../../../arm-none-eabi/lib/armv7-m\libg_nano.a(lib_a-strtod.o)
 .ARM.attributes
                0x0000077e       0x2d c:/program files (x86)/cypress/psoc creator/4.4/psoc creator/import/gnu/arm/5.4.1/bin/../lib/gcc/arm-none-eabi/5.4.1/../../../../arm-none-eabi/lib/armv7-m\libg_nano.a(lib_a-dtoa.o)
 .ARM.attributes
                0x000007ab       0x2d c:/program files (x86)/cypress/psoc creator/4.4/psoc creator/import/gnu/arm/5.4.1/bin/../lib/gcc/arm-none-eabi/5.4.1/../../../../arm-none-eabi/lib/armv7-m\libg_nano.a(lib_a-gdtoa-gethex.o)
 .ARM.attributes
                0x000007d8       0x2d c:/program files (x86)/cypress/psoc creator/4.4/psoc creator/import/gnu/arm/5.4.1/bin/../lib/gcc/arm-none-eabi/5.4.1/../../../../arm-none-eabi/lib/armv7-m\libg_nano.a(lib_a-gdtoa-hexnan.o)
 .ARM.attributes
                0x00000805       0x2d c:/program files (x86)/cypress/psoc creator/4.4/psoc creator/import/gnu/arm/5.4.1/bin/../lib/gcc/arm-none-eabi/5.4.1/../../../../arm-none-eabi/lib/armv7-m\libg_nano.a(lib_a-locale.o)
 .ARM.attributes
                0x00000832       0x2d c:/program files (x86)/cypress/psoc creator/4.4/psoc creator/import/gnu/arm/5.4.1/bin/../lib/gcc/arm-none-eabi/5.4.1/../../../../arm-none-eabi/lib/armv7-m\libg_nano.a(lib_a-malloc.o)
 .ARM.attributes
                0x0000085f       0x2d c:/program files (x86)/cypress/psoc creator/4.4/psoc creator/import/gnu/arm/5.4.1/bin/../lib/gcc/arm-none-eabi/5.4.1/../../../../arm-none-eabi/lib/armv7-m\libg_nano.a(lib_a-memchr-stub.o)
 .ARM.attributes
                0x0000088c       0x2d c:/program files (x86)/cypress/psoc creator/4.4/psoc creator/import/gnu/arm/5.4.1/bin/../lib/gcc/arm-none-eabi/5.4.1/../../../../arm-none-eabi/lib/armv7-m\libg_nano.a(lib_a-mprec.o)
 .ARM.attributes
                0x000008b9       0x2d c:/program files (x86)/cypress/psoc creator/4.4/psoc creator/import/gnu/arm/5.4.1/bin/../lib/gcc/arm-none-eabi/5.4.1/../../../../arm-none-eabi/lib/armv7-m\libg_nano.a(lib_a-nano-callocr.o)
 .ARM.attributes
                0x000008e6       0x2d c:/program files (x86)/cypress/psoc creator/4.4/psoc creator/import/gnu/arm/5.4.1/bin/../lib/gcc/arm-none-eabi/5.4.1/../../../../arm-none-eabi/lib/armv7-m\libg_nano.a(lib_a-nano-freer.o)
 .ARM.attributes
                0x00000913       0x2d c:/program files (x86)/cypress/psoc creator/4.4/psoc creator/import/gnu/arm/5.4.1/bin/../lib/gcc/arm-none-eabi/5.4.1/../../../../arm-none-eabi/lib/armv7-m\libg_nano.a(lib_a-nano-mallocr.o)
 .ARM.attributes
                0x00000940       0x2d c:/program files (x86)/cypress/psoc creator/4.4/psoc creator/import/gnu/arm/5.4.1/bin/../lib/gcc/arm-none-eabi/5.4.1/../../../../arm-none-eabi/lib/armv7-m\libg_nano.a(lib_a-nano-svfprintf.o)
 .ARM.attributes
                0x0000096d       0x2d c:/program files (x86)/cypress/psoc creator/4.4/psoc creator/import/gnu/arm/5.4.1/bin/../lib/gcc/arm-none-eabi/5.4.1/../../../../arm-none-eabi/lib/armv7-m\libg_nano.a(lib_a-sbrkr.o)
 .ARM.attributes
                0x0000099a       0x2d c:/program files (x86)/cypress/psoc creator/4.4/psoc creator/import/gnu/arm/5.4.1/bin/../lib/gcc/arm-none-eabi/5.4.1/../../../../arm-none-eabi/lib/armv7-m\libg_nano.a(lib_a-sf_nan.o)
 .ARM.attributes
                0x000009c7       0x2d c:/program files (x86)/cypress/psoc creator/4.4/psoc creator/import/gnu/arm/5.4.1/bin/../lib/gcc/arm-none-eabi/5.4.1/../../../../arm-none-eabi/lib/armv7-m\libg_nano.a(lib_a-strncmp.o)
 .ARM.attributes
                0x000009f4       0x2d c:/program files (x86)/cypress/psoc creator/4.4/psoc creator/import/gnu/arm/5.4.1/bin/../lib/gcc/arm-none-eabi/5.4.1/../../../../arm-none-eabi/lib/armv7-m\libg_nano.a(lib_a-memmove.o)
 .ARM.attributes
                0x00000a21       0x2d c:/program files (x86)/cypress/psoc creator/4.4/psoc creator/import/gnu/arm/5.4.1/bin/../lib/gcc/arm-none-eabi/5.4.1/../../../../arm-none-eabi/lib/armv7-m\libg_nano.a(lib_a-mlock.o)
 .ARM.attributes
                0x00000a4e       0x2d c:/program files (x86)/cypress/psoc creator/4.4/psoc creator/import/gnu/arm/5.4.1/bin/../lib/gcc/arm-none-eabi/5.4.1/../../../../arm-none-eabi/lib/armv7-m\libg_nano.a(lib_a-nano-reallocr.o)
 .ARM.attributes
                0x00000a7b       0x2d c:/program files (x86)/cypress/psoc creator/4.4/psoc creator/import/gnu/arm/5.4.1/bin/../lib/gcc/arm-none-eabi/5.4.1/../../../../arm-none-eabi/lib/armv7-m\libg_nano.a(lib_a-reent.o)
 .ARM.attributes
                0x00000aa8       0x2d c:/program files (x86)/cypress/psoc creator/4.4/psoc creator/import/gnu/arm/5.4.1/bin/../lib/gcc/arm-none-eabi/5.4.1/../../../../arm-none-eabi/lib/armv7-m\libg_nano.a(lib_a-nano-msizer.o)
 .ARM.attributes
                0x00000ad5       0x1d c:/program files (x86)/cypress/psoc creator/4.4/psoc creator/import/gnu/arm/5.4.1/bin/../lib/gcc/arm-none-eabi/5.4.1/armv7-m\libgcc.a(_arm_unorddf2.o)
 .ARM.attributes
                0x00000af2       0x1d c:/program files (x86)/cypress/psoc creator/4.4/psoc creator/import/gnu/arm/5.4.1/bin/../lib/gcc/arm-none-eabi/5.4.1/armv7-m\libgcc.a(_arm_fixdfsi.o)
 .ARM.attributes
                0x00000b0f       0x1d c:/program files (x86)/cypress/psoc creator/4.4/psoc creator/import/gnu/arm/5.4.1/bin/../lib/gcc/arm-none-eabi/5.4.1/armv7-m\libgcc.a(_arm_truncdfsf2.o)
 .ARM.attributes
                0x00000b2c       0x2d c:/program files (x86)/cypress/psoc creator/4.4/psoc creator/import/gnu/arm/5.4.1/bin/../lib/gcc/arm-none-eabi/5.4.1/armv7-m/crtend.o
 .ARM.attributes
                0x00000b59       0x1d c:/program files (x86)/cypress/psoc creator/4.4/psoc creator/import/gnu/arm/5.4.1/bin/../lib/gcc/arm-none-eabi/5.4.1/armv7-m/crtn.o

/DISCARD/
 *(.note.GNU-stack)
OUTPUT(C:\Users\ianh\Documents\Car Lab\SpeedControl\Design.cydsn\CortexM3\ARM_GCC_541\Debug\Design.elf elf32-littlearm)
