Archive member included to satisfy reference by file (symbol)

.\CortexM3\ARM_GCC_541\Debug\Design.a(LCD.o)
                              .\CortexM3\ARM_GCC_541\Debug\lcd_functions.o (LCD_PrintString)
.\CortexM3\ARM_GCC_541\Debug\Design.a(CyLib.o)
                              .\CortexM3\ARM_GCC_541\Debug\Cm3Start.o (CyHalt)
.\CortexM3\ARM_GCC_541\Debug\Design.a(cyPm.o)
                              .\CortexM3\ARM_GCC_541\Debug\Design.a(CyLib.o) (CyPmReadStatus)
.\CortexM3\ARM_GCC_541\Debug\Design.a(Frame_Interrupt.o)
                              .\CortexM3\ARM_GCC_541\Debug\main.o (Frame_Interrupt_SetVector)
.\CortexM3\ARM_GCC_541\Debug\Design.a(XBee.o)
                              .\CortexM3\ARM_GCC_541\Debug\main.o (XBee_Start)
.\CortexM3\ARM_GCC_541\Debug\Design.a(XBee_IntClock.o)
                              .\CortexM3\ARM_GCC_541\Debug\Design.a(XBee.o) (XBee_IntClock_Start)
.\CortexM3\ARM_GCC_541\Debug\Design.a(Target_Interrupt.o)
                              .\CortexM3\ARM_GCC_541\Debug\main.o (Target_Interrupt_SetVector)
.\CortexM3\ARM_GCC_541\Debug\Design.a(Reference.o)
                              .\CortexM3\ARM_GCC_541\Debug\main.o (Reference_Start)
.\CortexM3\ARM_GCC_541\Debug\Design.a(Analog_CMP.o)
                              .\CortexM3\ARM_GCC_541\Debug\main.o (Analog_CMP_Start)
.\CortexM3\ARM_GCC_541\Debug\Design.a(Dark_Timer.o)
                              .\CortexM3\ARM_GCC_541\Debug\main.o (Dark_Timer_ReadStatusRegister)
.\CortexM3\ARM_GCC_541\Debug\Design.a(Dark_Interrupt.o)
                              .\CortexM3\ARM_GCC_541\Debug\main.o (Dark_Interrupt_SetVector)
.\CortexM3\ARM_GCC_541\Debug\Design.a(Servo_PWM.o)
                              .\CortexM3\ARM_GCC_541\Debug\main.o (Servo_PWM_WriteCompare)
.\CortexM3\ARM_GCC_541\Debug\Design.a(Hall_Interrupt.o)
                              .\CortexM3\ARM_GCC_541\Debug\main.o (Hall_Interrupt_SetVector)
.\CortexM3\ARM_GCC_541\Debug\Design.a(Hall_Timer.o)
                              .\CortexM3\ARM_GCC_541\Debug\main.o (Hall_Timer_ReadStatusRegister)
.\CortexM3\ARM_GCC_541\Debug\Design.a(Throttle_PWM.o)
                              .\CortexM3\ARM_GCC_541\Debug\main.o (Throttle_PWM_WriteCompare)
.\CortexM3\ARM_GCC_541\Debug\Design.a(PID_Timer.o)
                              .\CortexM3\ARM_GCC_541\Debug\main.o (PID_Timer_Start)
.\CortexM3\ARM_GCC_541\Debug\Design.a(PID_Interrupt.o)
                              .\CortexM3\ARM_GCC_541\Debug\main.o (PID_Interrupt_SetVector)
.\CortexM3\ARM_GCC_541\Debug\Design.a(CyBootAsmGnu.o)
                              .\CortexM3\ARM_GCC_541\Debug\cyfitter_cfg.o (CyDelayCycles)
.\CortexM3\ARM_GCC_541\Debug\Design.a(CyFlash.o)
                              .\CortexM3\ARM_GCC_541\Debug\Design.a(cyPm.o) (CyFlash_SetWaitCycles)
.\CortexM3\ARM_GCC_541\Debug\Design.a(CySpc.o)
                              .\CortexM3\ARM_GCC_541\Debug\Design.a(CyFlash.o) (CySpcStart)
c:/program files (x86)/cypress/psoc creator/4.4/psoc creator/import/gnu/arm/5.4.1/bin/../lib/gcc/arm-none-eabi/5.4.1/armv7-m\libgcc.a(_arm_addsubdf3.o)
                              .\CortexM3\ARM_GCC_541\Debug\main.o (__aeabi_dsub)
c:/program files (x86)/cypress/psoc creator/4.4/psoc creator/import/gnu/arm/5.4.1/bin/../lib/gcc/arm-none-eabi/5.4.1/armv7-m\libgcc.a(_arm_muldivdf3.o)
                              .\CortexM3\ARM_GCC_541\Debug\main.o (__aeabi_dmul)
c:/program files (x86)/cypress/psoc creator/4.4/psoc creator/import/gnu/arm/5.4.1/bin/../lib/gcc/arm-none-eabi/5.4.1/armv7-m\libgcc.a(_arm_cmpdf2.o)
                              .\CortexM3\ARM_GCC_541\Debug\main.o (__aeabi_dcmplt)
c:/program files (x86)/cypress/psoc creator/4.4/psoc creator/import/gnu/arm/5.4.1/bin/../lib/gcc/arm-none-eabi/5.4.1/armv7-m\libgcc.a(_arm_fixdfsi.o)
                              .\CortexM3\ARM_GCC_541\Debug\main.o (__aeabi_d2iz)
c:/program files (x86)/cypress/psoc creator/4.4/psoc creator/import/gnu/arm/5.4.1/bin/../lib/gcc/arm-none-eabi/5.4.1/armv7-m\libgcc.a(_arm_fixunsdfsi.o)
                              .\CortexM3\ARM_GCC_541\Debug\main.o (__aeabi_d2uiz)
c:/program files (x86)/cypress/psoc creator/4.4/psoc creator/import/gnu/arm/5.4.1/bin/../lib/gcc/arm-none-eabi/5.4.1/armv7-m\libgcc.a(_aeabi_uldivmod.o)
                              .\CortexM3\ARM_GCC_541\Debug\main.o (__aeabi_uldivmod)
c:/program files (x86)/cypress/psoc creator/4.4/psoc creator/import/gnu/arm/5.4.1/bin/../lib/gcc/arm-none-eabi/5.4.1/armv7-m\libgcc.a(_udivmoddi4.o)
                              c:/program files (x86)/cypress/psoc creator/4.4/psoc creator/import/gnu/arm/5.4.1/bin/../lib/gcc/arm-none-eabi/5.4.1/armv7-m\libgcc.a(_aeabi_uldivmod.o) (__udivmoddi4)
c:/program files (x86)/cypress/psoc creator/4.4/psoc creator/import/gnu/arm/5.4.1/bin/../lib/gcc/arm-none-eabi/5.4.1/armv7-m\libgcc.a(_dvmd_tls.o)
[...]
Memory Configuration

Name             Origin             Length             Attributes
rom              0x00000000         0x00040000         xr
ram              0x1fff8000         0x00010000         xrw
*default*        0x00000000         0xffffffff

Linker script and memory map

LOAD c:/program files (x86)/cypress/psoc creator/4.4/psoc creator/import/gnu/arm/5.4.1/bin/../lib/gcc/arm-none-eabi/5.4.1/armv7-m/crti.o
LOAD c:/program files (x86)/cypress/psoc creator/4.4/psoc creator/import/gnu/arm/5.4.1/bin/../lib/gcc/arm-none-eabi/5.4.1/armv7-m/crtbegin.o
LOAD c:/program files (x86)/cypress/psoc creator/4.4/psoc creator/import/gnu/arm/5.4.1/bin/../lib/gcc/arm-none-eabi/5.4.1/../../../../arm-none-eabi/lib/armv7-m/crt0.o
START GROUP
LOAD .\CortexM3\ARM_GCC_541\Debug\main.o
LOAD .\CortexM3\ARM_GCC_541\Debug\lcd_functions.o
LOAD .\CortexM3\ARM_GCC_541\Debug\lp_filter.o
LOAD .\CortexM3\ARM_GCC_541\Debug\cyfitter_cfg.o
LOAD .\CortexM3\ARM_GCC_541\Debug\cymetadata.o
LOAD .\CortexM3\ARM_GCC_541\Debug\Cm3Start.o
LOAD .\CortexM3\ARM_GCC_541\Debug\Design.a
LOAD C:\Program Files (x86)\Cypress\PSoC Creator\4.4\PSoC Creator\psoc\content\cycomponentlibrary\CyComponentLibrary.cylib\CortexM3\ARM_GCC_541\Debug\CyComponentLibrary.a
END GROUP
START GROUP
LOAD c:/program files (x86)/cypress/psoc creator/4.4/psoc creator/import/gnu/arm/5.4.1/bin/../lib/gcc/arm-none-eabi/5.4.1/armv7-m\libgcc.a
LOAD c:/program files (x86)/cypress/psoc creator/4.4/psoc creator/import/gnu/arm/5.4.1/bin/../lib/gcc/arm-none-eabi/5.4.1/../../../../arm-none-eabi/lib/armv7-m\libg_nano.a
LOAD c:/program files (x86)/cypress/psoc creator/4.4/psoc creator/import/gnu/arm/5.4.1/bin/../lib/gcc/arm-none-eabi/5.4.1/../../../../arm-none-eabi/lib/armv7-m\libc_nano.a
END GROUP
START GROUP
LOAD c:/program files (x86)/cypress/psoc creator/4.4/psoc creator/import/gnu/arm/5.4.1/bin/../lib/gcc/arm-none-eabi/5.4.1/armv7-m\libgcc.a
LOAD c:/program files (x86)/cypress/psoc creator/4.4/psoc creator/import/gnu/arm/5.4.1/bin/../lib/gcc/arm-none-eabi/5.4.1/../../../../arm-none-eabi/lib/armv7-m\libc_nano.a
END GROUP
LOAD c:/program files (x86)/cypress/psoc creator/4.4/psoc creator/import/gnu/arm/5.4.1/bin/../lib/gcc/arm-none-eabi/5.4.1/armv7-m/crtend.o
LOAD c:/program files (x86)/cypress/psoc creator/4.4/psoc creator/import/gnu/arm/5.4.1/bin/../lib/gcc/arm-none-eabi/5.4.1/armv7-m/crtn.o
START GROUP
LOAD c:/program files (x86)/cypress/psoc creator/4.4/psoc creator/import/gnu/arm/5.4.1/bin/../lib/gcc/arm-none-eabi/5.4.1/armv7-m\libgcc.a
LOAD c:/program files (x86)/cypress/psoc creator/4.4/psoc creator/import/gnu/arm/5.4.1/bin/../lib/gcc/arm-none-eabi/5.4.1/../../../../arm-none-eabi/lib/armv7-m\libc.a
LOAD c:/program files (x86)/cypress/psoc creator/4.4/psoc creator/import/gnu/arm/5.4.1/bin/../lib/gcc/arm-none-eabi/5.4.1/../../../../arm-none-eabi/lib/armv7-m\libnosys.a
END GROUP
                0x00000000                CY_APPL_ORIGIN = 0x0
                0x00000100                CY_FLASH_ROW_SIZE = 0x100
                0x00000020                CY_ECC_ROW_SIZE = 0x20
                0x00000000                CY_EE_IN_BTLDR = 0x0
                0x00000000                CY_APPL_LOADABLE = 0x0
                0x00000800                CY_EE_SIZE = 0x800
                0x00000001                CY_APPL_NUM = 0x1
                0x00000001                CY_APPL_MAX = 0x1
                0x00000040                CY_METADATA_SIZE = 0x40
                0x00000000                CY_APPL_LOADABLE = 0x0
                0x00000000                CY_CHECKSUM_EXCLUDE_SIZE = ALIGN (0x0, CY_FLASH_ROW_SIZE)
                [!provide]                PROVIDE (__cy_heap_start, _end)
                0x00000001                PROVIDE (__cy_region_num, ((__cy_regions_end - __cy_regions) / 0x10))
                0x20008000                PROVIDE (__cy_stack, (ORIGIN (ram) + LENGTH (ram)))
                [!provide]                PROVIDE (__cy_heap_end, (__cy_stack - 0x800))

.cybootloader   0x00000000        0x0
 *(.cybootloader)
                0x00000000                appl1_start = CY_APPL_ORIGIN?CY_APPL_ORIGIN:ALIGN (CY_FLASH_ROW_SIZE)
                0x0001ff00                appl2_start = (appl1_start + ALIGN ((((LENGTH (rom) - appl1_start) - (0x2 * CY_FLASH_ROW_SIZE)) / 0x2), CY_FLASH_ROW_SIZE))
                0x00000000                appl_start = (CY_APPL_NUM == 0x1)?appl1_start:appl2_start
                0x00000000                ecc_offset = ((appl_start / CY_FLASH_ROW_SIZE) * CY_ECC_ROW_SIZE)
                0x00000000                ee_offset = (CY_APPL_LOADABLE && ! (CY_EE_IN_BTLDR))?((CY_EE_SIZE / CY_APPL_MAX) * (CY_APPL_NUM - 0x1)):0x0
                0x00000800                ee_size = (CY_APPL_LOADABLE && ! (CY_EE_IN_BTLDR))?(CY_EE_SIZE / CY_APPL_MAX):CY_EE_SIZE
                [!provide]                PROVIDE (CY_ECC_OFFSET, ecc_offset)

.text           0x00000000     0x44bc
 CREATE_OBJECT_SYMBOLS
                0x00000000                PROVIDE (__cy_interrupt_vector, RomVectors)
 *(.romvectors)
 .romvectors    0x00000000       0x10 .\CortexM3\ARM_GCC_541\Debug\Cm3Start.o
                0x00000000                RomVectors
                0x00000001                ASSERT ((. != __cy_interrupt_vector), No interrupt vector)
                0x00000001                ASSERT (CY_APPL_ORIGIN?(SIZEOF (.cybootloader) <= CY_APPL_ORIGIN):0x1, Wrong image location)
                0x00000010                PROVIDE (__cy_reset, Reset)
 *(.text.Reset)
 .text.Reset    0x00000010       0x18 .\CortexM3\ARM_GCC_541\Debug\Cm3Start.o
                0x00000010                Reset
                0x00000001                ASSERT ((. != __cy_reset), No reset code)
 *(.dma_init)
                0x00000001                ASSERT ((((appl_start + .) <= 0x10000) || 0x1), DMA Init must be within the first 64k of flash)
 *(.text .text.* .gnu.linkonce.t.*)
 .text          0x00000028       0x5c c:/program files (x86)/cypress/psoc creator/4.4/psoc creator/import/gnu/arm/5.4.1/bin/../lib/gcc/arm-none-eabi/5.4.1/armv7-m/crtbegin.o
 .text.frame_int
                0x00000084       0x10 .\CortexM3\ARM_GCC_541\Debug\main.o
                0x00000084                frame_int
 .text.target_int
                0x00000094        0x8 .\CortexM3\ARM_GCC_541\Debug\main.o
                0x00000094                target_int
 *fill*         0x0000009c        0x4 
 .text.hall_int
                0x000000a0       0x64 .\CortexM3\ARM_GCC_541\Debug\main.o
                0x000000a0                hall_int
 .text.dark_int
                0x00000104       0x34 .\CortexM3\ARM_GCC_541\Debug\main.o
                0x00000104                dark_int
 .text.pid_int  0x00000138      0x310 .\CortexM3\ARM_GCC_541\Debug\main.o
                0x00000138                pid_int
 .text.main     0x00000448       0xb4 .\CortexM3\ARM_GCC_541\Debug\main.o
                0x00000448                main
 .text.initLCD  0x000004fc       0x1c .\CortexM3\ARM_GCC_541\Debug\lcd_functions.o
                0x000004fc                initLCD
 .text.clearLCD
                0x00000518        0xc .\CortexM3\ARM_GCC_541\Debug\lcd_functions.o
                0x00000518                clearLCD
 .text.cmp      0x00000524        0x8 .\CortexM3\ARM_GCC_541\Debug\lp_filter.o
                0x00000524                cmp
 .text.filterResize
                0x0000052c        0x8 .\CortexM3\ARM_GCC_541\Debug\lp_filter.o
                0x0000052c                filterResize
 .text.filterPush
                0x00000534       0x90 .\CortexM3\ARM_GCC_541\Debug\lp_filter.o
                0x00000534                filterPush
 .text.CyClockStartupError
                0x000005c4        0x4 .\CortexM3\ARM_GCC_541\Debug\cyfitter_cfg.o
 .text.cfg_write_bytes32
                0x000005c8       0x34 .\CortexM3\ARM_GCC_541\Debug\cyfitter_cfg.o
 .text.AnalogSetDefault
                0x000005fc       0x48 .\CortexM3\ARM_GCC_541\Debug\cyfitter_cfg.o
 .text.CYMEMZERO
                0x00000644        0xc .\CortexM3\ARM_GCC_541\Debug\cyfitter_cfg.o
 .text.ClockSetup
                0x00000650       0xf4 .\CortexM3\ARM_GCC_541\Debug\cyfitter_cfg.o
 .text.CYCONFIGCPY
                0x00000744        0x8 .\CortexM3\ARM_GCC_541\Debug\cyfitter_cfg.o
 .text.cyfitter_cfg
                0x0000074c      0x15c .\CortexM3\ARM_GCC_541\Debug\cyfitter_cfg.o
                0x0000074c                cyfitter_cfg
 .text.IntDefaultHandler
                0x000008a8       0x10 .\CortexM3\ARM_GCC_541\Debug\Cm3Start.o
                0x000008a8                IntDefaultHandler
 .text._sbrk    0x000008b8       0x30 .\CortexM3\ARM_GCC_541\Debug\Cm3Start.o
                0x000008b8                _sbrk
 .text.Start_c  0x000008e8       0x4c .\CortexM3\ARM_GCC_541\Debug\Cm3Start.o
                0x000008e8                Start_c
 .text.initialize_psoc
                0x00000934       0x68 .\CortexM3\ARM_GCC_541\Debug\Cm3Start.o
                0x00000934                initialize_psoc
 .text.LCD_WrCntrlNib
                0x0000099c       0x34 .\CortexM3\ARM_GCC_541\Debug\Design.a(LCD.o)
 .text.LCD_WrDatNib
                0x000009d0       0x44 .\CortexM3\ARM_GCC_541\Debug\Design.a(LCD.o)
 .text.LCD_IsReady
                0x00000a14       0xe4 .\CortexM3\ARM_GCC_541\Debug\Design.a(LCD.o)
                0x00000a14                LCD_IsReady
 .text.LCD_WriteData
                0x00000af8       0x18 .\CortexM3\ARM_GCC_541\Debug\Design.a(LCD.o)
                0x00000af8                LCD_WriteData
 .text.LCD_PrintString
                0x00000b10       0x1c .\CortexM3\ARM_GCC_541\Debug\Design.a(LCD.o)
                0x00000b10                LCD_PrintString
 .text.LCD_WriteControl
                0x00000b2c       0x18 .\CortexM3\ARM_GCC_541\Debug\Design.a(LCD.o)
                0x00000b2c                LCD_WriteControl
 .text.LCD_Init
                0x00000b44       0x6c .\CortexM3\ARM_GCC_541\Debug\Design.a(LCD.o)
                0x00000b44                LCD_Init
 .text.LCD_Enable
                0x00000bb0       0x14 .\CortexM3\ARM_GCC_541\Debug\Design.a(LCD.o)
                0x00000bb0                LCD_Enable
 .text.LCD_Start
                0x00000bc4       0x1c .\CortexM3\ARM_GCC_541\Debug\Design.a(LCD.o)
                0x00000bc4                LCD_Start
 .text.LCD_Position
                0x00000be0       0x3c .\CortexM3\ARM_GCC_541\Debug\Design.a(LCD.o)
                0x00000be0                LCD_Position
 .text.CyDelay  0x00000c1c       0x2c .\CortexM3\ARM_GCC_541\Debug\Design.a(CyLib.o)
                0x00000c1c                CyDelay
 .text.CyDelayUs
                0x00000c48       0x14 .\CortexM3\ARM_GCC_541\Debug\Design.a(CyLib.o)
                0x00000c48                CyDelayUs
 .text.Frame_Interrupt_Interrupt
                0x00000c5c        0x4 .\CortexM3\ARM_GCC_541\Debug\Design.a(Frame_Interrupt.o)
                0x00000c5c                Frame_Interrupt_Interrupt
 .text.Frame_Interrupt_SetVector
                0x00000c60        0xc .\CortexM3\ARM_GCC_541\Debug\Design.a(Frame_Interrupt.o)
                0x00000c60                Frame_Interrupt_SetVector
 .text.Frame_Interrupt_SetPriority
                0x00000c6c       0x10 .\CortexM3\ARM_GCC_541\Debug\Design.a(Frame_Interrupt.o)
                0x00000c6c                Frame_Interrupt_SetPriority
 .text.Frame_Interrupt_Enable
                0x00000c7c        0xc .\CortexM3\ARM_GCC_541\Debug\Design.a(Frame_Interrupt.o)
                0x00000c7c                Frame_Interrupt_Enable
 .text.Frame_Interrupt_Disable
                0x00000c88        0xc .\CortexM3\ARM_GCC_541\Debug\Design.a(Frame_Interrupt.o)
                0x00000c88                Frame_Interrupt_Disable
 .text.Frame_Interrupt_Start
                0x00000c94       0x1c .\CortexM3\ARM_GCC_541\Debug\Design.a(Frame_Interrupt.o)
                0x00000c94                Frame_Interrupt_Start
 .text.XBee_Init
                0x00000cb0       0x24 .\CortexM3\ARM_GCC_541\Debug\Design.a(XBee.o)
                0x00000cb0                XBee_Init
 .text.XBee_Enable
                0x00000cd4       0x38 .\CortexM3\ARM_GCC_541\Debug\Design.a(XBee.o)
                0x00000cd4                XBee_Enable
 .text.XBee_Start
                0x00000d0c       0x1c .\CortexM3\ARM_GCC_541\Debug\Design.a(XBee.o)
                0x00000d0c                XBee_Start
 .text.XBee_PutChar
                0x00000d28       0x18 .\CortexM3\ARM_GCC_541\Debug\Design.a(XBee.o)
                0x00000d28                XBee_PutChar
 .text.XBee_PutString
                0x00000d40       0x24 .\CortexM3\ARM_GCC_541\Debug\Design.a(XBee.o)
                0x00000d40                XBee_PutString
 .text.XBee_IntClock_Start
                0x00000d64       0x1c .\CortexM3\ARM_GCC_541\Debug\Design.a(XBee_IntClock.o)
                0x00000d64                XBee_IntClock_Start
 .text.Target_Interrupt_Interrupt
                0x00000d80        0x4 .\CortexM3\ARM_GCC_541\Debug\Design.a(Target_Interrupt.o)
                0x00000d80                Target_Interrupt_Interrupt
 .text.Target_Interrupt_SetVector
                0x00000d84        0xc .\CortexM3\ARM_GCC_541\Debug\Design.a(Target_Interrupt.o)
                0x00000d84                Target_Interrupt_SetVector
 .text.Target_Interrupt_SetPriority
                0x00000d90       0x10 .\CortexM3\ARM_GCC_541\Debug\Design.a(Target_Interrupt.o)
                0x00000d90                Target_Interrupt_SetPriority
 .text.Target_Interrupt_Enable
                0x00000da0        0xc .\CortexM3\ARM_GCC_541\Debug\Design.a(Target_Interrupt.o)
                0x00000da0                Target_Interrupt_Enable
 .text.Target_Interrupt_Disable
                0x00000dac        0xc .\CortexM3\ARM_GCC_541\Debug\Design.a(Target_Interrupt.o)
                0x00000dac                Target_Interrupt_Disable
 .text.Target_Interrupt_Start
                0x00000db8       0x1c .\CortexM3\ARM_GCC_541\Debug\Design.a(Target_Interrupt.o)
                0x00000db8                Target_Interrupt_Start
 .text.Reference_Enable
                0x00000dd4       0x1c .\CortexM3\ARM_GCC_541\Debug\Design.a(Reference.o)
                0x00000dd4                Reference_Enable
 .text.Reference_SetSpeed
                0x00000df0       0x1c .\CortexM3\ARM_GCC_541\Debug\Design.a(Reference.o)
                0x00000df0                Reference_SetSpeed
 .text.Reference_SetValue
                0x00000e0c        0xc .\CortexM3\ARM_GCC_541\Debug\Design.a(Reference.o)
                0x00000e0c                Reference_SetValue
 .text.Reference_DacTrim
                0x00000e18       0x24 .\CortexM3\ARM_GCC_541\Debug\Design.a(Reference.o)
                0x00000e18                Reference_DacTrim
 .text.Reference_SetRange
                0x00000e3c       0x20 .\CortexM3\ARM_GCC_541\Debug\Design.a(Reference.o)
                0x00000e3c                Reference_SetRange
 .text.Reference_Init
                0x00000e5c       0x1c .\CortexM3\ARM_GCC_541\Debug\Design.a(Reference.o)
                0x00000e5c                Reference_Init
 .text.Reference_Start
                0x00000e78       0x24 .\CortexM3\ARM_GCC_541\Debug\Design.a(Reference.o)
                0x00000e78                Reference_Start
 .text.Analog_CMP_Enable
                0x00000e9c       0x1c .\CortexM3\ARM_GCC_541\Debug\Design.a(Analog_CMP.o)
                0x00000e9c                Analog_CMP_Enable
 .text.Analog_CMP_SetSpeed
                0x00000eb8       0x58 .\CortexM3\ARM_GCC_541\Debug\Design.a(Analog_CMP.o)
                0x00000eb8                Analog_CMP_SetSpeed
 .text.Analog_CMP_Init
                0x00000f10       0x3c .\CortexM3\ARM_GCC_541\Debug\Design.a(Analog_CMP.o)
                0x00000f10                Analog_CMP_Init
 .text.Analog_CMP_Start
                0x00000f4c       0x1c .\CortexM3\ARM_GCC_541\Debug\Design.a(Analog_CMP.o)
                0x00000f4c                Analog_CMP_Start
 .text.Dark_Timer_Enable
                0x00000f68       0x10 .\CortexM3\ARM_GCC_541\Debug\Design.a(Dark_Timer.o)
                0x00000f68                Dark_Timer_Enable
 .text.Dark_Timer_SetInterruptMode
                0x00000f78        0xc .\CortexM3\ARM_GCC_541\Debug\Design.a(Dark_Timer.o)
                0x00000f78                Dark_Timer_SetInterruptMode
 .text.Dark_Timer_ReadStatusRegister
                0x00000f84        0xc .\CortexM3\ARM_GCC_541\Debug\Design.a(Dark_Timer.o)
                0x00000f84                Dark_Timer_ReadStatusRegister
 .text.Dark_Timer_WritePeriod
                0x00000f90        0xc .\CortexM3\ARM_GCC_541\Debug\Design.a(Dark_Timer.o)
                0x00000f90                Dark_Timer_WritePeriod
 .text.Dark_Timer_ReadCapture
                0x00000f9c        0xc .\CortexM3\ARM_GCC_541\Debug\Design.a(Dark_Timer.o)
                0x00000f9c                Dark_Timer_ReadCapture
 .text.Dark_Timer_WriteCounter
                0x00000fa8        0xc .\CortexM3\ARM_GCC_541\Debug\Design.a(Dark_Timer.o)
                0x00000fa8                Dark_Timer_WriteCounter
 .text.Dark_Timer_SetInterruptCount
                0x00000fb4       0x1c .\CortexM3\ARM_GCC_541\Debug\Design.a(Dark_Timer.o)
                0x00000fb4                Dark_Timer_SetInterruptCount
 .text.Dark_Timer_ClearFIFO
                0x00000fd0       0x14 .\CortexM3\ARM_GCC_541\Debug\Design.a(Dark_Timer.o)
                0x00000fd0                Dark_Timer_ClearFIFO
 .text.Dark_Timer_Init
                0x00000fe4       0x3c .\CortexM3\ARM_GCC_541\Debug\Design.a(Dark_Timer.o)
                0x00000fe4                Dark_Timer_Init
 .text.Dark_Timer_Start
                0x00001020       0x1c .\CortexM3\ARM_GCC_541\Debug\Design.a(Dark_Timer.o)
                0x00001020                Dark_Timer_Start
 .text.Dark_Interrupt_Interrupt
                0x0000103c        0x4 .\CortexM3\ARM_GCC_541\Debug\Design.a(Dark_Interrupt.o)
                0x0000103c                Dark_Interrupt_Interrupt
 .text.Dark_Interrupt_SetVector
                0x00001040        0xc .\CortexM3\ARM_GCC_541\Debug\Design.a(Dark_Interrupt.o)
                0x00001040                Dark_Interrupt_SetVector
 .text.Dark_Interrupt_SetPriority
                0x0000104c       0x10 .\CortexM3\ARM_GCC_541\Debug\Design.a(Dark_Interrupt.o)
                0x0000104c                Dark_Interrupt_SetPriority
 .text.Dark_Interrupt_Enable
                0x0000105c        0xc .\CortexM3\ARM_GCC_541\Debug\Design.a(Dark_Interrupt.o)
                0x0000105c                Dark_Interrupt_Enable
 .text.Dark_Interrupt_Disable
                0x00001068        0xc .\CortexM3\ARM_GCC_541\Debug\Design.a(Dark_Interrupt.o)
                0x00001068                Dark_Interrupt_Disable
 .text.Dark_Interrupt_Start
                0x00001074       0x1c .\CortexM3\ARM_GCC_541\Debug\Design.a(Dark_Interrupt.o)
                0x00001074                Dark_Interrupt_Start
 .text.Servo_PWM_Enable
                0x00001090       0x10 .\CortexM3\ARM_GCC_541\Debug\Design.a(Servo_PWM.o)
                0x00001090                Servo_PWM_Enable
 .text.Servo_PWM_WriteCounter
                0x000010a0        0xc .\CortexM3\ARM_GCC_541\Debug\Design.a(Servo_PWM.o)
                0x000010a0                Servo_PWM_WriteCounter
 .text.Servo_PWM_WritePeriod
                0x000010ac        0xc .\CortexM3\ARM_GCC_541\Debug\Design.a(Servo_PWM.o)
                0x000010ac                Servo_PWM_WritePeriod
 .text.Servo_PWM_WriteCompare
                0x000010b8        0xc .\CortexM3\ARM_GCC_541\Debug\Design.a(Servo_PWM.o)
                0x000010b8                Servo_PWM_WriteCompare
 .text.Servo_PWM_SetInterruptMode
                0x000010c4        0xc .\CortexM3\ARM_GCC_541\Debug\Design.a(Servo_PWM.o)
                0x000010c4                Servo_PWM_SetInterruptMode
 .text.Servo_PWM_ReadStatusRegister
                0x000010d0        0xc .\CortexM3\ARM_GCC_541\Debug\Design.a(Servo_PWM.o)
                0x000010d0                Servo_PWM_ReadStatusRegister
 .text.Servo_PWM_ReadCapture
                0x000010dc        0xc .\CortexM3\ARM_GCC_541\Debug\Design.a(Servo_PWM.o)
                0x000010dc                Servo_PWM_ReadCapture
 .text.Servo_PWM_ClearFIFO
                0x000010e8       0x14 .\CortexM3\ARM_GCC_541\Debug\Design.a(Servo_PWM.o)
                0x000010e8                Servo_PWM_ClearFIFO
 .text.Servo_PWM_Init
                0x000010fc       0x60 .\CortexM3\ARM_GCC_541\Debug\Design.a(Servo_PWM.o)
                0x000010fc                Servo_PWM_Init
 .text.Servo_PWM_Start
                0x0000115c       0x1c .\CortexM3\ARM_GCC_541\Debug\Design.a(Servo_PWM.o)
                0x0000115c                Servo_PWM_Start
 .text.Hall_Interrupt_Interrupt
                0x00001178        0x4 .\CortexM3\ARM_GCC_541\Debug\Design.a(Hall_Interrupt.o)
                0x00001178                Hall_Interrupt_Interrupt
 .text.Hall_Interrupt_SetVector
                0x0000117c        0xc .\CortexM3\ARM_GCC_541\Debug\Design.a(Hall_Interrupt.o)
                0x0000117c                Hall_Interrupt_SetVector
 .text.Hall_Interrupt_SetPriority
                0x00001188       0x10 .\CortexM3\ARM_GCC_541\Debug\Design.a(Hall_Interrupt.o)
                0x00001188                Hall_Interrupt_SetPriority
 .text.Hall_Interrupt_Enable
                0x00001198        0xc .\CortexM3\ARM_GCC_541\Debug\Design.a(Hall_Interrupt.o)
                0x00001198                Hall_Interrupt_Enable
 .text.Hall_Interrupt_Disable
                0x000011a4        0xc .\CortexM3\ARM_GCC_541\Debug\Design.a(Hall_Interrupt.o)
                0x000011a4                Hall_Interrupt_Disable
 .text.Hall_Interrupt_Start
                0x000011b0       0x1c .\CortexM3\ARM_GCC_541\Debug\Design.a(Hall_Interrupt.o)
                0x000011b0                Hall_Interrupt_Start
 .text.Hall_Timer_Enable
                0x000011cc       0x10 .\CortexM3\ARM_GCC_541\Debug\Design.a(Hall_Timer.o)
                0x000011cc                Hall_Timer_Enable
 .text.Hall_Timer_SetInterruptMode
                0x000011dc        0xc .\CortexM3\ARM_GCC_541\Debug\Design.a(Hall_Timer.o)
                0x000011dc                Hall_Timer_SetInterruptMode
 .text.Hall_Timer_ReadStatusRegister
                0x000011e8        0xc .\CortexM3\ARM_GCC_541\Debug\Design.a(Hall_Timer.o)
                0x000011e8                Hall_Timer_ReadStatusRegister
 .text.Hall_Timer_WritePeriod
                0x000011f4        0xc .\CortexM3\ARM_GCC_541\Debug\Design.a(Hall_Timer.o)
                0x000011f4                Hall_Timer_WritePeriod
 .text.Hall_Timer_ReadCapture
                0x00001200        0xc .\CortexM3\ARM_GCC_541\Debug\Design.a(Hall_Timer.o)
                0x00001200                Hall_Timer_ReadCapture
 .text.Hall_Timer_WriteCounter
                0x0000120c        0xc .\CortexM3\ARM_GCC_541\Debug\Design.a(Hall_Timer.o)
                0x0000120c                Hall_Timer_WriteCounter
 .text.Hall_Timer_SetInterruptCount
                0x00001218       0x1c .\CortexM3\ARM_GCC_541\Debug\Design.a(Hall_Timer.o)
                0x00001218                Hall_Timer_SetInterruptCount
 .text.Hall_Timer_ClearFIFO
                0x00001234       0x14 .\CortexM3\ARM_GCC_541\Debug\Design.a(Hall_Timer.o)
                0x00001234                Hall_Timer_ClearFIFO
 .text.Hall_Timer_Init
                0x00001248       0x3c .\CortexM3\ARM_GCC_541\Debug\Design.a(Hall_Timer.o)
                0x00001248                Hall_Timer_Init
 .text.Hall_Timer_Start
                0x00001284       0x1c .\CortexM3\ARM_GCC_541\Debug\Design.a(Hall_Timer.o)
                0x00001284                Hall_Timer_Start
 .text.Throttle_PWM_Enable
                0x000012a0       0x10 .\CortexM3\ARM_GCC_541\Debug\Design.a(Throttle_PWM.o)
                0x000012a0                Throttle_PWM_Enable
 .text.Throttle_PWM_WriteCounter
                0x000012b0        0xc .\CortexM3\ARM_GCC_541\Debug\Design.a(Throttle_PWM.o)
                0x000012b0                Throttle_PWM_WriteCounter
 .text.Throttle_PWM_WritePeriod
                0x000012bc        0xc .\CortexM3\ARM_GCC_541\Debug\Design.a(Throttle_PWM.o)
                0x000012bc                Throttle_PWM_WritePeriod
 .text.Throttle_PWM_WriteCompare
                0x000012c8        0xc .\CortexM3\ARM_GCC_541\Debug\Design.a(Throttle_PWM.o)
                0x000012c8                Throttle_PWM_WriteCompare
 .text.Throttle_PWM_SetInterruptMode
                0x000012d4        0xc .\CortexM3\ARM_GCC_541\Debug\Design.a(Throttle_PWM.o)
                0x000012d4                Throttle_PWM_SetInterruptMode
 .text.Throttle_PWM_ReadStatusRegister
                0x000012e0        0xc .\CortexM3\ARM_GCC_541\Debug\Design.a(Throttle_PWM.o)
                0x000012e0                Throttle_PWM_ReadStatusRegister
 .text.Throttle_PWM_ReadCapture
                0x000012ec        0xc .\CortexM3\ARM_GCC_541\Debug\Design.a(Throttle_PWM.o)
                0x000012ec                Throttle_PWM_ReadCapture
 .text.Throttle_PWM_ClearFIFO
                0x000012f8       0x14 .\CortexM3\ARM_GCC_541\Debug\Design.a(Throttle_PWM.o)
                0x000012f8                Throttle_PWM_ClearFIFO
 .text.Throttle_PWM_Init
                0x0000130c       0x64 .\CortexM3\ARM_GCC_541\Debug\Design.a(Throttle_PWM.o)
                0x0000130c                Throttle_PWM_Init
 .text.Throttle_PWM_Start
                0x00001370       0x1c .\CortexM3\ARM_GCC_541\Debug\Design.a(Throttle_PWM.o)
                0x00001370                Throttle_PWM_Start
 .text.PID_Timer_Enable
                0x0000138c       0x10 .\CortexM3\ARM_GCC_541\Debug\Design.a(PID_Timer.o)
                0x0000138c                PID_Timer_Enable
 .text.PID_Timer_SetInterruptMode
                0x0000139c        0xc .\CortexM3\ARM_GCC_541\Debug\Design.a(PID_Timer.o)
                0x0000139c                PID_Timer_SetInterruptMode
 .text.PID_Timer_ReadStatusRegister
                0x000013a8        0xc .\CortexM3\ARM_GCC_541\Debug\Design.a(PID_Timer.o)
                0x000013a8                PID_Timer_ReadStatusRegister
 .text.PID_Timer_WritePeriod
                0x000013b4        0xc .\CortexM3\ARM_GCC_541\Debug\Design.a(PID_Timer.o)
                0x000013b4                PID_Timer_WritePeriod
 .text.PID_Timer_ReadCapture
                0x000013c0        0xc .\CortexM3\ARM_GCC_541\Debug\Design.a(PID_Timer.o)
                0x000013c0                PID_Timer_ReadCapture
 .text.PID_Timer_WriteCounter
                0x000013cc        0xc .\CortexM3\ARM_GCC_541\Debug\Design.a(PID_Timer.o)
                0x000013cc                PID_Timer_WriteCounter
 .text.PID_Timer_ClearFIFO
                0x000013d8       0x14 .\CortexM3\ARM_GCC_541\Debug\Design.a(PID_Timer.o)
                0x000013d8                PID_Timer_ClearFIFO
 .text.PID_Timer_Init
                0x000013ec       0x30 .\CortexM3\ARM_GCC_541\Debug\Design.a(PID_Timer.o)
                0x000013ec                PID_Timer_Init
 .text.PID_Timer_Start
                0x0000141c       0x1c .\CortexM3\ARM_GCC_541\Debug\Design.a(PID_Timer.o)
                0x0000141c                PID_Timer_Start
 .text.PID_Interrupt_Interrupt
                0x00001438        0x4 .\CortexM3\ARM_GCC_541\Debug\Design.a(PID_Interrupt.o)
                0x00001438                PID_Interrupt_Interrupt
 .text.PID_Interrupt_SetVector
                0x0000143c        0xc .\CortexM3\ARM_GCC_541\Debug\Design.a(PID_Interrupt.o)
                0x0000143c                PID_Interrupt_SetVector
 .text.PID_Interrupt_SetPriority
                0x00001448       0x10 .\CortexM3\ARM_GCC_541\Debug\Design.a(PID_Interrupt.o)
                0x00001448                PID_Interrupt_SetPriority
 .text.PID_Interrupt_Enable
                0x00001458        0xc .\CortexM3\ARM_GCC_541\Debug\Design.a(PID_Interrupt.o)
                0x00001458                PID_Interrupt_Enable
 .text.PID_Interrupt_Disable
                0x00001464        0xc .\CortexM3\ARM_GCC_541\Debug\Design.a(PID_Interrupt.o)
                0x00001464                PID_Interrupt_Disable
 .text.PID_Interrupt_Start
                0x00001470       0x1c .\CortexM3\ARM_GCC_541\Debug\Design.a(PID_Interrupt.o)
                0x00001470                PID_Interrupt_Start
 *fill*         0x0000148c        0x4 
 .text          0x00001490       0x20 .\CortexM3\ARM_GCC_541\Debug\Design.a(CyBootAsmGnu.o)
                0x00001490                CyDelayCycles
                0x000014a0                CyEnterCriticalSection
                0x000014a8                CyExitCriticalSection
 .text          0x000014b0      0x370 c:/program files (x86)/cypress/psoc creator/4.4/psoc creator/import/gnu/arm/5.4.1/bin/../lib/gcc/arm-none-eabi/5.4.1/armv7-m\libgcc.a(_arm_addsubdf3.o)
                0x000014b0                __aeabi_drsub
                0x000014b8                __aeabi_dsub
                0x000014b8                __subdf3
                0x000014bc                __aeabi_dadd
                0x000014bc                __adddf3
                0x00001734                __floatunsidf
                0x00001734                __aeabi_ui2d
                0x00001754                __floatsidf
                0x00001754                __aeabi_i2d
                0x00001778                __aeabi_f2d
                0x00001778                __extendsfdf2
                0x000017b4                __floatundidf
                0x000017b4                __aeabi_ul2d
                0x000017c4                __floatdidf
                0x000017c4                __aeabi_l2d
 .text          0x00001820      0x424 c:/program files (x86)/cypress/psoc creator/4.4/psoc creator/import/gnu/arm/5.4.1/bin/../lib/gcc/arm-none-eabi/5.4.1/armv7-m\libgcc.a(_arm_muldivdf3.o)
                0x00001820                __aeabi_dmul
                0x00001820                __muldf3
                0x00001a74                __divdf3
                0x00001a74                __aeabi_ddiv
 .text          0x00001c44      0x110 c:/program files (x86)/cypress/psoc creator/4.4/psoc creator/import/gnu/arm/5.4.1/bin/../lib/gcc/arm-none-eabi/5.4.1/armv7-m\libgcc.a(_arm_cmpdf2.o)
                0x00001c44                __gtdf2
                0x00001c44                __gedf2
                0x00001c4c                __ltdf2
                0x00001c4c                __ledf2
                0x00001c54                __nedf2
                0x00001c54                __eqdf2
                0x00001c54                __cmpdf2
                0x00001cd0                __aeabi_cdrcmple
                0x00001ce0                __aeabi_cdcmpeq
                0x00001ce0                __aeabi_cdcmple
                0x00001cf0                __aeabi_dcmpeq
                0x00001d04                __aeabi_dcmplt
                0x00001d18                __aeabi_dcmple
                0x00001d2c                __aeabi_dcmpge
                0x00001d40                __aeabi_dcmpgt
 .text          0x00001d54       0x50 c:/program files (x86)/cypress/psoc creator/4.4/psoc creator/import/gnu/arm/5.4.1/bin/../lib/gcc/arm-none-eabi/5.4.1/armv7-m\libgcc.a(_arm_fixdfsi.o)
                0x00001d54                __aeabi_d2iz
                0x00001d54                __fixdfsi
 .text          0x00001da4       0x40 c:/program files (x86)/cypress/psoc creator/4.4/psoc creator/import/gnu/arm/5.4.1/bin/../lib/gcc/arm-none-eabi/5.4.1/armv7-m\libgcc.a(_arm_fixunsdfsi.o)
                0x00001da4                __aeabi_d2uiz
                0x00001da4                __fixunsdfsi
 .text          0x00001de4       0x30 c:/program files (x86)/cypress/psoc creator/4.4/psoc creator/import/gnu/arm/5.4.1/bin/../lib/gcc/arm-none-eabi/5.4.1/armv7-m\libgcc.a(_aeabi_uldivmod.o)
                0x00001de4                __aeabi_uldivmod
 .text          0x00001e14      0x2ec c:/program files (x86)/cypress/psoc creator/4.4/psoc creator/import/gnu/arm/5.4.1/bin/../lib/gcc/arm-none-eabi/5.4.1/armv7-m\libgcc.a(_udivmoddi4.o)
                0x00001e14                __udivmoddi4
 .text          0x00002100        0x4 c:/program files (x86)/cypress/psoc creator/4.4/psoc creator/import/gnu/arm/5.4.1/bin/../lib/gcc/arm-none-eabi/5.4.1/armv7-m\libgcc.a(_dvmd_tls.o)
                0x00002100                __aeabi_idiv0
                0x00002100                __aeabi_ldiv0
 .text.__errno  0x00002104        0xc c:/program files (x86)/cypress/psoc creator/4.4/psoc creator/import/gnu/arm/5.4.1/bin/../lib/gcc/arm-none-eabi/5.4.1/../../../../arm-none-eabi/lib/armv7-m\libg_nano.a(lib_a-errno.o)
                0x00002104                __errno
 .text.__libc_init_array
                0x00002110       0x4c c:/program files (x86)/cypress/psoc creator/4.4/psoc creator/import/gnu/arm/5.4.1/bin/../lib/gcc/arm-none-eabi/5.4.1/../../../../arm-none-eabi/lib/armv7-m\libg_nano.a(lib_a-init.o)
                0x00002110                __libc_init_array
 .text.memcpy   0x0000215c       0x16 c:/program files (x86)/cypress/psoc creator/4.4/psoc creator/import/gnu/arm/5.4.1/bin/../lib/gcc/arm-none-eabi/5.4.1/../../../../arm-none-eabi/lib/armv7-m\libg_nano.a(lib_a-memcpy-stub.o)
                0x0000215c                memcpy
 .text.memset   0x00002172       0x10 c:/program files (x86)/cypress/psoc creator/4.4/psoc creator/import/gnu/arm/5.4.1/bin/../lib/gcc/arm-none-eabi/5.4.1/../../../../arm-none-eabi/lib/armv7-m\libg_nano.a(lib_a-memset.o)
                0x00002172                memset
 .text.__cvt    0x00002182       0xc0 c:/program files (x86)/cypress/psoc creator/4.4/psoc creator/import/gnu/arm/5.4.1/bin/../lib/gcc/arm-none-eabi/5.4.1/../../../../arm-none-eabi/lib/armv7-m\libg_nano.a(lib_a-nano-vfprintf_float.o)
                0x00002182                __cvt
 .text.__exponent
                0x00002242       0x62 c:/program files (x86)/cypress/psoc creator/4.4/psoc creator/import/gnu/arm/5.4.1/bin/../lib/gcc/arm-none-eabi/5.4.1/../../../../arm-none-eabi/lib/armv7-m\libg_nano.a(lib_a-nano-vfprintf_float.o)
                0x00002242                __exponent
 .text._printf_float
                0x000022a4      0x488 c:/program files (x86)/cypress/psoc creator/4.4/psoc creator/import/gnu/arm/5.4.1/bin/../lib/gcc/arm-none-eabi/5.4.1/../../../../arm-none-eabi/lib/armv7-m\libg_nano.a(lib_a-nano-vfprintf_float.o)
                0x000022a4                _printf_float
 .text._printf_common
                0x0000272c       0xec c:/program files (x86)/cypress/psoc creator/4.4/psoc creator/import/gnu/arm/5.4.1/bin/../lib/gcc/arm-none-eabi/5.4.1/../../../../arm-none-eabi/lib/armv7-m\libg_nano.a(lib_a-nano-vfprintf_i.o)
                0x0000272c                _printf_common
 .text._printf_i
                0x00002818      0x24c c:/program files (x86)/cypress/psoc creator/4.4/psoc creator/import/gnu/arm/5.4.1/bin/../lib/gcc/arm-none-eabi/5.4.1/../../../../arm-none-eabi/lib/armv7-m\libg_nano.a(lib_a-nano-vfprintf_i.o)
                0x00002818                _printf_i
 .text.swapfunc
                0x00002a64       0x34 c:/program files (x86)/cypress/psoc creator/4.4/psoc creator/import/gnu/arm/5.4.1/bin/../lib/gcc/arm-none-eabi/5.4.1/../../../../arm-none-eabi/lib/armv7-m\libg_nano.a(lib_a-qsort.o)
 .text.med3.isra.1
                0x00002a98       0x40 c:/program files (x86)/cypress/psoc creator/4.4/psoc creator/import/gnu/arm/5.4.1/bin/../lib/gcc/arm-none-eabi/5.4.1/../../../../arm-none-eabi/lib/armv7-m\libg_nano.a(lib_a-qsort.o)
 .text.qsort    0x00002ad8      0x26e c:/program files (x86)/cypress/psoc creator/4.4/psoc creator/import/gnu/arm/5.4.1/bin/../lib/gcc/arm-none-eabi/5.4.1/../../../../arm-none-eabi/lib/armv7-m\libg_nano.a(lib_a-qsort.o)
                0x00002ad8                qsort
 *fill*         0x00002d46        0x2 
 .text.sprintf  0x00002d48       0x48 c:/program files (x86)/cypress/psoc creator/4.4/psoc creator/import/gnu/arm/5.4.1/bin/../lib/gcc/arm-none-eabi/5.4.1/../../../../arm-none-eabi/lib/armv7-m\libg_nano.a(lib_a-sprintf.o)
                0x00002d48                siprintf
                0x00002d48                sprintf
 .text          0x00002d90       0x10 c:/program files (x86)/cypress/psoc creator/4.4/psoc creator/import/gnu/arm/5.4.1/bin/../lib/gcc/arm-none-eabi/5.4.1/../../../../arm-none-eabi/lib/armv7-m\libg_nano.a(lib_a-strlen.o)
                0x00002d90                strlen
 .text.quorem   0x00002da0      0x116 c:/program files (x86)/cypress/psoc creator/4.4/psoc creator/import/gnu/arm/5.4.1/bin/../lib/gcc/arm-none-eabi/5.4.1/../../../../arm-none-eabi/lib/armv7-m\libg_nano.a(lib_a-dtoa.o)
 *fill*         0x00002eb6        0x2 
 .text._dtoa_r  0x00002eb8      0xb30 c:/program files (x86)/cypress/psoc creator/4.4/psoc creator/import/gnu/arm/5.4.1/bin/../lib/gcc/arm-none-eabi/5.4.1/../../../../arm-none-eabi/lib/armv7-m\libg_nano.a(lib_a-dtoa.o)
                0x00002eb8                _dtoa_r
 .text._localeconv_r
                0x000039e8        0x8 c:/program files (x86)/cypress/psoc creator/4.4/psoc creator/import/gnu/arm/5.4.1/bin/../lib/gcc/arm-none-eabi/5.4.1/../../../../arm-none-eabi/lib/armv7-m\libg_nano.a(lib_a-locale.o)
                0x000039e8                _localeconv_r
 .text.malloc   0x000039f0       0x10 c:/program files (x86)/cypress/psoc creator/4.4/psoc creator/import/gnu/arm/5.4.1/bin/../lib/gcc/arm-none-eabi/5.4.1/../../../../arm-none-eabi/lib/armv7-m\libg_nano.a(lib_a-malloc.o)
                0x000039f0                malloc
 .text.memchr   0x00003a00       0x1c c:/program files (x86)/cypress/psoc creator/4.4/psoc creator/import/gnu/arm/5.4.1/bin/../lib/gcc/arm-none-eabi/5.4.1/../../../../arm-none-eabi/lib/armv7-m\libg_nano.a(lib_a-memchr-stub.o)
                0x00003a00                memchr
 .text._Balloc  0x00003a1c       0x6a c:/program files (x86)/cypress/psoc creator/4.4/psoc creator/import/gnu/arm/5.4.1/bin/../lib/gcc/arm-none-eabi/5.4.1/../../../../arm-none-eabi/lib/armv7-m\libg_nano.a(lib_a-mprec.o)
                0x00003a1c                _Balloc
 .text._Bfree   0x00003a86       0x2e c:/program files (x86)/cypress/psoc creator/4.4/psoc creator/import/gnu/arm/5.4.1/bin/../lib/gcc/arm-none-eabi/5.4.1/../../../../arm-none-eabi/lib/armv7-m\libg_nano.a(lib_a-mprec.o)
                0x00003a86                _Bfree
 .text.__multadd
                0x00003ab4       0x76 c:/program files (x86)/cypress/psoc creator/4.4/psoc creator/import/gnu/arm/5.4.1/bin/../lib/gcc/arm-none-eabi/5.4.1/../../../../arm-none-eabi/lib/armv7-m\libg_nano.a(lib_a-mprec.o)
                0x00003ab4                __multadd
 .text.__hi0bits
                0x00003b2a       0x40 c:/program files (x86)/cypress/psoc creator/4.4/psoc creator/import/gnu/arm/5.4.1/bin/../lib/gcc/arm-none-eabi/5.4.1/../../../../arm-none-eabi/lib/armv7-m\libg_nano.a(lib_a-mprec.o)
                0x00003b2a                __hi0bits
 .text.__lo0bits
                0x00003b6a       0x5a c:/program files (x86)/cypress/psoc creator/4.4/psoc creator/import/gnu/arm/5.4.1/bin/../lib/gcc/arm-none-eabi/5.4.1/../../../../arm-none-eabi/lib/armv7-m\libg_nano.a(lib_a-mprec.o)
                0x00003b6a                __lo0bits
 .text.__i2b    0x00003bc4       0x12 c:/program files (x86)/cypress/psoc creator/4.4/psoc creator/import/gnu/arm/5.4.1/bin/../lib/gcc/arm-none-eabi/5.4.1/../../../../arm-none-eabi/lib/armv7-m\libg_nano.a(lib_a-mprec.o)
                0x00003bc4                __i2b
 .text.__multiply
                0x00003bd6      0x120 c:/program files (x86)/cypress/psoc creator/4.4/psoc creator/import/gnu/arm/5.4.1/bin/../lib/gcc/arm-none-eabi/5.4.1/../../../../arm-none-eabi/lib/armv7-m\libg_nano.a(lib_a-mprec.o)
                0x00003bd6                __multiply
 *fill*         0x00003cf6        0x2 
 .text.__pow5mult
                0x00003cf8       0x9c c:/program files (x86)/cypress/psoc creator/4.4/psoc creator/import/gnu/arm/5.4.1/bin/../lib/gcc/arm-none-eabi/5.4.1/../../../../arm-none-eabi/lib/armv7-m\libg_nano.a(lib_a-mprec.o)
                0x00003cf8                __pow5mult
 .text.__lshift
                0x00003d94       0xa2 c:/program files (x86)/cypress/psoc creator/4.4/psoc creator/import/gnu/arm/5.4.1/bin/../lib/gcc/arm-none-eabi/5.4.1/../../../../arm-none-eabi/lib/armv7-m\libg_nano.a(lib_a-mprec.o)
                0x00003d94                __lshift
 .text.__mcmp   0x00003e36       0x38 c:/program files (x86)/cypress/psoc creator/4.4/psoc creator/import/gnu/arm/5.4.1/bin/../lib/gcc/arm-none-eabi/5.4.1/../../../../arm-none-eabi/lib/armv7-m\libg_nano.a(lib_a-mprec.o)
                0x00003e36                __mcmp
 .text.__mdiff  0x00003e6e       0xbe c:/program files (x86)/cypress/psoc creator/4.4/psoc creator/import/gnu/arm/5.4.1/bin/../lib/gcc/arm-none-eabi/5.4.1/../../../../arm-none-eabi/lib/armv7-m\libg_nano.a(lib_a-mprec.o)
                0x00003e6e                __mdiff
 .text.__d2b    0x00003f2c       0x9c c:/program files (x86)/cypress/psoc creator/4.4/psoc creator/import/gnu/arm/5.4.1/bin/../lib/gcc/arm-none-eabi/5.4.1/../../../../arm-none-eabi/lib/armv7-m\libg_nano.a(lib_a-mprec.o)
                0x00003f2c                __d2b
 .text._calloc_r
                0x00003fc8       0x1c c:/program files (x86)/cypress/psoc creator/4.4/psoc creator/import/gnu/arm/5.4.1/bin/../lib/gcc/arm-none-eabi/5.4.1/../../../../arm-none-eabi/lib/armv7-m\libg_nano.a(lib_a-nano-callocr.o)
                0x00003fc8                _calloc_r
 .text._free_r  0x00003fe4       0x98 c:/program files (x86)/cypress/psoc creator/4.4/psoc creator/import/gnu/arm/5.4.1/bin/../lib/gcc/arm-none-eabi/5.4.1/../../../../arm-none-eabi/lib/armv7-m\libg_nano.a(lib_a-nano-freer.o)
                0x00003fe4                _free_r
 .text._malloc_r
                0x0000407c       0xbc c:/program files (x86)/cypress/psoc creator/4.4/psoc creator/import/gnu/arm/5.4.1/bin/../lib/gcc/arm-none-eabi/5.4.1/../../../../arm-none-eabi/lib/armv7-m\libg_nano.a(lib_a-nano-mallocr.o)
                0x0000407c                _malloc_r
 .text.__ssputs_r
                0x00004138       0xb2 c:/program files (x86)/cypress/psoc creator/4.4/psoc creator/import/gnu/arm/5.4.1/bin/../lib/gcc/arm-none-eabi/5.4.1/../../../../arm-none-eabi/lib/armv7-m\libg_nano.a(lib_a-nano-svfprintf.o)
                0x00004138                __ssputs_r
 *fill*         0x000041ea        0x2 
 .text._svfprintf_r
                0x000041ec      0x1e8 c:/program files (x86)/cypress/psoc creator/4.4/psoc creator/import/gnu/arm/5.4.1/bin/../lib/gcc/arm-none-eabi/5.4.1/../../../../arm-none-eabi/lib/armv7-m\libg_nano.a(lib_a-nano-svfprintf.o)
                0x000041ec                _svfiprintf_r
                0x000041ec                _svfprintf_r
 .text._sbrk_r  0x000043d4       0x20 c:/program files (x86)/cypress/psoc creator/4.4/psoc creator/import/gnu/arm/5.4.1/bin/../lib/gcc/arm-none-eabi/5.4.1/../../../../arm-none-eabi/lib/armv7-m\libg_nano.a(lib_a-sbrkr.o)
                0x000043d4                _sbrk_r
 .text.memmove  0x000043f4       0x36 c:/program files (x86)/cypress/psoc creator/4.4/psoc creator/import/gnu/arm/5.4.1/bin/../lib/gcc/arm-none-eabi/5.4.1/../../../../arm-none-eabi/lib/armv7-m\libg_nano.a(lib_a-memmove.o)
                0x000043f4                memmove
 .text.__malloc_lock
                0x0000442a        0x2 c:/program files (x86)/cypress/psoc creator/4.4/psoc creator/import/gnu/arm/5.4.1/bin/../lib/gcc/arm-none-eabi/5.4.1/../../../../arm-none-eabi/lib/armv7-m\libg_nano.a(lib_a-mlock.o)
                0x0000442a                __malloc_lock
 .text.__malloc_unlock
                0x0000442c        0x2 c:/program files (x86)/cypress/psoc creator/4.4/psoc creator/import/gnu/arm/5.4.1/bin/../lib/gcc/arm-none-eabi/5.4.1/../../../../arm-none-eabi/lib/armv7-m\libg_nano.a(lib_a-mlock.o)
                0x0000442c                __malloc_unlock
 .text._realloc_r
                0x0000442e       0x4c c:/program files (x86)/cypress/psoc creator/4.4/psoc creator/import/gnu/arm/5.4.1/bin/../lib/gcc/arm-none-eabi/5.4.1/../../../../arm-none-eabi/lib/armv7-m\libg_nano.a(lib_a-nano-reallocr.o)
                0x0000442e                _realloc_r
 .text._malloc_usable_size_r
                0x0000447a       0x14 c:/program files (x86)/cypress/psoc creator/4.4/psoc creator/import/gnu/arm/5.4.1/bin/../lib/gcc/arm-none-eabi/5.4.1/../../../../arm-none-eabi/lib/armv7-m\libg_nano.a(lib_a-nano-msizer.o)
                0x0000447a                _malloc_usable_size_r
 *fill*         0x0000448e        0x2 
 .text          0x00004490       0x2c c:/program files (x86)/cypress/psoc creator/4.4/psoc creator/import/gnu/arm/5.4.1/bin/../lib/gcc/arm-none-eabi/5.4.1/armv7-m\libgcc.a(_arm_unorddf2.o)
                0x00004490                __unorddf2
                0x00004490                __aeabi_dcmpun
 *(.plt)
 *(.gnu.warning)
 *(.glue_7t)
 .glue_7t       0x000044bc        0x0 linker stubs
 *(.glue_7)
 .glue_7        0x000044bc        0x0 linker stubs
 *(.vfp11_veneer)
 .vfp11_veneer  0x000044bc        0x0 linker stubs
 *(.bootloader)
 *(.ARM.extab* .gnu.linkonce.armextab.*)
 *(.gcc_except_table)

.v4_bx          0x000044bc        0x0
 .v4_bx         0x000044bc        0x0 linker stubs

.iplt           0x000044bc        0x0
 .iplt          0x000044bc        0x0 c:/program files (x86)/cypress/psoc creator/4.4/psoc creator/import/gnu/arm/5.4.1/bin/../lib/gcc/arm-none-eabi/5.4.1/armv7-m/crtbegin.o

.eh_frame_hdr
 *(.eh_frame_hdr)

.eh_frame       0x000044bc        0x4
 *(.eh_frame)
 .eh_frame      0x000044bc        0x0 c:/program files (x86)/cypress/psoc creator/4.4/psoc creator/import/gnu/arm/5.4.1/bin/../lib/gcc/arm-none-eabi/5.4.1/armv7-m/crtbegin.o
 .eh_frame      0x000044bc        0x4 c:/program files (x86)/cypress/psoc creator/4.4/psoc creator/import/gnu/arm/5.4.1/bin/../lib/gcc/arm-none-eabi/5.4.1/armv7-m/crtend.o
                [!provide]                PROVIDE (__exidx_start, .)

.ARM.exidx      0x000044c0        0x8
 *(.ARM.exidx* .gnu.linkonce.armexidx.*)
 .ARM.exidx     0x000044c0        0x8 c:/program files (x86)/cypress/psoc creator/4.4/psoc creator/import/gnu/arm/5.4.1/bin/../lib/gcc/arm-none-eabi/5.4.1/armv7-m\libgcc.a(_udivmoddi4.o)
                0x000044c8                __exidx_end = .

.rodata         0x000044c8      0x228
 *(.rodata .rodata.* .gnu.linkonce.r.*)
 .rodata.str1.4
                0x000044c8       0x37 .\CortexM3\ARM_GCC_541\Debug\main.o
 *fill*         0x000044ff        0x1 
 .rodata.str1.4
                0x00004500       0x18 .\CortexM3\ARM_GCC_541\Debug\lcd_functions.o
                                 0x17 (size before relaxing)
 .rodata        0x00004518       0x42 .\CortexM3\ARM_GCC_541\Debug\cyfitter_cfg.o
 .rodata.str1.1
                0x0000455a        0x2 c:/program files (x86)/cypress/psoc creator/4.4/psoc creator/import/gnu/arm/5.4.1/bin/../lib/gcc/arm-none-eabi/5.4.1/../../../../arm-none-eabi/lib/armv7-m\libg_nano.a(lib_a-impure.o)
 .rodata.str1.1
                0x0000455c       0x12 c:/program files (x86)/cypress/psoc creator/4.4/psoc creator/import/gnu/arm/5.4.1/bin/../lib/gcc/arm-none-eabi/5.4.1/../../../../arm-none-eabi/lib/armv7-m\libg_nano.a(lib_a-nano-vfprintf_float.o)
 .rodata.str1.1
                0x0000456e       0x22 c:/program files (x86)/cypress/psoc creator/4.4/psoc creator/import/gnu/arm/5.4.1/bin/../lib/gcc/arm-none-eabi/5.4.1/../../../../arm-none-eabi/lib/armv7-m\libg_nano.a(lib_a-nano-vfprintf_i.o)
 .rodata.str1.1
                0x00004590        0xd c:/program files (x86)/cypress/psoc creator/4.4/psoc creator/import/gnu/arm/5.4.1/bin/../lib/gcc/arm-none-eabi/5.4.1/../../../../arm-none-eabi/lib/armv7-m\libg_nano.a(lib_a-dtoa.o)
                                  0xf (size before relaxing)
 .rodata.str1.1
                0x0000459d        0x8 c:/program files (x86)/cypress/psoc creator/4.4/psoc creator/import/gnu/arm/5.4.1/bin/../lib/gcc/arm-none-eabi/5.4.1/../../../../arm-none-eabi/lib/armv7-m\libg_nano.a(lib_a-locale.o)
                                  0xb (size before relaxing)
 *fill*         0x000045a5        0x3 
 .rodata.__mprec_tens
                0x000045a8       0xc8 c:/program files (x86)/cypress/psoc creator/4.4/psoc creator/import/gnu/arm/5.4.1/bin/../lib/gcc/arm-none-eabi/5.4.1/../../../../arm-none-eabi/lib/armv7-m\libg_nano.a(lib_a-mprec.o)
                0x000045a8                __mprec_tens
 .rodata.p05.5408
                0x00004670        0xc c:/program files (x86)/cypress/psoc creator/4.4/psoc creator/import/gnu/arm/5.4.1/bin/../lib/gcc/arm-none-eabi/5.4.1/../../../../arm-none-eabi/lib/armv7-m\libg_nano.a(lib_a-mprec.o)
 *fill*         0x0000467c        0x4 
 .rodata.__mprec_bigtens
                0x00004680       0x28 c:/program files (x86)/cypress/psoc creator/4.4/psoc creator/import/gnu/arm/5.4.1/bin/../lib/gcc/arm-none-eabi/5.4.1/../../../../arm-none-eabi/lib/armv7-m\libg_nano.a(lib_a-mprec.o)
                0x00004680                __mprec_bigtens
 .rodata.str1.1
                0x000046a8       0x11 c:/program files (x86)/cypress/psoc creator/4.4/psoc creator/import/gnu/arm/5.4.1/bin/../lib/gcc/arm-none-eabi/5.4.1/../../../../arm-none-eabi/lib/armv7-m\libg_nano.a(lib_a-nano-svfprintf.o)
                0x000046bc                . = ALIGN (0x4)
 *fill*         0x000046b9        0x3 
 *(.init)
 .init          0x000046bc        0x4 c:/program files (x86)/cypress/psoc creator/4.4/psoc creator/import/gnu/arm/5.4.1/bin/../lib/gcc/arm-none-eabi/5.4.1/armv7-m/crti.o
                0x000046bc                _init
 .init          0x000046c0        0x8 c:/program files (x86)/cypress/psoc creator/4.4/psoc creator/import/gnu/arm/5.4.1/bin/../lib/gcc/arm-none-eabi/5.4.1/armv7-m/crtn.o
                0x000046c8                . = ALIGN (0x4)
                0x000046c8                __preinit_array_start = .
 *(.preinit_array)
                0x000046c8                __preinit_array_end = .
                0x000046c8                . = ALIGN (0x4)
                0x000046c8                __init_array_start = .
 *(SORT(.init_array.*))
 *(.init_array)
 .init_array    0x000046c8        0x4 c:/program files (x86)/cypress/psoc creator/4.4/psoc creator/import/gnu/arm/5.4.1/bin/../lib/gcc/arm-none-eabi/5.4.1/armv7-m/crtbegin.o
 .init_array    0x000046cc        0x4 .\CortexM3\ARM_GCC_541\Debug\Cm3Start.o
                0x000046d0                __init_array_end = .
                0x000046d0                . = ALIGN (0x4)
 *(.fini)
 .fini          0x000046d0        0x4 c:/program files (x86)/cypress/psoc creator/4.4/psoc creator/import/gnu/arm/5.4.1/bin/../lib/gcc/arm-none-eabi/5.4.1/armv7-m/crti.o
                0x000046d0                _fini
 .fini          0x000046d4        0x8 c:/program files (x86)/cypress/psoc creator/4.4/psoc creator/import/gnu/arm/5.4.1/bin/../lib/gcc/arm-none-eabi/5.4.1/armv7-m/crtn.o
                0x000046dc                . = ALIGN (0x4)
                0x000046dc                __fini_array_start = .
 *(.fini_array)
 .fini_array    0x000046dc        0x4 c:/program files (x86)/cypress/psoc creator/4.4/psoc creator/import/gnu/arm/5.4.1/bin/../lib/gcc/arm-none-eabi/5.4.1/armv7-m/crtbegin.o
 *(SORT(.fini_array.*))
                0x000046e0                __fini_array_end = .
                0x000046e0                . = ALIGN (0x4)
 *crtbegin.o(.ctors)
 *(EXCLUDE_FILE(*crtend.o) .ctors)
 *(SORT(.ctors.*))
 *crtend.o(.ctors)
                0x000046e0                . = ALIGN (0x4)
 *crtbegin.o(.dtors)
 *(EXCLUDE_FILE(*crtend.o) .dtors)
 *(SORT(.dtors.*))
 *crtend.o(.dtors)
                0x000046e0                . = ALIGN (0x4)
                0x000046e0                __cy_regions = .
                0x000046e0        0x4 LONG 0x46f0 __cy_region_init_ram
                0x000046e4        0x4 LONG 0x1fff80c8 __cy_region_start_data
                0x000046e8        0x4 LONG 0xf8 __cy_region_init_size_ram
                0x000046ec        0x4 LONG 0x4b8 __cy_region_zero_size_ram
                0x000046f0                __cy_regions_end = .
                0x000046f0                . = ALIGN (0x8)
                0x000046f0                _etext = .

.cy_checksum_exclude
                0x000046f0        0x0
 *(.cy_checksum_exclude)

.ramvectors     0x1fff8000       0xc0
                0x1fff8000                __cy_region_start_ram = .
 *(.ramvectors)
 .ramvectors    0x1fff8000       0xc0 .\CortexM3\ARM_GCC_541\Debug\Cm3Start.o
                0x1fff8000                CyRamVectors

.noinit         0x1fff80c0        0x1
 *(.noinit)
 .noinit        0x1fff80c0        0x1 .\CortexM3\ARM_GCC_541\Debug\Design.a(CyLib.o)
                0x1fff80c0                CyResetStatus

.data           0x1fff80c8       0xf8 load address 0x000046f0
                0x1fff80c8                __cy_region_start_data = .
 *(.jcr)
 .jcr           0x1fff80c8        0x0 c:/program files (x86)/cypress/psoc creator/4.4/psoc creator/import/gnu/arm/5.4.1/bin/../lib/gcc/arm-none-eabi/5.4.1/armv7-m/crtbegin.o
 .jcr           0x1fff80c8        0x4 c:/program files (x86)/cypress/psoc creator/4.4/psoc creator/import/gnu/arm/5.4.1/bin/../lib/gcc/arm-none-eabi/5.4.1/armv7-m/crtend.o
 *(.got.plt)
 *(.got)
 *(.shdata)
 *(.data .data.* .gnu.linkonce.d.*)
 *fill*         0x1fff80cc        0x4 
 .data          0x1fff80d0       0x40 .\CortexM3\ARM_GCC_541\Debug\main.o
                0x1fff80d0                lastHallTime
                0x1fff80d8                ki_speed
                0x1fff80e0                pid_period
                0x1fff80e8                kp_speed
                0x1fff80f0                goalDarkTime
                0x1fff80f8                kp_steer
                0x1fff8100                kd_steer
                0x1fff8108                goalRpmMax
 .data          0x1fff8110        0x4 .\CortexM3\ARM_GCC_541\Debug\Cm3Start.o
 .data          0x1fff8114       0x10 .\CortexM3\ARM_GCC_541\Debug\Design.a(CyLib.o)
                0x1fff8114                cydelay_32k_ms
                0x1fff8118                cydelay_freq_khz
                0x1fff811c                cydelay_freq_mhz
                0x1fff8120                cydelay_freq_hz
 .data.impure_data
                0x1fff8124       0x60 c:/program files (x86)/cypress/psoc creator/4.4/psoc creator/import/gnu/arm/5.4.1/bin/../lib/gcc/arm-none-eabi/5.4.1/../../../../arm-none-eabi/lib/armv7-m\libg_nano.a(lib_a-impure.o)
 .data._impure_ptr
                0x1fff8184        0x4 c:/program files (x86)/cypress/psoc creator/4.4/psoc creator/import/gnu/arm/5.4.1/bin/../lib/gcc/arm-none-eabi/5.4.1/../../../../arm-none-eabi/lib/armv7-m\libg_nano.a(lib_a-impure.o)
                0x1fff8184                _impure_ptr
 .data.lconv    0x1fff8188       0x38 c:/program files (x86)/cypress/psoc creator/4.4/psoc creator/import/gnu/arm/5.4.1/bin/../lib/gcc/arm-none-eabi/5.4.1/../../../../arm-none-eabi/lib/armv7-m\libg_nano.a(lib_a-locale.o)
                0x1fff81c0                . = ALIGN (0x8)
 *(.ram)
                0x1fff81c0                _edata = .

.igot.plt       0x1fff81c0        0x0 load address 0x000047e8
 .igot.plt      0x1fff81c0        0x0 c:/program files (x86)/cypress/psoc creator/4.4/psoc creator/import/gnu/arm/5.4.1/bin/../lib/gcc/arm-none-eabi/5.4.1/armv7-m/crtbegin.o

.bss            0x1fff81c0      0x4b8 load address 0x000047e8
                0x1fff81c0                PROVIDE (__bss_start__, .)
 *(.shbss)
 *(.bss .bss.* .gnu.linkonce.b.*)
 .bss           0x1fff81c0       0x1c c:/program files (x86)/cypress/psoc creator/4.4/psoc creator/import/gnu/arm/5.4.1/bin/../lib/gcc/arm-none-eabi/5.4.1/armv7-m/crtbegin.o
 *fill*         0x1fff81dc        0x4 
 .bss           0x1fff81e0       0x40 .\CortexM3\ARM_GCC_541\Debug\main.o
                0x1fff81e0                numFrames
                0x1fff81e4                timeOutCounter
                0x1fff81e8                goalRpm
                0x1fff81f0                sumErr_speed
                0x1fff81f8                lastErr_speed
                0x1fff8200                kd_speed
                0x1fff8208                sumErr_steer
                0x1fff8210                ki_steer
                0x1fff8218                lastErr_steer
 .bss           0x1fff8220        0x2 .\CortexM3\ARM_GCC_541\Debug\Design.a(LCD.o)
                0x1fff8220                LCD_enableState
                0x1fff8221                LCD_initVar
 .bss           0x1fff8222        0x2 .\CortexM3\ARM_GCC_541\Debug\Design.a(XBee.o)
                0x1fff8222                XBee_initVar
 .bss           0x1fff8224        0x1 .\CortexM3\ARM_GCC_541\Debug\Design.a(Reference.o)
                0x1fff8224                Reference_initVar
 .bss           0x1fff8225        0x1 .\CortexM3\ARM_GCC_541\Debug\Design.a(Analog_CMP.o)
                0x1fff8225                Analog_CMP_initVar
 .bss           0x1fff8226        0x1 .\CortexM3\ARM_GCC_541\Debug\Design.a(Dark_Timer.o)
                0x1fff8226                Dark_Timer_initVar
 .bss           0x1fff8227        0x1 .\CortexM3\ARM_GCC_541\Debug\Design.a(Servo_PWM.o)
                0x1fff8227                Servo_PWM_initVar
 .bss           0x1fff8228        0x1 .\CortexM3\ARM_GCC_541\Debug\Design.a(Hall_Timer.o)
                0x1fff8228                Hall_Timer_initVar
 .bss           0x1fff8229        0x1 .\CortexM3\ARM_GCC_541\Debug\Design.a(Throttle_PWM.o)
                0x1fff8229                Throttle_PWM_initVar
 .bss           0x1fff822a        0x1 .\CortexM3\ARM_GCC_541\Debug\Design.a(PID_Timer.o)
                0x1fff822a                PID_Timer_initVar
 *fill*         0x1fff822b        0x1 
 .bss.__malloc_sbrk_start
                0x1fff822c        0x4 c:/program files (x86)/cypress/psoc creator/4.4/psoc creator/import/gnu/arm/5.4.1/bin/../lib/gcc/arm-none-eabi/5.4.1/../../../../arm-none-eabi/lib/armv7-m\libg_nano.a(lib_a-nano-mallocr.o)
                0x1fff822c                __malloc_sbrk_start
 .bss.__malloc_free_list
                0x1fff8230        0x4 c:/program files (x86)/cypress/psoc creator/4.4/psoc creator/import/gnu/arm/5.4.1/bin/../lib/gcc/arm-none-eabi/5.4.1/../../../../arm-none-eabi/lib/armv7-m\libg_nano.a(lib_a-nano-mallocr.o)
                0x1fff8230                __malloc_free_list
 *(COMMON)
 *fill*         0x1fff8234        0x4 
 COMMON         0x1fff8238      0x43c .\CortexM3\ARM_GCC_541\Debug\main.o
                0x1fff8238                avgRpm
                0x1fff8240                hallFilter
                0x1fff8458                darkTime
                0x1fff8460                darkFilter
 COMMON         0x1fff8674        0x4 c:/program files (x86)/cypress/psoc creator/4.4/psoc creator/import/gnu/arm/5.4.1/bin/../lib/gcc/arm-none-eabi/5.4.1/../../../../arm-none-eabi/lib/armv7-m\libg_nano.a(lib_a-reent.o)
                0x1fff8674                errno
                0x1fff8678                . = ALIGN (0x8)
 *(.ram.b)
                0x1fff8678                _end = .
                0x1fff8678                __end = .
                0x1fff8678                PROVIDE (end, .)
                0x1fff8678                PROVIDE (__bss_end__, .)
                0x000046f0                __cy_region_init_ram = LOADADDR (.data)
                0x000000f8                __cy_region_init_size_ram = (_edata - ADDR (.data))
                0x000004b8                __cy_region_zero_size_ram = (_end - _edata)

.heap           0x1fff8678       0x80 load address 0x000047e8
                0x1fff8678                . = _end
                0x1fff86f8                . = (. + 0x80)
 *fill*         0x1fff8678       0x80 
                0x1fff86f8                __cy_heap_limit = .

.stack          0x20007800      0x800
                0x20007800                __cy_stack_limit = .
                0x20008000                . = (. + 0x800)
 *fill*         0x20007800      0x800 
                0x00000001                ASSERT ((__cy_stack_limit >= __cy_heap_limit), region RAM overflowed with stack)
                0x00000000                cy_checksum_exclude_size = (CY_APPL_LOADABLE == 0x1)?SIZEOF (.cy_checksum_exclude):0x0
                0x00000001                ASSERT ((cy_checksum_exclude_size <= CY_CHECKSUM_EXCLUDE_SIZE), CY_BOOT: Section .cy_checksum_exclude size exceedes specified limit.)

.cyloadermeta
 *(.cyloadermeta)

.cyloadablemeta
 *(.cyloadablemeta)

.cyconfigecc    0x80000000      0xae8
 *(.cyconfigecc)
 .cyconfigecc   0x80000000      0xae8 .\CortexM3\ARM_GCC_541\Debug\cymetadata.o
                0x80000000                cy_meta_configecc

.cycustnvl      0x90000000        0x4
 *(.cycustnvl)
 .cycustnvl     0x90000000        0x4 .\CortexM3\ARM_GCC_541\Debug\cymetadata.o
                0x90000000                cy_meta_custnvl

.cywolatch      0x90100000        0x4
 *(.cywolatch)
 .cywolatch     0x90100000        0x4 .\CortexM3\ARM_GCC_541\Debug\cymetadata.o
                0x90100000                cy_meta_wonvl

.cyeeprom       0x90200000        0x0
 *(.cyeeprom)
                0x00000001                ASSERT ((. <= ((0x90200000 + ee_offset) + ee_size)), .cyeeprom data will not fit in EEPROM)

.cyflashprotect
                0x90400000      0x100
 *(.cyflashprotect)
 .cyflashprotect
                0x90400000      0x100 .\CortexM3\ARM_GCC_541\Debug\cymetadata.o
                0x90400000                cy_meta_flashprotect

.cymeta         0x90500000        0xc
 *(.cymeta)
 .cymeta        0x90500000        0xc .\CortexM3\ARM_GCC_541\Debug\cymetadata.o
                0x90500000                cy_metadata

.rel.dyn        0x000047e8        0x0 load address 0x9050000c
 .rel.iplt      0x000047e8        0x0 c:/program files (x86)/cypress/psoc creator/4.4/psoc creator/import/gnu/arm/5.4.1/bin/../lib/gcc/arm-none-eabi/5.4.1/armv7-m/crtbegin.o

.stab
 *(.stab)

.stabstr
 *(.stabstr)

.debug
 *(.debug)

.line
 *(.line)

.debug_srcinfo
 *(.debug_srcinfo)

.debug_sfnames
 *(.debug_sfnames)

.debug_aranges  0x00000000      0xe08
 *(.debug_aranges)
 .debug_aranges
                0x00000000       0x48 .\CortexM3\ARM_GCC_541\Debug\main.o
 .debug_aranges
                0x00000048       0x48 .\CortexM3\ARM_GCC_541\Debug\lcd_functions.o
 .debug_aranges
                0x00000090       0x30 .\CortexM3\ARM_GCC_541\Debug\lp_filter.o
 .debug_aranges
                0x000000c0       0x58 .\CortexM3\ARM_GCC_541\Debug\cyfitter_cfg.o
 .debug_aranges
                0x00000118       0x18 .\CortexM3\ARM_GCC_541\Debug\cymetadata.o
 .debug_aranges
                0x00000130       0x48 .\CortexM3\ARM_GCC_541\Debug\Cm3Start.o
 .debug_aranges
                0x00000178       0x98 .\CortexM3\ARM_GCC_541\Debug\Design.a(LCD.o)
 .debug_aranges
                0x00000210      0x2a0 .\CortexM3\ARM_GCC_541\Debug\Design.a(CyLib.o)
 .debug_aranges
                0x000004b0       0x98 .\CortexM3\ARM_GCC_541\Debug\Design.a(cyPm.o)
 .debug_aranges
                0x00000548       0x80 .\CortexM3\ARM_GCC_541\Debug\Design.a(Frame_Interrupt.o)
 .debug_aranges
                0x000005c8       0xf0 .\CortexM3\ARM_GCC_541\Debug\Design.a(XBee.o)
 .debug_aranges
                0x000006b8       0x70 .\CortexM3\ARM_GCC_541\Debug\Design.a(XBee_IntClock.o)
 .debug_aranges
                0x00000728       0x80 .\CortexM3\ARM_GCC_541\Debug\Design.a(Target_Interrupt.o)
 .debug_aranges
                0x000007a8       0x58 .\CortexM3\ARM_GCC_541\Debug\Design.a(Reference.o)
 .debug_aranges
                0x00000800       0x70 .\CortexM3\ARM_GCC_541\Debug\Design.a(Analog_CMP.o)
 .debug_aranges
                0x00000870       0x98 .\CortexM3\ARM_GCC_541\Debug\Design.a(Dark_Timer.o)
 .debug_aranges
                0x00000908       0x80 .\CortexM3\ARM_GCC_541\Debug\Design.a(Dark_Interrupt.o)
 .debug_aranges
                0x00000988       0x98 .\CortexM3\ARM_GCC_541\Debug\Design.a(Servo_PWM.o)
 .debug_aranges
                0x00000a20       0x80 .\CortexM3\ARM_GCC_541\Debug\Design.a(Hall_Interrupt.o)
 .debug_aranges
                0x00000aa0       0x98 .\CortexM3\ARM_GCC_541\Debug\Design.a(Hall_Timer.o)
 .debug_aranges
                0x00000b38       0x98 .\CortexM3\ARM_GCC_541\Debug\Design.a(Throttle_PWM.o)
 .debug_aranges
                0x00000bd0       0x90 .\CortexM3\ARM_GCC_541\Debug\Design.a(PID_Timer.o)
 .debug_aranges
                0x00000c60       0x80 .\CortexM3\ARM_GCC_541\Debug\Design.a(PID_Interrupt.o)
 .debug_aranges
                0x00000ce0       0x20 .\CortexM3\ARM_GCC_541\Debug\Design.a(CyBootAsmGnu.o)
 .debug_aranges
                0x00000d00       0x88 .\CortexM3\ARM_GCC_541\Debug\Design.a(CyFlash.o)
 .debug_aranges
                0x00000d88       0x80 .\CortexM3\ARM_GCC_541\Debug\Design.a(CySpc.o)

.debug_pubnames
 *(.debug_pubnames)

.debug_info     0x00000000     0x7487
 *(.debug_info .gnu.linkonce.wi.*)
 .debug_info    0x00000000      0x79a .\CortexM3\ARM_GCC_541\Debug\main.o
 .debug_info    0x0000079a      0x349 .\CortexM3\ARM_GCC_541\Debug\lcd_functions.o
 .debug_info    0x00000ae3      0x292 .\CortexM3\ARM_GCC_541\Debug\lp_filter.o
 .debug_info    0x00000d75      0x615 .\CortexM3\ARM_GCC_541\Debug\cyfitter_cfg.o
 .debug_info    0x0000138a      0x139 .\CortexM3\ARM_GCC_541\Debug\cymetadata.o
 .debug_info    0x000014c3      0x3bb .\CortexM3\ARM_GCC_541\Debug\Cm3Start.o
 .debug_info    0x0000187e      0x715 .\CortexM3\ARM_GCC_541\Debug\Design.a(LCD.o)
 .debug_info    0x00001f93     0x1374 .\CortexM3\ARM_GCC_541\Debug\Design.a(CyLib.o)
 .debug_info    0x00003307      0xa2a .\CortexM3\ARM_GCC_541\Debug\Design.a(cyPm.o)
 .debug_info    0x00003d31      0x2d2 .\CortexM3\ARM_GCC_541\Debug\Design.a(Frame_Interrupt.o)
 .debug_info    0x00004003      0x60c .\CortexM3\ARM_GCC_541\Debug\Design.a(XBee.o)
 .debug_info    0x0000460f      0x283 .\CortexM3\ARM_GCC_541\Debug\Design.a(XBee_IntClock.o)
 .debug_info    0x00004892      0x2d2 .\CortexM3\ARM_GCC_541\Debug\Design.a(Target_Interrupt.o)
 .debug_info    0x00004b64      0x1de .\CortexM3\ARM_GCC_541\Debug\Design.a(Reference.o)
 .debug_info    0x00004d42      0x2c8 .\CortexM3\ARM_GCC_541\Debug\Design.a(Analog_CMP.o)
 .debug_info    0x0000500a      0x328 .\CortexM3\ARM_GCC_541\Debug\Design.a(Dark_Timer.o)
 .debug_info    0x00005332      0x2d2 .\CortexM3\ARM_GCC_541\Debug\Design.a(Dark_Interrupt.o)
 .debug_info    0x00005604      0x354 .\CortexM3\ARM_GCC_541\Debug\Design.a(Servo_PWM.o)
 .debug_info    0x00005958      0x2d2 .\CortexM3\ARM_GCC_541\Debug\Design.a(Hall_Interrupt.o)
 .debug_info    0x00005c2a      0x328 .\CortexM3\ARM_GCC_541\Debug\Design.a(Hall_Timer.o)
 .debug_info    0x00005f52      0x354 .\CortexM3\ARM_GCC_541\Debug\Design.a(Throttle_PWM.o)
 .debug_info    0x000062a6      0x2ec .\CortexM3\ARM_GCC_541\Debug\Design.a(PID_Timer.o)
 .debug_info    0x00006592      0x2d2 .\CortexM3\ARM_GCC_541\Debug\Design.a(PID_Interrupt.o)
 .debug_info    0x00006864       0x86 .\CortexM3\ARM_GCC_541\Debug\Design.a(CyBootAsmGnu.o)
 .debug_info    0x000068ea      0x64d .\CortexM3\ARM_GCC_541\Debug\Design.a(CyFlash.o)
 .debug_info    0x00006f37      0x550 .\CortexM3\ARM_GCC_541\Debug\Design.a(CySpc.o)

.debug_abbrev   0x00000000     0x23bb
 *(.debug_abbrev)
 .debug_abbrev  0x00000000      0x1a9 .\CortexM3\ARM_GCC_541\Debug\main.o
 .debug_abbrev  0x000001a9      0x116 .\CortexM3\ARM_GCC_541\Debug\lcd_functions.o
 .debug_abbrev  0x000002bf      0x194 .\CortexM3\ARM_GCC_541\Debug\lp_filter.o
 .debug_abbrev  0x00000453      0x20d .\CortexM3\ARM_GCC_541\Debug\cyfitter_cfg.o
 .debug_abbrev  0x00000660       0x77 .\CortexM3\ARM_GCC_541\Debug\cymetadata.o
 .debug_abbrev  0x000006d7      0x1e8 .\CortexM3\ARM_GCC_541\Debug\Cm3Start.o
 .debug_abbrev  0x000008bf      0x157 .\CortexM3\ARM_GCC_541\Debug\Design.a(LCD.o)
 .debug_abbrev  0x00000a16      0x254 .\CortexM3\ARM_GCC_541\Debug\Design.a(CyLib.o)
 .debug_abbrev  0x00000c6a      0x1ab .\CortexM3\ARM_GCC_541\Debug\Design.a(cyPm.o)
 .debug_abbrev  0x00000e15      0x173 .\CortexM3\ARM_GCC_541\Debug\Design.a(Frame_Interrupt.o)
 .debug_abbrev  0x00000f88      0x175 .\CortexM3\ARM_GCC_541\Debug\Design.a(XBee.o)
 .debug_abbrev  0x000010fd      0x139 .\CortexM3\ARM_GCC_541\Debug\Design.a(XBee_IntClock.o)
 .debug_abbrev  0x00001236      0x173 .\CortexM3\ARM_GCC_541\Debug\Design.a(Target_Interrupt.o)
 .debug_abbrev  0x000013a9       0xf7 .\CortexM3\ARM_GCC_541\Debug\Design.a(Reference.o)
 .debug_abbrev  0x000014a0      0x16e .\CortexM3\ARM_GCC_541\Debug\Design.a(Analog_CMP.o)
 .debug_abbrev  0x0000160e      0x13a .\CortexM3\ARM_GCC_541\Debug\Design.a(Dark_Timer.o)
 .debug_abbrev  0x00001748      0x173 .\CortexM3\ARM_GCC_541\Debug\Design.a(Dark_Interrupt.o)
 .debug_abbrev  0x000018bb      0x133 .\CortexM3\ARM_GCC_541\Debug\Design.a(Servo_PWM.o)
 .debug_abbrev  0x000019ee      0x173 .\CortexM3\ARM_GCC_541\Debug\Design.a(Hall_Interrupt.o)
 .debug_abbrev  0x00001b61      0x13a .\CortexM3\ARM_GCC_541\Debug\Design.a(Hall_Timer.o)
 .debug_abbrev  0x00001c9b      0x133 .\CortexM3\ARM_GCC_541\Debug\Design.a(Throttle_PWM.o)
 .debug_abbrev  0x00001dce      0x12b .\CortexM3\ARM_GCC_541\Debug\Design.a(PID_Timer.o)
 .debug_abbrev  0x00001ef9      0x173 .\CortexM3\ARM_GCC_541\Debug\Design.a(PID_Interrupt.o)
 .debug_abbrev  0x0000206c       0x14 .\CortexM3\ARM_GCC_541\Debug\Design.a(CyBootAsmGnu.o)
 .debug_abbrev  0x00002080      0x1a7 .\CortexM3\ARM_GCC_541\Debug\Design.a(CyFlash.o)
 .debug_abbrev  0x00002227      0x194 .\CortexM3\ARM_GCC_541\Debug\Design.a(CySpc.o)

.debug_line     0x00000000     0x3417
 *(.debug_line)
 .debug_line    0x00000000      0x3a6 .\CortexM3\ARM_GCC_541\Debug\main.o
 .debug_line    0x000003a6      0x244 .\CortexM3\ARM_GCC_541\Debug\lcd_functions.o
 .debug_line    0x000005ea      0x22c .\CortexM3\ARM_GCC_541\Debug\lp_filter.o
 .debug_line    0x00000816      0x206 .\CortexM3\ARM_GCC_541\Debug\cyfitter_cfg.o
 .debug_line    0x00000a1c      0x141 .\CortexM3\ARM_GCC_541\Debug\cymetadata.o
 .debug_line    0x00000b5d      0x234 .\CortexM3\ARM_GCC_541\Debug\Cm3Start.o
 .debug_line    0x00000d91      0x1dc .\CortexM3\ARM_GCC_541\Debug\Design.a(LCD.o)
 .debug_line    0x00000f6d      0x816 .\CortexM3\ARM_GCC_541\Debug\Design.a(CyLib.o)
 .debug_line    0x00001783      0x367 .\CortexM3\ARM_GCC_541\Debug\Design.a(cyPm.o)
 .debug_line    0x00001aea      0x13c .\CortexM3\ARM_GCC_541\Debug\Design.a(Frame_Interrupt.o)
 .debug_line    0x00001c26      0x2bc .\CortexM3\ARM_GCC_541\Debug\Design.a(XBee.o)
 .debug_line    0x00001ee2      0x17c .\CortexM3\ARM_GCC_541\Debug\Design.a(XBee_IntClock.o)
 .debug_line    0x0000205e      0x13d .\CortexM3\ARM_GCC_541\Debug\Design.a(Target_Interrupt.o)
 .debug_line    0x0000219b       0xe6 .\CortexM3\ARM_GCC_541\Debug\Design.a(Reference.o)
 .debug_line    0x00002281      0x169 .\CortexM3\ARM_GCC_541\Debug\Design.a(Analog_CMP.o)
 .debug_line    0x000023ea      0x187 .\CortexM3\ARM_GCC_541\Debug\Design.a(Dark_Timer.o)
 .debug_line    0x00002571      0x13b .\CortexM3\ARM_GCC_541\Debug\Design.a(Dark_Interrupt.o)
 .debug_line    0x000026ac      0x18c .\CortexM3\ARM_GCC_541\Debug\Design.a(Servo_PWM.o)
 .debug_line    0x00002838      0x13b .\CortexM3\ARM_GCC_541\Debug\Design.a(Hall_Interrupt.o)
 .debug_line    0x00002973      0x187 .\CortexM3\ARM_GCC_541\Debug\Design.a(Hall_Timer.o)
 .debug_line    0x00002afa      0x18f .\CortexM3\ARM_GCC_541\Debug\Design.a(Throttle_PWM.o)
 .debug_line    0x00002c89      0x174 .\CortexM3\ARM_GCC_541\Debug\Design.a(PID_Timer.o)
 .debug_line    0x00002dfd      0x13a .\CortexM3\ARM_GCC_541\Debug\Design.a(PID_Interrupt.o)
 .debug_line    0x00002f37       0x66 .\CortexM3\ARM_GCC_541\Debug\Design.a(CyBootAsmGnu.o)
 .debug_line    0x00002f9d      0x21a .\CortexM3\ARM_GCC_541\Debug\Design.a(CyFlash.o)
 .debug_line    0x000031b7      0x260 .\CortexM3\ARM_GCC_541\Debug\Design.a(CySpc.o)

.debug_frame    0x00000000     0x2aa8
 *(.debug_frame)
 .debug_frame   0x00000000       0xc8 .\CortexM3\ARM_GCC_541\Debug\main.o
 .debug_frame   0x000000c8       0xc4 .\CortexM3\ARM_GCC_541\Debug\lcd_functions.o
 .debug_frame   0x0000018c       0x5c .\CortexM3\ARM_GCC_541\Debug\lp_filter.o
 .debug_frame   0x000001e8       0xe4 .\CortexM3\ARM_GCC_541\Debug\cyfitter_cfg.o
 .debug_frame   0x000002cc       0xb8 .\CortexM3\ARM_GCC_541\Debug\Cm3Start.o
 .debug_frame   0x00000384      0x1e8 .\CortexM3\ARM_GCC_541\Debug\Design.a(LCD.o)
 .debug_frame   0x0000056c      0x738 .\CortexM3\ARM_GCC_541\Debug\Design.a(CyLib.o)
 .debug_frame   0x00000ca4      0x1f8 .\CortexM3\ARM_GCC_541\Debug\Design.a(cyPm.o)
 .debug_frame   0x00000e9c      0x104 .\CortexM3\ARM_GCC_541\Debug\Design.a(Frame_Interrupt.o)
 .debug_frame   0x00000fa0      0x250 .\CortexM3\ARM_GCC_541\Debug\Design.a(XBee.o)
 .debug_frame   0x000011f0       0xe0 .\CortexM3\ARM_GCC_541\Debug\Design.a(XBee_IntClock.o)
 .debug_frame   0x000012d0      0x104 .\CortexM3\ARM_GCC_541\Debug\Design.a(Target_Interrupt.o)
 .debug_frame   0x000013d4       0xb4 .\CortexM3\ARM_GCC_541\Debug\Design.a(Reference.o)
 .debug_frame   0x00001488      0x108 .\CortexM3\ARM_GCC_541\Debug\Design.a(Analog_CMP.o)
 .debug_frame   0x00001590      0x134 .\CortexM3\ARM_GCC_541\Debug\Design.a(Dark_Timer.o)
 .debug_frame   0x000016c4      0x104 .\CortexM3\ARM_GCC_541\Debug\Design.a(Dark_Interrupt.o)
 .debug_frame   0x000017c8      0x134 .\CortexM3\ARM_GCC_541\Debug\Design.a(Servo_PWM.o)
 .debug_frame   0x000018fc      0x104 .\CortexM3\ARM_GCC_541\Debug\Design.a(Hall_Interrupt.o)
 .debug_frame   0x00001a00      0x134 .\CortexM3\ARM_GCC_541\Debug\Design.a(Hall_Timer.o)
 .debug_frame   0x00001b34      0x134 .\CortexM3\ARM_GCC_541\Debug\Design.a(Throttle_PWM.o)
 .debug_frame   0x00001c68      0x124 .\CortexM3\ARM_GCC_541\Debug\Design.a(PID_Timer.o)
 .debug_frame   0x00001d8c      0x104 .\CortexM3\ARM_GCC_541\Debug\Design.a(PID_Interrupt.o)
 .debug_frame   0x00001e90      0x194 .\CortexM3\ARM_GCC_541\Debug\Design.a(CyFlash.o)
 .debug_frame   0x00002024      0x180 .\CortexM3\ARM_GCC_541\Debug\Design.a(CySpc.o)
 .debug_frame   0x000021a4       0x2c c:/program files (x86)/cypress/psoc creator/4.4/psoc creator/import/gnu/arm/5.4.1/bin/../lib/gcc/arm-none-eabi/5.4.1/armv7-m\libgcc.a(_aeabi_uldivmod.o)
 .debug_frame   0x000021d0       0x38 c:/program files (x86)/cypress/psoc creator/4.4/psoc creator/import/gnu/arm/5.4.1/bin/../lib/gcc/arm-none-eabi/5.4.1/armv7-m\libgcc.a(_udivmoddi4.o)
 .debug_frame   0x00002208       0x20 c:/program files (x86)/cypress/psoc creator/4.4/psoc creator/import/gnu/arm/5.4.1/bin/../lib/gcc/arm-none-eabi/5.4.1/../../../../arm-none-eabi/lib/armv7-m\libg_nano.a(lib_a-errno.o)
 .debug_frame   0x00002228       0x28 c:/program files (x86)/cypress/psoc creator/4.4/psoc creator/import/gnu/arm/5.4.1/bin/../lib/gcc/arm-none-eabi/5.4.1/../../../../arm-none-eabi/lib/armv7-m\libg_nano.a(lib_a-exit.o)
 .debug_frame   0x00002250       0x2c c:/program files (x86)/cypress/psoc creator/4.4/psoc creator/import/gnu/arm/5.4.1/bin/../lib/gcc/arm-none-eabi/5.4.1/../../../../arm-none-eabi/lib/armv7-m\libg_nano.a(lib_a-init.o)
 .debug_frame   0x0000227c       0x28 c:/program files (x86)/cypress/psoc creator/4.4/psoc creator/import/gnu/arm/5.4.1/bin/../lib/gcc/arm-none-eabi/5.4.1/../../../../arm-none-eabi/lib/armv7-m\libg_nano.a(lib_a-memcpy-stub.o)
 .debug_frame   0x000022a4       0x20 c:/program files (x86)/cypress/psoc creator/4.4/psoc creator/import/gnu/arm/5.4.1/bin/../lib/gcc/arm-none-eabi/5.4.1/../../../../arm-none-eabi/lib/armv7-m\libg_nano.a(lib_a-memset.o)
 .debug_frame   0x000022c4       0x8c c:/program files (x86)/cypress/psoc creator/4.4/psoc creator/import/gnu/arm/5.4.1/bin/../lib/gcc/arm-none-eabi/5.4.1/../../../../arm-none-eabi/lib/armv7-m\libg_nano.a(lib_a-nano-vfprintf_float.o)
 .debug_frame   0x00002350       0x60 c:/program files (x86)/cypress/psoc creator/4.4/psoc creator/import/gnu/arm/5.4.1/bin/../lib/gcc/arm-none-eabi/5.4.1/../../../../arm-none-eabi/lib/armv7-m\libg_nano.a(lib_a-nano-vfprintf_i.o)
 .debug_frame   0x000023b0       0x7c c:/program files (x86)/cypress/psoc creator/4.4/psoc creator/import/gnu/arm/5.4.1/bin/../lib/gcc/arm-none-eabi/5.4.1/../../../../arm-none-eabi/lib/armv7-m\libg_nano.a(lib_a-qsort.o)
 .debug_frame   0x0000242c       0x70 c:/program files (x86)/cypress/psoc creator/4.4/psoc creator/import/gnu/arm/5.4.1/bin/../lib/gcc/arm-none-eabi/5.4.1/../../../../arm-none-eabi/lib/armv7-m\libg_nano.a(lib_a-sprintf.o)
 .debug_frame   0x0000249c       0x6c c:/program files (x86)/cypress/psoc creator/4.4/psoc creator/import/gnu/arm/5.4.1/bin/../lib/gcc/arm-none-eabi/5.4.1/../../../../arm-none-eabi/lib/armv7-m\libg_nano.a(lib_a-dtoa.o)
 .debug_frame   0x00002508       0x98 c:/program files (x86)/cypress/psoc creator/4.4/psoc creator/import/gnu/arm/5.4.1/bin/../lib/gcc/arm-none-eabi/5.4.1/../../../../arm-none-eabi/lib/armv7-m\libg_nano.a(lib_a-locale.o)
 .debug_frame   0x000025a0       0x30 c:/program files (x86)/cypress/psoc creator/4.4/psoc creator/import/gnu/arm/5.4.1/bin/../lib/gcc/arm-none-eabi/5.4.1/../../../../arm-none-eabi/lib/armv7-m\libg_nano.a(lib_a-malloc.o)
 .debug_frame   0x000025d0       0x28 c:/program files (x86)/cypress/psoc creator/4.4/psoc creator/import/gnu/arm/5.4.1/bin/../lib/gcc/arm-none-eabi/5.4.1/../../../../arm-none-eabi/lib/armv7-m\libg_nano.a(lib_a-memchr-stub.o)
 .debug_frame   0x000025f8      0x234 c:/program files (x86)/cypress/psoc creator/4.4/psoc creator/import/gnu/arm/5.4.1/bin/../lib/gcc/arm-none-eabi/5.4.1/../../../../arm-none-eabi/lib/armv7-m\libg_nano.a(lib_a-mprec.o)
 .debug_frame   0x0000282c       0x2c c:/program files (x86)/cypress/psoc creator/4.4/psoc creator/import/gnu/arm/5.4.1/bin/../lib/gcc/arm-none-eabi/5.4.1/../../../../arm-none-eabi/lib/armv7-m\libg_nano.a(lib_a-nano-callocr.o)
 .debug_frame   0x00002858       0x38 c:/program files (x86)/cypress/psoc creator/4.4/psoc creator/import/gnu/arm/5.4.1/bin/../lib/gcc/arm-none-eabi/5.4.1/../../../../arm-none-eabi/lib/armv7-m\libg_nano.a(lib_a-nano-freer.o)
 .debug_frame   0x00002890       0x2c c:/program files (x86)/cypress/psoc creator/4.4/psoc creator/import/gnu/arm/5.4.1/bin/../lib/gcc/arm-none-eabi/5.4.1/../../../../arm-none-eabi/lib/armv7-m\libg_nano.a(lib_a-nano-mallocr.o)
 .debug_frame   0x000028bc       0x90 c:/program files (x86)/cypress/psoc creator/4.4/psoc creator/import/gnu/arm/5.4.1/bin/../lib/gcc/arm-none-eabi/5.4.1/../../../../arm-none-eabi/lib/armv7-m\libg_nano.a(lib_a-nano-svfprintf.o)
 .debug_frame   0x0000294c       0x2c c:/program files (x86)/cypress/psoc creator/4.4/psoc creator/import/gnu/arm/5.4.1/bin/../lib/gcc/arm-none-eabi/5.4.1/../../../../arm-none-eabi/lib/armv7-m\libg_nano.a(lib_a-sbrkr.o)
 .debug_frame   0x00002978       0x20 c:/program files (x86)/cypress/psoc creator/4.4/psoc creator/import/gnu/arm/5.4.1/bin/../lib/gcc/arm-none-eabi/5.4.1/../../../../arm-none-eabi/lib/armv7-m\libg_nano.a(lib_a-strcmp.o)
 .debug_frame   0x00002998       0x28 c:/program files (x86)/cypress/psoc creator/4.4/psoc creator/import/gnu/arm/5.4.1/bin/../lib/gcc/arm-none-eabi/5.4.1/../../../../arm-none-eabi/lib/armv7-m\libg_nano.a(lib_a-memmove.o)
 .debug_frame   0x000029c0       0x30 c:/program files (x86)/cypress/psoc creator/4.4/psoc creator/import/gnu/arm/5.4.1/bin/../lib/gcc/arm-none-eabi/5.4.1/../../../../arm-none-eabi/lib/armv7-m\libg_nano.a(lib_a-mlock.o)
 .debug_frame   0x000029f0       0x3c c:/program files (x86)/cypress/psoc creator/4.4/psoc creator/import/gnu/arm/5.4.1/bin/../lib/gcc/arm-none-eabi/5.4.1/../../../../arm-none-eabi/lib/armv7-m\libg_nano.a(lib_a-nano-reallocr.o)
 .debug_frame   0x00002a2c       0x5c c:/program files (x86)/cypress/psoc creator/4.4/psoc creator/import/gnu/arm/5.4.1/bin/../lib/gcc/arm-none-eabi/5.4.1/../../../../arm-none-eabi/lib/armv7-m\libg_nano.a(lib_a-reent.o)
 .debug_frame   0x00002a88       0x20 c:/program files (x86)/cypress/psoc creator/4.4/psoc creator/import/gnu/arm/5.4.1/bin/../lib/gcc/arm-none-eabi/5.4.1/../../../../arm-none-eabi/lib/armv7-m\libg_nano.a(lib_a-nano-msizer.o)

.debug_str      0x00000000     0x2d70
 *(.debug_str)
 .debug_str     0x00000000      0x5c1 .\CortexM3\ARM_GCC_541\Debug\main.o
                                0x614 (size before relaxing)
 .debug_str     0x000005c1       0x84 .\CortexM3\ARM_GCC_541\Debug\lcd_functions.o
                                0x234 (size before relaxing)
 .debug_str     0x00000645       0x2f .\CortexM3\ARM_GCC_541\Debug\lp_filter.o
                                0x1f3 (size before relaxing)
 .debug_str     0x00000674      0x1b4 .\CortexM3\ARM_GCC_541\Debug\cyfitter_cfg.o
                                0x340 (size before relaxing)
 .debug_str     0x00000828       0x7f .\CortexM3\ARM_GCC_541\Debug\cymetadata.o
                                0x1da (size before relaxing)
 .debug_str     0x000008a7      0x13e .\CortexM3\ARM_GCC_541\Debug\Cm3Start.o
                                0x300 (size before relaxing)
 .debug_str     0x000009e5      0x151 .\CortexM3\ARM_GCC_541\Debug\Design.a(LCD.o)
                                0x321 (size before relaxing)
 .debug_str     0x00000b36      0x824 .\CortexM3\ARM_GCC_541\Debug\Design.a(CyLib.o)
                                0xa3d (size before relaxing)
 .debug_str     0x0000135a      0x365 .\CortexM3\ARM_GCC_541\Debug\Design.a(cyPm.o)
                                0x729 (size before relaxing)
 .debug_str     0x000016bf      0x142 .\CortexM3\ARM_GCC_541\Debug\Design.a(Frame_Interrupt.o)
                                0x328 (size before relaxing)
 .debug_str     0x00001801      0x280 .\CortexM3\ARM_GCC_541\Debug\Design.a(XBee.o)
                                0x46b (size before relaxing)
 .debug_str     0x00001a81      0x183 .\CortexM3\ARM_GCC_541\Debug\Design.a(XBee_IntClock.o)
                                0x32c (size before relaxing)
 .debug_str     0x00001c04      0x14e .\CortexM3\ARM_GCC_541\Debug\Design.a(Target_Interrupt.o)
                                0x336 (size before relaxing)
 .debug_str     0x00001d52       0xb5 .\CortexM3\ARM_GCC_541\Debug\Design.a(Reference.o)
                                0x23d (size before relaxing)
 .debug_str     0x00001e07      0x150 .\CortexM3\ARM_GCC_541\Debug\Design.a(Analog_CMP.o)
                                0x302 (size before relaxing)
 .debug_str     0x00001f57      0x1ac .\CortexM3\ARM_GCC_541\Debug\Design.a(Dark_Timer.o)
                                0x3b7 (size before relaxing)
 .debug_str     0x00002103      0x136 .\CortexM3\ARM_GCC_541\Debug\Design.a(Dark_Interrupt.o)
                                0x31a (size before relaxing)
 .debug_str     0x00002239      0x19e .\CortexM3\ARM_GCC_541\Debug\Design.a(Servo_PWM.o)
                                0x3a0 (size before relaxing)
 .debug_str     0x000023d7      0x136 .\CortexM3\ARM_GCC_541\Debug\Design.a(Hall_Interrupt.o)
                                0x31a (size before relaxing)
 .debug_str     0x0000250d      0x187 .\CortexM3\ARM_GCC_541\Debug\Design.a(Hall_Timer.o)
                                0x3b7 (size before relaxing)
 .debug_str     0x00002694      0x1bd .\CortexM3\ARM_GCC_541\Debug\Design.a(Throttle_PWM.o)
                                0x3d9 (size before relaxing)
 .debug_str     0x00002851      0x18e .\CortexM3\ARM_GCC_541\Debug\Design.a(PID_Timer.o)
                                0x379 (size before relaxing)
 .debug_str     0x000029df      0x12a .\CortexM3\ARM_GCC_541\Debug\Design.a(PID_Interrupt.o)
                                0x30c (size before relaxing)
 .debug_str     0x00002b09      0x1bb .\CortexM3\ARM_GCC_541\Debug\Design.a(CyFlash.o)
                                0x3b6 (size before relaxing)
 .debug_str     0x00002cc4       0xac .\CortexM3\ARM_GCC_541\Debug\Design.a(CySpc.o)
                                0x32e (size before relaxing)

.debug_loc      0x00000000     0x29d4
 *(.debug_loc)
 .debug_loc     0x00000000      0x220 .\CortexM3\ARM_GCC_541\Debug\main.o
 .debug_loc     0x00000220      0x143 .\CortexM3\ARM_GCC_541\Debug\lcd_functions.o
 .debug_loc     0x00000363      0x10c .\CortexM3\ARM_GCC_541\Debug\lp_filter.o
 .debug_loc     0x0000046f      0x25a .\CortexM3\ARM_GCC_541\Debug\cyfitter_cfg.o
 .debug_loc     0x000006c9      0x144 .\CortexM3\ARM_GCC_541\Debug\Cm3Start.o
 .debug_loc     0x0000080d      0x3c6 .\CortexM3\ARM_GCC_541\Debug\Design.a(LCD.o)
 .debug_loc     0x00000bd3      0xa11 .\CortexM3\ARM_GCC_541\Debug\Design.a(CyLib.o)
 .debug_loc     0x000015e4      0x1e4 .\CortexM3\ARM_GCC_541\Debug\Design.a(cyPm.o)
 .debug_loc     0x000017c8       0x56 .\CortexM3\ARM_GCC_541\Debug\Design.a(Frame_Interrupt.o)
 .debug_loc     0x0000181e      0x258 .\CortexM3\ARM_GCC_541\Debug\Design.a(XBee.o)
 .debug_loc     0x00001a76      0x128 .\CortexM3\ARM_GCC_541\Debug\Design.a(XBee_IntClock.o)
 .debug_loc     0x00001b9e       0x56 .\CortexM3\ARM_GCC_541\Debug\Design.a(Target_Interrupt.o)
 .debug_loc     0x00001bf4       0x79 .\CortexM3\ARM_GCC_541\Debug\Design.a(Reference.o)
 .debug_loc     0x00001c6d       0xed .\CortexM3\ARM_GCC_541\Debug\Design.a(Analog_CMP.o)
 .debug_loc     0x00001d5a       0x31 .\CortexM3\ARM_GCC_541\Debug\Design.a(Dark_Timer.o)
 .debug_loc     0x00001d8b       0x56 .\CortexM3\ARM_GCC_541\Debug\Design.a(Dark_Interrupt.o)
 .debug_loc     0x00001de1       0x26 .\CortexM3\ARM_GCC_541\Debug\Design.a(Servo_PWM.o)
 .debug_loc     0x00001e07       0x56 .\CortexM3\ARM_GCC_541\Debug\Design.a(Hall_Interrupt.o)
 .debug_loc     0x00001e5d       0x31 .\CortexM3\ARM_GCC_541\Debug\Design.a(Hall_Timer.o)
 .debug_loc     0x00001e8e       0x26 .\CortexM3\ARM_GCC_541\Debug\Design.a(Throttle_PWM.o)
 .debug_loc     0x00001eb4       0x13 .\CortexM3\ARM_GCC_541\Debug\Design.a(PID_Timer.o)
 .debug_loc     0x00001ec7       0x56 .\CortexM3\ARM_GCC_541\Debug\Design.a(PID_Interrupt.o)
 .debug_loc     0x00001f1d      0x3b2 .\CortexM3\ARM_GCC_541\Debug\Design.a(CyFlash.o)
 .debug_loc     0x000022cf      0x705 .\CortexM3\ARM_GCC_541\Debug\Design.a(CySpc.o)

.debug_macinfo
 *(.debug_macinfo)

.debug_ranges   0x00000000      0xc68
 *(.debug_ranges)
 .debug_ranges  0x00000000       0x50 .\CortexM3\ARM_GCC_541\Debug\main.o
 .debug_ranges  0x00000050       0x38 .\CortexM3\ARM_GCC_541\Debug\lcd_functions.o
 .debug_ranges  0x00000088       0x20 .\CortexM3\ARM_GCC_541\Debug\lp_filter.o
 .debug_ranges  0x000000a8       0x48 .\CortexM3\ARM_GCC_541\Debug\cyfitter_cfg.o
 .debug_ranges  0x000000f0       0x38 .\CortexM3\ARM_GCC_541\Debug\Cm3Start.o
 .debug_ranges  0x00000128       0x88 .\CortexM3\ARM_GCC_541\Debug\Design.a(LCD.o)
 .debug_ranges  0x000001b0      0x290 .\CortexM3\ARM_GCC_541\Debug\Design.a(CyLib.o)
 .debug_ranges  0x00000440       0x88 .\CortexM3\ARM_GCC_541\Debug\Design.a(cyPm.o)
 .debug_ranges  0x000004c8       0x70 .\CortexM3\ARM_GCC_541\Debug\Design.a(Frame_Interrupt.o)
 .debug_ranges  0x00000538       0xe0 .\CortexM3\ARM_GCC_541\Debug\Design.a(XBee.o)
 .debug_ranges  0x00000618       0x60 .\CortexM3\ARM_GCC_541\Debug\Design.a(XBee_IntClock.o)
 .debug_ranges  0x00000678       0x70 .\CortexM3\ARM_GCC_541\Debug\Design.a(Target_Interrupt.o)
 .debug_ranges  0x000006e8       0x48 .\CortexM3\ARM_GCC_541\Debug\Design.a(Reference.o)
 .debug_ranges  0x00000730       0x60 .\CortexM3\ARM_GCC_541\Debug\Design.a(Analog_CMP.o)
 .debug_ranges  0x00000790       0x88 .\CortexM3\ARM_GCC_541\Debug\Design.a(Dark_Timer.o)
 .debug_ranges  0x00000818       0x70 .\CortexM3\ARM_GCC_541\Debug\Design.a(Dark_Interrupt.o)
 .debug_ranges  0x00000888       0x88 .\CortexM3\ARM_GCC_541\Debug\Design.a(Servo_PWM.o)
 .debug_ranges  0x00000910       0x70 .\CortexM3\ARM_GCC_541\Debug\Design.a(Hall_Interrupt.o)
 .debug_ranges  0x00000980       0x88 .\CortexM3\ARM_GCC_541\Debug\Design.a(Hall_Timer.o)
 .debug_ranges  0x00000a08       0x88 .\CortexM3\ARM_GCC_541\Debug\Design.a(Throttle_PWM.o)
 .debug_ranges  0x00000a90       0x80 .\CortexM3\ARM_GCC_541\Debug\Design.a(PID_Timer.o)
 .debug_ranges  0x00000b10       0x70 .\CortexM3\ARM_GCC_541\Debug\Design.a(PID_Interrupt.o)
 .debug_ranges  0x00000b80       0x78 .\CortexM3\ARM_GCC_541\Debug\Design.a(CyFlash.o)
 .debug_ranges  0x00000bf8       0x70 .\CortexM3\ARM_GCC_541\Debug\Design.a(CySpc.o)

.comment        0x00000000       0x6e
 .comment       0x00000000       0x6e .\CortexM3\ARM_GCC_541\Debug\main.o
                                 0x6f (size before relaxing)
 .comment       0x0000006e       0x6f .\CortexM3\ARM_GCC_541\Debug\lcd_functions.o
 .comment       0x0000006e       0x6f .\CortexM3\ARM_GCC_541\Debug\lp_filter.o
 .comment       0x0000006e       0x6f .\CortexM3\ARM_GCC_541\Debug\cyfitter_cfg.o
 .comment       0x0000006e       0x6f .\CortexM3\ARM_GCC_541\Debug\cymetadata.o
 .comment       0x0000006e       0x6f .\CortexM3\ARM_GCC_541\Debug\Cm3Start.o
 .comment       0x0000006e       0x6f .\CortexM3\ARM_GCC_541\Debug\Design.a(LCD.o)
 .comment       0x0000006e       0x6f .\CortexM3\ARM_GCC_541\Debug\Design.a(CyLib.o)
 .comment       0x0000006e       0x6f .\CortexM3\ARM_GCC_541\Debug\Design.a(cyPm.o)
 .comment       0x0000006e       0x6f .\CortexM3\ARM_GCC_541\Debug\Design.a(Frame_Interrupt.o)
 .comment       0x0000006e       0x6f .\CortexM3\ARM_GCC_541\Debug\Design.a(XBee.o)
 .comment       0x0000006e       0x6f .\CortexM3\ARM_GCC_541\Debug\Design.a(XBee_IntClock.o)
 .comment       0x0000006e       0x6f .\CortexM3\ARM_GCC_541\Debug\Design.a(Target_Interrupt.o)
 .comment       0x0000006e       0x6f .\CortexM3\ARM_GCC_541\Debug\Design.a(Reference.o)
 .comment       0x0000006e       0x6f .\CortexM3\ARM_GCC_541\Debug\Design.a(Analog_CMP.o)
 .comment       0x0000006e       0x6f .\CortexM3\ARM_GCC_541\Debug\Design.a(Dark_Timer.o)
 .comment       0x0000006e       0x6f .\CortexM3\ARM_GCC_541\Debug\Design.a(Dark_Interrupt.o)
 .comment       0x0000006e       0x6f .\CortexM3\ARM_GCC_541\Debug\Design.a(Servo_PWM.o)
 .comment       0x0000006e       0x6f .\CortexM3\ARM_GCC_541\Debug\Design.a(Hall_Interrupt.o)
 .comment       0x0000006e       0x6f .\CortexM3\ARM_GCC_541\Debug\Design.a(Hall_Timer.o)
 .comment       0x0000006e       0x6f .\CortexM3\ARM_GCC_541\Debug\Design.a(Throttle_PWM.o)
 .comment       0x0000006e       0x6f .\CortexM3\ARM_GCC_541\Debug\Design.a(PID_Timer.o)
 .comment       0x0000006e       0x6f .\CortexM3\ARM_GCC_541\Debug\Design.a(PID_Interrupt.o)
 .comment       0x0000006e       0x6f .\CortexM3\ARM_GCC_541\Debug\Design.a(CyFlash.o)
 .comment       0x0000006e       0x6f .\CortexM3\ARM_GCC_541\Debug\Design.a(CySpc.o)

.debug_weaknames
 *(.debug_weaknames)

.debug_funcnames
 *(.debug_funcnames)

.debug_typenames
 *(.debug_typenames)

.debug_varnames
 *(.debug_varnames)

.note.gnu.arm.ident
 *(.note.gnu.arm.ident)

.ARM.attributes
                0x00000000       0x29
 *(.ARM.attributes)
 .ARM.attributes
                0x00000000       0x1d c:/program files (x86)/cypress/psoc creator/4.4/psoc creator/import/gnu/arm/5.4.1/bin/../lib/gcc/arm-none-eabi/5.4.1/armv7-m/crti.o
 .ARM.attributes
                0x0000001d       0x2d c:/program files (x86)/cypress/psoc creator/4.4/psoc creator/import/gnu/arm/5.4.1/bin/../lib/gcc/arm-none-eabi/5.4.1/armv7-m/crtbegin.o
 .ARM.attributes
                0x0000004a       0x1b c:/program files (x86)/cypress/psoc creator/4.4/psoc creator/import/gnu/arm/5.4.1/bin/../lib/gcc/arm-none-eabi/5.4.1/../../../../arm-none-eabi/lib/armv7-m/crt0.o
 .ARM.attributes
                0x00000065       0x33 .\CortexM3\ARM_GCC_541\Debug\main.o
 .ARM.attributes
                0x00000098       0x33 .\CortexM3\ARM_GCC_541\Debug\lcd_functions.o
 .ARM.attributes
                0x000000cb       0x33 .\CortexM3\ARM_GCC_541\Debug\lp_filter.o
 .ARM.attributes
                0x000000fe       0x33 .\CortexM3\ARM_GCC_541\Debug\cyfitter_cfg.o
 .ARM.attributes
                0x00000131       0x33 .\CortexM3\ARM_GCC_541\Debug\cymetadata.o
 .ARM.attributes
                0x00000164       0x33 .\CortexM3\ARM_GCC_541\Debug\Cm3Start.o
 .ARM.attributes
                0x00000197       0x33 .\CortexM3\ARM_GCC_541\Debug\Design.a(LCD.o)
 .ARM.attributes
                0x000001ca       0x33 .\CortexM3\ARM_GCC_541\Debug\Design.a(CyLib.o)
 .ARM.attributes
                0x000001fd       0x33 .\CortexM3\ARM_GCC_541\Debug\Design.a(cyPm.o)
 .ARM.attributes
                0x00000230       0x33 .\CortexM3\ARM_GCC_541\Debug\Design.a(Frame_Interrupt.o)
 .ARM.attributes
                0x00000263       0x33 .\CortexM3\ARM_GCC_541\Debug\Design.a(XBee.o)
 .ARM.attributes
                0x00000296       0x33 .\CortexM3\ARM_GCC_541\Debug\Design.a(XBee_IntClock.o)
 .ARM.attributes
                0x000002c9       0x33 .\CortexM3\ARM_GCC_541\Debug\Design.a(Target_Interrupt.o)
 .ARM.attributes
                0x000002fc       0x33 .\CortexM3\ARM_GCC_541\Debug\Design.a(Reference.o)
 .ARM.attributes
                0x0000032f       0x33 .\CortexM3\ARM_GCC_541\Debug\Design.a(Analog_CMP.o)
 .ARM.attributes
                0x00000362       0x33 .\CortexM3\ARM_GCC_541\Debug\Design.a(Dark_Timer.o)
 .ARM.attributes
                0x00000395       0x33 .\CortexM3\ARM_GCC_541\Debug\Design.a(Dark_Interrupt.o)
 .ARM.attributes
                0x000003c8       0x33 .\CortexM3\ARM_GCC_541\Debug\Design.a(Servo_PWM.o)
 .ARM.attributes
                0x000003fb       0x33 .\CortexM3\ARM_GCC_541\Debug\Design.a(Hall_Interrupt.o)
 .ARM.attributes
                0x0000042e       0x33 .\CortexM3\ARM_GCC_541\Debug\Design.a(Hall_Timer.o)
 .ARM.attributes
                0x00000461       0x33 .\CortexM3\ARM_GCC_541\Debug\Design.a(Throttle_PWM.o)
 .ARM.attributes
                0x00000494       0x33 .\CortexM3\ARM_GCC_541\Debug\Design.a(PID_Timer.o)
 .ARM.attributes
                0x000004c7       0x33 .\CortexM3\ARM_GCC_541\Debug\Design.a(PID_Interrupt.o)
 .ARM.attributes
                0x000004fa       0x21 .\CortexM3\ARM_GCC_541\Debug\Design.a(CyBootAsmGnu.o)
 .ARM.attributes
                0x0000051b       0x33 .\CortexM3\ARM_GCC_541\Debug\Design.a(CyFlash.o)
 .ARM.attributes
                0x0000054e       0x33 .\CortexM3\ARM_GCC_541\Debug\Design.a(CySpc.o)
 .ARM.attributes
                0x00000581       0x1d c:/program files (x86)/cypress/psoc creator/4.4/psoc creator/import/gnu/arm/5.4.1/bin/../lib/gcc/arm-none-eabi/5.4.1/armv7-m\libgcc.a(_arm_addsubdf3.o)
 .ARM.attributes
                0x0000059e       0x1d c:/program files (x86)/cypress/psoc creator/4.4/psoc creator/import/gnu/arm/5.4.1/bin/../lib/gcc/arm-none-eabi/5.4.1/armv7-m\libgcc.a(_arm_muldivdf3.o)
 .ARM.attributes
                0x000005bb       0x1d c:/program files (x86)/cypress/psoc creator/4.4/psoc creator/import/gnu/arm/5.4.1/bin/../lib/gcc/arm-none-eabi/5.4.1/armv7-m\libgcc.a(_arm_cmpdf2.o)
 .ARM.attributes
                0x000005d8       0x1d c:/program files (x86)/cypress/psoc creator/4.4/psoc creator/import/gnu/arm/5.4.1/bin/../lib/gcc/arm-none-eabi/5.4.1/armv7-m\libgcc.a(_arm_fixdfsi.o)
 .ARM.attributes
                0x000005f5       0x1d c:/program files (x86)/cypress/psoc creator/4.4/psoc creator/import/gnu/arm/5.4.1/bin/../lib/gcc/arm-none-eabi/5.4.1/armv7-m\libgcc.a(_arm_fixunsdfsi.o)
 .ARM.attributes