Archive member included to satisfy reference by file (symbol)

.\CortexM3\ARM_GCC_541\Debug\Design.a(LCD.o)
                              .\CortexM3\ARM_GCC_541\Debug\lcd_functions.o (LCD_PrintString)
.\CortexM3\ARM_GCC_541\Debug\Design.a(CyLib.o)
                              .\CortexM3\ARM_GCC_541\Debug\Cm3Start.o (CyHalt)
.\CortexM3\ARM_GCC_541\Debug\Design.a(cyPm.o)
                              .\CortexM3\ARM_GCC_541\Debug\Design.a(CyLib.o) (CyPmReadStatus)
.\CortexM3\ARM_GCC_541\Debug\Design.a(Frame_Interrupt.o)
                              .\CortexM3\ARM_GCC_541\Debug\main.o (Frame_Interrupt_SetVector)
.\CortexM3\ARM_GCC_541\Debug\Design.a(XBee.o)
                              .\CortexM3\ARM_GCC_541\Debug\main.o (XBee_Start)
.\CortexM3\ARM_GCC_541\Debug\Design.a(XBee_IntClock.o)
                              .\CortexM3\ARM_GCC_541\Debug\Design.a(XBee.o) (XBee_IntClock_Start)
.\CortexM3\ARM_GCC_541\Debug\Design.a(Target_Interrupt.o)
                              .\CortexM3\ARM_GCC_541\Debug\main.o (Target_Interrupt_SetVector)
.\CortexM3\ARM_GCC_541\Debug\Design.a(Reference.o)
                              .\CortexM3\ARM_GCC_541\Debug\main.o (Reference_Start)
.\CortexM3\ARM_GCC_541\Debug\Design.a(Analog_CMP.o)
                              .\CortexM3\ARM_GCC_541\Debug\main.o (Analog_CMP_Start)
.\CortexM3\ARM_GCC_541\Debug\Design.a(Dark_Timer.o)
                              .\CortexM3\ARM_GCC_541\Debug\main.o (Dark_Timer_ReadStatusRegister)
.\CortexM3\ARM_GCC_541\Debug\Design.a(Dark_Interrupt.o)
                              .\CortexM3\ARM_GCC_541\Debug\main.o (Dark_Interrupt_SetVector)
.\CortexM3\ARM_GCC_541\Debug\Design.a(Servo_PWM.o)
                              .\CortexM3\ARM_GCC_541\Debug\main.o (Servo_PWM_WriteCompare)
.\CortexM3\ARM_GCC_541\Debug\Design.a(Hall_Interrupt.o)
                              .\CortexM3\ARM_GCC_541\Debug\main.o (Hall_Interrupt_SetVector)
.\CortexM3\ARM_GCC_541\Debug\Design.a(Hall_Timer.o)
                              .\CortexM3\ARM_GCC_541\Debug\main.o (Hall_Timer_ReadStatusRegister)
.\CortexM3\ARM_GCC_541\Debug\Design.a(Throttle_PWM.o)
                              .\CortexM3\ARM_GCC_541\Debug\main.o (Throttle_PWM_WriteCompare)
.\CortexM3\ARM_GCC_541\Debug\Design.a(PID_Timer.o)
                              .\CortexM3\ARM_GCC_541\Debug\main.o (PID_Timer_Start)
.\CortexM3\ARM_GCC_541\Debug\Design.a(PID_Interrupt.o)
                              .\CortexM3\ARM_GCC_541\Debug\main.o (PID_Interrupt_SetVector)
.\CortexM3\ARM_GCC_541\Debug\Design.a(CyBootAsmGnu.o)
                              .\CortexM3\ARM_GCC_541\Debug\cyfitter_cfg.o (CyDelayCycles)
.\CortexM3\ARM_GCC_541\Debug\Design.a(CyFlash.o)
                              .\CortexM3\ARM_GCC_541\Debug\Design.a(cyPm.o) (CyFlash_SetWaitCycles)
.\CortexM3\ARM_GCC_541\Debug\Design.a(CySpc.o)
                              .\CortexM3\ARM_GCC_541\Debug\Design.a(CyFlash.o) (CySpcStart)
c:/program files (x86)/cypress/psoc creator/4.4/psoc creator/import/gnu/arm/5.4.1/bin/../lib/gcc/arm-none-eabi/5.4.1/armv7-m\libgcc.a(_arm_addsubdf3.o)
                              .\CortexM3\ARM_GCC_541\Debug\main.o (__aeabi_dsub)
c:/program files (x86)/cypress/psoc creator/4.4/psoc creator/import/gnu/arm/5.4.1/bin/../lib/gcc/arm-none-eabi/5.4.1/armv7-m\libgcc.a(_arm_muldivdf3.o)
                              .\CortexM3\ARM_GCC_541\Debug\main.o (__aeabi_dmul)
c:/program files (x86)/cypress/psoc creator/4.4/psoc creator/import/gnu/arm/5.4.1/bin/../lib/gcc/arm-none-eabi/5.4.1/armv7-m\libgcc.a(_arm_cmpdf2.o)
                              .\CortexM3\ARM_GCC_541\Debug\main.o (__aeabi_dcmplt)
c:/program files (x86)/cypress/psoc creator/4.4/psoc creator/import/gnu/arm/5.4.1/bin/../lib/gcc/arm-none-eabi/5.4.1/armv7-m\libgcc.a(_arm_fixdfsi.o)
                              .\CortexM3\ARM_GCC_541\Debug\main.o (__aeabi_d2iz)
c:/program files (x86)/cypress/psoc creator/4.4/psoc creator/import/gnu/arm/5.4.1/bin/../lib/gcc/arm-none-eabi/5.4.1/armv7-m\libgcc.a(_arm_fixunsdfsi.o)
                              .\CortexM3\ARM_GCC_541\Debug\main.o (__aeabi_d2uiz)
c:/program files (x86)/cypress/psoc creator/4.4/psoc creator/import/gnu/arm/5.4.1/bin/../lib/gcc/arm-none-eabi/5.4.1/armv7-m\libgcc.a(_aeabi_uldivmod.o)
                              .\CortexM3\ARM_GCC_541\Debug\main.o (__aeabi_uldivmod)
c:/program files (x86)/cypress/psoc creator/4.4/psoc creator/import/gnu/arm/5.4.1/bin/../lib/gcc/arm-none-eabi/5.4.1/armv7-m\libgcc.a(_udivmoddi4.o)
                              c:/program files (x86)/cypress/psoc creator/4.4/psoc creator/import/gnu/arm/5.4.1/bin/../lib/gcc/arm-none-eabi/5.4.1/armv7-m\libgcc.a(_aeabi_uldivmod.o) (__udivmoddi4)
c:/program files (x86)/cypress/psoc creator/4.4/psoc creator/import/gnu/arm/5.4.1/bin/../lib/gcc/arm-none-eabi/5.4.1/armv7-m\libgcc.a(_dvmd_tls.o)
[...]
Memory Configuration

Name             Origin             Length             Attributes
rom              0x00000000         0x00040000         xr
ram              0x1fff8000         0x00010000         xrw
*default*        0x00000000         0xffffffff

Linker script and memory map

LOAD c:/program files (x86)/cypress/psoc creator/4.4/psoc creator/import/gnu/arm/5.4.1/bin/../lib/gcc/arm-none-eabi/5.4.1/armv7-m/crti.o
LOAD c:/program files (x86)/cypress/psoc creator/4.4/psoc creator/import/gnu/arm/5.4.1/bin/../lib/gcc/arm-none-eabi/5.4.1/armv7-m/crtbegin.o
LOAD c:/program files (x86)/cypress/psoc creator/4.4/psoc creator/import/gnu/arm/5.4.1/bin/../lib/gcc/arm-none-eabi/5.4.1/../../../../arm-none-eabi/lib/armv7-m/crt0.o
START GROUP
LOAD .\CortexM3\ARM_GCC_541\Debug\main.o
LOAD .\CortexM3\ARM_GCC_541\Debug\lcd_functions.o
LOAD .\CortexM3\ARM_GCC_541\Debug\lp_filter.o
LOAD .\CortexM3\ARM_GCC_541\Debug\cyfitter_cfg.o
LOAD .\CortexM3\ARM_GCC_541\Debug\cymetadata.o
LOAD .\CortexM3\ARM_GCC_541\Debug\Cm3Start.o
LOAD .\CortexM3\ARM_GCC_541\Debug\Design.a
LOAD C:\Program Files (x86)\Cypress\PSoC Creator\4.4\PSoC Creator\psoc\content\cycomponentlibrary\CyComponentLibrary.cylib\CortexM3\ARM_GCC_541\Debug\CyComponentLibrary.a
END GROUP
START GROUP
LOAD c:/program files (x86)/cypress/psoc creator/4.4/psoc creator/import/gnu/arm/5.4.1/bin/../lib/gcc/arm-none-eabi/5.4.1/armv7-m\libgcc.a
LOAD c:/program files (x86)/cypress/psoc creator/4.4/psoc creator/import/gnu/arm/5.4.1/bin/../lib/gcc/arm-none-eabi/5.4.1/../../../../arm-none-eabi/lib/armv7-m\libg_nano.a
LOAD c:/program files (x86)/cypress/psoc creator/4.4/psoc creator/import/gnu/arm/5.4.1/bin/../lib/gcc/arm-none-eabi/5.4.1/../../../../arm-none-eabi/lib/armv7-m\libc_nano.a
END GROUP
START GROUP
LOAD c:/program files (x86)/cypress/psoc creator/4.4/psoc creator/import/gnu/arm/5.4.1/bin/../lib/gcc/arm-none-eabi/5.4.1/armv7-m\libgcc.a
LOAD c:/program files (x86)/cypress/psoc creator/4.4/psoc creator/import/gnu/arm/5.4.1/bin/../lib/gcc/arm-none-eabi/5.4.1/../../../../arm-none-eabi/lib/armv7-m\libc_nano.a
END GROUP
LOAD c:/program files (x86)/cypress/psoc creator/4.4/psoc creator/import/gnu/arm/5.4.1/bin/../lib/gcc/arm-none-eabi/5.4.1/armv7-m/crtend.o
LOAD c:/program files (x86)/cypress/psoc creator/4.4/psoc creator/import/gnu/arm/5.4.1/bin/../lib/gcc/arm-none-eabi/5.4.1/armv7-m/crtn.o
START GROUP
LOAD c:/program files (x86)/cypress/psoc creator/4.4/psoc creator/import/gnu/arm/5.4.1/bin/../lib/gcc/arm-none-eabi/5.4.1/armv7-m\libgcc.a
LOAD c:/program files (x86)/cypress/psoc creator/4.4/psoc creator/import/gnu/arm/5.4.1/bin/../lib/gcc/arm-none-eabi/5.4.1/../../../../arm-none-eabi/lib/armv7-m\libc.a
LOAD c:/program files (x86)/cypress/psoc creator/4.4/psoc creator/import/gnu/arm/5.4.1/bin/../lib/gcc/arm-none-eabi/5.4.1/../../../../arm-none-eabi/lib/armv7-m\libnosys.a
END GROUP
                0x00000000                CY_APPL_ORIGIN = 0x0
                0x00000100                CY_FLASH_ROW_SIZE = 0x100
                0x00000020                CY_ECC_ROW_SIZE = 0x20
                0x00000000                CY_EE_IN_BTLDR = 0x0
                0x00000000                CY_APPL_LOADABLE = 0x0
                0x00000800                CY_EE_SIZE = 0x800
                0x00000001                CY_APPL_NUM = 0x1
                0x00000001                CY_APPL_MAX = 0x1
                0x00000040                CY_METADATA_SIZE = 0x40
                0x00000000                CY_APPL_LOADABLE = 0x0
                0x00000000                CY_CHECKSUM_EXCLUDE_SIZE = ALIGN (0x0, CY_FLASH_ROW_SIZE)
                [!provide]                PROVIDE (__cy_heap_start, _end)
                0x00000001                PROVIDE (__cy_region_num, ((__cy_regions_end - __cy_regions) / 0x10))
                0x20008000                PROVIDE (__cy_stack, (ORIGIN (ram) + LENGTH (ram)))
                [!provide]                PROVIDE (__cy_heap_end, (__cy_stack - 0x800))

.cybootloader   0x00000000        0x0
 *(.cybootloader)
                0x00000000                appl1_start = CY_APPL_ORIGIN?CY_APPL_ORIGIN:ALIGN (CY_FLASH_ROW_SIZE)
                0x0001ff00                appl2_start = (appl1_start + ALIGN ((((LENGTH (rom) - appl1_start) - (0x2 * CY_FLASH_ROW_SIZE)) / 0x2), CY_FLASH_ROW_SIZE))
                0x00000000                appl_start = (CY_APPL_NUM == 0x1)?appl1_start:appl2_start
                0x00000000                ecc_offset = ((appl_start / CY_FLASH_ROW_SIZE) * CY_ECC_ROW_SIZE)
                0x00000000                ee_offset = (CY_APPL_LOADABLE && ! (CY_EE_IN_BTLDR))?((CY_EE_SIZE / CY_APPL_MAX) * (CY_APPL_NUM - 0x1)):0x0
                0x00000800                ee_size = (CY_APPL_LOADABLE && ! (CY_EE_IN_BTLDR))?(CY_EE_SIZE / CY_APPL_MAX):CY_EE_SIZE
                [!provide]                PROVIDE (CY_ECC_OFFSET, ecc_offset)

.text           0x00000000     0x4454
 CREATE_OBJECT_SYMBOLS
                0x00000000                PROVIDE (__cy_interrupt_vector, RomVectors)
 *(.romvectors)
 .romvectors    0x00000000       0x10 .\CortexM3\ARM_GCC_541\Debug\Cm3Start.o
                0x00000000                RomVectors
                0x00000001                ASSERT ((. != __cy_interrupt_vector), No interrupt vector)
                0x00000001                ASSERT (CY_APPL_ORIGIN?(SIZEOF (.cybootloader) <= CY_APPL_ORIGIN):0x1, Wrong image location)
                0x00000010                PROVIDE (__cy_reset, Reset)
 *(.text.Reset)
 .text.Reset    0x00000010       0x18 .\CortexM3\ARM_GCC_541\Debug\Cm3Start.o
                0x00000010                Reset
                0x00000001                ASSERT ((. != __cy_reset), No reset code)
 *(.dma_init)
                0x00000001                ASSERT ((((appl_start + .) <= 0x10000) || 0x1), DMA Init must be within the first 64k of flash)
 *(.text .text.* .gnu.linkonce.t.*)
 .text          0x00000028       0x5c c:/program files (x86)/cypress/psoc creator/4.4/psoc creator/import/gnu/arm/5.4.1/bin/../lib/gcc/arm-none-eabi/5.4.1/armv7-m/crtbegin.o
 .text.frame_int
                0x00000084       0x10 .\CortexM3\ARM_GCC_541\Debug\main.o
                0x00000084                frame_int
 .text.target_int
                0x00000094        0x8 .\CortexM3\ARM_GCC_541\Debug\main.o
                0x00000094                target_int
 *fill*         0x0000009c        0x4 
 .text.hall_int
                0x000000a0       0x64 .\CortexM3\ARM_GCC_541\Debug\main.o
                0x000000a0                hall_int
 .text.dark_int
                0x00000104       0x34 .\CortexM3\ARM_GCC_541\Debug\main.o
                0x00000104                dark_int
 .text.pid_int  0x00000138      0x2a8 .\CortexM3\ARM_GCC_541\Debug\main.o
                0x00000138                pid_int
 .text.main     0x000003e0       0xb4 .\CortexM3\ARM_GCC_541\Debug\main.o
                0x000003e0                main
 .text.initLCD  0x00000494       0x1c .\CortexM3\ARM_GCC_541\Debug\lcd_functions.o
                0x00000494                initLCD
 .text.clearLCD
                0x000004b0        0xc .\CortexM3\ARM_GCC_541\Debug\lcd_functions.o
                0x000004b0                clearLCD
 .text.cmp      0x000004bc        0x8 .\CortexM3\ARM_GCC_541\Debug\lp_filter.o
                0x000004bc                cmp
 .text.filterResize
                0x000004c4        0x8 .\CortexM3\ARM_GCC_541\Debug\lp_filter.o
                0x000004c4                filterResize
 .text.filterPush
                0x000004cc       0x90 .\CortexM3\ARM_GCC_541\Debug\lp_filter.o
                0x000004cc                filterPush
 .text.CyClockStartupError
                0x0000055c        0x4 .\CortexM3\ARM_GCC_541\Debug\cyfitter_cfg.o
 .text.cfg_write_bytes32
                0x00000560       0x34 .\CortexM3\ARM_GCC_541\Debug\cyfitter_cfg.o
 .text.AnalogSetDefault
                0x00000594       0x48 .\CortexM3\ARM_GCC_541\Debug\cyfitter_cfg.o
 .text.CYMEMZERO
                0x000005dc        0xc .\CortexM3\ARM_GCC_541\Debug\cyfitter_cfg.o
 .text.ClockSetup
                0x000005e8       0xf4 .\CortexM3\ARM_GCC_541\Debug\cyfitter_cfg.o
 .text.CYCONFIGCPY
                0x000006dc        0x8 .\CortexM3\ARM_GCC_541\Debug\cyfitter_cfg.o
 .text.cyfitter_cfg
                0x000006e4      0x15c .\CortexM3\ARM_GCC_541\Debug\cyfitter_cfg.o
                0x000006e4                cyfitter_cfg
 .text.IntDefaultHandler
                0x00000840       0x10 .\CortexM3\ARM_GCC_541\Debug\Cm3Start.o
                0x00000840                IntDefaultHandler
 .text._sbrk    0x00000850       0x30 .\CortexM3\ARM_GCC_541\Debug\Cm3Start.o
                0x00000850                _sbrk
 .text.Start_c  0x00000880       0x4c .\CortexM3\ARM_GCC_541\Debug\Cm3Start.o
                0x00000880                Start_c
 .text.initialize_psoc
                0x000008cc       0x68 .\CortexM3\ARM_GCC_541\Debug\Cm3Start.o
                0x000008cc                initialize_psoc
 .text.LCD_WrCntrlNib
                0x00000934       0x34 .\CortexM3\ARM_GCC_541\Debug\Design.a(LCD.o)
 .text.LCD_WrDatNib
                0x00000968       0x44 .\CortexM3\ARM_GCC_541\Debug\Design.a(LCD.o)
 .text.LCD_IsReady
                0x000009ac       0xe4 .\CortexM3\ARM_GCC_541\Debug\Design.a(LCD.o)
                0x000009ac                LCD_IsReady
 .text.LCD_WriteData
                0x00000a90       0x18 .\CortexM3\ARM_GCC_541\Debug\Design.a(LCD.o)
                0x00000a90                LCD_WriteData
 .text.LCD_PrintString
                0x00000aa8       0x1c .\CortexM3\ARM_GCC_541\Debug\Design.a(LCD.o)
                0x00000aa8                LCD_PrintString
 .text.LCD_WriteControl
                0x00000ac4       0x18 .\CortexM3\ARM_GCC_541\Debug\Design.a(LCD.o)
                0x00000ac4                LCD_WriteControl
 .text.LCD_Init
                0x00000adc       0x6c .\CortexM3\ARM_GCC_541\Debug\Design.a(LCD.o)
                0x00000adc                LCD_Init
 .text.LCD_Enable
                0x00000b48       0x14 .\CortexM3\ARM_GCC_541\Debug\Design.a(LCD.o)
                0x00000b48                LCD_Enable
 .text.LCD_Start
                0x00000b5c       0x1c .\CortexM3\ARM_GCC_541\Debug\Design.a(LCD.o)
                0x00000b5c                LCD_Start
 .text.LCD_Position
                0x00000b78       0x3c .\CortexM3\ARM_GCC_541\Debug\Design.a(LCD.o)
                0x00000b78                LCD_Position
 .text.CyDelay  0x00000bb4       0x2c .\CortexM3\ARM_GCC_541\Debug\Design.a(CyLib.o)
                0x00000bb4                CyDelay
 .text.CyDelayUs
                0x00000be0       0x14 .\CortexM3\ARM_GCC_541\Debug\Design.a(CyLib.o)
                0x00000be0                CyDelayUs
 .text.Frame_Interrupt_Interrupt
                0x00000bf4        0x4 .\CortexM3\ARM_GCC_541\Debug\Design.a(Frame_Interrupt.o)
                0x00000bf4                Frame_Interrupt_Interrupt
 .text.Frame_Interrupt_SetVector
                0x00000bf8        0xc .\CortexM3\ARM_GCC_541\Debug\Design.a(Frame_Interrupt.o)
                0x00000bf8                Frame_Interrupt_SetVector
 .text.Frame_Interrupt_SetPriority
                0x00000c04       0x10 .\CortexM3\ARM_GCC_541\Debug\Design.a(Frame_Interrupt.o)
                0x00000c04                Frame_Interrupt_SetPriority
 .text.Frame_Interrupt_Enable
                0x00000c14        0xc .\CortexM3\ARM_GCC_541\Debug\Design.a(Frame_Interrupt.o)
                0x00000c14                Frame_Interrupt_Enable
 .text.Frame_Interrupt_Disable
                0x00000c20        0xc .\CortexM3\ARM_GCC_541\Debug\Design.a(Frame_Interrupt.o)
                0x00000c20                Frame_Interrupt_Disable
 .text.Frame_Interrupt_Start
                0x00000c2c       0x1c .\CortexM3\ARM_GCC_541\Debug\Design.a(Frame_Interrupt.o)
                0x00000c2c                Frame_Interrupt_Start
 .text.XBee_Init
                0x00000c48       0x24 .\CortexM3\ARM_GCC_541\Debug\Design.a(XBee.o)
                0x00000c48                XBee_Init
 .text.XBee_Enable
                0x00000c6c       0x38 .\CortexM3\ARM_GCC_541\Debug\Design.a(XBee.o)
                0x00000c6c                XBee_Enable
 .text.XBee_Start
                0x00000ca4       0x1c .\CortexM3\ARM_GCC_541\Debug\Design.a(XBee.o)
                0x00000ca4                XBee_Start
 .text.XBee_PutChar
                0x00000cc0       0x18 .\CortexM3\ARM_GCC_541\Debug\Design.a(XBee.o)
                0x00000cc0                XBee_PutChar
 .text.XBee_PutString
                0x00000cd8       0x24 .\CortexM3\ARM_GCC_541\Debug\Design.a(XBee.o)
                0x00000cd8                XBee_PutString
 .text.XBee_IntClock_Start
                0x00000cfc       0x1c .\CortexM3\ARM_GCC_541\Debug\Design.a(XBee_IntClock.o)
                0x00000cfc                XBee_IntClock_Start
 .text.Target_Interrupt_Interrupt
                0x00000d18        0x4 .\CortexM3\ARM_GCC_541\Debug\Design.a(Target_Interrupt.o)
                0x00000d18                Target_Interrupt_Interrupt
 .text.Target_Interrupt_SetVector
                0x00000d1c        0xc .\CortexM3\ARM_GCC_541\Debug\Design.a(Target_Interrupt.o)
                0x00000d1c                Target_Interrupt_SetVector
 .text.Target_Interrupt_SetPriority
                0x00000d28       0x10 .\CortexM3\ARM_GCC_541\Debug\Design.a(Target_Interrupt.o)
                0x00000d28                Target_Interrupt_SetPriority
 .text.Target_Interrupt_Enable
                0x00000d38        0xc .\CortexM3\ARM_GCC_541\Debug\Design.a(Target_Interrupt.o)
                0x00000d38                Target_Interrupt_Enable
 .text.Target_Interrupt_Disable
                0x00000d44        0xc .\CortexM3\ARM_GCC_541\Debug\Design.a(Target_Interrupt.o)
                0x00000d44                Target_Interrupt_Disable
 .text.Target_Interrupt_Start
                0x00000d50       0x1c .\CortexM3\ARM_GCC_541\Debug\Design.a(Target_Interrupt.o)
                0x00000d50                Target_Interrupt_Start
 .text.Reference_Enable
                0x00000d6c       0x1c .\CortexM3\ARM_GCC_541\Debug\Design.a(Reference.o)
                0x00000d6c                Reference_Enable
 .text.Reference_SetSpeed
                0x00000d88       0x1c .\CortexM3\ARM_GCC_541\Debug\Design.a(Reference.o)
                0x00000d88                Reference_SetSpeed
 .text.Reference_SetValue
                0x00000da4        0xc .\CortexM3\ARM_GCC_541\Debug\Design.a(Reference.o)
                0x00000da4                Reference_SetValue
 .text.Reference_DacTrim
                0x00000db0       0x24 .\CortexM3\ARM_GCC_541\Debug\Design.a(Reference.o)
                0x00000db0                Reference_DacTrim
 .text.Reference_SetRange
                0x00000dd4       0x20 .\CortexM3\ARM_GCC_541\Debug\Design.a(Reference.o)
                0x00000dd4                Reference_SetRange
 .text.Reference_Init
                0x00000df4       0x1c .\CortexM3\ARM_GCC_541\Debug\Design.a(Reference.o)
                0x00000df4                Reference_Init
 .text.Reference_Start
                0x00000e10       0x24 .\CortexM3\ARM_GCC_541\Debug\Design.a(Reference.o)
                0x00000e10                Reference_Start
 .text.Analog_CMP_Enable
                0x00000e34       0x1c .\CortexM3\ARM_GCC_541\Debug\Design.a(Analog_CMP.o)
                0x00000e34                Analog_CMP_Enable
 .text.Analog_CMP_SetSpeed
                0x00000e50       0x58 .\CortexM3\ARM_GCC_541\Debug\Design.a(Analog_CMP.o)
                0x00000e50                Analog_CMP_SetSpeed
 .text.Analog_CMP_Init
                0x00000ea8       0x3c .\CortexM3\ARM_GCC_541\Debug\Design.a(Analog_CMP.o)
                0x00000ea8                Analog_CMP_Init
 .text.Analog_CMP_Start
                0x00000ee4       0x1c .\CortexM3\ARM_GCC_541\Debug\Design.a(Analog_CMP.o)
                0x00000ee4                Analog_CMP_Start
 .text.Dark_Timer_Enable
                0x00000f00       0x10 .\CortexM3\ARM_GCC_541\Debug\Design.a(Dark_Timer.o)
                0x00000f00                Dark_Timer_Enable
 .text.Dark_Timer_SetInterruptMode
                0x00000f10        0xc .\CortexM3\ARM_GCC_541\Debug\Design.a(Dark_Timer.o)
                0x00000f10                Dark_Timer_SetInterruptMode
 .text.Dark_Timer_ReadStatusRegister
                0x00000f1c        0xc .\CortexM3\ARM_GCC_541\Debug\Design.a(Dark_Timer.o)
                0x00000f1c                Dark_Timer_ReadStatusRegister
 .text.Dark_Timer_WritePeriod
                0x00000f28        0xc .\CortexM3\ARM_GCC_541\Debug\Design.a(Dark_Timer.o)
                0x00000f28                Dark_Timer_WritePeriod
 .text.Dark_Timer_ReadCapture
                0x00000f34        0xc .\CortexM3\ARM_GCC_541\Debug\Design.a(Dark_Timer.o)
                0x00000f34                Dark_Timer_ReadCapture
 .text.Dark_Timer_WriteCounter
                0x00000f40        0xc .\CortexM3\ARM_GCC_541\Debug\Design.a(Dark_Timer.o)
                0x00000f40                Dark_Timer_WriteCounter
 .text.Dark_Timer_SetInterruptCount
                0x00000f4c       0x1c .\CortexM3\ARM_GCC_541\Debug\Design.a(Dark_Timer.o)
                0x00000f4c                Dark_Timer_SetInterruptCount
 .text.Dark_Timer_ClearFIFO
                0x00000f68       0x14 .\CortexM3\ARM_GCC_541\Debug\Design.a(Dark_Timer.o)
                0x00000f68                Dark_Timer_ClearFIFO
 .text.Dark_Timer_Init
                0x00000f7c       0x3c .\CortexM3\ARM_GCC_541\Debug\Design.a(Dark_Timer.o)
                0x00000f7c                Dark_Timer_Init
 .text.Dark_Timer_Start
                0x00000fb8       0x1c .\CortexM3\ARM_GCC_541\Debug\Design.a(Dark_Timer.o)
                0x00000fb8                Dark_Timer_Start
 .text.Dark_Interrupt_Interrupt
                0x00000fd4        0x4 .\CortexM3\ARM_GCC_541\Debug\Design.a(Dark_Interrupt.o)
                0x00000fd4                Dark_Interrupt_Interrupt
 .text.Dark_Interrupt_SetVector
                0x00000fd8        0xc .\CortexM3\ARM_GCC_541\Debug\Design.a(Dark_Interrupt.o)
                0x00000fd8                Dark_Interrupt_SetVector
 .text.Dark_Interrupt_SetPriority
                0x00000fe4       0x10 .\CortexM3\ARM_GCC_541\Debug\Design.a(Dark_Interrupt.o)
                0x00000fe4                Dark_Interrupt_SetPriority
 .text.Dark_Interrupt_Enable
                0x00000ff4        0xc .\CortexM3\ARM_GCC_541\Debug\Design.a(Dark_Interrupt.o)
                0x00000ff4                Dark_Interrupt_Enable
 .text.Dark_Interrupt_Disable
                0x00001000        0xc .\CortexM3\ARM_GCC_541\Debug\Design.a(Dark_Interrupt.o)
                0x00001000                Dark_Interrupt_Disable
 .text.Dark_Interrupt_Start
                0x0000100c       0x1c .\CortexM3\ARM_GCC_541\Debug\Design.a(Dark_Interrupt.o)
                0x0000100c                Dark_Interrupt_Start
 .text.Servo_PWM_Enable
                0x00001028       0x10 .\CortexM3\ARM_GCC_541\Debug\Design.a(Servo_PWM.o)
                0x00001028                Servo_PWM_Enable
 .text.Servo_PWM_WriteCounter
                0x00001038        0xc .\CortexM3\ARM_GCC_541\Debug\Design.a(Servo_PWM.o)
                0x00001038                Servo_PWM_WriteCounter
 .text.Servo_PWM_WritePeriod
                0x00001044        0xc .\CortexM3\ARM_GCC_541\Debug\Design.a(Servo_PWM.o)
                0x00001044                Servo_PWM_WritePeriod
 .text.Servo_PWM_WriteCompare
                0x00001050        0xc .\CortexM3\ARM_GCC_541\Debug\Design.a(Servo_PWM.o)
                0x00001050                Servo_PWM_WriteCompare
 .text.Servo_PWM_SetInterruptMode
                0x0000105c        0xc .\CortexM3\ARM_GCC_541\Debug\Design.a(Servo_PWM.o)
                0x0000105c                Servo_PWM_SetInterruptMode
 .text.Servo_PWM_ReadStatusRegister
                0x00001068        0xc .\CortexM3\ARM_GCC_541\Debug\Design.a(Servo_PWM.o)
                0x00001068                Servo_PWM_ReadStatusRegister
 .text.Servo_PWM_ReadCapture
                0x00001074        0xc .\CortexM3\ARM_GCC_541\Debug\Design.a(Servo_PWM.o)
                0x00001074                Servo_PWM_ReadCapture
 .text.Servo_PWM_ClearFIFO
                0x00001080       0x14 .\CortexM3\ARM_GCC_541\Debug\Design.a(Servo_PWM.o)
                0x00001080                Servo_PWM_ClearFIFO
 .text.Servo_PWM_Init
                0x00001094       0x60 .\CortexM3\ARM_GCC_541\Debug\Design.a(Servo_PWM.o)
                0x00001094                Servo_PWM_Init
 .text.Servo_PWM_Start
                0x000010f4       0x1c .\CortexM3\ARM_GCC_541\Debug\Design.a(Servo_PWM.o)
                0x000010f4                Servo_PWM_Start
 .text.Hall_Interrupt_Interrupt
                0x00001110        0x4 .\CortexM3\ARM_GCC_541\Debug\Design.a(Hall_Interrupt.o)
                0x00001110                Hall_Interrupt_Interrupt
 .text.Hall_Interrupt_SetVector
                0x00001114        0xc .\CortexM3\ARM_GCC_541\Debug\Design.a(Hall_Interrupt.o)
                0x00001114                Hall_Interrupt_SetVector
 .text.Hall_Interrupt_SetPriority
                0x00001120       0x10 .\CortexM3\ARM_GCC_541\Debug\Design.a(Hall_Interrupt.o)
                0x00001120                Hall_Interrupt_SetPriority
 .text.Hall_Interrupt_Enable
                0x00001130        0xc .\CortexM3\ARM_GCC_541\Debug\Design.a(Hall_Interrupt.o)
                0x00001130                Hall_Interrupt_Enable
 .text.Hall_Interrupt_Disable
                0x0000113c        0xc .\CortexM3\ARM_GCC_541\Debug\Design.a(Hall_Interrupt.o)
                0x0000113c                Hall_Interrupt_Disable
 .text.Hall_Interrupt_Start
                0x00001148       0x1c .\CortexM3\ARM_GCC_541\Debug\Design.a(Hall_Interrupt.o)
                0x00001148                Hall_Interrupt_Start
 .text.Hall_Timer_Enable
                0x00001164       0x10 .\CortexM3\ARM_GCC_541\Debug\Design.a(Hall_Timer.o)
                0x00001164                Hall_Timer_Enable
 .text.Hall_Timer_SetInterruptMode
                0x00001174        0xc .\CortexM3\ARM_GCC_541\Debug\Design.a(Hall_Timer.o)
                0x00001174                Hall_Timer_SetInterruptMode
 .text.Hall_Timer_ReadStatusRegister
                0x00001180        0xc .\CortexM3\ARM_GCC_541\Debug\Design.a(Hall_Timer.o)
                0x00001180                Hall_Timer_ReadStatusRegister
 .text.Hall_Timer_WritePeriod
                0x0000118c        0xc .\CortexM3\ARM_GCC_541\Debug\Design.a(Hall_Timer.o)
                0x0000118c                Hall_Timer_WritePeriod
 .text.Hall_Timer_ReadCapture
                0x00001198        0xc .\CortexM3\ARM_GCC_541\Debug\Design.a(Hall_Timer.o)
                0x00001198                Hall_Timer_ReadCapture
 .text.Hall_Timer_WriteCounter
                0x000011a4        0xc .\CortexM3\ARM_GCC_541\Debug\Design.a(Hall_Timer.o)
                0x000011a4                Hall_Timer_WriteCounter
 .text.Hall_Timer_SetInterruptCount
                0x000011b0       0x1c .\CortexM3\ARM_GCC_541\Debug\Design.a(Hall_Timer.o)
                0x000011b0                Hall_Timer_SetInterruptCount
 .text.Hall_Timer_ClearFIFO
                0x000011cc       0x14 .\CortexM3\ARM_GCC_541\Debug\Design.a(Hall_Timer.o)
                0x000011cc                Hall_Timer_ClearFIFO
 .text.Hall_Timer_Init
                0x000011e0       0x3c .\CortexM3\ARM_GCC_541\Debug\Design.a(Hall_Timer.o)
                0x000011e0                Hall_Timer_Init
 .text.Hall_Timer_Start
                0x0000121c       0x1c .\CortexM3\ARM_GCC_541\Debug\Design.a(Hall_Timer.o)
                0x0000121c                Hall_Timer_Start
 .text.Throttle_PWM_Enable
                0x00001238       0x10 .\CortexM3\ARM_GCC_541\Debug\Design.a(Throttle_PWM.o)
                0x00001238                Throttle_PWM_Enable
 .text.Throttle_PWM_WriteCounter
                0x00001248        0xc .\CortexM3\ARM_GCC_541\Debug\Design.a(Throttle_PWM.o)
                0x00001248                Throttle_PWM_WriteCounter
 .text.Throttle_PWM_WritePeriod
                0x00001254        0xc .\CortexM3\ARM_GCC_541\Debug\Design.a(Throttle_PWM.o)
                0x00001254                Throttle_PWM_WritePeriod
 .text.Throttle_PWM_WriteCompare
                0x00001260        0xc .\CortexM3\ARM_GCC_541\Debug\Design.a(Throttle_PWM.o)
                0x00001260                Throttle_PWM_WriteCompare
 .text.Throttle_PWM_SetInterruptMode
                0x0000126c        0xc .\CortexM3\ARM_GCC_541\Debug\Design.a(Throttle_PWM.o)
                0x0000126c                Throttle_PWM_SetInterruptMode
 .text.Throttle_PWM_ReadStatusRegister
                0x00001278        0xc .\CortexM3\ARM_GCC_541\Debug\Design.a(Throttle_PWM.o)
                0x00001278                Throttle_PWM_ReadStatusRegister
 .text.Throttle_PWM_ReadCapture
                0x00001284        0xc .\CortexM3\ARM_GCC_541\Debug\Design.a(Throttle_PWM.o)
                0x00001284                Throttle_PWM_ReadCapture
 .text.Throttle_PWM_ClearFIFO
                0x00001290       0x14 .\CortexM3\ARM_GCC_541\Debug\Design.a(Throttle_PWM.o)
                0x00001290                Throttle_PWM_ClearFIFO
 .text.Throttle_PWM_Init
                0x000012a4       0x64 .\CortexM3\ARM_GCC_541\Debug\Design.a(Throttle_PWM.o)
                0x000012a4                Throttle_PWM_Init
 .text.Throttle_PWM_Start
                0x00001308       0x1c .\CortexM3\ARM_GCC_541\Debug\Design.a(Throttle_PWM.o)
                0x00001308                Throttle_PWM_Start
 .text.PID_Timer_Enable
                0x00001324       0x10 .\CortexM3\ARM_GCC_541\Debug\Design.a(PID_Timer.o)
                0x00001324                PID_Timer_Enable
 .text.PID_Timer_SetInterruptMode
                0x00001334        0xc .\CortexM3\ARM_GCC_541\Debug\Design.a(PID_Timer.o)
                0x00001334                PID_Timer_SetInterruptMode
 .text.PID_Timer_ReadStatusRegister
                0x00001340        0xc .\CortexM3\ARM_GCC_541\Debug\Design.a(PID_Timer.o)
                0x00001340                PID_Timer_ReadStatusRegister
 .text.PID_Timer_WritePeriod
                0x0000134c        0xc .\CortexM3\ARM_GCC_541\Debug\Design.a(PID_Timer.o)
                0x0000134c                PID_Timer_WritePeriod
 .text.PID_Timer_ReadCapture
                0x00001358        0xc .\CortexM3\ARM_GCC_541\Debug\Design.a(PID_Timer.o)
                0x00001358                PID_Timer_ReadCapture
 .text.PID_Timer_WriteCounter
                0x00001364        0xc .\CortexM3\ARM_GCC_541\Debug\Design.a(PID_Timer.o)
                0x00001364                PID_Timer_WriteCounter
 .text.PID_Timer_ClearFIFO
                0x00001370       0x14 .\CortexM3\ARM_GCC_541\Debug\Design.a(PID_Timer.o)
                0x00001370                PID_Timer_ClearFIFO
 .text.PID_Timer_Init
                0x00001384       0x30 .\CortexM3\ARM_GCC_541\Debug\Design.a(PID_Timer.o)
                0x00001384                PID_Timer_Init
 .text.PID_Timer_Start
                0x000013b4       0x1c .\CortexM3\ARM_GCC_541\Debug\Design.a(PID_Timer.o)
                0x000013b4                PID_Timer_Start
 .text.PID_Interrupt_Interrupt
                0x000013d0        0x4 .\CortexM3\ARM_GCC_541\Debug\Design.a(PID_Interrupt.o)
                0x000013d0                PID_Interrupt_Interrupt
 .text.PID_Interrupt_SetVector
                0x000013d4        0xc .\CortexM3\ARM_GCC_541\Debug\Design.a(PID_Interrupt.o)
                0x000013d4                PID_Interrupt_SetVector
 .text.PID_Interrupt_SetPriority
                0x000013e0       0x10 .\CortexM3\ARM_GCC_541\Debug\Design.a(PID_Interrupt.o)
                0x000013e0                PID_Interrupt_SetPriority
 .text.PID_Interrupt_Enable
                0x000013f0        0xc .\CortexM3\ARM_GCC_541\Debug\Design.a(PID_Interrupt.o)
                0x000013f0                PID_Interrupt_Enable
 .text.PID_Interrupt_Disable
                0x000013fc        0xc .\CortexM3\ARM_GCC_541\Debug\Design.a(PID_Interrupt.o)
                0x000013fc                PID_Interrupt_Disable
 .text.PID_Interrupt_Start
                0x00001408       0x1c .\CortexM3\ARM_GCC_541\Debug\Design.a(PID_Interrupt.o)
                0x00001408                PID_Interrupt_Start
 *fill*         0x00001424        0x4 
 .text          0x00001428       0x20 .\CortexM3\ARM_GCC_541\Debug\Design.a(CyBootAsmGnu.o)
                0x00001428                CyDelayCycles
                0x00001438                CyEnterCriticalSection
                0x00001440                CyExitCriticalSection
 .text          0x00001448      0x370 c:/program files (x86)/cypress/psoc creator/4.4/psoc creator/import/gnu/arm/5.4.1/bin/../lib/gcc/arm-none-eabi/5.4.1/armv7-m\libgcc.a(_arm_addsubdf3.o)
                0x00001448                __aeabi_drsub
                0x00001450                __aeabi_dsub
                0x00001450                __subdf3
                0x00001454                __aeabi_dadd
                0x00001454                __adddf3
                0x000016cc                __floatunsidf
                0x000016cc                __aeabi_ui2d
                0x000016ec                __floatsidf
                0x000016ec                __aeabi_i2d
                0x00001710                __aeabi_f2d
                0x00001710                __extendsfdf2
                0x0000174c                __floatundidf
                0x0000174c                __aeabi_ul2d
                0x0000175c                __floatdidf
                0x0000175c                __aeabi_l2d
 .text          0x000017b8      0x424 c:/program files (x86)/cypress/psoc creator/4.4/psoc creator/import/gnu/arm/5.4.1/bin/../lib/gcc/arm-none-eabi/5.4.1/armv7-m\libgcc.a(_arm_muldivdf3.o)
                0x000017b8                __aeabi_dmul
                0x000017b8                __muldf3
                0x00001a0c                __divdf3
                0x00001a0c                __aeabi_ddiv
 .text          0x00001bdc      0x110 c:/program files (x86)/cypress/psoc creator/4.4/psoc creator/import/gnu/arm/5.4.1/bin/../lib/gcc/arm-none-eabi/5.4.1/armv7-m\libgcc.a(_arm_cmpdf2.o)
                0x00001bdc                __gtdf2
                0x00001bdc                __gedf2
                0x00001be4                __ltdf2
                0x00001be4                __ledf2
                0x00001bec                __nedf2
                0x00001bec                __eqdf2
                0x00001bec                __cmpdf2
                0x00001c68                __aeabi_cdrcmple
                0x00001c78                __aeabi_cdcmpeq
                0x00001c78                __aeabi_cdcmple
                0x00001c88                __aeabi_dcmpeq
                0x00001c9c                __aeabi_dcmplt
                0x00001cb0                __aeabi_dcmple
                0x00001cc4                __aeabi_dcmpge
                0x00001cd8                __aeabi_dcmpgt
 .text          0x00001cec       0x50 c:/program files (x86)/cypress/psoc creator/4.4/psoc creator/import/gnu/arm/5.4.1/bin/../lib/gcc/arm-none-eabi/5.4.1/armv7-m\libgcc.a(_arm_fixdfsi.o)
                0x00001cec                __aeabi_d2iz
                0x00001cec                __fixdfsi
 .text          0x00001d3c       0x40 c:/program files (x86)/cypress/psoc creator/4.4/psoc creator/import/gnu/arm/5.4.1/bin/../lib/gcc/arm-none-eabi/5.4.1/armv7-m\libgcc.a(_arm_fixunsdfsi.o)
                0x00001d3c                __aeabi_d2uiz
                0x00001d3c                __fixunsdfsi
 .text          0x00001d7c       0x30 c:/program files (x86)/cypress/psoc creator/4.4/psoc creator/import/gnu/arm/5.4.1/bin/../lib/gcc/arm-none-eabi/5.4.1/armv7-m\libgcc.a(_aeabi_uldivmod.o)
                0x00001d7c                __aeabi_uldivmod
 .text          0x00001dac      0x2ec c:/program files (x86)/cypress/psoc creator/4.4/psoc creator/import/gnu/arm/5.4.1/bin/../lib/gcc/arm-none-eabi/5.4.1/armv7-m\libgcc.a(_udivmoddi4.o)
                0x00001dac                __udivmoddi4
 .text          0x00002098        0x4 c:/program files (x86)/cypress/psoc creator/4.4/psoc creator/import/gnu/arm/5.4.1/bin/../lib/gcc/arm-none-eabi/5.4.1/armv7-m\libgcc.a(_dvmd_tls.o)
                0x00002098                __aeabi_idiv0
                0x00002098                __aeabi_ldiv0
 .text.__errno  0x0000209c        0xc c:/program files (x86)/cypress/psoc creator/4.4/psoc creator/import/gnu/arm/5.4.1/bin/../lib/gcc/arm-none-eabi/5.4.1/../../../../arm-none-eabi/lib/armv7-m\libg_nano.a(lib_a-errno.o)
                0x0000209c                __errno
 .text.__libc_init_array
                0x000020a8       0x4c c:/program files (x86)/cypress/psoc creator/4.4/psoc creator/import/gnu/arm/5.4.1/bin/../lib/gcc/arm-none-eabi/5.4.1/../../../../arm-none-eabi/lib/armv7-m\libg_nano.a(lib_a-init.o)
                0x000020a8                __libc_init_array
 .text.memcpy   0x000020f4       0x16 c:/program files (x86)/cypress/psoc creator/4.4/psoc creator/import/gnu/arm/5.4.1/bin/../lib/gcc/arm-none-eabi/5.4.1/../../../../arm-none-eabi/lib/armv7-m\libg_nano.a(lib_a-memcpy-stub.o)
                0x000020f4                memcpy
 .text.memset   0x0000210a       0x10 c:/program files (x86)/cypress/psoc creator/4.4/psoc creator/import/gnu/arm/5.4.1/bin/../lib/gcc/arm-none-eabi/5.4.1/../../../../arm-none-eabi/lib/armv7-m\libg_nano.a(lib_a-memset.o)
                0x0000210a                memset
 .text.__cvt    0x0000211a       0xc0 c:/program files (x86)/cypress/psoc creator/4.4/psoc creator/import/gnu/arm/5.4.1/bin/../lib/gcc/arm-none-eabi/5.4.1/../../../../arm-none-eabi/lib/armv7-m\libg_nano.a(lib_a-nano-vfprintf_float.o)
                0x0000211a                __cvt
 .text.__exponent
                0x000021da       0x62 c:/program files (x86)/cypress/psoc creator/4.4/psoc creator/import/gnu/arm/5.4.1/bin/../lib/gcc/arm-none-eabi/5.4.1/../../../../arm-none-eabi/lib/armv7-m\libg_nano.a(lib_a-nano-vfprintf_float.o)
                0x000021da                __exponent
 .text._printf_float
                0x0000223c      0x488 c:/program files (x86)/cypress/psoc creator/4.4/psoc creator/import/gnu/arm/5.4.1/bin/../lib/gcc/arm-none-eabi/5.4.1/../../../../arm-none-eabi/lib/armv7-m\libg_nano.a(lib_a-nano-vfprintf_float.o)
                0x0000223c                _printf_float
 .text._printf_common
                0x000026c4       0xec c:/program files (x86)/cypress/psoc creator/4.4/psoc creator/import/gnu/arm/5.4.1/bin/../lib/gcc/arm-none-eabi/5.4.1/../../../../arm-none-eabi/lib/armv7-m\libg_nano.a(lib_a-nano-vfprintf_i.o)
                0x000026c4                _printf_common
 .text._printf_i
                0x000027b0      0x24c c:/program files (x86)/cypress/psoc creator/4.4/psoc creator/import/gnu/arm/5.4.1/bin/../lib/gcc/arm-none-eabi/5.4.1/../../../../arm-none-eabi/lib/armv7-m\libg_nano.a(lib_a-nano-vfprintf_i.o)
                0x000027b0                _printf_i
 .text.swapfunc
                0x000029fc       0x34 c:/program files (x86)/cypress/psoc creator/4.4/psoc creator/import/gnu/arm/5.4.1/bin/../lib/gcc/arm-none-eabi/5.4.1/../../../../arm-none-eabi/lib/armv7-m\libg_nano.a(lib_a-qsort.o)
 .text.med3.isra.1
                0x00002a30       0x40 c:/program files (x86)/cypress/psoc creator/4.4/psoc creator/import/gnu/arm/5.4.1/bin/../lib/gcc/arm-none-eabi/5.4.1/../../../../arm-none-eabi/lib/armv7-m\libg_nano.a(lib_a-qsort.o)
 .text.qsort    0x00002a70      0x26e c:/program files (x86)/cypress/psoc creator/4.4/psoc creator/import/gnu/arm/5.4.1/bin/../lib/gcc/arm-none-eabi/5.4.1/../../../../arm-none-eabi/lib/armv7-m\libg_nano.a(lib_a-qsort.o)
                0x00002a70                qsort
 *fill*         0x00002cde        0x2 
 .text.sprintf  0x00002ce0       0x48 c:/program files (x86)/cypress/psoc creator/4.4/psoc creator/import/gnu/arm/5.4.1/bin/../lib/gcc/arm-none-eabi/5.4.1/../../../../arm-none-eabi/lib/armv7-m\libg_nano.a(lib_a-sprintf.o)
                0x00002ce0                siprintf
                0x00002ce0                sprintf
 .text          0x00002d28       0x10 c:/program files (x86)/cypress/psoc creator/4.4/psoc creator/import/gnu/arm/5.4.1/bin/../lib/gcc/arm-none-eabi/5.4.1/../../../../arm-none-eabi/lib/armv7-m\libg_nano.a(lib_a-strlen.o)
                0x00002d28                strlen
 .text.quorem   0x00002d38      0x116 c:/program files (x86)/cypress/psoc creator/4.4/psoc creator/import/gnu/arm/5.4.1/bin/../lib/gcc/arm-none-eabi/5.4.1/../../../../arm-none-eabi/lib/armv7-m\libg_nano.a(lib_a-dtoa.o)
 *fill*         0x00002e4e        0x2 
 .text._dtoa_r  0x00002e50      0xb30 c:/program files (x86)/cypress/psoc creator/4.4/psoc creator/import/gnu/arm/5.4.1/bin/../lib/gcc/arm-none-eabi/5.4.1/../../../../arm-none-eabi/lib/armv7-m\libg_nano.a(lib_a-dtoa.o)
                0x00002e50                _dtoa_r
 .text._localeconv_r
                0x00003980        0x8 c:/program files (x86)/cypress/psoc creator/4.4/psoc creator/import/gnu/arm/5.4.1/bin/../lib/gcc/arm-none-eabi/5.4.1/../../../../arm-none-eabi/lib/armv7-m\libg_nano.a(lib_a-locale.o)
                0x00003980                _localeconv_r
 .text.malloc   0x00003988       0x10 c:/program files (x86)/cypress/psoc creator/4.4/psoc creator/import/gnu/arm/5.4.1/bin/../lib/gcc/arm-none-eabi/5.4.1/../../../../arm-none-eabi/lib/armv7-m\libg_nano.a(lib_a-malloc.o)
                0x00003988                malloc
 .text.memchr   0x00003998       0x1c c:/program files (x86)/cypress/psoc creator/4.4/psoc creator/import/gnu/arm/5.4.1/bin/../lib/gcc/arm-none-eabi/5.4.1/../../../../arm-none-eabi/lib/armv7-m\libg_nano.a(lib_a-memchr-stub.o)
                0x00003998                memchr
 .text._Balloc  0x000039b4       0x6a c:/program files (x86)/cypress/psoc creator/4.4/psoc creator/import/gnu/arm/5.4.1/bin/../lib/gcc/arm-none-eabi/5.4.1/../../../../arm-none-eabi/lib/armv7-m\libg_nano.a(lib_a-mprec.o)
                0x000039b4                _Balloc
 .text._Bfree   0x00003a1e       0x2e c:/program files (x86)/cypress/psoc creator/4.4/psoc creator/import/gnu/arm/5.4.1/bin/../lib/gcc/arm-none-eabi/5.4.1/../../../../arm-none-eabi/lib/armv7-m\libg_nano.a(lib_a-mprec.o)
                0x00003a1e                _Bfree
 .text.__multadd
                0x00003a4c       0x76 c:/program files (x86)/cypress/psoc creator/4.4/psoc creator/import/gnu/arm/5.4.1/bin/../lib/gcc/arm-none-eabi/5.4.1/../../../../arm-none-eabi/lib/armv7-m\libg_nano.a(lib_a-mprec.o)
                0x00003a4c                __multadd
 .text.__hi0bits
                0x00003ac2       0x40 c:/program files (x86)/cypress/psoc creator/4.4/psoc creator/import/gnu/arm/5.4.1/bin/../lib/gcc/arm-none-eabi/5.4.1/../../../../arm-none-eabi/lib/armv7-m\libg_nano.a(lib_a-mprec.o)
                0x00003ac2                __hi0bits
 .text.__lo0bits
                0x00003b02       0x5a c:/program files (x86)/cypress/psoc creator/4.4/psoc creator/import/gnu/arm/5.4.1/bin/../lib/gcc/arm-none-eabi/5.4.1/../../../../arm-none-eabi/lib/armv7-m\libg_nano.a(lib_a-mprec.o)
                0x00003b02                __lo0bits
 .text.__i2b    0x00003b5c       0x12 c:/program files (x86)/cypress/psoc creator/4.4/psoc creator/import/gnu/arm/5.4.1/bin/../lib/gcc/arm-none-eabi/5.4.1/../../../../arm-none-eabi/lib/armv7-m\libg_nano.a(lib_a-mprec.o)
                0x00003b5c                __i2b
 .text.__multiply
                0x00003b6e      0x120 c:/program files (x86)/cypress/psoc creator/4.4/psoc creator/import/gnu/arm/5.4.1/bin/../lib/gcc/arm-none-eabi/5.4.1/../../../../arm-none-eabi/lib/armv7-m\libg_nano.a(lib_a-mprec.o)
                0x00003b6e                __multiply
 *fill*         0x00003c8e        0x2 
 .text.__pow5mult
                0x00003c90       0x9c c:/program files (x86)/cypress/psoc creator/4.4/psoc creator/import/gnu/arm/5.4.1/bin/../lib/gcc/arm-none-eabi/5.4.1/../../../../arm-none-eabi/lib/armv7-m\libg_nano.a(lib_a-mprec.o)
                0x00003c90                __pow5mult
 .text.__lshift
                0x00003d2c       0xa2 c:/program files (x86)/cypress/psoc creator/4.4/psoc creator/import/gnu/arm/5.4.1/bin/../lib/gcc/arm-none-eabi/5.4.1/../../../../arm-none-eabi/lib/armv7-m\libg_nano.a(lib_a-mprec.o)
                0x00003d2c                __lshift
 .text.__mcmp   0x00003dce       0x38 c:/program files (x86)/cypress/psoc creator/4.4/psoc creator/import/gnu/arm/5.4.1/bin/../lib/gcc/arm-none-eabi/5.4.1/../../../../arm-none-eabi/lib/armv7-m\libg_nano.a(lib_a-mprec.o)
                0x00003dce                __mcmp
 .text.__mdiff  0x00003e06       0xbe c:/program files (x86)/cypress/psoc creator/4.4/psoc creator/import/gnu/arm/5.4.1/bin/../lib/gcc/arm-none-eabi/5.4.1/../../../../arm-none-eabi/lib/armv7-m\libg_nano.a(lib_a-mprec.o)
                0x00003e06                __mdiff
 .text.__d2b    0x00003ec4       0x9c c:/program files (x86)/cypress/psoc creator/4.4/psoc creator/import/gnu/arm/5.4.1/bin/../lib/gcc/arm-none-eabi/5.4.1/../../../../arm-none-eabi/lib/armv7-m\libg_nano.a(lib_a-mprec.o)
                0x00003ec4                __d2b
 .text._calloc_r
                0x00003f60       0x1c c:/program files (x86)/cypress/psoc creator/4.4/psoc creator/import/gnu/arm/5.4.1/bin/../lib/gcc/arm-none-eabi/5.4.1/../../../../arm-none-eabi/lib/armv7-m\libg_nano.a(lib_a-nano-callocr.o)
                0x00003f60                _calloc_r
 .text._free_r  0x00003f7c       0x98 c:/program files (x86)/cypress/psoc creator/4.4/psoc creator/import/gnu/arm/5.4.1/bin/../lib/gcc/arm-none-eabi/5.4.1/../../../../arm-none-eabi/lib/armv7-m\libg_nano.a(lib_a-nano-freer.o)
                0x00003f7c                _free_r
 .text._malloc_r
                0x00004014       0xbc c:/program files (x86)/cypress/psoc creator/4.4/psoc creator/import/gnu/arm/5.4.1/bin/../lib/gcc/arm-none-eabi/5.4.1/../../../../arm-none-eabi/lib/armv7-m\libg_nano.a(lib_a-nano-mallocr.o)
                0x00004014                _malloc_r
 .text.__ssputs_r
                0x000040d0       0xb2 c:/program files (x86)/cypress/psoc creator/4.4/psoc creator/import/gnu/arm/5.4.1/bin/../lib/gcc/arm-none-eabi/5.4.1/../../../../arm-none-eabi/lib/armv7-m\libg_nano.a(lib_a-nano-svfprintf.o)
                0x000040d0                __ssputs_r
 *fill*         0x00004182        0x2 
 .text._svfprintf_r
                0x00004184      0x1e8 c:/program files (x86)/cypress/psoc creator/4.4/psoc creator/import/gnu/arm/5.4.1/bin/../lib/gcc/arm-none-eabi/5.4.1/../../../../arm-none-eabi/lib/armv7-m\libg_nano.a(lib_a-nano-svfprintf.o)
                0x00004184                _svfiprintf_r
                0x00004184                _svfprintf_r
 .text._sbrk_r  0x0000436c       0x20 c:/program files (x86)/cypress/psoc creator/4.4/psoc creator/import/gnu/arm/5.4.1/bin/../lib/gcc/arm-none-eabi/5.4.1/../../../../arm-none-eabi/lib/armv7-m\libg_nano.a(lib_a-sbrkr.o)
                0x0000436c                _sbrk_r
 .text.memmove  0x0000438c       0x36 c:/program files (x86)/cypress/psoc creator/4.4/psoc creator/import/gnu/arm/5.4.1/bin/../lib/gcc/arm-none-eabi/5.4.1/../../../../arm-none-eabi/lib/armv7-m\libg_nano.a(lib_a-memmove.o)
                0x0000438c                memmove
 .text.__malloc_lock
                0x000043c2        0x2 c:/program files (x86)/cypress/psoc creator/4.4/psoc creator/import/gnu/arm/5.4.1/bin/../lib/gcc/arm-none-eabi/5.4.1/../../../../arm-none-eabi/lib/armv7-m\libg_nano.a(lib_a-mlock.o)
                0x000043c2                __malloc_lock
 .text.__malloc_unlock
                0x000043c4        0x2 c:/program files (x86)/cypress/psoc creator/4.4/psoc creator/import/gnu/arm/5.4.1/bin/../lib/gcc/arm-none-eabi/5.4.1/../../../../arm-none-eabi/lib/armv7-m\libg_nano.a(lib_a-mlock.o)
                0x000043c4                __malloc_unlock
 .text._realloc_r
                0x000043c6       0x4c c:/program files (x86)/cypress/psoc creator/4.4/psoc creator/import/gnu/arm/5.4.1/bin/../lib/gcc/arm-none-eabi/5.4.1/../../../../arm-none-eabi/lib/armv7-m\libg_nano.a(lib_a-nano-reallocr.o)
                0x000043c6                _realloc_r
 .text._malloc_usable_size_r
                0x00004412       0x14 c:/program files (x86)/cypress/psoc creator/4.4/psoc creator/import/gnu/arm/5.4.1/bin/../lib/gcc/arm-none-eabi/5.4.1/../../../../arm-none-eabi/lib/armv7-m\libg_nano.a(lib_a-nano-msizer.o)
                0x00004412                _malloc_usable_size_r
 *fill*         0x00004426        0x2 
 .text          0x00004428       0x2c c:/program files (x86)/cypress/psoc creator/4.4/psoc creator/import/gnu/arm/5.4.1/bin/../lib/gcc/arm-none-eabi/5.4.1/armv7-m\libgcc.a(_arm_unorddf2.o)
                0x00004428                __unorddf2
                0x00004428                __aeabi_dcmpun
 *(.plt)
 *(.gnu.warning)
 *(.glue_7t)
 .glue_7t       0x00004454        0x0 linker stubs
 *(.glue_7)
 .glue_7        0x00004454        0x0 linker stubs
 *(.vfp11_veneer)
 .vfp11_veneer  0x00004454        0x0 linker stubs
 *(.bootloader)
 *(.ARM.extab* .gnu.linkonce.armextab.*)
 *(.gcc_except_table)

.v4_bx          0x00004454        0x0
 .v4_bx         0x00004454        0x0 linker stubs

.iplt           0x00004454        0x0
 .iplt          0x00004454        0x0 c:/program files (x86)/cypress/psoc creator/4.4/psoc creator/import/gnu/arm/5.4.1/bin/../lib/gcc/arm-none-eabi/5.4.1/armv7-m/crtbegin.o

.eh_frame_hdr
 *(.eh_frame_hdr)

.eh_frame       0x00004454        0x4
 *(.eh_frame)
 .eh_frame      0x00004454        0x0 c:/program files (x86)/cypress/psoc creator/4.4/psoc creator/import/gnu/arm/5.4.1/bin/../lib/gcc/arm-none-eabi/5.4.1/armv7-m/crtbegin.o
 .eh_frame      0x00004454        0x4 c:/program files (x86)/cypress/psoc creator/4.4/psoc creator/import/gnu/arm/5.4.1/bin/../lib/gcc/arm-none-eabi/5.4.1/armv7-m/crtend.o
                [!provide]                PROVIDE (__exidx_start, .)

.ARM.exidx      0x00004458        0x8
 *(.ARM.exidx* .gnu.linkonce.armexidx.*)
 .ARM.exidx     0x00004458        0x8 c:/program files (x86)/cypress/psoc creator/4.4/psoc creator/import/gnu/arm/5.4.1/bin/../lib/gcc/arm-none-eabi/5.4.1/armv7-m\libgcc.a(_udivmoddi4.o)
                0x00004460                __exidx_end = .

.rodata         0x00004460      0x228
 *(.rodata .rodata.* .gnu.linkonce.r.*)
 .rodata.str1.4
                0x00004460       0x37 .\CortexM3\ARM_GCC_541\Debug\main.o
 *fill*         0x00004497        0x1 
 .rodata.str1.4
                0x00004498       0x18 .\CortexM3\ARM_GCC_541\Debug\lcd_functions.o
                                 0x17 (size before relaxing)
 .rodata        0x000044b0       0x42 .\CortexM3\ARM_GCC_541\Debug\cyfitter_cfg.o
 .rodata.str1.1
                0x000044f2        0x2 c:/program files (x86)/cypress/psoc creator/4.4/psoc creator/import/gnu/arm/5.4.1/bin/../lib/gcc/arm-none-eabi/5.4.1/../../../../arm-none-eabi/lib/armv7-m\libg_nano.a(lib_a-impure.o)
 .rodata.str1.1
                0x000044f4       0x12 c:/program files (x86)/cypress/psoc creator/4.4/psoc creator/import/gnu/arm/5.4.1/bin/../lib/gcc/arm-none-eabi/5.4.1/../../../../arm-none-eabi/lib/armv7-m\libg_nano.a(lib_a-nano-vfprintf_float.o)
 .rodata.str1.1
                0x00004506       0x22 c:/program files (x86)/cypress/psoc creator/4.4/psoc creator/import/gnu/arm/5.4.1/bin/../lib/gcc/arm-none-eabi/5.4.1/../../../../arm-none-eabi/lib/armv7-m\libg_nano.a(lib_a-nano-vfprintf_i.o)
 .rodata.str1.1
                0x00004528        0xd c:/program files (x86)/cypress/psoc creator/4.4/psoc creator/import/gnu/arm/5.4.1/bin/../lib/gcc/arm-none-eabi/5.4.1/../../../../arm-none-eabi/lib/armv7-m\libg_nano.a(lib_a-dtoa.o)
                                  0xf (size before relaxing)
 .rodata.str1.1
                0x00004535        0x8 c:/program files (x86)/cypress/psoc creator/4.4/psoc creator/import/gnu/arm/5.4.1/bin/../lib/gcc/arm-none-eabi/5.4.1/../../../../arm-none-eabi/lib/armv7-m\libg_nano.a(lib_a-locale.o)
                                  0xb (size before relaxing)
 *fill*         0x0000453d        0x3 
 .rodata.__mprec_tens
                0x00004540       0xc8 c:/program files (x86)/cypress/psoc creator/4.4/psoc creator/import/gnu/arm/5.4.1/bin/../lib/gcc/arm-none-eabi/5.4.1/../../../../arm-none-eabi/lib/armv7-m\libg_nano.a(lib_a-mprec.o)
                0x00004540                __mprec_tens
 .rodata.p05.5408
                0x00004608        0xc c:/program files (x86)/cypress/psoc creator/4.4/psoc creator/import/gnu/arm/5.4.1/bin/../lib/gcc/arm-none-eabi/5.4.1/../../../../arm-none-eabi/lib/armv7-m\libg_nano.a(lib_a-mprec.o)
 *fill*         0x00004614        0x4 
 .rodata.__mprec_bigtens
                0x00004618       0x28 c:/program files (x86)/cypress/psoc creator/4.4/psoc creator/import/gnu/arm/5.4.1/bin/../lib/gcc/arm-none-eabi/5.4.1/../../../../arm-none-eabi/lib/armv7-m\libg_nano.a(lib_a-mprec.o)
                0x00004618                __mprec_bigtens
 .rodata.str1.1
                0x00004640       0x11 c:/program files (x86)/cypress/psoc creator/4.4/psoc creator/import/gnu/arm/5.4.1/bin/../lib/gcc/arm-none-eabi/5.4.1/../../../../arm-none-eabi/lib/armv7-m\libg_nano.a(lib_a-nano-svfprintf.o)
                0x00004654                . = ALIGN (0x4)
 *fill*         0x00004651        0x3 
 *(.init)
 .init          0x00004654        0x4 c:/program files (x86)/cypress/psoc creator/4.4/psoc creator/import/gnu/arm/5.4.1/bin/../lib/gcc/arm-none-eabi/5.4.1/armv7-m/crti.o
                0x00004654                _init
 .init          0x00004658        0x8 c:/program files (x86)/cypress/psoc creator/4.4/psoc creator/import/gnu/arm/5.4.1/bin/../lib/gcc/arm-none-eabi/5.4.1/armv7-m/crtn.o
                0x00004660                . = ALIGN (0x4)
                0x00004660                __preinit_array_start = .
 *(.preinit_array)
                0x00004660                __preinit_array_end = .
                0x00004660                . = ALIGN (0x4)
                0x00004660                __init_array_start = .
 *(SORT(.init_array.*))
 *(.init_array)
 .init_array    0x00004660        0x4 c:/program files (x86)/cypress/psoc creator/4.4/psoc creator/import/gnu/arm/5.4.1/bin/../lib/gcc/arm-none-eabi/5.4.1/armv7-m/crtbegin.o
 .init_array    0x00004664        0x4 .\CortexM3\ARM_GCC_541\Debug\Cm3Start.o
                0x00004668                __init_array_end = .
                0x00004668                . = ALIGN (0x4)
 *(.fini)
 .fini          0x00004668        0x4 c:/program files (x86)/cypress/psoc creator/4.4/psoc creator/import/gnu/arm/5.4.1/bin/../lib/gcc/arm-none-eabi/5.4.1/armv7-m/crti.o
                0x00004668                _fini
 .fini          0x0000466c        0x8 c:/program files (x86)/cypress/psoc creator/4.4/psoc creator/import/gnu/arm/5.4.1/bin/../lib/gcc/arm-none-eabi/5.4.1/armv7-m/crtn.o
                0x00004674                . = ALIGN (0x4)
                0x00004674                __fini_array_start = .
 *(.fini_array)
 .fini_array    0x00004674        0x4 c:/program files (x86)/cypress/psoc creator/4.4/psoc creator/import/gnu/arm/5.4.1/bin/../lib/gcc/arm-none-eabi/5.4.1/armv7-m/crtbegin.o
 *(SORT(.fini_array.*))
                0x00004678                __fini_array_end = .
                0x00004678                . = ALIGN (0x4)
 *crtbegin.o(.ctors)
 *(EXCLUDE_FILE(*crtend.o) .ctors)
 *(SORT(.ctors.*))
 *crtend.o(.ctors)
                0x00004678                . = ALIGN (0x4)
 *crtbegin.o(.dtors)
 *(EXCLUDE_FILE(*crtend.o) .dtors)
 *(SORT(.dtors.*))
 *crtend.o(.dtors)
                0x00004678                . = ALIGN (0x4)
                0x00004678                __cy_regions = .
                0x00004678        0x4 LONG 0x4688 __cy_region_init_ram
                0x0000467c        0x4 LONG 0x1fff80c8 __cy_region_start_data
                0x00004680        0x4 LONG 0xf0 __cy_region_init_size_ram
                0x00004684        0x4 LONG 0x4b8 __cy_region_zero_size_ram
                0x00004688                __cy_regions_end = .
                0x00004688                . = ALIGN (0x8)
                0x00004688                _etext = .

.cy_checksum_exclude
                0x00004688        0x0
 *(.cy_checksum_exclude)

.ramvectors     0x1fff8000       0xc0
                0x1fff8000                __cy_region_start_ram = .
 *(.ramvectors)
 .ramvectors    0x1fff8000       0xc0 .\CortexM3\ARM_GCC_541\Debug\Cm3Start.o
                0x1fff8000                CyRamVectors

.noinit         0x1fff80c0        0x1
 *(.noinit)
 .noinit        0x1fff80c0        0x1 .\CortexM3\ARM_GCC_541\Debug\Design.a(CyLib.o)
                0x1fff80c0                CyResetStatus

.data           0x1fff80c8       0xf0 load address 0x00004688
                0x1fff80c8                __cy_region_start_data = .
 *(.jcr)
 .jcr           0x1fff80c8        0x0 c:/program files (x86)/cypress/psoc creator/4.4/psoc creator/import/gnu/arm/5.4.1/bin/../lib/gcc/arm-none-eabi/5.4.1/armv7-m/crtbegin.o
 .jcr           0x1fff80c8        0x4 c:/program files (x86)/cypress/psoc creator/4.4/psoc creator/import/gnu/arm/5.4.1/bin/../lib/gcc/arm-none-eabi/5.4.1/armv7-m/crtend.o
 *(.got.plt)
 *(.got)
 *(.shdata)
 *(.data .data.* .gnu.linkonce.d.*)
 *fill*         0x1fff80cc        0x4 
 .data          0x1fff80d0       0x38 .\CortexM3\ARM_GCC_541\Debug\main.o
                0x1fff80d0                lastHallTime
                0x1fff80d8                goalRpm
                0x1fff80e0                ki_speed
                0x1fff80e8                pid_period
                0x1fff80f0                kp_speed
                0x1fff80f8                goalDarkTime
                0x1fff8100                kp_steer
 .data          0x1fff8108        0x4 .\CortexM3\ARM_GCC_541\Debug\Cm3Start.o
 .data          0x1fff810c       0x10 .\CortexM3\ARM_GCC_541\Debug\Design.a(CyLib.o)
                0x1fff810c                cydelay_32k_ms
                0x1fff8110                cydelay_freq_khz
                0x1fff8114                cydelay_freq_mhz
                0x1fff8118                cydelay_freq_hz
 .data.impure_data
                0x1fff811c       0x60 c:/program files (x86)/cypress/psoc creator/4.4/psoc creator/import/gnu/arm/5.4.1/bin/../lib/gcc/arm-none-eabi/5.4.1/../../../../arm-none-eabi/lib/armv7-m\libg_nano.a(lib_a-impure.o)
 .data._impure_ptr
                0x1fff817c        0x4 c:/program files (x86)/cypress/psoc creator/4.4/psoc creator/import/gnu/arm/5.4.1/bin/../lib/gcc/arm-none-eabi/5.4.1/../../../../arm-none-eabi/lib/armv7-m\libg_nano.a(lib_a-impure.o)
                0x1fff817c                _impure_ptr
 .data.lconv    0x1fff8180       0x38 c:/program files (x86)/cypress/psoc creator/4.4/psoc creator/import/gnu/arm/5.4.1/bin/../lib/gcc/arm-none-eabi/5.4.1/../../../../arm-none-eabi/lib/armv7-m\libg_nano.a(lib_a-locale.o)
                0x1fff81b8                . = ALIGN (0x8)
 *(.ram)
                0x1fff81b8                _edata = .

.igot.plt       0x1fff81b8        0x0 load address 0x00004778
 .igot.plt      0x1fff81b8        0x0 c:/program files (x86)/cypress/psoc creator/4.4/psoc creator/import/gnu/arm/5.4.1/bin/../lib/gcc/arm-none-eabi/5.4.1/armv7-m/crtbegin.o

.bss            0x1fff81b8      0x4b8 load address 0x00004778
                0x1fff81b8                PROVIDE (__bss_start__, .)
 *(.shbss)
 *(.bss .bss.* .gnu.linkonce.b.*)
 .bss           0x1fff81b8       0x1c c:/program files (x86)/cypress/psoc creator/4.4/psoc creator/import/gnu/arm/5.4.1/bin/../lib/gcc/arm-none-eabi/5.4.1/armv7-m/crtbegin.o
 *fill*         0x1fff81d4        0x4 
 .bss           0x1fff81d8       0x40 .\CortexM3\ARM_GCC_541\Debug\main.o
                0x1fff81d8                numFrames
                0x1fff81dc                timeOutCounter
                0x1fff81e0                sumErr_speed
                0x1fff81e8                lastErr_speed
                0x1fff81f0                kd_speed
                0x1fff81f8                sumErr_steer
                0x1fff8200                ki_steer
                0x1fff8208                lastErr_steer
                0x1fff8210                kd_steer
 .bss           0x1fff8218        0x2 .\CortexM3\ARM_GCC_541\Debug\Design.a(LCD.o)
                0x1fff8218                LCD_enableState
                0x1fff8219                LCD_initVar
 .bss           0x1fff821a        0x2 .\CortexM3\ARM_GCC_541\Debug\Design.a(XBee.o)
                0x1fff821a                XBee_initVar
 .bss           0x1fff821c        0x1 .\CortexM3\ARM_GCC_541\Debug\Design.a(Reference.o)
                0x1fff821c                Reference_initVar
 .bss           0x1fff821d        0x1 .\CortexM3\ARM_GCC_541\Debug\Design.a(Analog_CMP.o)
                0x1fff821d                Analog_CMP_initVar
 .bss           0x1fff821e        0x1 .\CortexM3\ARM_GCC_541\Debug\Design.a(Dark_Timer.o)
                0x1fff821e                Dark_Timer_initVar
 .bss           0x1fff821f        0x1 .\CortexM3\ARM_GCC_541\Debug\Design.a(Servo_PWM.o)
                0x1fff821f                Servo_PWM_initVar
 .bss           0x1fff8220        0x1 .\CortexM3\ARM_GCC_541\Debug\Design.a(Hall_Timer.o)
                0x1fff8220                Hall_Timer_initVar
 .bss           0x1fff8221        0x1 .\CortexM3\ARM_GCC_541\Debug\Design.a(Throttle_PWM.o)
                0x1fff8221                Throttle_PWM_initVar
 .bss           0x1fff8222        0x1 .\CortexM3\ARM_GCC_541\Debug\Design.a(PID_Timer.o)
                0x1fff8222                PID_Timer_initVar
 *fill*         0x1fff8223        0x1 
 .bss.__malloc_sbrk_start
                0x1fff8224        0x4 c:/program files (x86)/cypress/psoc creator/4.4/psoc creator/import/gnu/arm/5.4.1/bin/../lib/gcc/arm-none-eabi/5.4.1/../../../../arm-none-eabi/lib/armv7-m\libg_nano.a(lib_a-nano-mallocr.o)
                0x1fff8224                __malloc_sbrk_start
 .bss.__malloc_free_list
                0x1fff8228        0x4 c:/program files (x86)/cypress/psoc creator/4.4/psoc creator/import/gnu/arm/5.4.1/bin/../lib/gcc/arm-none-eabi/5.4.1/../../../../arm-none-eabi/lib/armv7-m\libg_nano.a(lib_a-nano-mallocr.o)
                0x1fff8228                __malloc_free_list
 *(COMMON)
 *fill*         0x1fff822c        0x4 
 COMMON         0x1fff8230      0x43c .\CortexM3\ARM_GCC_541\Debug\main.o
                0x1fff8230                avgRpm
                0x1fff8238                hallFilter
                0x1fff8450                darkTime
                0x1fff8458                darkFilter
 COMMON         0x1fff866c        0x4 c:/program files (x86)/cypress/psoc creator/4.4/psoc creator/import/gnu/arm/5.4.1/bin/../lib/gcc/arm-none-eabi/5.4.1/../../../../arm-none-eabi/lib/armv7-m\libg_nano.a(lib_a-reent.o)
                0x1fff866c                errno
                0x1fff8670                . = ALIGN (0x8)
 *(.ram.b)
                0x1fff8670                _end = .
                0x1fff8670                __end = .
                0x1fff8670                PROVIDE (end, .)
                0x1fff8670                PROVIDE (__bss_end__, .)
                0x00004688                __cy_region_init_ram = LOADADDR (.data)
                0x000000f0                __cy_region_init_size_ram = (_edata - ADDR (.data))
                0x000004b8                __cy_region_zero_size_ram = (_end - _edata)

.heap           0x1fff8670       0x80 load address 0x00004778
                0x1fff8670                . = _end
                0x1fff86f0                . = (. + 0x80)
 *fill*         0x1fff8670       0x80 
                0x1fff86f0                __cy_heap_limit = .

.stack          0x20007800      0x800
                0x20007800                __cy_stack_limit = .
                0x20008000                . = (. + 0x800)
 *fill*         0x20007800      0x800 
                0x00000001                ASSERT ((__cy_stack_limit >= __cy_heap_limit), region RAM overflowed with stack)
                0x00000000                cy_checksum_exclude_size = (CY_APPL_LOADABLE == 0x1)?SIZEOF (.cy_checksum_exclude):0x0
                0x00000001                ASSERT ((cy_checksum_exclude_size <= CY_CHECKSUM_EXCLUDE_SIZE), CY_BOOT: Section .cy_checksum_exclude size exceedes specified limit.)

.cyloadermeta
 *(.cyloadermeta)

.cyloadablemeta
 *(.cyloadablemeta)

.cyconfigecc    0x80000000      0xae8
 *(.cyconfigecc)
 .cyconfigecc   0x80000000      0xae8 .\CortexM3\ARM_GCC_541\Debug\cymetadata.o
                0x80000000                cy_meta_configecc

.cycustnvl      0x90000000        0x4
 *(.cycustnvl)
 .cycustnvl     0x90000000        0x4 .\CortexM3\ARM_GCC_541\Debug\cymetadata.o
                0x90000000                cy_meta_custnvl

.cywolatch      0x90100000        0x4
 *(.cywolatch)
 .cywolatch     0x90100000        0x4 .\CortexM3\ARM_GCC_541\Debug\cymetadata.o
                0x90100000                cy_meta_wonvl

.cyeeprom       0x90200000        0x0
 *(.cyeeprom)
                0x00000001                ASSERT ((. <= ((0x90200000 + ee_offset) + ee_size)), .cyeeprom data will not fit in EEPROM)

.cyflashprotect
                0x90400000      0x100
 *(.cyflashprotect)
 .cyflashprotect
                0x90400000      0x100 .\CortexM3\ARM_GCC_541\Debug\cymetadata.o
                0x90400000                cy_meta_flashprotect

.cymeta         0x90500000        0xc
 *(.cymeta)
 .cymeta        0x90500000        0xc .\CortexM3\ARM_GCC_541\Debug\cymetadata.o
                0x90500000                cy_metadata

.rel.dyn        0x00004778        0x0 load address 0x9050000c
 .rel.iplt      0x00004778        0x0 c:/program files (x86)/cypress/psoc creator/4.4/psoc creator/import/gnu/arm/5.4.1/bin/../lib/gcc/arm-none-eabi/5.4.1/armv7-m/crtbegin.o

.stab
 *(.stab)

.stabstr
 *(.stabstr)

.debug
 *(.debug)

.line
 *(.line)

.debug_srcinfo
 *(.debug_srcinfo)

.debug_sfnames
 *(.debug_sfnames)

.debug_aranges  0x00000000      0xe08
 *(.debug_aranges)
 .debug_aranges
                0x00000000       0x48 .\CortexM3\ARM_GCC_541\Debug\main.o
 .debug_aranges
                0x00000048       0x48 .\CortexM3\ARM_GCC_541\Debug\lcd_functions.o
 .debug_aranges
                0x00000090       0x30 .\CortexM3\ARM_GCC_541\Debug\lp_filter.o
 .debug_aranges
                0x000000c0       0x58 .\CortexM3\ARM_GCC_541\Debug\cyfitter_cfg.o
 .debug_aranges
                0x00000118       0x18 .\CortexM3\ARM_GCC_541\Debug\cymetadata.o
 .debug_aranges
                0x00000130       0x48 .\CortexM3\ARM_GCC_541\Debug\Cm3Start.o
 .debug_aranges
                0x00000178       0x98 .\CortexM3\ARM_GCC_541\Debug\Design.a(LCD.o)
 .debug_aranges
                0x00000210      0x2a0 .\CortexM3\ARM_GCC_541\Debug\Design.a(CyLib.o)
 .debug_aranges
                0x000004b0       0x98 .\CortexM3\ARM_GCC_541\Debug\Design.a(cyPm.o)
 .debug_aranges
                0x00000548       0x80 .\CortexM3\ARM_GCC_541\Debug\Design.a(Frame_Interrupt.o)
 .debug_aranges
                0x000005c8       0xf0 .\CortexM3\ARM_GCC_541\Debug\Design.a(XBee.o)
 .debug_aranges
                0x000006b8       0x70 .\CortexM3\ARM_GCC_541\Debug\Design.a(XBee_IntClock.o)
 .debug_aranges
                0x00000728       0x80 .\CortexM3\ARM_GCC_541\Debug\Design.a(Target_Interrupt.o)
 .debug_aranges
                0x000007a8       0x58 .\CortexM3\ARM_GCC_541\Debug\Design.a(Reference.o)
 .debug_aranges
                0x00000800       0x70 .\CortexM3\ARM_GCC_541\Debug\Design.a(Analog_CMP.o)
 .debug_aranges
                0x00000870       0x98 .\CortexM3\ARM_GCC_541\Debug\Design.a(Dark_Timer.o)
 .debug_aranges
                0x00000908       0x80 .\CortexM3\ARM_GCC_541\Debug\Design.a(Dark_Interrupt.o)
 .debug_aranges
                0x00000988       0x98 .\CortexM3\ARM_GCC_541\Debug\Design.a(Servo_PWM.o)
 .debug_aranges
                0x00000a20       0x80 .\CortexM3\ARM_GCC_541\Debug\Design.a(Hall_Interrupt.o)
 .debug_aranges
                0x00000aa0       0x98 .\CortexM3\ARM_GCC_541\Debug\Design.a(Hall_Timer.o)
 .debug_aranges
                0x00000b38       0x98 .\CortexM3\ARM_GCC_541\Debug\Design.a(Throttle_PWM.o)
 .debug_aranges
                0x00000bd0       0x90 .\CortexM3\ARM_GCC_541\Debug\Design.a(PID_Timer.o)
 .debug_aranges
                0x00000c60       0x80 .\CortexM3\ARM_GCC_541\Debug\Design.a(PID_Interrupt.o)
 .debug_aranges
                0x00000ce0       0x20 .\CortexM3\ARM_GCC_541\Debug\Design.a(CyBootAsmGnu.o)
 .debug_aranges
                0x00000d00       0x88 .\CortexM3\ARM_GCC_541\Debug\Design.a(CyFlash.o)
 .debug_aranges
                0x00000d88       0x80 .\CortexM3\ARM_GCC_541\Debug\Design.a(CySpc.o)

.debug_pubnames
 *(.debug_pubnames)

.debug_info     0x00000000     0x7476
 *(.debug_info .gnu.linkonce.wi.*)
 .debug_info    0x00000000      0x789 .\CortexM3\ARM_GCC_541\Debug\main.o
 .debug_info    0x00000789      0x349 .\CortexM3\ARM_GCC_541\Debug\lcd_functions.o
 .debug_info    0x00000ad2      0x292 .\CortexM3\ARM_GCC_541\Debug\lp_filter.o
 .debug_info    0x00000d64      0x615 .\CortexM3\ARM_GCC_541\Debug\cyfitter_cfg.o
 .debug_info    0x00001379      0x139 .\CortexM3\ARM_GCC_541\Debug\cymetadata.o
 .debug_info    0x000014b2      0x3bb .\CortexM3\ARM_GCC_541\Debug\Cm3Start.o
 .debug_info    0x0000186d      0x715 .\CortexM3\ARM_GCC_541\Debug\Design.a(LCD.o)
 .debug_info    0x00001f82     0x1374 .\CortexM3\ARM_GCC_541\Debug\Design.a(CyLib.o)
 .debug_info    0x000032f6      0xa2a .\CortexM3\ARM_GCC_541\Debug\Design.a(cyPm.o)
 .debug_info    0x00003d20      0x2d2 .\CortexM3\ARM_GCC_541\Debug\Design.a(Frame_Interrupt.o)
 .debug_info    0x00003ff2      0x60c .\CortexM3\ARM_GCC_541\Debug\Design.a(XBee.o)
 .debug_info    0x000045fe      0x283 .\CortexM3\ARM_GCC_541\Debug\Design.a(XBee_IntClock.o)
 .debug_info    0x00004881      0x2d2 .\CortexM3\ARM_GCC_541\Debug\Design.a(Target_Interrupt.o)
 .debug_info    0x00004b53      0x1de .\CortexM3\ARM_GCC_541\Debug\Design.a(Reference.o)
 .debug_info    0x00004d31      0x2c8 .\CortexM3\ARM_GCC_541\Debug\Design.a(Analog_CMP.o)
 .debug_info    0x00004ff9      0x328 .\CortexM3\ARM_GCC_541\Debug\Design.a(Dark_Timer.o)
 .debug_info    0x00005321      0x2d2 .\CortexM3\ARM_GCC_541\Debug\Design.a(Dark_Interrupt.o)
 .debug_info    0x000055f3      0x354 .\CortexM3\ARM_GCC_541\Debug\Design.a(Servo_PWM.o)
 .debug_info    0x00005947      0x2d2 .\CortexM3\ARM_GCC_541\Debug\Design.a(Hall_Interrupt.o)
 .debug_info    0x00005c19      0x328 .\CortexM3\ARM_GCC_541\Debug\Design.a(Hall_Timer.o)
 .debug_info    0x00005f41      0x354 .\CortexM3\ARM_GCC_541\Debug\Design.a(Throttle_PWM.o)
 .debug_info    0x00006295      0x2ec .\CortexM3\ARM_GCC_541\Debug\Design.a(PID_Timer.o)
 .debug_info    0x00006581      0x2d2 .\CortexM3\ARM_GCC_541\Debug\Design.a(PID_Interrupt.o)
 .debug_info    0x00006853       0x86 .\CortexM3\ARM_GCC_541\Debug\Design.a(CyBootAsmGnu.o)
 .debug_info    0x000068d9      0x64d .\CortexM3\ARM_GCC_541\Debug\Design.a(CyFlash.o)
 .debug_info    0x00006f26      0x550 .\CortexM3\ARM_GCC_541\Debug\Design.a(CySpc.o)

.debug_abbrev   0x00000000     0x23bb
 *(.debug_abbrev)
 .debug_abbrev  0x00000000      0x1a9 .\CortexM3\ARM_GCC_541\Debug\main.o
 .debug_abbrev  0x000001a9      0x116 .\CortexM3\ARM_GCC_541\Debug\lcd_functions.o
 .debug_abbrev  0x000002bf      0x194 .\CortexM3\ARM_GCC_541\Debug\lp_filter.o
 .debug_abbrev  0x00000453      0x20d .\CortexM3\ARM_GCC_541\Debug\cyfitter_cfg.o
 .debug_abbrev  0x00000660       0x77 .\CortexM3\ARM_GCC_541\Debug\cymetadata.o
 .debug_abbrev  0x000006d7      0x1e8 .\CortexM3\ARM_GCC_541\Debug\Cm3Start.o
 .debug_abbrev  0x000008bf      0x157 .\CortexM3\ARM_GCC_541\Debug\Design.a(LCD.o)
 .debug_abbrev  0x00000a16      0x254 .\CortexM3\ARM_GCC_541\Debug\Design.a(CyLib.o)
 .debug_abbrev  0x00000c6a      0x1ab .\CortexM3\ARM_GCC_541\Debug\Design.a(cyPm.o)
 .debug_abbrev  0x00000e15      0x173 .\CortexM3\ARM_GCC_541\Debug\Design.a(Frame_Interrupt.o)
 .debug_abbrev  0x00000f88      0x175 .\CortexM3\ARM_GCC_541\Debug\Design.a(XBee.o)
 .debug_abbrev  0x000010fd      0x139 .\CortexM3\ARM_GCC_541\Debug\Design.a(XBee_IntClock.o)
 .debug_abbrev  0x00001236      0x173 .\CortexM3\ARM_GCC_541\Debug\Design.a(Target_Interrupt.o)
 .debug_abbrev  0x000013a9       0xf7 .\CortexM3\ARM_GCC_541\Debug\Design.a(Reference.o)
 .debug_abbrev  0x000014a0      0x16e .\CortexM3\ARM_GCC_541\Debug\Design.a(Analog_CMP.o)
 .debug_abbrev  0x0000160e      0x13a .\CortexM3\ARM_GCC_541\Debug\Design.a(Dark_Timer.o)
 .debug_abbrev  0x00001748      0x173 .\CortexM3\ARM_GCC_541\Debug\Design.a(Dark_Interrupt.o)
 .debug_abbrev  0x000018bb      0x133 .\CortexM3\ARM_GCC_541\Debug\Design.a(Servo_PWM.o)
 .debug_abbrev  0x000019ee      0x173 .\CortexM3\ARM_GCC_541\Debug\Design.a(Hall_Interrupt.o)
 .debug_abbrev  0x00001b61      0x13a .\CortexM3\ARM_GCC_541\Debug\Design.a(Hall_Timer.o)
 .debug_abbrev  0x00001c9b      0x133 .\CortexM3\ARM_GCC_541\Debug\Design.a(Throttle_PWM.o)
 .debug_abbrev  0x00001dce      0x12b .\CortexM3\ARM_GCC_541\Debug\Design.a(PID_Timer.o)
 .debug_abbrev  0x00001ef9      0x173 .\CortexM3\ARM_GCC_541\Debug\Design.a(PID_Interrupt.o)
 .debug_abbrev  0x0000206c       0x14 .\CortexM3\ARM_GCC_541\Debug\Design.a(CyBootAsmGnu.o)
 .debug_abbrev  0x00002080      0x1a7 .\CortexM3\ARM_GCC_541\Debug\Design.a(CyFlash.o)
 .debug_abbrev  0x00002227      0x194 .\CortexM3\ARM_GCC_541\Debug\Design.a(CySpc.o)

.debug_line     0x00000000     0x3401
 *(.debug_line)
 .debug_line    0x00000000      0x390 .\CortexM3\ARM_GCC_541\Debug\main.o
 .debug_line    0x00000390      0x244 .\CortexM3\ARM_GCC_541\Debug\lcd_functions.o
 .debug_line    0x000005d4      0x22c .\CortexM3\ARM_GCC_541\Debug\lp_filter.o
 .debug_line    0x00000800      0x206 .\CortexM3\ARM_GCC_541\Debug\cyfitter_cfg.o
 .debug_line    0x00000a06      0x141 .\CortexM3\ARM_GCC_541\Debug\cymetadata.o
 .debug_line    0x00000b47      0x234 .\CortexM3\ARM_GCC_541\Debug\Cm3Start.o
 .debug_line    0x00000d7b      0x1dc .\CortexM3\ARM_GCC_541\Debug\Design.a(LCD.o)
 .debug_line    0x00000f57      0x816 .\CortexM3\ARM_GCC_541\Debug\Design.a(CyLib.o)
 .debug_line    0x0000176d      0x367 .\CortexM3\ARM_GCC_541\Debug\Design.a(cyPm.o)
 .debug_line    0x00001ad4      0x13c .\CortexM3\ARM_GCC_541\Debug\Design.a(Frame_Interrupt.o)
 .debug_line    0x00001c10      0x2bc .\CortexM3\ARM_GCC_541\Debug\Design.a(XBee.o)
 .debug_line    0x00001ecc      0x17c .\CortexM3\ARM_GCC_541\Debug\Design.a(XBee_IntClock.o)
 .debug_line    0x00002048      0x13d .\CortexM3\ARM_GCC_541\Debug\Design.a(Target_Interrupt.o)
 .debug_line    0x00002185       0xe6 .\CortexM3\ARM_GCC_541\Debug\Design.a(Reference.o)
 .debug_line    0x0000226b      0x169 .\CortexM3\ARM_GCC_541\Debug\Design.a(Analog_CMP.o)
 .debug_line    0x000023d4      0x187 .\CortexM3\ARM_GCC_541\Debug\Design.a(Dark_Timer.o)
 .debug_line    0x0000255b      0x13b .\CortexM3\ARM_GCC_541\Debug\Design.a(Dark_Interrupt.o)
 .debug_line    0x00002696      0x18c .\CortexM3\ARM_GCC_541\Debug\Design.a(Servo_PWM.o)
 .debug_line    0x00002822      0x13b .\CortexM3\ARM_GCC_541\Debug\Design.a(Hall_Interrupt.o)
 .debug_line    0x0000295d      0x187 .\CortexM3\ARM_GCC_541\Debug\Design.a(Hall_Timer.o)
 .debug_line    0x00002ae4      0x18f .\CortexM3\ARM_GCC_541\Debug\Design.a(Throttle_PWM.o)
 .debug_line    0x00002c73      0x174 .\CortexM3\ARM_GCC_541\Debug\Design.a(PID_Timer.o)
 .debug_line    0x00002de7      0x13a .\CortexM3\ARM_GCC_541\Debug\Design.a(PID_Interrupt.o)
 .debug_line    0x00002f21       0x66 .\CortexM3\ARM_GCC_541\Debug\Design.a(CyBootAsmGnu.o)
 .debug_line    0x00002f87      0x21a .\CortexM3\ARM_GCC_541\Debug\Design.a(CyFlash.o)
 .debug_line    0x000031a1      0x260 .\CortexM3\ARM_GCC_541\Debug\Design.a(CySpc.o)

.debug_frame    0x00000000     0x2aa8
 *(.debug_frame)
 .debug_frame   0x00000000       0xc8 .\CortexM3\ARM_GCC_541\Debug\main.o
 .debug_frame   0x000000c8       0xc4 .\CortexM3\ARM_GCC_541\Debug\lcd_functions.o
 .debug_frame   0x0000018c       0x5c .\CortexM3\ARM_GCC_541\Debug\lp_filter.o
 .debug_frame   0x000001e8       0xe4 .\CortexM3\ARM_GCC_541\Debug\cyfitter_cfg.o
 .debug_frame   0x000002cc       0xb8 .\CortexM3\ARM_GCC_541\Debug\Cm3Start.o
 .debug_frame   0x00000384      0x1e8 .\CortexM3\ARM_GCC_541\Debug\Design.a(LCD.o)
 .debug_frame   0x0000056c      0x738 .\CortexM3\ARM_GCC_541\Debug\Design.a(CyLib.o)
 .debug_frame   0x00000ca4      0x1f8 .\CortexM3\ARM_GCC_541\Debug\Design.a(cyPm.o)
 .debug_frame   0x00000e9c      0x104 .\CortexM3\ARM_GCC_541\Debug\Design.a(Frame_Interrupt.o)
 .debug_frame   0x00000fa0      0x250 .\CortexM3\ARM_GCC_541\Debug\Design.a(XBee.o)
 .debug_frame   0x000011f0       0xe0 .\CortexM3\ARM_GCC_541\Debug\Design.a(XBee_IntClock.o)
 .debug_frame   0x000012d0      0x104 .\CortexM3\ARM_GCC_541\Debug\Design.a(Target_Interrupt.o)
 .debug_frame   0x000013d4       0xb4 .\CortexM3\ARM_GCC_541\Debug\Design.a(Reference.o)
 .debug_frame   0x00001488      0x108 .\CortexM3\ARM_GCC_541\Debug\Design.a(Analog_CMP.o)
 .debug_frame   0x00001590      0x134 .\CortexM3\ARM_GCC_541\Debug\Design.a(Dark_Timer.o)
 .debug_frame   0x000016c4      0x104 .\CortexM3\ARM_GCC_541\Debug\Design.a(Dark_Interrupt.o)
 .debug_frame   0x000017c8      0x134 .\CortexM3\ARM_GCC_541\Debug\Design.a(Servo_PWM.o)
 .debug_frame   0x000018fc      0x104 .\CortexM3\ARM_GCC_541\Debug\Design.a(Hall_Interrupt.o)
 .debug_frame   0x00001a00      0x134 .\CortexM3\ARM_GCC_541\Debug\Design.a(Hall_Timer.o)
 .debug_frame   0x00001b34      0x134 .\CortexM3\ARM_GCC_541\Debug\Design.a(Throttle_PWM.o)
 .debug_frame   0x00001c68      0x124 .\CortexM3\ARM_GCC_541\Debug\Design.a(PID_Timer.o)
 .debug_frame   0x00001d8c      0x104 .\CortexM3\ARM_GCC_541\Debug\Design.a(PID_Interrupt.o)
 .debug_frame   0x00001e90      0x194 .\CortexM3\ARM_GCC_541\Debug\Design.a(CyFlash.o)
 .debug_frame   0x00002024      0x180 .\CortexM3\ARM_GCC_541\Debug\Design.a(CySpc.o)
 .debug_frame   0x000021a4       0x2c c:/program files (x86)/cypress/psoc creator/4.4/psoc creator/import/gnu/arm/5.4.1/bin/../lib/gcc/arm-none-eabi/5.4.1/armv7-m\libgcc.a(_aeabi_uldivmod.o)
 .debug_frame   0x000021d0       0x38 c:/program files (x86)/cypress/psoc creator/4.4/psoc creator/import/gnu/arm/5.4.1/bin/../lib/gcc/arm-none-eabi/5.4.1/armv7-m\libgcc.a(_udivmoddi4.o)
 .debug_frame   0x00002208       0x20 c:/program files (x86)/cypress/psoc creator/4.4/psoc creator/import/gnu/arm/5.4.1/bin/../lib/gcc/arm-none-eabi/5.4.1/../../../../arm-none-eabi/lib/armv7-m\libg_nano.a(lib_a-errno.o)
 .debug_frame   0x00002228       0x28 c:/program files (x86)/cypress/psoc creator/4.4/psoc creator/import/gnu/arm/5.4.1/bin/../lib/gcc/arm-none-eabi/5.4.1/../../../../arm-none-eabi/lib/armv7-m\libg_nano.a(lib_a-exit.o)
 .debug_frame   0x00002250       0x2c c:/program files (x86)/cypress/psoc creator/4.4/psoc creator/import/gnu/arm/5.4.1/bin/../lib/gcc/arm-none-eabi/5.4.1/../../../../arm-none-eabi/lib/armv7-m\libg_nano.a(lib_a-init.o)
 .debug_frame   0x0000227c       0x28 c:/program files (x86)/cypress/psoc creator/4.4/psoc creator/import/gnu/arm/5.4.1/bin/../lib/gcc/arm-none-eabi/5.4.1/../../../../arm-none-eabi/lib/armv7-m\libg_nano.a(lib_a-memcpy-stub.o)
 .debug_frame   0x000022a4       0x20 c:/program files (x86)/cypress/psoc creator/4.4/psoc creator/import/gnu/arm/5.4.1/bin/../lib/gcc/arm-none-eabi/5.4.1/../../../../arm-none-eabi/lib/armv7-m\libg_nano.a(lib_a-memset.o)
 .debug_frame   0x000022c4       0x8c c:/program files (x86)/cypress/psoc creator/4.4/psoc creator/import/gnu/arm/5.4.1/bin/../lib/gcc/arm-none-eabi/5.4.1/../../../../arm-none-eabi/lib/armv7-m\libg_nano.a(lib_a-nano-vfprintf_float.o)
 .debug_frame   0x00002350       0x60 c:/program files (x86)/cypress/psoc creator/4.4/psoc creator/import/gnu/arm/5.4.1/bin/../lib/gcc/arm-none-eabi/5.4.1/../../../../arm-none-eabi/lib/armv7-m\libg_nano.a(lib_a-nano-vfprintf_i.o)
 .debug_frame   0x000023b0       0x7c c:/program files (x86)/cypress/psoc creator/4.4/psoc creator/import/gnu/arm/5.4.1/bin/../lib/gcc/arm-none-eabi/5.4.1/../../../../arm-none-eabi/lib/armv7-m\libg_nano.a(lib_a-qsort.o)
 .debug_frame   0x0000242c       0x70 c:/program files (x86)/cypress/psoc creator/4.4/psoc creator/import/gnu/arm/5.4.1/bin/../lib/gcc/arm-none-eabi/5.4.1/../../../../arm-none-eabi/lib/armv7-m\libg_nano.a(lib_a-sprintf.o)
 .debug_frame   0x0000249c       0x6c c:/program files (x86)/cypress/psoc creator/4.4/psoc creator/import/gnu/arm/5.4.1/bin/../lib/gcc/arm-none-eabi/5.4.1/../../../../arm-none-eabi/lib/armv7-m\libg_nano.a(lib_a-dtoa.o)
 .debug_frame   0x00002508       0x98 c:/program files (x86)/cypress/psoc creator/4.4/psoc creator/import/gnu/arm/5.4.1/bin/../lib/gcc/arm-none-eabi/5.4.1/../../../../arm-none-eabi/lib/armv7-m\libg_nano.a(lib_a-locale.o)
 .debug_frame   0x000025a0       0x30 c:/program files (x86)/cypress/psoc creator/4.4/psoc creator/import/gnu/arm/5.4.1/bin/../lib/gcc/arm-none-eabi/5.4.1/../../../../arm-none-eabi/lib/armv7-m\libg_nano.a(lib_a-malloc.o)
 .debug_frame   0x000025d0       0x28 c:/program files (x86)/cypress/psoc creator/4.4/psoc creator/import/gnu/arm/5.4.1/bin/../lib/gcc/arm-none-eabi/5.4.1/../../../../arm-none-eabi/lib/armv7-m\libg_nano.a(lib_a-memchr-stub.o)
 .debug_frame   0x000025f8      0x234 c:/program files (x86)/cypress/psoc creator/4.4/psoc creator/import/gnu/arm/5.4.1/bin/../lib/gcc/arm-none-eabi/5.4.1/../../../../arm-none-eabi/lib/armv7-m\libg_nano.a(lib_a-mprec.o)
 .debug_frame   0x0000282c       0x2c c:/program files (x86)/cypress/psoc creator/4.4/psoc creator/import/gnu/arm/5.4.1/bin/../lib/gcc/arm-none-eabi/5.4.1/../../../../arm-none-eabi/lib/armv7-m\libg_nano.a(lib_a-nano-callocr.o)
 .debug_frame   0x00002858       0x38 c:/program files (x86)/cypress/psoc creator/4.4/psoc creator/import/gnu/arm/5.4.1/bin/../lib/gcc/arm-none-eabi/5.4.1/../../../../arm-none-eabi/lib/armv7-m\libg_nano.a(lib_a-nano-freer.o)
 .debug_frame   0x00002890       0x2c c:/program files (x86)/cypress/psoc creator/4.4/psoc creator/import/gnu/arm/5.4.1/bin/../lib/gcc/arm-none-eabi/5.4.1/../../../../arm-none-eabi/lib/armv7-m\libg_nano.a(lib_a-nano-mallocr.o)
 .debug_frame   0x000028bc       0x90 c:/program files (x86)/cypress/psoc creator/4.4/psoc creator/import/gnu/arm/5.4.1/bin/../lib/gcc/arm-none-eabi/5.4.1/../../../../arm-none-eabi/lib/armv7-m\libg_nano.a(lib_a-nano-svfprintf.o)
 .debug_frame   0x0000294c       0x2c c:/program files (x86)/cypress/psoc creator/4.4/psoc creator/import/gnu/arm/5.4.1/bin/../lib/gcc/arm-none-eabi/5.4.1/../../../../arm-none-eabi/lib/armv7-m\libg_nano.a(lib_a-sbrkr.o)
 .debug_frame   0x00002978       0x20 c:/program files (x86)/cypress/psoc creator/4.4/psoc creator/import/gnu/arm/5.4.1/bin/../lib/gcc/arm-none-eabi/5.4.1/../../../../arm-none-eabi/lib/armv7-m\libg_nano.a(lib_a-strcmp.o)
 .debug_frame   0x00002998       0x28 c:/program files (x86)/cypress/psoc creator/4.4/psoc creator/import/gnu/arm/5.4.1/bin/../lib/gcc/arm-none-eabi/5.4.1/../../../../arm-none-eabi/lib/armv7-m\libg_nano.a(lib_a-memmove.o)
 .debug_frame   0x000029c0       0x30 c:/program files (x86)/cypress/psoc creator/4.4/psoc creator/import/gnu/arm/5.4.1/bin/../lib/gcc/arm-none-eabi/5.4.1/../../../../arm-none-eabi/lib/armv7-m\libg_nano.a(lib_a-mlock.o)
 .debug_frame   0x000029f0       0x3c c:/program files (x86)/cypress/psoc creator/4.4/psoc creator/import/gnu/arm/5.4.1/bin/../lib/gcc/arm-none-eabi/5.4.1/../../../../arm-none-eabi/lib/armv7-m\libg_nano.a(lib_a-nano-reallocr.o)
 .debug_frame   0x00002a2c       0x5c c:/program files (x86)/cypress/psoc creator/4.4/psoc creator/import/gnu/arm/5.4.1/bin/../lib/gcc/arm-none-eabi/5.4.1/../../../../arm-none-eabi/lib/armv7-m\libg_nano.a(lib_a-reent.o)
 .debug_frame   0x00002a88       0x20 c:/program files (x86)/cypress/psoc creator/4.4/psoc creator/import/gnu/arm/5.4.1/bin/../lib/gcc/arm-none-eabi/5.4.1/../../../../arm-none-eabi/lib/armv7-m\libg_nano.a(lib_a-nano-msizer.o)

.debug_str      0x00000000     0x2d65
 *(.debug_str)
 .debug_str     0x00000000      0x5b6 .\CortexM3\ARM_GCC_541\Debug\main.o
                                0x609 (size before relaxing)
 .debug_str     0x000005b6       0x84 .\CortexM3\ARM_GCC_541\Debug\lcd_functions.o
                                0x234 (size before relaxing)
 .debug_str     0x0000063a       0x2f .\CortexM3\ARM_GCC_541\Debug\lp_filter.o
                                0x1f3 (size before relaxing)
 .debug_str     0x00000669      0x1b4 .\CortexM3\ARM_GCC_541\Debug\cyfitter_cfg.o
                                0x340 (size before relaxing)
 .debug_str     0x0000081d       0x7f .\CortexM3\ARM_GCC_541\Debug\cymetadata.o
                                0x1da (size before relaxing)
 .debug_str     0x0000089c      0x13e .\CortexM3\ARM_GCC_541\Debug\Cm3Start.o
                                0x300 (size before relaxing)
 .debug_str     0x000009da      0x151 .\CortexM3\ARM_GCC_541\Debug\Design.a(LCD.o)
                                0x321 (size before relaxing)
 .debug_str     0x00000b2b      0x824 .\CortexM3\ARM_GCC_541\Debug\Design.a(CyLib.o)
                                0xa3d (size before relaxing)
 .debug_str     0x0000134f      0x365 .\CortexM3\ARM_GCC_541\Debug\Design.a(cyPm.o)
                                0x729 (size before relaxing)
 .debug_str     0x000016b4      0x142 .\CortexM3\ARM_GCC_541\Debug\Design.a(Frame_Interrupt.o)
                                0x328 (size before relaxing)
 .debug_str     0x000017f6      0x280 .\CortexM3\ARM_GCC_541\Debug\Design.a(XBee.o)
                                0x46b (size before relaxing)
 .debug_str     0x00001a76      0x183 .\CortexM3\ARM_GCC_541\Debug\Design.a(XBee_IntClock.o)
                                0x32c (size before relaxing)
 .debug_str     0x00001bf9      0x14e .\CortexM3\ARM_GCC_541\Debug\Design.a(Target_Interrupt.o)
                                0x336 (size before relaxing)
 .debug_str     0x00001d47       0xb5 .\CortexM3\ARM_GCC_541\Debug\Design.a(Reference.o)
                                0x23d (size before relaxing)
 .debug_str     0x00001dfc      0x150 .\CortexM3\ARM_GCC_541\Debug\Design.a(Analog_CMP.o)
                                0x302 (size before relaxing)
 .debug_str     0x00001f4c      0x1ac .\CortexM3\ARM_GCC_541\Debug\Design.a(Dark_Timer.o)
                                0x3b7 (size before relaxing)
 .debug_str     0x000020f8      0x136 .\CortexM3\ARM_GCC_541\Debug\Design.a(Dark_Interrupt.o)
                                0x31a (size before relaxing)
 .debug_str     0x0000222e      0x19e .\CortexM3\ARM_GCC_541\Debug\Design.a(Servo_PWM.o)
                                0x3a0 (size before relaxing)
 .debug_str     0x000023cc      0x136 .\CortexM3\ARM_GCC_541\Debug\Design.a(Hall_Interrupt.o)
                                0x31a (size before relaxing)
 .debug_str     0x00002502      0x187 .\CortexM3\ARM_GCC_541\Debug\Design.a(Hall_Timer.o)
                                0x3b7 (size before relaxing)
 .debug_str     0x00002689      0x1bd .\CortexM3\ARM_GCC_541\Debug\Design.a(Throttle_PWM.o)
                                0x3d9 (size before relaxing)
 .debug_str     0x00002846      0x18e .\CortexM3\ARM_GCC_541\Debug\Design.a(PID_Timer.o)
                                0x379 (size before relaxing)
 .debug_str     0x000029d4      0x12a .\CortexM3\ARM_GCC_541\Debug\Design.a(PID_Interrupt.o)
                                0x30c (size before relaxing)
 .debug_str     0x00002afe      0x1bb .\CortexM3\ARM_GCC_541\Debug\Design.a(CyFlash.o)
                                0x3b6 (size before relaxing)
 .debug_str     0x00002cb9       0xac .\CortexM3\ARM_GCC_541\Debug\Design.a(CySpc.o)
                                0x32e (size before relaxing)

.debug_loc      0x00000000     0x29d4
 *(.debug_loc)
 .debug_loc     0x00000000      0x220 .\CortexM3\ARM_GCC_541\Debug\main.o
 .debug_loc     0x00000220      0x143 .\CortexM3\ARM_GCC_541\Debug\lcd_functions.o
 .debug_loc     0x00000363      0x10c .\CortexM3\ARM_GCC_541\Debug\lp_filter.o
 .debug_loc     0x0000046f      0x25a .\CortexM3\ARM_GCC_541\Debug\cyfitter_cfg.o
 .debug_loc     0x000006c9      0x144 .\CortexM3\ARM_GCC_541\Debug\Cm3Start.o
 .debug_loc     0x0000080d      0x3c6 .\CortexM3\ARM_GCC_541\Debug\Design.a(LCD.o)
 .debug_loc     0x00000bd3      0xa11 .\CortexM3\ARM_GCC_541\Debug\Design.a(CyLib.o)
 .debug_loc     0x000015e4      0x1e4 .\CortexM3\ARM_GCC_541\Debug\Design.a(cyPm.o)
 .debug_loc     0x000017c8       0x56 .\CortexM3\ARM_GCC_541\Debug\Design.a(Frame_Interrupt.o)
 .debug_loc     0x0000181e      0x258 .\CortexM3\ARM_GCC_541\Debug\Design.a(XBee.o)
 .debug_loc     0x00001a76      0x128 .\CortexM3\ARM_GCC_541\Debug\Design.a(XBee_IntClock.o)
 .debug_loc     0x00001b9e       0x56 .\CortexM3\ARM_GCC_541\Debug\Design.a(Target_Interrupt.o)
 .debug_loc     0x00001bf4       0x79 .\CortexM3\ARM_GCC_541\Debug\Design.a(Reference.o)
 .debug_loc     0x00001c6d       0xed .\CortexM3\ARM_GCC_541\Debug\Design.a(Analog_CMP.o)
 .debug_loc     0x00001d5a       0x31 .\CortexM3\ARM_GCC_541\Debug\Design.a(Dark_Timer.o)
 .debug_loc     0x00001d8b       0x56 .\CortexM3\ARM_GCC_541\Debug\Design.a(Dark_Interrupt.o)
 .debug_loc     0x00001de1       0x26 .\CortexM3\ARM_GCC_541\Debug\Design.a(Servo_PWM.o)
 .debug_loc     0x00001e07       0x56 .\CortexM3\ARM_GCC_541\Debug\Design.a(Hall_Interrupt.o)
 .debug_loc     0x00001e5d       0x31 .\CortexM3\ARM_GCC_541\Debug\Design.a(Hall_Timer.o)
 .debug_loc     0x00001e8e       0x26 .\CortexM3\ARM_GCC_541\Debug\Design.a(Throttle_PWM.o)
 .debug_loc     0x00001eb4       0x13 .\CortexM3\ARM_GCC_541\Debug\Design.a(PID_Timer.o)
 .debug_loc     0x00001ec7       0x56 .\CortexM3\ARM_GCC_541\Debug\Design.a(PID_Interrupt.o)
 .debug_loc     0x00001f1d      0x3b2 .\CortexM3\ARM_GCC_541\Debug\Design.a(CyFlash.o)
 .debug_loc     0x000022cf      0x705 .\CortexM3\ARM_GCC_541\Debug\Design.a(CySpc.o)

.debug_macinfo
 *(.debug_macinfo)

.debug_ranges   0x00000000      0xc68
 *(.debug_ranges)
 .debug_ranges  0x00000000       0x50 .\CortexM3\ARM_GCC_541\Debug\main.o
 .debug_ranges  0x00000050       0x38 .\CortexM3\ARM_GCC_541\Debug\lcd_functions.o
 .debug_ranges  0x00000088       0x20 .\CortexM3\ARM_GCC_541\Debug\lp_filter.o
 .debug_ranges  0x000000a8       0x48 .\CortexM3\ARM_GCC_541\Debug\cyfitter_cfg.o
 .debug_ranges  0x000000f0       0x38 .\CortexM3\ARM_GCC_541\Debug\Cm3Start.o
 .debug_ranges  0x00000128       0x88 .\CortexM3\ARM_GCC_541\Debug\Design.a(LCD.o)
 .debug_ranges  0x000001b0      0x290 .\CortexM3\ARM_GCC_541\Debug\Design.a(CyLib.o)
 .debug_ranges  0x00000440       0x88 .\CortexM3\ARM_GCC_541\Debug\Design.a(cyPm.o)
 .debug_ranges  0x000004c8       0x70 .\CortexM3\ARM_GCC_541\Debug\Design.a(Frame_Interrupt.o)
 .debug_ranges  0x00000538       0xe0 .\CortexM3\ARM_GCC_541\Debug\Design.a(XBee.o)
 .debug_ranges  0x00000618       0x60 .\CortexM3\ARM_GCC_541\Debug\Design.a(XBee_IntClock.o)
 .debug_ranges  0x00000678       0x70 .\CortexM3\ARM_GCC_541\Debug\Design.a(Target_Interrupt.o)
 .debug_ranges  0x000006e8       0x48 .\CortexM3\ARM_GCC_541\Debug\Design.a(Reference.o)
 .debug_ranges  0x00000730       0x60 .\CortexM3\ARM_GCC_541\Debug\Design.a(Analog_CMP.o)
 .debug_ranges  0x00000790       0x88 .\CortexM3\ARM_GCC_541\Debug\Design.a(Dark_Timer.o)
 .debug_ranges  0x00000818       0x70 .\CortexM3\ARM_GCC_541\Debug\Design.a(Dark_Interrupt.o)
 .debug_ranges  0x00000888       0x88 .\CortexM3\ARM_GCC_541\Debug\Design.a(Servo_PWM.o)
 .debug_ranges  0x00000910       0x70 .\CortexM3\ARM_GCC_541\Debug\Design.a(Hall_Interrupt.o)
 .debug_ranges  0x00000980       0x88 .\CortexM3\ARM_GCC_541\Debug\Design.a(Hall_Timer.o)
 .debug_ranges  0x00000a08       0x88 .\CortexM3\ARM_GCC_541\Debug\Design.a(Throttle_PWM.o)
 .debug_ranges  0x00000a90       0x80 .\CortexM3\ARM_GCC_541\Debug\Design.a(PID_Timer.o)
 .debug_ranges  0x00000b10       0x70 .\CortexM3\ARM_GCC_541\Debug\Design.a(PID_Interrupt.o)
 .debug_ranges  0x00000b80       0x78 .\CortexM3\ARM_GCC_541\Debug\Design.a(CyFlash.o)
 .debug_ranges  0x00000bf8       0x70 .\CortexM3\ARM_GCC_541\Debug\Design.a(CySpc.o)

.comment        0x00000000       0x6e
 .comment       0x00000000       0x6e .\CortexM3\ARM_GCC_541\Debug\main.o
                                 0x6f (size before relaxing)
 .comment       0x0000006e       0x6f .\CortexM3\ARM_GCC_541\Debug\lcd_functions.o
 .comment       0x0000006e       0x6f .\CortexM3\ARM_GCC_541\Debug\lp_filter.o
 .comment       0x0000006e       0x6f .\CortexM3\ARM_GCC_541\Debug\cyfitter_cfg.o
 .comment       0x0000006e       0x6f .\CortexM3\ARM_GCC_541\Debug\cymetadata.o
 .comment       0x0000006e       0x6f .\CortexM3\ARM_GCC_541\Debug\Cm3Start.o
 .comment       0x0000006e       0x6f .\CortexM3\ARM_GCC_541\Debug\Design.a(LCD.o)
 .comment       0x0000006e       0x6f .\CortexM3\ARM_GCC_541\Debug\Design.a(CyLib.o)
 .comment       0x0000006e       0x6f .\CortexM3\ARM_GCC_541\Debug\Design.a(cyPm.o)
 .comment       0x0000006e       0x6f .\CortexM3\ARM_GCC_541\Debug\Design.a(Frame_Interrupt.o)
 .comment       0x0000006e       0x6f .\CortexM3\ARM_GCC_541\Debug\Design.a(XBee.o)
 .comment       0x0000006e       0x6f .\CortexM3\ARM_GCC_541\Debug\Design.a(XBee_IntClock.o)
 .comment       0x0000006e       0x6f .\CortexM3\ARM_GCC_541\Debug\Design.a(Target_Interrupt.o)
 .comment       0x0000006e       0x6f .\CortexM3\ARM_GCC_541\Debug\Design.a(Reference.o)
 .comment       0x0000006e       0x6f .\CortexM3\ARM_GCC_541\Debug\Design.a(Analog_CMP.o)
 .comment       0x0000006e       0x6f .\CortexM3\ARM_GCC_541\Debug\Design.a(Dark_Timer.o)
 .comment       0x0000006e       0x6f .\CortexM3\ARM_GCC_541\Debug\Design.a(Dark_Interrupt.o)
 .comment       0x0000006e       0x6f .\CortexM3\ARM_GCC_541\Debug\Design.a(Servo_PWM.o)
 .comment       0x0000006e       0x6f .\CortexM3\ARM_GCC_541\Debug\Design.a(Hall_Interrupt.o)
 .comment       0x0000006e       0x6f .\CortexM3\ARM_GCC_541\Debug\Design.a(Hall_Timer.o)
 .comment       0x0000006e       0x6f .\CortexM3\ARM_GCC_541\Debug\Design.a(Throttle_PWM.o)
 .comment       0x0000006e       0x6f .\CortexM3\ARM_GCC_541\Debug\Design.a(PID_Timer.o)
 .comment       0x0000006e       0x6f .\CortexM3\ARM_GCC_541\Debug\Design.a(PID_Interrupt.o)
 .comment       0x0000006e       0x6f .\CortexM3\ARM_GCC_541\Debug\Design.a(CyFlash.o)
 .comment       0x0000006e       0x6f .\CortexM3\ARM_GCC_541\Debug\Design.a(CySpc.o)

.debug_weaknames
 *(.debug_weaknames)

.debug_funcnames
 *(.debug_funcnames)

.debug_typenames
 *(.debug_typenames)

.debug_varnames
 *(.debug_varnames)

.note.gnu.arm.ident
 *(.note.gnu.arm.ident)

.ARM.attributes
                0x00000000       0x29
 *(.ARM.attributes)
 .ARM.attributes
                0x00000000       0x1d c:/program files (x86)/cypress/psoc creator/4.4/psoc creator/import/gnu/arm/5.4.1/bin/../lib/gcc/arm-none-eabi/5.4.1/armv7-m/crti.o
 .ARM.attributes
                0x0000001d       0x2d c:/program files (x86)/cypress/psoc creator/4.4/psoc creator/import/gnu/arm/5.4.1/bin/../lib/gcc/arm-none-eabi/5.4.1/armv7-m/crtbegin.o
 .ARM.attributes
                0x0000004a       0x1b c:/program files (x86)/cypress/psoc creator/4.4/psoc creator/import/gnu/arm/5.4.1/bin/../lib/gcc/arm-none-eabi/5.4.1/../../../../arm-none-eabi/lib/armv7-m/crt0.o
 .ARM.attributes
                0x00000065       0x33 .\CortexM3\ARM_GCC_541\Debug\main.o
 .ARM.attributes
                0x00000098       0x33 .\CortexM3\ARM_GCC_541\Debug\lcd_functions.o
 .ARM.attributes
                0x000000cb       0x33 .\CortexM3\ARM_GCC_541\Debug\lp_filter.o
 .ARM.attributes
                0x000000fe       0x33 .\CortexM3\ARM_GCC_541\Debug\cyfitter_cfg.o
 .ARM.attributes
                0x00000131       0x33 .\CortexM3\ARM_GCC_541\Debug\cymetadata.o
 .ARM.attributes
                0x00000164       0x33 .\CortexM3\ARM_GCC_541\Debug\Cm3Start.o
 .ARM.attributes
                0x00000197       0x33 .\CortexM3\ARM_GCC_541\Debug\Design.a(LCD.o)
 .ARM.attributes
                0x000001ca       0x33 .\CortexM3\ARM_GCC_541\Debug\Design.a(CyLib.o)
 .ARM.attributes
                0x000001fd       0x33 .\CortexM3\ARM_GCC_541\Debug\Design.a(cyPm.o)
 .ARM.attributes
                0x00000230       0x33 .\CortexM3\ARM_GCC_541\Debug\Design.a(Frame_Interrupt.o)
 .ARM.attributes
                0x00000263       0x33 .\CortexM3\ARM_GCC_541\Debug\Design.a(XBee.o)
 .ARM.attributes
                0x00000296       0x33 .\CortexM3\ARM_GCC_541\Debug\Design.a(XBee_IntClock.o)
 .ARM.attributes
                0x000002c9       0x33 .\CortexM3\ARM_GCC_541\Debug\Design.a(Target_Interrupt.o)
 .ARM.attributes
                0x000002fc       0x33 .\CortexM3\ARM_GCC_541\Debug\Design.a(Reference.o)
 .ARM.attributes
                0x0000032f       0x33 .\CortexM3\ARM_GCC_541\Debug\Design.a(Analog_CMP.o)
 .ARM.attributes
                0x00000362       0x33 .\CortexM3\ARM_GCC_541\Debug\Design.a(Dark_Timer.o)
 .ARM.attributes
                0x00000395       0x33 .\CortexM3\ARM_GCC_541\Debug\Design.a(Dark_Interrupt.o)
 .ARM.attributes
                0x000003c8       0x33 .\CortexM3\ARM_GCC_541\Debug\Design.a(Servo_PWM.o)
 .ARM.attributes
                0x000003fb       0x33 .\CortexM3\ARM_GCC_541\Debug\Design.a(Hall_Interrupt.o)
 .ARM.attributes
                0x0000042e       0x33 .\CortexM3\ARM_GCC_541\Debug\Design.a(Hall_Timer.o)
 .ARM.attributes
                0x00000461       0x33 .\CortexM3\ARM_GCC_541\Debug\Design.a(Throttle_PWM.o)
 .ARM.attributes
                0x00000494       0x33 .\CortexM3\ARM_GCC_541\Debug\Design.a(PID_Timer.o)
 .ARM.attributes
                0x000004c7       0x33 .\CortexM3\ARM_GCC_541\Debug\Design.a(PID_Interrupt.o)
 .ARM.attributes
                0x000004fa       0x21 .\CortexM3\ARM_GCC_541\Debug\Design.a(CyBootAsmGnu.o)
 .ARM.attributes
                0x0000051b       0x33 .\CortexM3\ARM_GCC_541\Debug\Design.a(CyFlash.o)
 .ARM.attributes
                0x0000054e       0x33 .\CortexM3\ARM_GCC_541\Debug\Design.a(CySpc.o)
 .ARM.attributes
                0x00000581       0x1d c:/program files (x86)/cypress/psoc creator/4.4/psoc creator/import/gnu/arm/5.4.1/bin/../lib/gcc/arm-none-eabi/5.4.1/armv7-m\libgcc.a(_arm_addsubdf3.o)
 .ARM.attributes
                0x0000059e       0x1d c:/program files (x86)/cypress/psoc creator/4.4/psoc creator/import/gnu/arm/5.4.1/bin/../lib/gcc/arm-none-eabi/5.4.1/armv7-m\libgcc.a(_arm_muldivdf3.o)
 .ARM.attributes
                0x000005bb       0x1d c:/program files (x86)/cypress/psoc creator/4.4/psoc creator/import/gnu/arm/5.4.1/bin/../lib/gcc/arm-none-eabi/5.4.1/armv7-m\libgcc.a(_arm_cmpdf2.o)
 .ARM.attributes
                0x000005d8       0x1d c:/program files (x86)/cypress/psoc creator/4.4/psoc creator/import/gnu/arm/5.4.1/bin/../lib/gcc/arm-none-eabi/5.4.1/armv7-m\libgcc.a(_arm_fixdfsi.o)
 .ARM.attributes
                0x000005f5       0x1d c:/program files (x86)/cypress/psoc creator/4.4/psoc creator/import/gnu/arm/5.4.1/bin/../lib/gcc/arm-none-eabi/5.4.1/armv7-m\libgcc.a(_arm_fixunsdfsi.o)
 .ARM.attributes