Archive member included to satisfy reference by file (symbol)

.\CortexM3\ARM_GCC_541\Debug\Design.a(LCD.o)
                              .\CortexM3\ARM_GCC_541\Debug\lcd_functions.o (LCD_PrintString)
.\CortexM3\ARM_GCC_541\Debug\Design.a(CyLib.o)
                              .\CortexM3\ARM_GCC_541\Debug\Cm3Start.o (CyHalt)
.\CortexM3\ARM_GCC_541\Debug\Design.a(cyPm.o)
                              .\CortexM3\ARM_GCC_541\Debug\Design.a(CyLib.o) (CyPmReadStatus)
.\CortexM3\ARM_GCC_541\Debug\Design.a(Frame_Interrupt.o)
                              .\CortexM3\ARM_GCC_541\Debug\main.o (Frame_Interrupt_SetVector)
.\CortexM3\ARM_GCC_541\Debug\Design.a(Reference.o)
                              .\CortexM3\ARM_GCC_541\Debug\main.o (Reference_Start)
.\CortexM3\ARM_GCC_541\Debug\Design.a(Analog_CMP.o)
                              .\CortexM3\ARM_GCC_541\Debug\main.o (Analog_CMP_Start)
.\CortexM3\ARM_GCC_541\Debug\Design.a(Servo_PWM.o)
                              .\CortexM3\ARM_GCC_541\Debug\main.o (Servo_PWM_WriteCompare)
.\CortexM3\ARM_GCC_541\Debug\Design.a(Hall_Interrupt.o)
                              .\CortexM3\ARM_GCC_541\Debug\main.o (Hall_Interrupt_SetVector)
.\CortexM3\ARM_GCC_541\Debug\Design.a(Hall_Timer.o)
                              .\CortexM3\ARM_GCC_541\Debug\main.o (Hall_Timer_ReadStatusRegister)
.\CortexM3\ARM_GCC_541\Debug\Design.a(Throttle_PWM.o)
                              .\CortexM3\ARM_GCC_541\Debug\main.o (Throttle_PWM_WriteCompare)
.\CortexM3\ARM_GCC_541\Debug\Design.a(PID_Timer.o)
                              .\CortexM3\ARM_GCC_541\Debug\main.o (PID_Timer_Start)
.\CortexM3\ARM_GCC_541\Debug\Design.a(PID_Interrupt.o)
                              .\CortexM3\ARM_GCC_541\Debug\main.o (PID_Interrupt_SetVector)
.\CortexM3\ARM_GCC_541\Debug\Design.a(Dark_Timer_100.o)
                              .\CortexM3\ARM_GCC_541\Debug\main.o (Dark_Timer_100_ReadStatusRegister)
.\CortexM3\ARM_GCC_541\Debug\Design.a(Target_Int_100.o)
                              .\CortexM3\ARM_GCC_541\Debug\main.o (Target_Int_100_SetVector)
.\CortexM3\ARM_GCC_541\Debug\Design.a(Dark_Int_100.o)
                              .\CortexM3\ARM_GCC_541\Debug\main.o (Dark_Int_100_SetVector)
.\CortexM3\ARM_GCC_541\Debug\Design.a(Dark_Timer_150.o)
                              .\CortexM3\ARM_GCC_541\Debug\main.o (Dark_Timer_150_ReadStatusRegister)
.\CortexM3\ARM_GCC_541\Debug\Design.a(Dark_Int_150.o)
                              .\CortexM3\ARM_GCC_541\Debug\main.o (Dark_Int_150_SetVector)
.\CortexM3\ARM_GCC_541\Debug\Design.a(Dark_Timer_50.o)
                              .\CortexM3\ARM_GCC_541\Debug\main.o (Dark_Timer_50_ReadStatusRegister)
.\CortexM3\ARM_GCC_541\Debug\Design.a(Dark_Int_50.o)
                              .\CortexM3\ARM_GCC_541\Debug\main.o (Dark_Int_50_SetVector)
.\CortexM3\ARM_GCC_541\Debug\Design.a(Target_Int_50.o)
                              .\CortexM3\ARM_GCC_541\Debug\main.o (Target_Int_50_SetVector)
.\CortexM3\ARM_GCC_541\Debug\Design.a(Target_Int_150.o)
                              .\CortexM3\ARM_GCC_541\Debug\main.o (Target_Int_150_SetVector)
.\CortexM3\ARM_GCC_541\Debug\Design.a(CyBootAsmGnu.o)
                              .\CortexM3\ARM_GCC_541\Debug\cyfitter_cfg.o (CyDelayCycles)
.\CortexM3\ARM_GCC_541\Debug\Design.a(CyFlash.o)
                              .\CortexM3\ARM_GCC_541\Debug\Design.a(cyPm.o) (CyFlash_SetWaitCycles)
.\CortexM3\ARM_GCC_541\Debug\Design.a(CySpc.o)
                              .\CortexM3\ARM_GCC_541\Debug\Design.a(CyFlash.o) (CySpcStart)
c:/program files (x86)/cypress/psoc creator/4.4/psoc creator/import/gnu/arm/5.4.1/bin/../lib/gcc/arm-none-eabi/5.4.1/armv7-m\libgcc.a(_arm_addsubdf3.o)
                              .\CortexM3\ARM_GCC_541\Debug\main.o (__aeabi_dsub)
c:/program files (x86)/cypress/psoc creator/4.4/psoc creator/import/gnu/arm/5.4.1/bin/../lib/gcc/arm-none-eabi/5.4.1/armv7-m\libgcc.a(_arm_muldivdf3.o)
                              .\CortexM3\ARM_GCC_541\Debug\main.o (__aeabi_dmul)
c:/program files (x86)/cypress/psoc creator/4.4/psoc creator/import/gnu/arm/5.4.1/bin/../lib/gcc/arm-none-eabi/5.4.1/armv7-m\libgcc.a(_arm_cmpdf2.o)
                              .\CortexM3\ARM_GCC_541\Debug\main.o (__aeabi_dcmplt)
c:/program files (x86)/cypress/psoc creator/4.4/psoc creator/import/gnu/arm/5.4.1/bin/../lib/gcc/arm-none-eabi/5.4.1/armv7-m\libgcc.a(_arm_fixdfsi.o)
                              .\CortexM3\ARM_GCC_541\Debug\main.o (__aeabi_d2iz)
c:/program files (x86)/cypress/psoc creator/4.4/psoc creator/import/gnu/arm/5.4.1/bin/../lib/gcc/arm-none-eabi/5.4.1/armv7-m\libgcc.a(_arm_fixunsdfsi.o)
                              .\CortexM3\ARM_GCC_541\Debug\main.o (__aeabi_d2uiz)
c:/program files (x86)/cypress/psoc creator/4.4/psoc creator/import/gnu/arm/5.4.1/bin/../lib/gcc/arm-none-eabi/5.4.1/armv7-m\libgcc.a(_aeabi_uldivmod.o)
                              .\CortexM3\ARM_GCC_541\Debug\main.o (__aeabi_uldivmod)
[...]
Memory Configuration

Name             Origin             Length             Attributes
rom              0x00000000         0x00040000         xr
ram              0x1fff8000         0x00010000         xrw
*default*        0x00000000         0xffffffff

Linker script and memory map

LOAD c:/program files (x86)/cypress/psoc creator/4.4/psoc creator/import/gnu/arm/5.4.1/bin/../lib/gcc/arm-none-eabi/5.4.1/armv7-m/crti.o
LOAD c:/program files (x86)/cypress/psoc creator/4.4/psoc creator/import/gnu/arm/5.4.1/bin/../lib/gcc/arm-none-eabi/5.4.1/armv7-m/crtbegin.o
LOAD c:/program files (x86)/cypress/psoc creator/4.4/psoc creator/import/gnu/arm/5.4.1/bin/../lib/gcc/arm-none-eabi/5.4.1/../../../../arm-none-eabi/lib/armv7-m/crt0.o
START GROUP
LOAD .\CortexM3\ARM_GCC_541\Debug\main.o
LOAD .\CortexM3\ARM_GCC_541\Debug\lcd_functions.o
LOAD .\CortexM3\ARM_GCC_541\Debug\lp_filter.o
LOAD .\CortexM3\ARM_GCC_541\Debug\cyfitter_cfg.o
LOAD .\CortexM3\ARM_GCC_541\Debug\cymetadata.o
LOAD .\CortexM3\ARM_GCC_541\Debug\Cm3Start.o
LOAD .\CortexM3\ARM_GCC_541\Debug\Design.a
LOAD C:\Program Files (x86)\Cypress\PSoC Creator\4.4\PSoC Creator\psoc\content\cycomponentlibrary\CyComponentLibrary.cylib\CortexM3\ARM_GCC_541\Debug\CyComponentLibrary.a
END GROUP
START GROUP
LOAD c:/program files (x86)/cypress/psoc creator/4.4/psoc creator/import/gnu/arm/5.4.1/bin/../lib/gcc/arm-none-eabi/5.4.1/armv7-m\libgcc.a
LOAD c:/program files (x86)/cypress/psoc creator/4.4/psoc creator/import/gnu/arm/5.4.1/bin/../lib/gcc/arm-none-eabi/5.4.1/../../../../arm-none-eabi/lib/armv7-m\libg_nano.a
LOAD c:/program files (x86)/cypress/psoc creator/4.4/psoc creator/import/gnu/arm/5.4.1/bin/../lib/gcc/arm-none-eabi/5.4.1/../../../../arm-none-eabi/lib/armv7-m\libc_nano.a
END GROUP
START GROUP
LOAD c:/program files (x86)/cypress/psoc creator/4.4/psoc creator/import/gnu/arm/5.4.1/bin/../lib/gcc/arm-none-eabi/5.4.1/armv7-m\libgcc.a
LOAD c:/program files (x86)/cypress/psoc creator/4.4/psoc creator/import/gnu/arm/5.4.1/bin/../lib/gcc/arm-none-eabi/5.4.1/../../../../arm-none-eabi/lib/armv7-m\libc_nano.a
END GROUP
LOAD c:/program files (x86)/cypress/psoc creator/4.4/psoc creator/import/gnu/arm/5.4.1/bin/../lib/gcc/arm-none-eabi/5.4.1/armv7-m/crtend.o
LOAD c:/program files (x86)/cypress/psoc creator/4.4/psoc creator/import/gnu/arm/5.4.1/bin/../lib/gcc/arm-none-eabi/5.4.1/armv7-m/crtn.o
START GROUP
LOAD c:/program files (x86)/cypress/psoc creator/4.4/psoc creator/import/gnu/arm/5.4.1/bin/../lib/gcc/arm-none-eabi/5.4.1/armv7-m\libgcc.a
LOAD c:/program files (x86)/cypress/psoc creator/4.4/psoc creator/import/gnu/arm/5.4.1/bin/../lib/gcc/arm-none-eabi/5.4.1/../../../../arm-none-eabi/lib/armv7-m\libc.a
LOAD c:/program files (x86)/cypress/psoc creator/4.4/psoc creator/import/gnu/arm/5.4.1/bin/../lib/gcc/arm-none-eabi/5.4.1/../../../../arm-none-eabi/lib/armv7-m\libnosys.a
END GROUP
                0x00000000                CY_APPL_ORIGIN = 0x0
                0x00000100                CY_FLASH_ROW_SIZE = 0x100
                0x00000020                CY_ECC_ROW_SIZE = 0x20
                0x00000000                CY_EE_IN_BTLDR = 0x0
                0x00000000                CY_APPL_LOADABLE = 0x0
                0x00000800                CY_EE_SIZE = 0x800
                0x00000001                CY_APPL_NUM = 0x1
                0x00000001                CY_APPL_MAX = 0x1
                0x00000040                CY_METADATA_SIZE = 0x40
                0x00000000                CY_APPL_LOADABLE = 0x0
                0x00000000                CY_CHECKSUM_EXCLUDE_SIZE = ALIGN (0x0, CY_FLASH_ROW_SIZE)
                [!provide]                PROVIDE (__cy_heap_start, _end)
                0x00000001                PROVIDE (__cy_region_num, ((__cy_regions_end - __cy_regions) / 0x10))
                0x20008000                PROVIDE (__cy_stack, (ORIGIN (ram) + LENGTH (ram)))
                [!provide]                PROVIDE (__cy_heap_end, (__cy_stack - 0x800))

.cybootloader   0x00000000        0x0
 *(.cybootloader)
                0x00000000                appl1_start = CY_APPL_ORIGIN?CY_APPL_ORIGIN:ALIGN (CY_FLASH_ROW_SIZE)
                0x0001ff00                appl2_start = (appl1_start + ALIGN ((((LENGTH (rom) - appl1_start) - (0x2 * CY_FLASH_ROW_SIZE)) / 0x2), CY_FLASH_ROW_SIZE))
                0x00000000                appl_start = (CY_APPL_NUM == 0x1)?appl1_start:appl2_start
                0x00000000                ecc_offset = ((appl_start / CY_FLASH_ROW_SIZE) * CY_ECC_ROW_SIZE)
                0x00000000                ee_offset = (CY_APPL_LOADABLE && ! (CY_EE_IN_BTLDR))?((CY_EE_SIZE / CY_APPL_MAX) * (CY_APPL_NUM - 0x1)):0x0
                0x00000800                ee_size = (CY_APPL_LOADABLE && ! (CY_EE_IN_BTLDR))?(CY_EE_SIZE / CY_APPL_MAX):CY_EE_SIZE
                [!provide]                PROVIDE (CY_ECC_OFFSET, ecc_offset)

.text           0x00000000     0x426c
 CREATE_OBJECT_SYMBOLS
                0x00000000                PROVIDE (__cy_interrupt_vector, RomVectors)
 *(.romvectors)
 .romvectors    0x00000000       0x10 .\CortexM3\ARM_GCC_541\Debug\Cm3Start.o
                0x00000000                RomVectors
                0x00000001                ASSERT ((. != __cy_interrupt_vector), No interrupt vector)
                0x00000001                ASSERT (CY_APPL_ORIGIN?(SIZEOF (.cybootloader) <= CY_APPL_ORIGIN):0x1, Wrong image location)
                0x00000010                PROVIDE (__cy_reset, Reset)
 *(.text.Reset)
 .text.Reset    0x00000010       0x18 .\CortexM3\ARM_GCC_541\Debug\Cm3Start.o
                0x00000010                Reset
                0x00000001                ASSERT ((. != __cy_reset), No reset code)
 *(.dma_init)
                0x00000001                ASSERT ((((appl_start + .) <= 0x10000) || 0x1), DMA Init must be within the first 64k of flash)
 *(.text .text.* .gnu.linkonce.t.*)
 .text          0x00000028       0x5c c:/program files (x86)/cypress/psoc creator/4.4/psoc creator/import/gnu/arm/5.4.1/bin/../lib/gcc/arm-none-eabi/5.4.1/armv7-m/crtbegin.o
 .text.frame_int
                0x00000084       0x54 .\CortexM3\ARM_GCC_541\Debug\main.o
                0x00000084                frame_int
 .text.target_int_50
                0x000000d8        0x8 .\CortexM3\ARM_GCC_541\Debug\main.o
                0x000000d8                target_int_50
 .text.target_int_100
                0x000000e0        0x8 .\CortexM3\ARM_GCC_541\Debug\main.o
                0x000000e0                target_int_100
 .text.target_int_150
                0x000000e8        0x8 .\CortexM3\ARM_GCC_541\Debug\main.o
                0x000000e8                target_int_150
 .text.hall_int
                0x000000f0       0x64 .\CortexM3\ARM_GCC_541\Debug\main.o
                0x000000f0                hall_int
 .text.dark_int_50
                0x00000154       0x7c .\CortexM3\ARM_GCC_541\Debug\main.o
                0x00000154                dark_int_50
 .text.dark_int_100
                0x000001d0       0x7c .\CortexM3\ARM_GCC_541\Debug\main.o
                0x000001d0                dark_int_100
 .text.dark_int_150
                0x0000024c       0x7c .\CortexM3\ARM_GCC_541\Debug\main.o
                0x0000024c                dark_int_150
 .text.pid_int  0x000002c8      0x35c .\CortexM3\ARM_GCC_541\Debug\main.o
                0x000002c8                pid_int
 .text.main     0x00000624      0x100 .\CortexM3\ARM_GCC_541\Debug\main.o
                0x00000624                main
 .text.initLCD  0x00000724       0x1c .\CortexM3\ARM_GCC_541\Debug\lcd_functions.o
                0x00000724                initLCD
 .text.clearLCD
                0x00000740        0xc .\CortexM3\ARM_GCC_541\Debug\lcd_functions.o
                0x00000740                clearLCD
 .text.cmp      0x0000074c        0x8 .\CortexM3\ARM_GCC_541\Debug\lp_filter.o
                0x0000074c                cmp
 .text.filterResize
                0x00000754        0x8 .\CortexM3\ARM_GCC_541\Debug\lp_filter.o
                0x00000754                filterResize
 .text.filterPush
                0x0000075c       0x90 .\CortexM3\ARM_GCC_541\Debug\lp_filter.o
                0x0000075c                filterPush
 .text.CyClockStartupError
                0x000007ec        0x4 .\CortexM3\ARM_GCC_541\Debug\cyfitter_cfg.o
 .text.cfg_write_bytes32
                0x000007f0       0x34 .\CortexM3\ARM_GCC_541\Debug\cyfitter_cfg.o
 .text.AnalogSetDefault
                0x00000824       0x48 .\CortexM3\ARM_GCC_541\Debug\cyfitter_cfg.o
 .text.CYMEMZERO
                0x0000086c        0xc .\CortexM3\ARM_GCC_541\Debug\cyfitter_cfg.o
 .text.ClockSetup
                0x00000878       0xec .\CortexM3\ARM_GCC_541\Debug\cyfitter_cfg.o
 .text.CYCONFIGCPY
                0x00000964        0x8 .\CortexM3\ARM_GCC_541\Debug\cyfitter_cfg.o
 .text.cyfitter_cfg
                0x0000096c      0x144 .\CortexM3\ARM_GCC_541\Debug\cyfitter_cfg.o
                0x0000096c                cyfitter_cfg
 .text.IntDefaultHandler
                0x00000ab0       0x10 .\CortexM3\ARM_GCC_541\Debug\Cm3Start.o
                0x00000ab0                IntDefaultHandler
 .text._sbrk    0x00000ac0       0x30 .\CortexM3\ARM_GCC_541\Debug\Cm3Start.o
                0x00000ac0                _sbrk
 .text.Start_c  0x00000af0       0x4c .\CortexM3\ARM_GCC_541\Debug\Cm3Start.o
                0x00000af0                Start_c
 .text.initialize_psoc
                0x00000b3c       0x68 .\CortexM3\ARM_GCC_541\Debug\Cm3Start.o
                0x00000b3c                initialize_psoc
 .text.LCD_WrCntrlNib
                0x00000ba4       0x34 .\CortexM3\ARM_GCC_541\Debug\Design.a(LCD.o)
 .text.LCD_WrDatNib
                0x00000bd8       0x44 .\CortexM3\ARM_GCC_541\Debug\Design.a(LCD.o)
 .text.LCD_IsReady
                0x00000c1c       0xe4 .\CortexM3\ARM_GCC_541\Debug\Design.a(LCD.o)
                0x00000c1c                LCD_IsReady
 .text.LCD_WriteData
                0x00000d00       0x18 .\CortexM3\ARM_GCC_541\Debug\Design.a(LCD.o)
                0x00000d00                LCD_WriteData
 .text.LCD_PrintString
                0x00000d18       0x1c .\CortexM3\ARM_GCC_541\Debug\Design.a(LCD.o)
                0x00000d18                LCD_PrintString
 .text.LCD_WriteControl
                0x00000d34       0x18 .\CortexM3\ARM_GCC_541\Debug\Design.a(LCD.o)
                0x00000d34                LCD_WriteControl
 .text.LCD_Init
                0x00000d4c       0x6c .\CortexM3\ARM_GCC_541\Debug\Design.a(LCD.o)
                0x00000d4c                LCD_Init
 .text.LCD_Enable
                0x00000db8       0x14 .\CortexM3\ARM_GCC_541\Debug\Design.a(LCD.o)
                0x00000db8                LCD_Enable
 .text.LCD_Start
                0x00000dcc       0x1c .\CortexM3\ARM_GCC_541\Debug\Design.a(LCD.o)
                0x00000dcc                LCD_Start
 .text.LCD_Position
                0x00000de8       0x3c .\CortexM3\ARM_GCC_541\Debug\Design.a(LCD.o)
                0x00000de8                LCD_Position
 .text.CyDelay  0x00000e24       0x2c .\CortexM3\ARM_GCC_541\Debug\Design.a(CyLib.o)
                0x00000e24                CyDelay
 .text.CyDelayUs
                0x00000e50       0x14 .\CortexM3\ARM_GCC_541\Debug\Design.a(CyLib.o)
                0x00000e50                CyDelayUs
 .text.Frame_Interrupt_Interrupt
                0x00000e64        0x4 .\CortexM3\ARM_GCC_541\Debug\Design.a(Frame_Interrupt.o)
                0x00000e64                Frame_Interrupt_Interrupt
 .text.Frame_Interrupt_SetVector
                0x00000e68        0xc .\CortexM3\ARM_GCC_541\Debug\Design.a(Frame_Interrupt.o)
                0x00000e68                Frame_Interrupt_SetVector
 .text.Frame_Interrupt_SetPriority
                0x00000e74       0x10 .\CortexM3\ARM_GCC_541\Debug\Design.a(Frame_Interrupt.o)
                0x00000e74                Frame_Interrupt_SetPriority
 .text.Frame_Interrupt_Enable
                0x00000e84        0xc .\CortexM3\ARM_GCC_541\Debug\Design.a(Frame_Interrupt.o)
                0x00000e84                Frame_Interrupt_Enable
 .text.Frame_Interrupt_Disable
                0x00000e90        0xc .\CortexM3\ARM_GCC_541\Debug\Design.a(Frame_Interrupt.o)
                0x00000e90                Frame_Interrupt_Disable
 .text.Frame_Interrupt_Start
                0x00000e9c       0x1c .\CortexM3\ARM_GCC_541\Debug\Design.a(Frame_Interrupt.o)
                0x00000e9c                Frame_Interrupt_Start
 .text.Reference_Enable
                0x00000eb8       0x1c .\CortexM3\ARM_GCC_541\Debug\Design.a(Reference.o)
                0x00000eb8                Reference_Enable
 .text.Reference_SetSpeed
                0x00000ed4       0x1c .\CortexM3\ARM_GCC_541\Debug\Design.a(Reference.o)
                0x00000ed4                Reference_SetSpeed
 .text.Reference_SetValue
                0x00000ef0        0xc .\CortexM3\ARM_GCC_541\Debug\Design.a(Reference.o)
                0x00000ef0                Reference_SetValue
 .text.Reference_DacTrim
                0x00000efc       0x24 .\CortexM3\ARM_GCC_541\Debug\Design.a(Reference.o)
                0x00000efc                Reference_DacTrim
 .text.Reference_SetRange
                0x00000f20       0x20 .\CortexM3\ARM_GCC_541\Debug\Design.a(Reference.o)
                0x00000f20                Reference_SetRange
 .text.Reference_Init
                0x00000f40       0x1c .\CortexM3\ARM_GCC_541\Debug\Design.a(Reference.o)
                0x00000f40                Reference_Init
 .text.Reference_Start
                0x00000f5c       0x24 .\CortexM3\ARM_GCC_541\Debug\Design.a(Reference.o)
                0x00000f5c                Reference_Start
 .text.Analog_CMP_Enable
                0x00000f80       0x1c .\CortexM3\ARM_GCC_541\Debug\Design.a(Analog_CMP.o)
                0x00000f80                Analog_CMP_Enable
 .text.Analog_CMP_SetSpeed
                0x00000f9c       0x58 .\CortexM3\ARM_GCC_541\Debug\Design.a(Analog_CMP.o)
                0x00000f9c                Analog_CMP_SetSpeed
 .text.Analog_CMP_Init
                0x00000ff4       0x3c .\CortexM3\ARM_GCC_541\Debug\Design.a(Analog_CMP.o)
                0x00000ff4                Analog_CMP_Init
 .text.Analog_CMP_Start
                0x00001030       0x1c .\CortexM3\ARM_GCC_541\Debug\Design.a(Analog_CMP.o)
                0x00001030                Analog_CMP_Start
 .text.Servo_PWM_Enable
                0x0000104c       0x10 .\CortexM3\ARM_GCC_541\Debug\Design.a(Servo_PWM.o)
                0x0000104c                Servo_PWM_Enable
 .text.Servo_PWM_WriteCounter
                0x0000105c        0xc .\CortexM3\ARM_GCC_541\Debug\Design.a(Servo_PWM.o)
                0x0000105c                Servo_PWM_WriteCounter
 .text.Servo_PWM_WritePeriod
                0x00001068        0xc .\CortexM3\ARM_GCC_541\Debug\Design.a(Servo_PWM.o)
                0x00001068                Servo_PWM_WritePeriod
 .text.Servo_PWM_WriteCompare
                0x00001074        0xc .\CortexM3\ARM_GCC_541\Debug\Design.a(Servo_PWM.o)
                0x00001074                Servo_PWM_WriteCompare
 .text.Servo_PWM_SetInterruptMode
                0x00001080        0xc .\CortexM3\ARM_GCC_541\Debug\Design.a(Servo_PWM.o)
                0x00001080                Servo_PWM_SetInterruptMode
 .text.Servo_PWM_ReadStatusRegister
                0x0000108c        0xc .\CortexM3\ARM_GCC_541\Debug\Design.a(Servo_PWM.o)
                0x0000108c                Servo_PWM_ReadStatusRegister
 .text.Servo_PWM_ReadCapture
                0x00001098        0xc .\CortexM3\ARM_GCC_541\Debug\Design.a(Servo_PWM.o)
                0x00001098                Servo_PWM_ReadCapture
 .text.Servo_PWM_ClearFIFO
                0x000010a4       0x14 .\CortexM3\ARM_GCC_541\Debug\Design.a(Servo_PWM.o)
                0x000010a4                Servo_PWM_ClearFIFO
 .text.Servo_PWM_Init
                0x000010b8       0x60 .\CortexM3\ARM_GCC_541\Debug\Design.a(Servo_PWM.o)
                0x000010b8                Servo_PWM_Init
 .text.Servo_PWM_Start
                0x00001118       0x1c .\CortexM3\ARM_GCC_541\Debug\Design.a(Servo_PWM.o)
                0x00001118                Servo_PWM_Start
 .text.Hall_Interrupt_Interrupt
                0x00001134        0x4 .\CortexM3\ARM_GCC_541\Debug\Design.a(Hall_Interrupt.o)
                0x00001134                Hall_Interrupt_Interrupt
 .text.Hall_Interrupt_SetVector
                0x00001138        0xc .\CortexM3\ARM_GCC_541\Debug\Design.a(Hall_Interrupt.o)
                0x00001138                Hall_Interrupt_SetVector
 .text.Hall_Interrupt_SetPriority
                0x00001144       0x10 .\CortexM3\ARM_GCC_541\Debug\Design.a(Hall_Interrupt.o)
                0x00001144                Hall_Interrupt_SetPriority
 .text.Hall_Interrupt_Enable
                0x00001154        0xc .\CortexM3\ARM_GCC_541\Debug\Design.a(Hall_Interrupt.o)
                0x00001154                Hall_Interrupt_Enable
 .text.Hall_Interrupt_Disable
                0x00001160        0xc .\CortexM3\ARM_GCC_541\Debug\Design.a(Hall_Interrupt.o)
                0x00001160                Hall_Interrupt_Disable
 .text.Hall_Interrupt_Start
                0x0000116c       0x1c .\CortexM3\ARM_GCC_541\Debug\Design.a(Hall_Interrupt.o)
                0x0000116c                Hall_Interrupt_Start
 .text.Hall_Timer_Enable
                0x00001188       0x10 .\CortexM3\ARM_GCC_541\Debug\Design.a(Hall_Timer.o)
                0x00001188                Hall_Timer_Enable
 .text.Hall_Timer_SetInterruptMode
                0x00001198        0xc .\CortexM3\ARM_GCC_541\Debug\Design.a(Hall_Timer.o)
                0x00001198                Hall_Timer_SetInterruptMode
 .text.Hall_Timer_ReadStatusRegister
                0x000011a4        0xc .\CortexM3\ARM_GCC_541\Debug\Design.a(Hall_Timer.o)
                0x000011a4                Hall_Timer_ReadStatusRegister
 .text.Hall_Timer_WritePeriod
                0x000011b0        0xc .\CortexM3\ARM_GCC_541\Debug\Design.a(Hall_Timer.o)
                0x000011b0                Hall_Timer_WritePeriod
 .text.Hall_Timer_ReadCapture
                0x000011bc        0xc .\CortexM3\ARM_GCC_541\Debug\Design.a(Hall_Timer.o)
                0x000011bc                Hall_Timer_ReadCapture
 .text.Hall_Timer_WriteCounter
                0x000011c8        0xc .\CortexM3\ARM_GCC_541\Debug\Design.a(Hall_Timer.o)
                0x000011c8                Hall_Timer_WriteCounter
 .text.Hall_Timer_SetInterruptCount
                0x000011d4       0x1c .\CortexM3\ARM_GCC_541\Debug\Design.a(Hall_Timer.o)
                0x000011d4                Hall_Timer_SetInterruptCount
 .text.Hall_Timer_ClearFIFO
                0x000011f0       0x14 .\CortexM3\ARM_GCC_541\Debug\Design.a(Hall_Timer.o)
                0x000011f0                Hall_Timer_ClearFIFO
 .text.Hall_Timer_Init
                0x00001204       0x3c .\CortexM3\ARM_GCC_541\Debug\Design.a(Hall_Timer.o)
                0x00001204                Hall_Timer_Init
 .text.Hall_Timer_Start
                0x00001240       0x1c .\CortexM3\ARM_GCC_541\Debug\Design.a(Hall_Timer.o)
                0x00001240                Hall_Timer_Start
 .text.Throttle_PWM_Enable
                0x0000125c       0x10 .\CortexM3\ARM_GCC_541\Debug\Design.a(Throttle_PWM.o)
                0x0000125c                Throttle_PWM_Enable
 .text.Throttle_PWM_WriteCounter
                0x0000126c        0xc .\CortexM3\ARM_GCC_541\Debug\Design.a(Throttle_PWM.o)
                0x0000126c                Throttle_PWM_WriteCounter
 .text.Throttle_PWM_WritePeriod
                0x00001278        0xc .\CortexM3\ARM_GCC_541\Debug\Design.a(Throttle_PWM.o)
                0x00001278                Throttle_PWM_WritePeriod
 .text.Throttle_PWM_WriteCompare
                0x00001284        0xc .\CortexM3\ARM_GCC_541\Debug\Design.a(Throttle_PWM.o)
                0x00001284                Throttle_PWM_WriteCompare
 .text.Throttle_PWM_SetInterruptMode
                0x00001290        0xc .\CortexM3\ARM_GCC_541\Debug\Design.a(Throttle_PWM.o)
                0x00001290                Throttle_PWM_SetInterruptMode
 .text.Throttle_PWM_ReadStatusRegister
                0x0000129c        0xc .\CortexM3\ARM_GCC_541\Debug\Design.a(Throttle_PWM.o)
                0x0000129c                Throttle_PWM_ReadStatusRegister
 .text.Throttle_PWM_ReadCapture
                0x000012a8        0xc .\CortexM3\ARM_GCC_541\Debug\Design.a(Throttle_PWM.o)
                0x000012a8                Throttle_PWM_ReadCapture
 .text.Throttle_PWM_ClearFIFO
                0x000012b4       0x14 .\CortexM3\ARM_GCC_541\Debug\Design.a(Throttle_PWM.o)
                0x000012b4                Throttle_PWM_ClearFIFO
 .text.Throttle_PWM_Init
                0x000012c8       0x60 .\CortexM3\ARM_GCC_541\Debug\Design.a(Throttle_PWM.o)
                0x000012c8                Throttle_PWM_Init
 .text.Throttle_PWM_Start
                0x00001328       0x1c .\CortexM3\ARM_GCC_541\Debug\Design.a(Throttle_PWM.o)
                0x00001328                Throttle_PWM_Start
 .text.PID_Timer_Enable
                0x00001344       0x10 .\CortexM3\ARM_GCC_541\Debug\Design.a(PID_Timer.o)
                0x00001344                PID_Timer_Enable
 .text.PID_Timer_SetInterruptMode
                0x00001354        0xc .\CortexM3\ARM_GCC_541\Debug\Design.a(PID_Timer.o)
                0x00001354                PID_Timer_SetInterruptMode
 .text.PID_Timer_ReadStatusRegister
                0x00001360        0xc .\CortexM3\ARM_GCC_541\Debug\Design.a(PID_Timer.o)
                0x00001360                PID_Timer_ReadStatusRegister
 .text.PID_Timer_WritePeriod
                0x0000136c        0xc .\CortexM3\ARM_GCC_541\Debug\Design.a(PID_Timer.o)
                0x0000136c                PID_Timer_WritePeriod
 .text.PID_Timer_ReadCapture
                0x00001378        0xc .\CortexM3\ARM_GCC_541\Debug\Design.a(PID_Timer.o)
                0x00001378                PID_Timer_ReadCapture
 .text.PID_Timer_WriteCounter
                0x00001384        0xc .\CortexM3\ARM_GCC_541\Debug\Design.a(PID_Timer.o)
                0x00001384                PID_Timer_WriteCounter
 .text.PID_Timer_ClearFIFO
                0x00001390       0x14 .\CortexM3\ARM_GCC_541\Debug\Design.a(PID_Timer.o)
                0x00001390                PID_Timer_ClearFIFO
 .text.PID_Timer_Init
                0x000013a4       0x30 .\CortexM3\ARM_GCC_541\Debug\Design.a(PID_Timer.o)
                0x000013a4                PID_Timer_Init
 .text.PID_Timer_Start
                0x000013d4       0x1c .\CortexM3\ARM_GCC_541\Debug\Design.a(PID_Timer.o)
                0x000013d4                PID_Timer_Start
 .text.PID_Interrupt_Interrupt
                0x000013f0        0x4 .\CortexM3\ARM_GCC_541\Debug\Design.a(PID_Interrupt.o)
                0x000013f0                PID_Interrupt_Interrupt
 .text.PID_Interrupt_SetVector
                0x000013f4        0xc .\CortexM3\ARM_GCC_541\Debug\Design.a(PID_Interrupt.o)
                0x000013f4                PID_Interrupt_SetVector
 .text.PID_Interrupt_SetPriority
                0x00001400       0x10 .\CortexM3\ARM_GCC_541\Debug\Design.a(PID_Interrupt.o)
                0x00001400                PID_Interrupt_SetPriority
 .text.PID_Interrupt_Enable
                0x00001410        0xc .\CortexM3\ARM_GCC_541\Debug\Design.a(PID_Interrupt.o)
                0x00001410                PID_Interrupt_Enable
 .text.PID_Interrupt_Disable
                0x0000141c        0xc .\CortexM3\ARM_GCC_541\Debug\Design.a(PID_Interrupt.o)
                0x0000141c                PID_Interrupt_Disable
 .text.PID_Interrupt_Start
                0x00001428       0x1c .\CortexM3\ARM_GCC_541\Debug\Design.a(PID_Interrupt.o)
                0x00001428                PID_Interrupt_Start
 .text.Dark_Timer_100_Enable
                0x00001444       0x10 .\CortexM3\ARM_GCC_541\Debug\Design.a(Dark_Timer_100.o)
                0x00001444                Dark_Timer_100_Enable
 .text.Dark_Timer_100_SetInterruptMode
                0x00001454        0xc .\CortexM3\ARM_GCC_541\Debug\Design.a(Dark_Timer_100.o)
                0x00001454                Dark_Timer_100_SetInterruptMode
 .text.Dark_Timer_100_ReadStatusRegister
                0x00001460        0xc .\CortexM3\ARM_GCC_541\Debug\Design.a(Dark_Timer_100.o)
                0x00001460                Dark_Timer_100_ReadStatusRegister
 .text.Dark_Timer_100_WritePeriod
                0x0000146c        0xc .\CortexM3\ARM_GCC_541\Debug\Design.a(Dark_Timer_100.o)
                0x0000146c                Dark_Timer_100_WritePeriod
 .text.Dark_Timer_100_ReadCapture
                0x00001478        0xc .\CortexM3\ARM_GCC_541\Debug\Design.a(Dark_Timer_100.o)
                0x00001478                Dark_Timer_100_ReadCapture
 .text.Dark_Timer_100_WriteCounter
                0x00001484        0xc .\CortexM3\ARM_GCC_541\Debug\Design.a(Dark_Timer_100.o)
                0x00001484                Dark_Timer_100_WriteCounter
 .text.Dark_Timer_100_SetInterruptCount
                0x00001490       0x1c .\CortexM3\ARM_GCC_541\Debug\Design.a(Dark_Timer_100.o)
                0x00001490                Dark_Timer_100_SetInterruptCount
 .text.Dark_Timer_100_ClearFIFO
                0x000014ac       0x14 .\CortexM3\ARM_GCC_541\Debug\Design.a(Dark_Timer_100.o)
                0x000014ac                Dark_Timer_100_ClearFIFO
 .text.Dark_Timer_100_Init
                0x000014c0       0x3c .\CortexM3\ARM_GCC_541\Debug\Design.a(Dark_Timer_100.o)
                0x000014c0                Dark_Timer_100_Init
 .text.Dark_Timer_100_Start
                0x000014fc       0x1c .\CortexM3\ARM_GCC_541\Debug\Design.a(Dark_Timer_100.o)
                0x000014fc                Dark_Timer_100_Start
 .text.Target_Int_100_Interrupt
                0x00001518        0x4 .\CortexM3\ARM_GCC_541\Debug\Design.a(Target_Int_100.o)
                0x00001518                Target_Int_100_Interrupt
 .text.Target_Int_100_SetVector
                0x0000151c        0xc .\CortexM3\ARM_GCC_541\Debug\Design.a(Target_Int_100.o)
                0x0000151c                Target_Int_100_SetVector
 .text.Target_Int_100_SetPriority
                0x00001528       0x10 .\CortexM3\ARM_GCC_541\Debug\Design.a(Target_Int_100.o)
                0x00001528                Target_Int_100_SetPriority
 .text.Target_Int_100_Enable
                0x00001538        0xc .\CortexM3\ARM_GCC_541\Debug\Design.a(Target_Int_100.o)
                0x00001538                Target_Int_100_Enable
 .text.Target_Int_100_Disable
                0x00001544        0xc .\CortexM3\ARM_GCC_541\Debug\Design.a(Target_Int_100.o)
                0x00001544                Target_Int_100_Disable
 .text.Target_Int_100_Start
                0x00001550       0x1c .\CortexM3\ARM_GCC_541\Debug\Design.a(Target_Int_100.o)
                0x00001550                Target_Int_100_Start
 .text.Dark_Int_100_Interrupt
                0x0000156c        0x4 .\CortexM3\ARM_GCC_541\Debug\Design.a(Dark_Int_100.o)
                0x0000156c                Dark_Int_100_Interrupt
 .text.Dark_Int_100_SetVector
                0x00001570        0xc .\CortexM3\ARM_GCC_541\Debug\Design.a(Dark_Int_100.o)
                0x00001570                Dark_Int_100_SetVector
 .text.Dark_Int_100_SetPriority
                0x0000157c       0x10 .\CortexM3\ARM_GCC_541\Debug\Design.a(Dark_Int_100.o)
                0x0000157c                Dark_Int_100_SetPriority
 .text.Dark_Int_100_Enable
                0x0000158c        0xc .\CortexM3\ARM_GCC_541\Debug\Design.a(Dark_Int_100.o)
                0x0000158c                Dark_Int_100_Enable
 .text.Dark_Int_100_Disable
                0x00001598        0xc .\CortexM3\ARM_GCC_541\Debug\Design.a(Dark_Int_100.o)
                0x00001598                Dark_Int_100_Disable
 .text.Dark_Int_100_Start
                0x000015a4       0x1c .\CortexM3\ARM_GCC_541\Debug\Design.a(Dark_Int_100.o)
                0x000015a4                Dark_Int_100_Start
 .text.Dark_Timer_150_Enable
                0x000015c0       0x10 .\CortexM3\ARM_GCC_541\Debug\Design.a(Dark_Timer_150.o)
                0x000015c0                Dark_Timer_150_Enable
 .text.Dark_Timer_150_SetInterruptMode
                0x000015d0        0xc .\CortexM3\ARM_GCC_541\Debug\Design.a(Dark_Timer_150.o)
                0x000015d0                Dark_Timer_150_SetInterruptMode
 .text.Dark_Timer_150_ReadStatusRegister
                0x000015dc        0xc .\CortexM3\ARM_GCC_541\Debug\Design.a(Dark_Timer_150.o)
                0x000015dc                Dark_Timer_150_ReadStatusRegister
 .text.Dark_Timer_150_WritePeriod
                0x000015e8        0xc .\CortexM3\ARM_GCC_541\Debug\Design.a(Dark_Timer_150.o)
                0x000015e8                Dark_Timer_150_WritePeriod
 .text.Dark_Timer_150_ReadCapture
                0x000015f4        0xc .\CortexM3\ARM_GCC_541\Debug\Design.a(Dark_Timer_150.o)
                0x000015f4                Dark_Timer_150_ReadCapture
 .text.Dark_Timer_150_WriteCounter
                0x00001600        0xc .\CortexM3\ARM_GCC_541\Debug\Design.a(Dark_Timer_150.o)
                0x00001600                Dark_Timer_150_WriteCounter
 .text.Dark_Timer_150_SetInterruptCount
                0x0000160c       0x1c .\CortexM3\ARM_GCC_541\Debug\Design.a(Dark_Timer_150.o)
                0x0000160c                Dark_Timer_150_SetInterruptCount
 .text.Dark_Timer_150_ClearFIFO
                0x00001628       0x14 .\CortexM3\ARM_GCC_541\Debug\Design.a(Dark_Timer_150.o)
                0x00001628                Dark_Timer_150_ClearFIFO
 .text.Dark_Timer_150_Init
                0x0000163c       0x3c .\CortexM3\ARM_GCC_541\Debug\Design.a(Dark_Timer_150.o)
                0x0000163c                Dark_Timer_150_Init
 .text.Dark_Timer_150_Start
                0x00001678       0x1c .\CortexM3\ARM_GCC_541\Debug\Design.a(Dark_Timer_150.o)
                0x00001678                Dark_Timer_150_Start
 .text.Dark_Int_150_Interrupt
                0x00001694        0x4 .\CortexM3\ARM_GCC_541\Debug\Design.a(Dark_Int_150.o)
                0x00001694                Dark_Int_150_Interrupt
 .text.Dark_Int_150_SetVector
                0x00001698        0xc .\CortexM3\ARM_GCC_541\Debug\Design.a(Dark_Int_150.o)
                0x00001698                Dark_Int_150_SetVector
 .text.Dark_Int_150_SetPriority
                0x000016a4       0x10 .\CortexM3\ARM_GCC_541\Debug\Design.a(Dark_Int_150.o)
                0x000016a4                Dark_Int_150_SetPriority
 .text.Dark_Int_150_Enable
                0x000016b4        0xc .\CortexM3\ARM_GCC_541\Debug\Design.a(Dark_Int_150.o)
                0x000016b4                Dark_Int_150_Enable
 .text.Dark_Int_150_Disable
                0x000016c0        0xc .\CortexM3\ARM_GCC_541\Debug\Design.a(Dark_Int_150.o)
                0x000016c0                Dark_Int_150_Disable
 .text.Dark_Int_150_Start
                0x000016cc       0x1c .\CortexM3\ARM_GCC_541\Debug\Design.a(Dark_Int_150.o)
                0x000016cc                Dark_Int_150_Start
 .text.Dark_Timer_50_Enable
                0x000016e8       0x10 .\CortexM3\ARM_GCC_541\Debug\Design.a(Dark_Timer_50.o)
                0x000016e8                Dark_Timer_50_Enable
 .text.Dark_Timer_50_SetInterruptMode
                0x000016f8        0xc .\CortexM3\ARM_GCC_541\Debug\Design.a(Dark_Timer_50.o)
                0x000016f8                Dark_Timer_50_SetInterruptMode
 .text.Dark_Timer_50_ReadStatusRegister
                0x00001704        0xc .\CortexM3\ARM_GCC_541\Debug\Design.a(Dark_Timer_50.o)
                0x00001704                Dark_Timer_50_ReadStatusRegister
 .text.Dark_Timer_50_WritePeriod
                0x00001710        0xc .\CortexM3\ARM_GCC_541\Debug\Design.a(Dark_Timer_50.o)
                0x00001710                Dark_Timer_50_WritePeriod
 .text.Dark_Timer_50_ReadCapture
                0x0000171c        0xc .\CortexM3\ARM_GCC_541\Debug\Design.a(Dark_Timer_50.o)
                0x0000171c                Dark_Timer_50_ReadCapture
 .text.Dark_Timer_50_WriteCounter
                0x00001728        0xc .\CortexM3\ARM_GCC_541\Debug\Design.a(Dark_Timer_50.o)
                0x00001728                Dark_Timer_50_WriteCounter
 .text.Dark_Timer_50_SetInterruptCount
                0x00001734       0x1c .\CortexM3\ARM_GCC_541\Debug\Design.a(Dark_Timer_50.o)
                0x00001734                Dark_Timer_50_SetInterruptCount
 .text.Dark_Timer_50_ClearFIFO
                0x00001750       0x14 .\CortexM3\ARM_GCC_541\Debug\Design.a(Dark_Timer_50.o)
                0x00001750                Dark_Timer_50_ClearFIFO
 .text.Dark_Timer_50_Init
                0x00001764       0x3c .\CortexM3\ARM_GCC_541\Debug\Design.a(Dark_Timer_50.o)
                0x00001764                Dark_Timer_50_Init
 .text.Dark_Timer_50_Start
                0x000017a0       0x1c .\CortexM3\ARM_GCC_541\Debug\Design.a(Dark_Timer_50.o)
                0x000017a0                Dark_Timer_50_Start
 .text.Dark_Int_50_Interrupt
                0x000017bc        0x4 .\CortexM3\ARM_GCC_541\Debug\Design.a(Dark_Int_50.o)
                0x000017bc                Dark_Int_50_Interrupt
 .text.Dark_Int_50_SetVector
                0x000017c0        0xc .\CortexM3\ARM_GCC_541\Debug\Design.a(Dark_Int_50.o)
                0x000017c0                Dark_Int_50_SetVector
 .text.Dark_Int_50_SetPriority
                0x000017cc       0x10 .\CortexM3\ARM_GCC_541\Debug\Design.a(Dark_Int_50.o)
                0x000017cc                Dark_Int_50_SetPriority
 .text.Dark_Int_50_Enable
                0x000017dc        0xc .\CortexM3\ARM_GCC_541\Debug\Design.a(Dark_Int_50.o)
                0x000017dc                Dark_Int_50_Enable
 .text.Dark_Int_50_Disable
                0x000017e8        0xc .\CortexM3\ARM_GCC_541\Debug\Design.a(Dark_Int_50.o)
                0x000017e8                Dark_Int_50_Disable
 .text.Dark_Int_50_Start
                0x000017f4       0x1c .\CortexM3\ARM_GCC_541\Debug\Design.a(Dark_Int_50.o)
                0x000017f4                Dark_Int_50_Start
 .text.Target_Int_50_Interrupt
                0x00001810        0x4 .\CortexM3\ARM_GCC_541\Debug\Design.a(Target_Int_50.o)
                0x00001810                Target_Int_50_Interrupt
 .text.Target_Int_50_SetVector
                0x00001814        0xc .\CortexM3\ARM_GCC_541\Debug\Design.a(Target_Int_50.o)
                0x00001814                Target_Int_50_SetVector
 .text.Target_Int_50_SetPriority
                0x00001820       0x10 .\CortexM3\ARM_GCC_541\Debug\Design.a(Target_Int_50.o)
                0x00001820                Target_Int_50_SetPriority
 .text.Target_Int_50_Enable
                0x00001830       0x10 .\CortexM3\ARM_GCC_541\Debug\Design.a(Target_Int_50.o)
                0x00001830                Target_Int_50_Enable
 .text.Target_Int_50_Disable
                0x00001840       0x10 .\CortexM3\ARM_GCC_541\Debug\Design.a(Target_Int_50.o)
                0x00001840                Target_Int_50_Disable
 .text.Target_Int_50_Start
                0x00001850       0x1c .\CortexM3\ARM_GCC_541\Debug\Design.a(Target_Int_50.o)
                0x00001850                Target_Int_50_Start
 .text.Target_Int_150_Interrupt
                0x0000186c        0x4 .\CortexM3\ARM_GCC_541\Debug\Design.a(Target_Int_150.o)
                0x0000186c                Target_Int_150_Interrupt
 .text.Target_Int_150_SetVector
                0x00001870        0xc .\CortexM3\ARM_GCC_541\Debug\Design.a(Target_Int_150.o)
                0x00001870                Target_Int_150_SetVector
 .text.Target_Int_150_SetPriority
                0x0000187c       0x10 .\CortexM3\ARM_GCC_541\Debug\Design.a(Target_Int_150.o)
                0x0000187c                Target_Int_150_SetPriority
 .text.Target_Int_150_Enable
                0x0000188c        0xc .\CortexM3\ARM_GCC_541\Debug\Design.a(Target_Int_150.o)
                0x0000188c                Target_Int_150_Enable
 .text.Target_Int_150_Disable
                0x00001898        0xc .\CortexM3\ARM_GCC_541\Debug\Design.a(Target_Int_150.o)
                0x00001898                Target_Int_150_Disable
 .text.Target_Int_150_Start
                0x000018a4       0x1c .\CortexM3\ARM_GCC_541\Debug\Design.a(Target_Int_150.o)
                0x000018a4                Target_Int_150_Start
 .text          0x000018c0       0x20 .\CortexM3\ARM_GCC_541\Debug\Design.a(CyBootAsmGnu.o)
                0x000018c0                CyDelayCycles
                0x000018d0                CyEnterCriticalSection
                0x000018d8                CyExitCriticalSection
 .text          0x000018e0      0x370 c:/program files (x86)/cypress/psoc creator/4.4/psoc creator/import/gnu/arm/5.4.1/bin/../lib/gcc/arm-none-eabi/5.4.1/armv7-m\libgcc.a(_arm_addsubdf3.o)
                0x000018e0                __aeabi_drsub
                0x000018e8                __aeabi_dsub
                0x000018e8                __subdf3
                0x000018ec                __aeabi_dadd
                0x000018ec                __adddf3
                0x00001b64                __floatunsidf
                0x00001b64                __aeabi_ui2d
                0x00001b84                __floatsidf
                0x00001b84                __aeabi_i2d
                0x00001ba8                __aeabi_f2d
                0x00001ba8                __extendsfdf2
                0x00001be4                __floatundidf
                0x00001be4                __aeabi_ul2d
                0x00001bf4                __floatdidf
                0x00001bf4                __aeabi_l2d
 .text          0x00001c50      0x424 c:/program files (x86)/cypress/psoc creator/4.4/psoc creator/import/gnu/arm/5.4.1/bin/../lib/gcc/arm-none-eabi/5.4.1/armv7-m\libgcc.a(_arm_muldivdf3.o)
                0x00001c50                __aeabi_dmul
                0x00001c50                __muldf3
                0x00001ea4                __divdf3
                0x00001ea4                __aeabi_ddiv
 .text          0x00002074      0x110 c:/program files (x86)/cypress/psoc creator/4.4/psoc creator/import/gnu/arm/5.4.1/bin/../lib/gcc/arm-none-eabi/5.4.1/armv7-m\libgcc.a(_arm_cmpdf2.o)
                0x00002074                __gtdf2
                0x00002074                __gedf2
                0x0000207c                __ltdf2
                0x0000207c                __ledf2
                0x00002084                __nedf2
                0x00002084                __eqdf2
                0x00002084                __cmpdf2
                0x00002100                __aeabi_cdrcmple
                0x00002110                __aeabi_cdcmpeq
                0x00002110                __aeabi_cdcmple
                0x00002120                __aeabi_dcmpeq
                0x00002134                __aeabi_dcmplt
                0x00002148                __aeabi_dcmple
                0x0000215c                __aeabi_dcmpge
                0x00002170                __aeabi_dcmpgt
 .text          0x00002184       0x50 c:/program files (x86)/cypress/psoc creator/4.4/psoc creator/import/gnu/arm/5.4.1/bin/../lib/gcc/arm-none-eabi/5.4.1/armv7-m\libgcc.a(_arm_fixdfsi.o)
                0x00002184                __aeabi_d2iz
                0x00002184                __fixdfsi
 .text          0x000021d4       0x40 c:/program files (x86)/cypress/psoc creator/4.4/psoc creator/import/gnu/arm/5.4.1/bin/../lib/gcc/arm-none-eabi/5.4.1/armv7-m\libgcc.a(_arm_fixunsdfsi.o)
                0x000021d4                __aeabi_d2uiz
                0x000021d4                __fixunsdfsi
 .text          0x00002214       0x30 c:/program files (x86)/cypress/psoc creator/4.4/psoc creator/import/gnu/arm/5.4.1/bin/../lib/gcc/arm-none-eabi/5.4.1/armv7-m\libgcc.a(_aeabi_uldivmod.o)
                0x00002214                __aeabi_uldivmod
 .text          0x00002244      0x2ec c:/program files (x86)/cypress/psoc creator/4.4/psoc creator/import/gnu/arm/5.4.1/bin/../lib/gcc/arm-none-eabi/5.4.1/armv7-m\libgcc.a(_udivmoddi4.o)
                0x00002244                __udivmoddi4
 .text          0x00002530        0x4 c:/program files (x86)/cypress/psoc creator/4.4/psoc creator/import/gnu/arm/5.4.1/bin/../lib/gcc/arm-none-eabi/5.4.1/armv7-m\libgcc.a(_dvmd_tls.o)
                0x00002530                __aeabi_idiv0
                0x00002530                __aeabi_ldiv0
 .text.__errno  0x00002534        0xc c:/program files (x86)/cypress/psoc creator/4.4/psoc creator/import/gnu/arm/5.4.1/bin/../lib/gcc/arm-none-eabi/5.4.1/../../../../arm-none-eabi/lib/armv7-m\libg_nano.a(lib_a-errno.o)
                0x00002534                __errno
 .text.__libc_init_array
                0x00002540       0x4c c:/program files (x86)/cypress/psoc creator/4.4/psoc creator/import/gnu/arm/5.4.1/bin/../lib/gcc/arm-none-eabi/5.4.1/../../../../arm-none-eabi/lib/armv7-m\libg_nano.a(lib_a-init.o)
                0x00002540                __libc_init_array
 .text.memcpy   0x0000258c       0x16 c:/program files (x86)/cypress/psoc creator/4.4/psoc creator/import/gnu/arm/5.4.1/bin/../lib/gcc/arm-none-eabi/5.4.1/../../../../arm-none-eabi/lib/armv7-m\libg_nano.a(lib_a-memcpy-stub.o)
                0x0000258c                memcpy
 .text.memset   0x000025a2       0x10 c:/program files (x86)/cypress/psoc creator/4.4/psoc creator/import/gnu/arm/5.4.1/bin/../lib/gcc/arm-none-eabi/5.4.1/../../../../arm-none-eabi/lib/armv7-m\libg_nano.a(lib_a-memset.o)
                0x000025a2                memset
 .text.__cvt    0x000025b2       0xc0 c:/program files (x86)/cypress/psoc creator/4.4/psoc creator/import/gnu/arm/5.4.1/bin/../lib/gcc/arm-none-eabi/5.4.1/../../../../arm-none-eabi/lib/armv7-m\libg_nano.a(lib_a-nano-vfprintf_float.o)
                0x000025b2                __cvt
 .text.__exponent
                0x00002672       0x62 c:/program files (x86)/cypress/psoc creator/4.4/psoc creator/import/gnu/arm/5.4.1/bin/../lib/gcc/arm-none-eabi/5.4.1/../../../../arm-none-eabi/lib/armv7-m\libg_nano.a(lib_a-nano-vfprintf_float.o)
                0x00002672                __exponent
 .text._printf_float
                0x000026d4      0x488 c:/program files (x86)/cypress/psoc creator/4.4/psoc creator/import/gnu/arm/5.4.1/bin/../lib/gcc/arm-none-eabi/5.4.1/../../../../arm-none-eabi/lib/armv7-m\libg_nano.a(lib_a-nano-vfprintf_float.o)
                0x000026d4                _printf_float
 .text._printf_common
                0x00002b5c       0xec c:/program files (x86)/cypress/psoc creator/4.4/psoc creator/import/gnu/arm/5.4.1/bin/../lib/gcc/arm-none-eabi/5.4.1/../../../../arm-none-eabi/lib/armv7-m\libg_nano.a(lib_a-nano-vfprintf_i.o)
                0x00002b5c                _printf_common
 .text.swapfunc
                0x00002c48       0x34 c:/program files (x86)/cypress/psoc creator/4.4/psoc creator/import/gnu/arm/5.4.1/bin/../lib/gcc/arm-none-eabi/5.4.1/../../../../arm-none-eabi/lib/armv7-m\libg_nano.a(lib_a-qsort.o)
 .text.med3.isra.1
                0x00002c7c       0x40 c:/program files (x86)/cypress/psoc creator/4.4/psoc creator/import/gnu/arm/5.4.1/bin/../lib/gcc/arm-none-eabi/5.4.1/../../../../arm-none-eabi/lib/armv7-m\libg_nano.a(lib_a-qsort.o)
 .text.qsort    0x00002cbc      0x26e c:/program files (x86)/cypress/psoc creator/4.4/psoc creator/import/gnu/arm/5.4.1/bin/../lib/gcc/arm-none-eabi/5.4.1/../../../../arm-none-eabi/lib/armv7-m\libg_nano.a(lib_a-qsort.o)
                0x00002cbc                qsort
 .text          0x00002f2a       0x10 c:/program files (x86)/cypress/psoc creator/4.4/psoc creator/import/gnu/arm/5.4.1/bin/../lib/gcc/arm-none-eabi/5.4.1/../../../../arm-none-eabi/lib/armv7-m\libg_nano.a(lib_a-strlen.o)
                0x00002f2a                strlen
 .text.quorem   0x00002f3a      0x116 c:/program files (x86)/cypress/psoc creator/4.4/psoc creator/import/gnu/arm/5.4.1/bin/../lib/gcc/arm-none-eabi/5.4.1/../../../../arm-none-eabi/lib/armv7-m\libg_nano.a(lib_a-dtoa.o)
 .text._dtoa_r  0x00003050      0xb30 c:/program files (x86)/cypress/psoc creator/4.4/psoc creator/import/gnu/arm/5.4.1/bin/../lib/gcc/arm-none-eabi/5.4.1/../../../../arm-none-eabi/lib/armv7-m\libg_nano.a(lib_a-dtoa.o)
                0x00003050                _dtoa_r
 .text._localeconv_r
                0x00003b80        0x8 c:/program files (x86)/cypress/psoc creator/4.4/psoc creator/import/gnu/arm/5.4.1/bin/../lib/gcc/arm-none-eabi/5.4.1/../../../../arm-none-eabi/lib/armv7-m\libg_nano.a(lib_a-locale.o)
                0x00003b80                _localeconv_r
 .text.malloc   0x00003b88       0x10 c:/program files (x86)/cypress/psoc creator/4.4/psoc creator/import/gnu/arm/5.4.1/bin/../lib/gcc/arm-none-eabi/5.4.1/../../../../arm-none-eabi/lib/armv7-m\libg_nano.a(lib_a-malloc.o)
                0x00003b88                malloc
 .text._Balloc  0x00003b98       0x6a c:/program files (x86)/cypress/psoc creator/4.4/psoc creator/import/gnu/arm/5.4.1/bin/../lib/gcc/arm-none-eabi/5.4.1/../../../../arm-none-eabi/lib/armv7-m\libg_nano.a(lib_a-mprec.o)
                0x00003b98                _Balloc
 .text._Bfree   0x00003c02       0x2e c:/program files (x86)/cypress/psoc creator/4.4/psoc creator/import/gnu/arm/5.4.1/bin/../lib/gcc/arm-none-eabi/5.4.1/../../../../arm-none-eabi/lib/armv7-m\libg_nano.a(lib_a-mprec.o)
                0x00003c02                _Bfree
 .text.__multadd
                0x00003c30       0x76 c:/program files (x86)/cypress/psoc creator/4.4/psoc creator/import/gnu/arm/5.4.1/bin/../lib/gcc/arm-none-eabi/5.4.1/../../../../arm-none-eabi/lib/armv7-m\libg_nano.a(lib_a-mprec.o)
                0x00003c30                __multadd
 .text.__hi0bits
                0x00003ca6       0x40 c:/program files (x86)/cypress/psoc creator/4.4/psoc creator/import/gnu/arm/5.4.1/bin/../lib/gcc/arm-none-eabi/5.4.1/../../../../arm-none-eabi/lib/armv7-m\libg_nano.a(lib_a-mprec.o)
                0x00003ca6                __hi0bits
 .text.__lo0bits
                0x00003ce6       0x5a c:/program files (x86)/cypress/psoc creator/4.4/psoc creator/import/gnu/arm/5.4.1/bin/../lib/gcc/arm-none-eabi/5.4.1/../../../../arm-none-eabi/lib/armv7-m\libg_nano.a(lib_a-mprec.o)
                0x00003ce6                __lo0bits
 .text.__i2b    0x00003d40       0x12 c:/program files (x86)/cypress/psoc creator/4.4/psoc creator/import/gnu/arm/5.4.1/bin/../lib/gcc/arm-none-eabi/5.4.1/../../../../arm-none-eabi/lib/armv7-m\libg_nano.a(lib_a-mprec.o)
                0x00003d40                __i2b
 .text.__multiply
                0x00003d52      0x120 c:/program files (x86)/cypress/psoc creator/4.4/psoc creator/import/gnu/arm/5.4.1/bin/../lib/gcc/arm-none-eabi/5.4.1/../../../../arm-none-eabi/lib/armv7-m\libg_nano.a(lib_a-mprec.o)
                0x00003d52                __multiply
 *fill*         0x00003e72        0x2 
 .text.__pow5mult
                0x00003e74       0x9c c:/program files (x86)/cypress/psoc creator/4.4/psoc creator/import/gnu/arm/5.4.1/bin/../lib/gcc/arm-none-eabi/5.4.1/../../../../arm-none-eabi/lib/armv7-m\libg_nano.a(lib_a-mprec.o)
                0x00003e74                __pow5mult
 .text.__lshift
                0x00003f10       0xa2 c:/program files (x86)/cypress/psoc creator/4.4/psoc creator/import/gnu/arm/5.4.1/bin/../lib/gcc/arm-none-eabi/5.4.1/../../../../arm-none-eabi/lib/armv7-m\libg_nano.a(lib_a-mprec.o)
                0x00003f10                __lshift
 .text.__mcmp   0x00003fb2       0x38 c:/program files (x86)/cypress/psoc creator/4.4/psoc creator/import/gnu/arm/5.4.1/bin/../lib/gcc/arm-none-eabi/5.4.1/../../../../arm-none-eabi/lib/armv7-m\libg_nano.a(lib_a-mprec.o)
                0x00003fb2                __mcmp
 .text.__mdiff  0x00003fea       0xbe c:/program files (x86)/cypress/psoc creator/4.4/psoc creator/import/gnu/arm/5.4.1/bin/../lib/gcc/arm-none-eabi/5.4.1/../../../../arm-none-eabi/lib/armv7-m\libg_nano.a(lib_a-mprec.o)
                0x00003fea                __mdiff
 .text.__d2b    0x000040a8       0x9c c:/program files (x86)/cypress/psoc creator/4.4/psoc creator/import/gnu/arm/5.4.1/bin/../lib/gcc/arm-none-eabi/5.4.1/../../../../arm-none-eabi/lib/armv7-m\libg_nano.a(lib_a-mprec.o)
                0x000040a8                __d2b
 .text._calloc_r
                0x00004144       0x1c c:/program files (x86)/cypress/psoc creator/4.4/psoc creator/import/gnu/arm/5.4.1/bin/../lib/gcc/arm-none-eabi/5.4.1/../../../../arm-none-eabi/lib/armv7-m\libg_nano.a(lib_a-nano-callocr.o)
                0x00004144                _calloc_r
 .text._malloc_r
                0x00004160       0xbc c:/program files (x86)/cypress/psoc creator/4.4/psoc creator/import/gnu/arm/5.4.1/bin/../lib/gcc/arm-none-eabi/5.4.1/../../../../arm-none-eabi/lib/armv7-m\libg_nano.a(lib_a-nano-mallocr.o)
                0x00004160                _malloc_r
 .text._sbrk_r  0x0000421c       0x20 c:/program files (x86)/cypress/psoc creator/4.4/psoc creator/import/gnu/arm/5.4.1/bin/../lib/gcc/arm-none-eabi/5.4.1/../../../../arm-none-eabi/lib/armv7-m\libg_nano.a(lib_a-sbrkr.o)
                0x0000421c                _sbrk_r
 .text.__malloc_lock
                0x0000423c        0x2 c:/program files (x86)/cypress/psoc creator/4.4/psoc creator/import/gnu/arm/5.4.1/bin/../lib/gcc/arm-none-eabi/5.4.1/../../../../arm-none-eabi/lib/armv7-m\libg_nano.a(lib_a-mlock.o)
                0x0000423c                __malloc_lock
 .text.__malloc_unlock
                0x0000423e        0x2 c:/program files (x86)/cypress/psoc creator/4.4/psoc creator/import/gnu/arm/5.4.1/bin/../lib/gcc/arm-none-eabi/5.4.1/../../../../arm-none-eabi/lib/armv7-m\libg_nano.a(lib_a-mlock.o)
                0x0000423e                __malloc_unlock
 .text          0x00004240       0x2c c:/program files (x86)/cypress/psoc creator/4.4/psoc creator/import/gnu/arm/5.4.1/bin/../lib/gcc/arm-none-eabi/5.4.1/armv7-m\libgcc.a(_arm_unorddf2.o)
                0x00004240                __unorddf2
                0x00004240                __aeabi_dcmpun
 *(.plt)
 *(.gnu.warning)
 *(.glue_7t)
 .glue_7t       0x0000426c        0x0 linker stubs
 *(.glue_7)
 .glue_7        0x0000426c        0x0 linker stubs
 *(.vfp11_veneer)
 .vfp11_veneer  0x0000426c        0x0 linker stubs
 *(.bootloader)
 *(.ARM.extab* .gnu.linkonce.armextab.*)
 *(.gcc_except_table)

.v4_bx          0x0000426c        0x0
 .v4_bx         0x0000426c        0x0 linker stubs

.iplt           0x0000426c        0x0
 .iplt          0x0000426c        0x0 c:/program files (x86)/cypress/psoc creator/4.4/psoc creator/import/gnu/arm/5.4.1/bin/../lib/gcc/arm-none-eabi/5.4.1/armv7-m/crtbegin.o

.eh_frame_hdr
 *(.eh_frame_hdr)

.eh_frame       0x0000426c        0x4
 *(.eh_frame)
 .eh_frame      0x0000426c        0x0 c:/program files (x86)/cypress/psoc creator/4.4/psoc creator/import/gnu/arm/5.4.1/bin/../lib/gcc/arm-none-eabi/5.4.1/armv7-m/crtbegin.o
 .eh_frame      0x0000426c        0x4 c:/program files (x86)/cypress/psoc creator/4.4/psoc creator/import/gnu/arm/5.4.1/bin/../lib/gcc/arm-none-eabi/5.4.1/armv7-m/crtend.o
                [!provide]                PROVIDE (__exidx_start, .)

.ARM.exidx      0x00004270        0x8
 *(.ARM.exidx* .gnu.linkonce.armexidx.*)
 .ARM.exidx     0x00004270        0x8 c:/program files (x86)/cypress/psoc creator/4.4/psoc creator/import/gnu/arm/5.4.1/bin/../lib/gcc/arm-none-eabi/5.4.1/armv7-m\libgcc.a(_udivmoddi4.o)
                0x00004278                __exidx_end = .

.rodata         0x00004278      0x1b0
 *(.rodata .rodata.* .gnu.linkonce.r.*)
 .rodata.str1.4
                0x00004278       0x18 .\CortexM3\ARM_GCC_541\Debug\lcd_functions.o
                                 0x17 (size before relaxing)
 .rodata        0x00004290       0x30 .\CortexM3\ARM_GCC_541\Debug\cyfitter_cfg.o
 .rodata.str1.1
                0x000042c0        0x2 c:/program files (x86)/cypress/psoc creator/4.4/psoc creator/import/gnu/arm/5.4.1/bin/../lib/gcc/arm-none-eabi/5.4.1/../../../../arm-none-eabi/lib/armv7-m\libg_nano.a(lib_a-impure.o)
 .rodata.str1.1
                0x000042c2       0x12 c:/program files (x86)/cypress/psoc creator/4.4/psoc creator/import/gnu/arm/5.4.1/bin/../lib/gcc/arm-none-eabi/5.4.1/../../../../arm-none-eabi/lib/armv7-m\libg_nano.a(lib_a-nano-vfprintf_float.o)
 .rodata.str1.1
                0x000042d4        0xd c:/program files (x86)/cypress/psoc creator/4.4/psoc creator/import/gnu/arm/5.4.1/bin/../lib/gcc/arm-none-eabi/5.4.1/../../../../arm-none-eabi/lib/armv7-m\libg_nano.a(lib_a-dtoa.o)
                                  0xf (size before relaxing)
 .rodata.str1.1
                0x000042e1        0x8 c:/program files (x86)/cypress/psoc creator/4.4/psoc creator/import/gnu/arm/5.4.1/bin/../lib/gcc/arm-none-eabi/5.4.1/../../../../arm-none-eabi/lib/armv7-m\libg_nano.a(lib_a-locale.o)
                                  0xb (size before relaxing)
 *fill*         0x000042e9        0x7 
 .rodata.__mprec_tens
                0x000042f0       0xc8 c:/program files (x86)/cypress/psoc creator/4.4/psoc creator/import/gnu/arm/5.4.1/bin/../lib/gcc/arm-none-eabi/5.4.1/../../../../arm-none-eabi/lib/armv7-m\libg_nano.a(lib_a-mprec.o)
                0x000042f0                __mprec_tens
 .rodata.p05.5408
                0x000043b8        0xc c:/program files (x86)/cypress/psoc creator/4.4/psoc creator/import/gnu/arm/5.4.1/bin/../lib/gcc/arm-none-eabi/5.4.1/../../../../arm-none-eabi/lib/armv7-m\libg_nano.a(lib_a-mprec.o)
 *fill*         0x000043c4        0x4 
 .rodata.__mprec_bigtens
                0x000043c8       0x28 c:/program files (x86)/cypress/psoc creator/4.4/psoc creator/import/gnu/arm/5.4.1/bin/../lib/gcc/arm-none-eabi/5.4.1/../../../../arm-none-eabi/lib/armv7-m\libg_nano.a(lib_a-mprec.o)
                0x000043c8                __mprec_bigtens
                0x000043f0                . = ALIGN (0x4)
 *(.init)
 .init          0x000043f0        0x4 c:/program files (x86)/cypress/psoc creator/4.4/psoc creator/import/gnu/arm/5.4.1/bin/../lib/gcc/arm-none-eabi/5.4.1/armv7-m/crti.o
                0x000043f0                _init
 .init          0x000043f4        0x8 c:/program files (x86)/cypress/psoc creator/4.4/psoc creator/import/gnu/arm/5.4.1/bin/../lib/gcc/arm-none-eabi/5.4.1/armv7-m/crtn.o
                0x000043fc                . = ALIGN (0x4)
                0x000043fc                __preinit_array_start = .
 *(.preinit_array)
                0x000043fc                __preinit_array_end = .
                0x000043fc                . = ALIGN (0x4)
                0x000043fc                __init_array_start = .
 *(SORT(.init_array.*))
 *(.init_array)
 .init_array    0x000043fc        0x4 c:/program files (x86)/cypress/psoc creator/4.4/psoc creator/import/gnu/arm/5.4.1/bin/../lib/gcc/arm-none-eabi/5.4.1/armv7-m/crtbegin.o
 .init_array    0x00004400        0x4 .\CortexM3\ARM_GCC_541\Debug\Cm3Start.o
                0x00004404                __init_array_end = .
                0x00004404                . = ALIGN (0x4)
 *(.fini)
 .fini          0x00004404        0x4 c:/program files (x86)/cypress/psoc creator/4.4/psoc creator/import/gnu/arm/5.4.1/bin/../lib/gcc/arm-none-eabi/5.4.1/armv7-m/crti.o
                0x00004404                _fini
 .fini          0x00004408        0x8 c:/program files (x86)/cypress/psoc creator/4.4/psoc creator/import/gnu/arm/5.4.1/bin/../lib/gcc/arm-none-eabi/5.4.1/armv7-m/crtn.o
                0x00004410                . = ALIGN (0x4)
                0x00004410                __fini_array_start = .
 *(.fini_array)
 .fini_array    0x00004410        0x4 c:/program files (x86)/cypress/psoc creator/4.4/psoc creator/import/gnu/arm/5.4.1/bin/../lib/gcc/arm-none-eabi/5.4.1/armv7-m/crtbegin.o
 *(SORT(.fini_array.*))
                0x00004414                __fini_array_end = .
                0x00004414                . = ALIGN (0x4)
 *crtbegin.o(.ctors)
 *(EXCLUDE_FILE(*crtend.o) .ctors)
 *(SORT(.ctors.*))
 *crtend.o(.ctors)
                0x00004414                . = ALIGN (0x4)
 *crtbegin.o(.dtors)
 *(EXCLUDE_FILE(*crtend.o) .dtors)
 *(SORT(.dtors.*))
 *crtend.o(.dtors)
                0x00004414                . = ALIGN (0x4)
                0x00004414                __cy_regions = .
                0x00004414        0x4 LONG 0x4428 __cy_region_init_ram
                0x00004418        0x4 LONG 0x1fff80c8 __cy_region_start_data
                0x0000441c        0x4 LONG 0x100 __cy_region_init_size_ram
                0x00004420        0x4 LONG 0x8f0 __cy_region_zero_size_ram
                0x00004424                __cy_regions_end = .
                0x00004428                . = ALIGN (0x8)
 *fill*         0x00004424        0x4 
                0x00004428                _etext = .

.cy_checksum_exclude
                0x00004428        0x0
 *(.cy_checksum_exclude)

.ramvectors     0x1fff8000       0xc0
                0x1fff8000                __cy_region_start_ram = .
 *(.ramvectors)
 .ramvectors    0x1fff8000       0xc0 .\CortexM3\ARM_GCC_541\Debug\Cm3Start.o
                0x1fff8000                CyRamVectors

.noinit         0x1fff80c0        0x1
 *(.noinit)
 .noinit        0x1fff80c0        0x1 .\CortexM3\ARM_GCC_541\Debug\Design.a(CyLib.o)
                0x1fff80c0                CyResetStatus

.data           0x1fff80c8      0x100 load address 0x00004428
                0x1fff80c8                __cy_region_start_data = .
 *(.jcr)
 .jcr           0x1fff80c8        0x0 c:/program files (x86)/cypress/psoc creator/4.4/psoc creator/import/gnu/arm/5.4.1/bin/../lib/gcc/arm-none-eabi/5.4.1/armv7-m/crtbegin.o
 .jcr           0x1fff80c8        0x4 c:/program files (x86)/cypress/psoc creator/4.4/psoc creator/import/gnu/arm/5.4.1/bin/../lib/gcc/arm-none-eabi/5.4.1/armv7-m/crtend.o
 *(.got.plt)
 *(.got)
 *(.shdata)
 *(.data .data.* .gnu.linkonce.d.*)
 *fill*         0x1fff80cc        0x4 
 .data          0x1fff80d0       0x48 .\CortexM3\ARM_GCC_541\Debug\main.o
                0x1fff80d0                darkTimeOverall
                0x1fff80d8                lastHallTime
                0x1fff80e0                goalRpm
                0x1fff80e8                ki_speed
                0x1fff80f0                pid_period
                0x1fff80f8                kp_speed
                0x1fff8100                goalDarkTime
                0x1fff8108                kp_steer
                0x1fff8110                kd_steer
 .data          0x1fff8118        0x4 .\CortexM3\ARM_GCC_541\Debug\Cm3Start.o
 .data          0x1fff811c       0x10 .\CortexM3\ARM_GCC_541\Debug\Design.a(CyLib.o)
                0x1fff811c                cydelay_32k_ms
                0x1fff8120                cydelay_freq_khz
                0x1fff8124                cydelay_freq_mhz
                0x1fff8128                cydelay_freq_hz
 .data.impure_data
                0x1fff812c       0x60 c:/program files (x86)/cypress/psoc creator/4.4/psoc creator/import/gnu/arm/5.4.1/bin/../lib/gcc/arm-none-eabi/5.4.1/../../../../arm-none-eabi/lib/armv7-m\libg_nano.a(lib_a-impure.o)
 .data._impure_ptr
                0x1fff818c        0x4 c:/program files (x86)/cypress/psoc creator/4.4/psoc creator/import/gnu/arm/5.4.1/bin/../lib/gcc/arm-none-eabi/5.4.1/../../../../arm-none-eabi/lib/armv7-m\libg_nano.a(lib_a-impure.o)
                0x1fff818c                _impure_ptr
 .data.lconv    0x1fff8190       0x38 c:/program files (x86)/cypress/psoc creator/4.4/psoc creator/import/gnu/arm/5.4.1/bin/../lib/gcc/arm-none-eabi/5.4.1/../../../../arm-none-eabi/lib/armv7-m\libg_nano.a(lib_a-locale.o)
                0x1fff81c8                . = ALIGN (0x8)
 *(.ram)
                0x1fff81c8                _edata = .

.igot.plt       0x1fff81c8        0x0 load address 0x00004528
 .igot.plt      0x1fff81c8        0x0 c:/program files (x86)/cypress/psoc creator/4.4/psoc creator/import/gnu/arm/5.4.1/bin/../lib/gcc/arm-none-eabi/5.4.1/armv7-m/crtbegin.o

.bss            0x1fff81c8      0x8f0 load address 0x00004528
                0x1fff81c8                PROVIDE (__bss_start__, .)
 *(.shbss)
 *(.bss .bss.* .gnu.linkonce.b.*)
 .bss           0x1fff81c8       0x1c c:/program files (x86)/cypress/psoc creator/4.4/psoc creator/import/gnu/arm/5.4.1/bin/../lib/gcc/arm-none-eabi/5.4.1/armv7-m/crtbegin.o
 *fill*         0x1fff81e4        0x4 
 .bss           0x1fff81e8       0x38 .\CortexM3\ARM_GCC_541\Debug\main.o
                0x1fff81e8                numFrames
                0x1fff81ec                timeOutCounter
                0x1fff81f0                sumErr_speed
                0x1fff81f8                lastErr_speed
                0x1fff8200                kd_speed
                0x1fff8208                sumErr_steer
                0x1fff8210                ki_steer
                0x1fff8218                lastErr_steer
 .bss           0x1fff8220        0x2 .\CortexM3\ARM_GCC_541\Debug\Design.a(LCD.o)
                0x1fff8220                LCD_enableState
                0x1fff8221                LCD_initVar
 .bss           0x1fff8222        0x1 .\CortexM3\ARM_GCC_541\Debug\Design.a(Reference.o)
                0x1fff8222                Reference_initVar
 .bss           0x1fff8223        0x1 .\CortexM3\ARM_GCC_541\Debug\Design.a(Analog_CMP.o)
                0x1fff8223                Analog_CMP_initVar
 .bss           0x1fff8224        0x1 .\CortexM3\ARM_GCC_541\Debug\Design.a(Servo_PWM.o)
                0x1fff8224                Servo_PWM_initVar
 .bss           0x1fff8225        0x1 .\CortexM3\ARM_GCC_541\Debug\Design.a(Hall_Timer.o)
                0x1fff8225                Hall_Timer_initVar
 .bss           0x1fff8226        0x1 .\CortexM3\ARM_GCC_541\Debug\Design.a(Throttle_PWM.o)
                0x1fff8226                Throttle_PWM_initVar
 .bss           0x1fff8227        0x1 .\CortexM3\ARM_GCC_541\Debug\Design.a(PID_Timer.o)
                0x1fff8227                PID_Timer_initVar
 .bss           0x1fff8228        0x1 .\CortexM3\ARM_GCC_541\Debug\Design.a(Dark_Timer_100.o)
                0x1fff8228                Dark_Timer_100_initVar
 .bss           0x1fff8229        0x1 .\CortexM3\ARM_GCC_541\Debug\Design.a(Dark_Timer_150.o)
                0x1fff8229                Dark_Timer_150_initVar
 .bss           0x1fff822a        0x1 .\CortexM3\ARM_GCC_541\Debug\Design.a(Dark_Timer_50.o)
                0x1fff822a                Dark_Timer_50_initVar
 *fill*         0x1fff822b        0x1 
 .bss.__malloc_sbrk_start
                0x1fff822c        0x4 c:/program files (x86)/cypress/psoc creator/4.4/psoc creator/import/gnu/arm/5.4.1/bin/../lib/gcc/arm-none-eabi/5.4.1/../../../../arm-none-eabi/lib/armv7-m\libg_nano.a(lib_a-nano-mallocr.o)
                0x1fff822c                __malloc_sbrk_start
 .bss.__malloc_free_list
                0x1fff8230        0x4 c:/program files (x86)/cypress/psoc creator/4.4/psoc creator/import/gnu/arm/5.4.1/bin/../lib/gcc/arm-none-eabi/5.4.1/../../../../arm-none-eabi/lib/armv7-m\libg_nano.a(lib_a-nano-mallocr.o)
                0x1fff8230                __malloc_free_list
 *(COMMON)
 *fill*         0x1fff8234        0x4 
 COMMON         0x1fff8238      0x87c .\CortexM3\ARM_GCC_541\Debug\main.o
                0x1fff8238                avgRpm
                0x1fff8240                cubicProportional_steer
                0x1fff8248                darkFilter150
                0x1fff8460                darkTime50
                0x1fff8468                darkTime150
                0x1fff8470                darkTime100
                0x1fff8478                hallFilter
                0x1fff868c                darkFilter50
                0x1fff88a0                darkFilter100
 COMMON         0x1fff8ab4        0x4 c:/program files (x86)/cypress/psoc creator/4.4/psoc creator/import/gnu/arm/5.4.1/bin/../lib/gcc/arm-none-eabi/5.4.1/../../../../arm-none-eabi/lib/armv7-m\libg_nano.a(lib_a-reent.o)
                0x1fff8ab4                errno
                0x1fff8ab8                . = ALIGN (0x8)
 *(.ram.b)
                0x1fff8ab8                _end = .
                0x1fff8ab8                __end = .
                0x1fff8ab8                PROVIDE (end, .)
                0x1fff8ab8                PROVIDE (__bss_end__, .)
                0x00004428                __cy_region_init_ram = LOADADDR (.data)
                0x00000100                __cy_region_init_size_ram = (_edata - ADDR (.data))
                0x000008f0                __cy_region_zero_size_ram = (_end - _edata)

.heap           0x1fff8ab8       0x80 load address 0x00004528
                0x1fff8ab8                . = _end
                0x1fff8b38                . = (. + 0x80)
 *fill*         0x1fff8ab8       0x80 
                0x1fff8b38                __cy_heap_limit = .

.stack          0x20007800      0x800
                0x20007800                __cy_stack_limit = .
                0x20008000                . = (. + 0x800)
 *fill*         0x20007800      0x800 
                0x00000001                ASSERT ((__cy_stack_limit >= __cy_heap_limit), region RAM overflowed with stack)
                0x00000000                cy_checksum_exclude_size = (CY_APPL_LOADABLE == 0x1)?SIZEOF (.cy_checksum_exclude):0x0
                0x00000001                ASSERT ((cy_checksum_exclude_size <= CY_CHECKSUM_EXCLUDE_SIZE), CY_BOOT: Section .cy_checksum_exclude size exceedes specified limit.)

.cyloadermeta
 *(.cyloadermeta)

.cyloadablemeta
 *(.cyloadablemeta)

.cyconfigecc    0x80000000      0xce0
 *(.cyconfigecc)
 .cyconfigecc   0x80000000      0xce0 .\CortexM3\ARM_GCC_541\Debug\cymetadata.o
                0x80000000                cy_meta_configecc

.cycustnvl      0x90000000        0x4
 *(.cycustnvl)
 .cycustnvl     0x90000000        0x4 .\CortexM3\ARM_GCC_541\Debug\cymetadata.o
                0x90000000                cy_meta_custnvl

.cywolatch      0x90100000        0x4
 *(.cywolatch)
 .cywolatch     0x90100000        0x4 .\CortexM3\ARM_GCC_541\Debug\cymetadata.o
                0x90100000                cy_meta_wonvl

.cyeeprom       0x90200000        0x0
 *(.cyeeprom)
                0x00000001                ASSERT ((. <= ((0x90200000 + ee_offset) + ee_size)), .cyeeprom data will not fit in EEPROM)

.cyflashprotect
                0x90400000      0x100
 *(.cyflashprotect)
 .cyflashprotect
                0x90400000      0x100 .\CortexM3\ARM_GCC_541\Debug\cymetadata.o
                0x90400000                cy_meta_flashprotect

.cymeta         0x90500000        0xc
 *(.cymeta)
 .cymeta        0x90500000        0xc .\CortexM3\ARM_GCC_541\Debug\cymetadata.o
                0x90500000                cy_metadata

.rel.dyn        0x00004528        0x0 load address 0x9050000c
 .rel.iplt      0x00004528        0x0 c:/program files (x86)/cypress/psoc creator/4.4/psoc creator/import/gnu/arm/5.4.1/bin/../lib/gcc/arm-none-eabi/5.4.1/armv7-m/crtbegin.o

.stab
 *(.stab)

.stabstr
 *(.stabstr)

.debug
 *(.debug)

.line
 *(.line)

.debug_srcinfo
 *(.debug_srcinfo)

.debug_sfnames
 *(.debug_sfnames)

.debug_aranges  0x00000000      0xff8
 *(.debug_aranges)
 .debug_aranges
                0x00000000       0x68 .\CortexM3\ARM_GCC_541\Debug\main.o
 .debug_aranges
                0x00000068       0x48 .\CortexM3\ARM_GCC_541\Debug\lcd_functions.o
 .debug_aranges
                0x000000b0       0x30 .\CortexM3\ARM_GCC_541\Debug\lp_filter.o
 .debug_aranges
                0x000000e0       0x58 .\CortexM3\ARM_GCC_541\Debug\cyfitter_cfg.o
 .debug_aranges
                0x00000138       0x18 .\CortexM3\ARM_GCC_541\Debug\cymetadata.o
 .debug_aranges
                0x00000150       0x48 .\CortexM3\ARM_GCC_541\Debug\Cm3Start.o
 .debug_aranges
                0x00000198       0x98 .\CortexM3\ARM_GCC_541\Debug\Design.a(LCD.o)
 .debug_aranges
                0x00000230      0x2a0 .\CortexM3\ARM_GCC_541\Debug\Design.a(CyLib.o)
 .debug_aranges
                0x000004d0       0x98 .\CortexM3\ARM_GCC_541\Debug\Design.a(cyPm.o)
 .debug_aranges
                0x00000568       0x80 .\CortexM3\ARM_GCC_541\Debug\Design.a(Frame_Interrupt.o)
 .debug_aranges
                0x000005e8       0x58 .\CortexM3\ARM_GCC_541\Debug\Design.a(Reference.o)
 .debug_aranges
                0x00000640       0x70 .\CortexM3\ARM_GCC_541\Debug\Design.a(Analog_CMP.o)
 .debug_aranges
                0x000006b0       0x98 .\CortexM3\ARM_GCC_541\Debug\Design.a(Servo_PWM.o)
 .debug_aranges
                0x00000748       0x80 .\CortexM3\ARM_GCC_541\Debug\Design.a(Hall_Interrupt.o)
 .debug_aranges
                0x000007c8       0x98 .\CortexM3\ARM_GCC_541\Debug\Design.a(Hall_Timer.o)
 .debug_aranges
                0x00000860       0x98 .\CortexM3\ARM_GCC_541\Debug\Design.a(Throttle_PWM.o)
 .debug_aranges
                0x000008f8       0x90 .\CortexM3\ARM_GCC_541\Debug\Design.a(PID_Timer.o)
 .debug_aranges
                0x00000988       0x80 .\CortexM3\ARM_GCC_541\Debug\Design.a(PID_Interrupt.o)
 .debug_aranges
                0x00000a08       0x98 .\CortexM3\ARM_GCC_541\Debug\Design.a(Dark_Timer_100.o)
 .debug_aranges
                0x00000aa0       0x80 .\CortexM3\ARM_GCC_541\Debug\Design.a(Target_Int_100.o)
 .debug_aranges
                0x00000b20       0x80 .\CortexM3\ARM_GCC_541\Debug\Design.a(Dark_Int_100.o)
 .debug_aranges
                0x00000ba0       0x98 .\CortexM3\ARM_GCC_541\Debug\Design.a(Dark_Timer_150.o)
 .debug_aranges
                0x00000c38       0x80 .\CortexM3\ARM_GCC_541\Debug\Design.a(Dark_Int_150.o)
 .debug_aranges
                0x00000cb8       0x98 .\CortexM3\ARM_GCC_541\Debug\Design.a(Dark_Timer_50.o)
 .debug_aranges
                0x00000d50       0x80 .\CortexM3\ARM_GCC_541\Debug\Design.a(Dark_Int_50.o)
 .debug_aranges
                0x00000dd0       0x80 .\CortexM3\ARM_GCC_541\Debug\Design.a(Target_Int_50.o)
 .debug_aranges
                0x00000e50       0x80 .\CortexM3\ARM_GCC_541\Debug\Design.a(Target_Int_150.o)
 .debug_aranges
                0x00000ed0       0x20 .\CortexM3\ARM_GCC_541\Debug\Design.a(CyBootAsmGnu.o)
 .debug_aranges
                0x00000ef0       0x88 .\CortexM3\ARM_GCC_541\Debug\Design.a(CyFlash.o)
 .debug_aranges
                0x00000f78       0x80 .\CortexM3\ARM_GCC_541\Debug\Design.a(CySpc.o)

.debug_pubnames
 *(.debug_pubnames)

.debug_info     0x00000000     0x7edd
 *(.debug_info .gnu.linkonce.wi.*)
 .debug_info    0x00000000      0x9b3 .\CortexM3\ARM_GCC_541\Debug\main.o
 .debug_info    0x000009b3      0x349 .\CortexM3\ARM_GCC_541\Debug\lcd_functions.o
 .debug_info    0x00000cfc      0x292 .\CortexM3\ARM_GCC_541\Debug\lp_filter.o
 .debug_info    0x00000f8e      0x549 .\CortexM3\ARM_GCC_541\Debug\cyfitter_cfg.o
 .debug_info    0x000014d7      0x139 .\CortexM3\ARM_GCC_541\Debug\cymetadata.o
 .debug_info    0x00001610      0x3bb .\CortexM3\ARM_GCC_541\Debug\Cm3Start.o
 .debug_info    0x000019cb      0x715 .\CortexM3\ARM_GCC_541\Debug\Design.a(LCD.o)
 .debug_info    0x000020e0     0x1374 .\CortexM3\ARM_GCC_541\Debug\Design.a(CyLib.o)
 .debug_info    0x00003454      0xa2a .\CortexM3\ARM_GCC_541\Debug\Design.a(cyPm.o)
 .debug_info    0x00003e7e      0x2d2 .\CortexM3\ARM_GCC_541\Debug\Design.a(Frame_Interrupt.o)
 .debug_info    0x00004150      0x1de .\CortexM3\ARM_GCC_541\Debug\Design.a(Reference.o)
 .debug_info    0x0000432e      0x2c8 .\CortexM3\ARM_GCC_541\Debug\Design.a(Analog_CMP.o)
 .debug_info    0x000045f6      0x354 .\CortexM3\ARM_GCC_541\Debug\Design.a(Servo_PWM.o)
 .debug_info    0x0000494a      0x2d2 .\CortexM3\ARM_GCC_541\Debug\Design.a(Hall_Interrupt.o)
 .debug_info    0x00004c1c      0x328 .\CortexM3\ARM_GCC_541\Debug\Design.a(Hall_Timer.o)
 .debug_info    0x00004f44      0x354 .\CortexM3\ARM_GCC_541\Debug\Design.a(Throttle_PWM.o)
 .debug_info    0x00005298      0x2ec .\CortexM3\ARM_GCC_541\Debug\Design.a(PID_Timer.o)
 .debug_info    0x00005584      0x2d2 .\CortexM3\ARM_GCC_541\Debug\Design.a(PID_Interrupt.o)
 .debug_info    0x00005856      0x328 .\CortexM3\ARM_GCC_541\Debug\Design.a(Dark_Timer_100.o)
 .debug_info    0x00005b7e      0x2d2 .\CortexM3\ARM_GCC_541\Debug\Design.a(Target_Int_100.o)
 .debug_info    0x00005e50      0x2d2 .\CortexM3\ARM_GCC_541\Debug\Design.a(Dark_Int_100.o)
 .debug_info    0x00006122      0x328 .\CortexM3\ARM_GCC_541\Debug\Design.a(Dark_Timer_150.o)
 .debug_info    0x0000644a      0x2d2 .\CortexM3\ARM_GCC_541\Debug\Design.a(Dark_Int_150.o)
 .debug_info    0x0000671c      0x328 .\CortexM3\ARM_GCC_541\Debug\Design.a(Dark_Timer_50.o)
 .debug_info    0x00006a44      0x2d2 .\CortexM3\ARM_GCC_541\Debug\Design.a(Dark_Int_50.o)
 .debug_info    0x00006d16      0x2d2 .\CortexM3\ARM_GCC_541\Debug\Design.a(Target_Int_50.o)
 .debug_info    0x00006fe8      0x2d2 .\CortexM3\ARM_GCC_541\Debug\Design.a(Target_Int_150.o)
 .debug_info    0x000072ba       0x86 .\CortexM3\ARM_GCC_541\Debug\Design.a(CyBootAsmGnu.o)
 .debug_info    0x00007340      0x64d .\CortexM3\ARM_GCC_541\Debug\Design.a(CyFlash.o)
 .debug_info    0x0000798d      0x550 .\CortexM3\ARM_GCC_541\Debug\Design.a(CySpc.o)

.debug_abbrev   0x00000000     0x292f
 *(.debug_abbrev)
 .debug_abbrev  0x00000000      0x19a .\CortexM3\ARM_GCC_541\Debug\main.o
 .debug_abbrev  0x0000019a      0x116 .\CortexM3\ARM_GCC_541\Debug\lcd_functions.o
 .debug_abbrev  0x000002b0      0x194 .\CortexM3\ARM_GCC_541\Debug\lp_filter.o
 .debug_abbrev  0x00000444      0x1fe .\CortexM3\ARM_GCC_541\Debug\cyfitter_cfg.o
 .debug_abbrev  0x00000642       0x77 .\CortexM3\ARM_GCC_541\Debug\cymetadata.o
 .debug_abbrev  0x000006b9      0x1e8 .\CortexM3\ARM_GCC_541\Debug\Cm3Start.o
 .debug_abbrev  0x000008a1      0x157 .\CortexM3\ARM_GCC_541\Debug\Design.a(LCD.o)
 .debug_abbrev  0x000009f8      0x254 .\CortexM3\ARM_GCC_541\Debug\Design.a(CyLib.o)
 .debug_abbrev  0x00000c4c      0x1ab .\CortexM3\ARM_GCC_541\Debug\Design.a(cyPm.o)
 .debug_abbrev  0x00000df7      0x173 .\CortexM3\ARM_GCC_541\Debug\Design.a(Frame_Interrupt.o)
 .debug_abbrev  0x00000f6a       0xf7 .\CortexM3\ARM_GCC_541\Debug\Design.a(Reference.o)
 .debug_abbrev  0x00001061      0x16e .\CortexM3\ARM_GCC_541\Debug\Design.a(Analog_CMP.o)
 .debug_abbrev  0x000011cf      0x133 .\CortexM3\ARM_GCC_541\Debug\Design.a(Servo_PWM.o)
 .debug_abbrev  0x00001302      0x173 .\CortexM3\ARM_GCC_541\Debug\Design.a(Hall_Interrupt.o)
 .debug_abbrev  0x00001475      0x13a .\CortexM3\ARM_GCC_541\Debug\Design.a(Hall_Timer.o)
 .debug_abbrev  0x000015af      0x133 .\CortexM3\ARM_GCC_541\Debug\Design.a(Throttle_PWM.o)
 .debug_abbrev  0x000016e2      0x12b .\CortexM3\ARM_GCC_541\Debug\Design.a(PID_Timer.o)
 .debug_abbrev  0x0000180d      0x173 .\CortexM3\ARM_GCC_541\Debug\Design.a(PID_Interrupt.o)
 .debug_abbrev  0x00001980      0x13a .\CortexM3\ARM_GCC_541\Debug\Design.a(Dark_Timer_100.o)
 .debug_abbrev  0x00001aba      0x173 .\CortexM3\ARM_GCC_541\Debug\Design.a(Target_Int_100.o)
 .debug_abbrev  0x00001c2d      0x173 .\CortexM3\ARM_GCC_541\Debug\Design.a(Dark_Int_100.o)
 .debug_abbrev  0x00001da0      0x13a .\CortexM3\ARM_GCC_541\Debug\Design.a(Dark_Timer_150.o)
 .debug_abbrev  0x00001eda      0x173 .\CortexM3\ARM_GCC_541\Debug\Design.a(Dark_Int_150.o)
 .debug_abbrev  0x0000204d      0x13a .\CortexM3\ARM_GCC_541\Debug\Design.a(Dark_Timer_50.o)
 .debug_abbrev  0x00002187      0x173 .\CortexM3\ARM_GCC_541\Debug\Design.a(Dark_Int_50.o)
 .debug_abbrev  0x000022fa      0x173 .\CortexM3\ARM_GCC_541\Debug\Design.a(Target_Int_50.o)
 .debug_abbrev  0x0000246d      0x173 .\CortexM3\ARM_GCC_541\Debug\Design.a(Target_Int_150.o)
 .debug_abbrev  0x000025e0       0x14 .\CortexM3\ARM_GCC_541\Debug\Design.a(CyBootAsmGnu.o)
 .debug_abbrev  0x000025f4      0x1a7 .\CortexM3\ARM_GCC_541\Debug\Design.a(CyFlash.o)
 .debug_abbrev  0x0000279b      0x194 .\CortexM3\ARM_GCC_541\Debug\Design.a(CySpc.o)

.debug_line     0x00000000     0x3803
 *(.debug_line)
 .debug_line    0x00000000      0x3ec .\CortexM3\ARM_GCC_541\Debug\main.o
 .debug_line    0x000003ec      0x244 .\CortexM3\ARM_GCC_541\Debug\lcd_functions.o
 .debug_line    0x00000630      0x22c .\CortexM3\ARM_GCC_541\Debug\lp_filter.o
 .debug_line    0x0000085c      0x1e9 .\CortexM3\ARM_GCC_541\Debug\cyfitter_cfg.o
 .debug_line    0x00000a45      0x141 .\CortexM3\ARM_GCC_541\Debug\cymetadata.o
 .debug_line    0x00000b86      0x234 .\CortexM3\ARM_GCC_541\Debug\Cm3Start.o
 .debug_line    0x00000dba      0x1dc .\CortexM3\ARM_GCC_541\Debug\Design.a(LCD.o)
 .debug_line    0x00000f96      0x816 .\CortexM3\ARM_GCC_541\Debug\Design.a(CyLib.o)
 .debug_line    0x000017ac      0x367 .\CortexM3\ARM_GCC_541\Debug\Design.a(cyPm.o)
 .debug_line    0x00001b13      0x13c .\CortexM3\ARM_GCC_541\Debug\Design.a(Frame_Interrupt.o)
 .debug_line    0x00001c4f       0xe6 .\CortexM3\ARM_GCC_541\Debug\Design.a(Reference.o)
 .debug_line    0x00001d35      0x169 .\CortexM3\ARM_GCC_541\Debug\Design.a(Analog_CMP.o)
 .debug_line    0x00001e9e      0x18c .\CortexM3\ARM_GCC_541\Debug\Design.a(Servo_PWM.o)
 .debug_line    0x0000202a      0x13b .\CortexM3\ARM_GCC_541\Debug\Design.a(Hall_Interrupt.o)
 .debug_line    0x00002165      0x187 .\CortexM3\ARM_GCC_541\Debug\Design.a(Hall_Timer.o)
 .debug_line    0x000022ec      0x18f .\CortexM3\ARM_GCC_541\Debug\Design.a(Throttle_PWM.o)
 .debug_line    0x0000247b      0x174 .\CortexM3\ARM_GCC_541\Debug\Design.a(PID_Timer.o)
 .debug_line    0x000025ef      0x13a .\CortexM3\ARM_GCC_541\Debug\Design.a(PID_Interrupt.o)
 .debug_line    0x00002729      0x18b .\CortexM3\ARM_GCC_541\Debug\Design.a(Dark_Timer_100.o)
 .debug_line    0x000028b4      0x13b .\CortexM3\ARM_GCC_541\Debug\Design.a(Target_Int_100.o)
 .debug_line    0x000029ef      0x139 .\CortexM3\ARM_GCC_541\Debug\Design.a(Dark_Int_100.o)
 .debug_line    0x00002b28      0x18b .\CortexM3\ARM_GCC_541\Debug\Design.a(Dark_Timer_150.o)
 .debug_line    0x00002cb3      0x139 .\CortexM3\ARM_GCC_541\Debug\Design.a(Dark_Int_150.o)
 .debug_line    0x00002dec      0x18a .\CortexM3\ARM_GCC_541\Debug\Design.a(Dark_Timer_50.o)
 .debug_line    0x00002f76      0x138 .\CortexM3\ARM_GCC_541\Debug\Design.a(Dark_Int_50.o)
 .debug_line    0x000030ae      0x13a .\CortexM3\ARM_GCC_541\Debug\Design.a(Target_Int_50.o)
 .debug_line    0x000031e8      0x13b .\CortexM3\ARM_GCC_541\Debug\Design.a(Target_Int_150.o)
 .debug_line    0x00003323       0x66 .\CortexM3\ARM_GCC_541\Debug\Design.a(CyBootAsmGnu.o)
 .debug_line    0x00003389      0x21a .\CortexM3\ARM_GCC_541\Debug\Design.a(CyFlash.o)
 .debug_line    0x000035a3      0x260 .\CortexM3\ARM_GCC_541\Debug\Design.a(CySpc.o)

.debug_frame    0x00000000     0x2e78
 *(.debug_frame)
 .debug_frame   0x00000000      0x150 .\CortexM3\ARM_GCC_541\Debug\main.o
 .debug_frame   0x00000150       0xc4 .\CortexM3\ARM_GCC_541\Debug\lcd_functions.o
 .debug_frame   0x00000214       0x5c .\CortexM3\ARM_GCC_541\Debug\lp_filter.o
 .debug_frame   0x00000270       0xe4 .\CortexM3\ARM_GCC_541\Debug\cyfitter_cfg.o
 .debug_frame   0x00000354       0xb8 .\CortexM3\ARM_GCC_541\Debug\Cm3Start.o
 .debug_frame   0x0000040c      0x1e8 .\CortexM3\ARM_GCC_541\Debug\Design.a(LCD.o)
 .debug_frame   0x000005f4      0x738 .\CortexM3\ARM_GCC_541\Debug\Design.a(CyLib.o)
 .debug_frame   0x00000d2c      0x1f8 .\CortexM3\ARM_GCC_541\Debug\Design.a(cyPm.o)
 .debug_frame   0x00000f24      0x104 .\CortexM3\ARM_GCC_541\Debug\Design.a(Frame_Interrupt.o)
 .debug_frame   0x00001028       0xb4 .\CortexM3\ARM_GCC_541\Debug\Design.a(Reference.o)
 .debug_frame   0x000010dc      0x108 .\CortexM3\ARM_GCC_541\Debug\Design.a(Analog_CMP.o)
 .debug_frame   0x000011e4      0x134 .\CortexM3\ARM_GCC_541\Debug\Design.a(Servo_PWM.o)
 .debug_frame   0x00001318      0x104 .\CortexM3\ARM_GCC_541\Debug\Design.a(Hall_Interrupt.o)
 .debug_frame   0x0000141c      0x134 .\CortexM3\ARM_GCC_541\Debug\Design.a(Hall_Timer.o)
 .debug_frame   0x00001550      0x134 .\CortexM3\ARM_GCC_541\Debug\Design.a(Throttle_PWM.o)
 .debug_frame   0x00001684      0x124 .\CortexM3\ARM_GCC_541\Debug\Design.a(PID_Timer.o)
 .debug_frame   0x000017a8      0x104 .\CortexM3\ARM_GCC_541\Debug\Design.a(PID_Interrupt.o)
 .debug_frame   0x000018ac      0x134 .\CortexM3\ARM_GCC_541\Debug\Design.a(Dark_Timer_100.o)
 .debug_frame   0x000019e0      0x104 .\CortexM3\ARM_GCC_541\Debug\Design.a(Target_Int_100.o)
 .debug_frame   0x00001ae4      0x104 .\CortexM3\ARM_GCC_541\Debug\Design.a(Dark_Int_100.o)
 .debug_frame   0x00001be8      0x134 .\CortexM3\ARM_GCC_541\Debug\Design.a(Dark_Timer_150.o)
 .debug_frame   0x00001d1c      0x104 .\CortexM3\ARM_GCC_541\Debug\Design.a(Dark_Int_150.o)
 .debug_frame   0x00001e20      0x134 .\CortexM3\ARM_GCC_541\Debug\Design.a(Dark_Timer_50.o)
 .debug_frame   0x00001f54      0x104 .\CortexM3\ARM_GCC_541\Debug\Design.a(Dark_Int_50.o)
 .debug_frame   0x00002058      0x104 .\CortexM3\ARM_GCC_541\Debug\Design.a(Target_Int_50.o)
 .debug_frame   0x0000215c      0x104 .\CortexM3\ARM_GCC_541\Debug\Design.a(Target_Int_150.o)
 .debug_frame   0x00002260      0x194 .\CortexM3\ARM_GCC_541\Debug\Design.a(CyFlash.o)
 .debug_frame   0x000023f4      0x180 .\CortexM3\ARM_GCC_541\Debug\Design.a(CySpc.o)
 .debug_frame   0x00002574       0x2c c:/program files (x86)/cypress/psoc creator/4.4/psoc creator/import/gnu/arm/5.4.1/bin/../lib/gcc/arm-none-eabi/5.4.1/armv7-m\libgcc.a(_aeabi_uldivmod.o)
 .debug_frame   0x000025a0       0x38 c:/program files (x86)/cypress/psoc creator/4.4/psoc creator/import/gnu/arm/5.4.1/bin/../lib/gcc/arm-none-eabi/5.4.1/armv7-m\libgcc.a(_udivmoddi4.o)
 .debug_frame   0x000025d8       0x20 c:/program files (x86)/cypress/psoc creator/4.4/psoc creator/import/gnu/arm/5.4.1/bin/../lib/gcc/arm-none-eabi/5.4.1/../../../../arm-none-eabi/lib/armv7-m\libg_nano.a(lib_a-errno.o)
 .debug_frame   0x000025f8       0x28 c:/program files (x86)/cypress/psoc creator/4.4/psoc creator/import/gnu/arm/5.4.1/bin/../lib/gcc/arm-none-eabi/5.4.1/../../../../arm-none-eabi/lib/armv7-m\libg_nano.a(lib_a-exit.o)
 .debug_frame   0x00002620       0x2c c:/program files (x86)/cypress/psoc creator/4.4/psoc creator/import/gnu/arm/5.4.1/bin/../lib/gcc/arm-none-eabi/5.4.1/../../../../arm-none-eabi/lib/armv7-m\libg_nano.a(lib_a-init.o)
 .debug_frame   0x0000264c       0x28 c:/program files (x86)/cypress/psoc creator/4.4/psoc creator/import/gnu/arm/5.4.1/bin/../lib/gcc/arm-none-eabi/5.4.1/../../../../arm-none-eabi/lib/armv7-m\libg_nano.a(lib_a-memcpy-stub.o)
 .debug_frame   0x00002674       0x20 c:/program files (x86)/cypress/psoc creator/4.4/psoc creator/import/gnu/arm/5.4.1/bin/../lib/gcc/arm-none-eabi/5.4.1/../../../../arm-none-eabi/lib/armv7-m\libg_nano.a(lib_a-memset.o)
 .debug_frame   0x00002694       0x8c c:/program files (x86)/cypress/psoc creator/4.4/psoc creator/import/gnu/arm/5.4.1/bin/../lib/gcc/arm-none-eabi/5.4.1/../../../../arm-none-eabi/lib/armv7-m\libg_nano.a(lib_a-nano-vfprintf_float.o)
 .debug_frame   0x00002720       0x60 c:/program files (x86)/cypress/psoc creator/4.4/psoc creator/import/gnu/arm/5.4.1/bin/../lib/gcc/arm-none-eabi/5.4.1/../../../../arm-none-eabi/lib/armv7-m\libg_nano.a(lib_a-nano-vfprintf_i.o)
 .debug_frame   0x00002780       0x7c c:/program files (x86)/cypress/psoc creator/4.4/psoc creator/import/gnu/arm/5.4.1/bin/../lib/gcc/arm-none-eabi/5.4.1/../../../../arm-none-eabi/lib/armv7-m\libg_nano.a(lib_a-qsort.o)
 .debug_frame   0x000027fc       0x70 c:/program files (x86)/cypress/psoc creator/4.4/psoc creator/import/gnu/arm/5.4.1/bin/../lib/gcc/arm-none-eabi/5.4.1/../../../../arm-none-eabi/lib/armv7-m\libg_nano.a(lib_a-sprintf.o)
 .debug_frame   0x0000286c       0x6c c:/program files (x86)/cypress/psoc creator/4.4/psoc creator/import/gnu/arm/5.4.1/bin/../lib/gcc/arm-none-eabi/5.4.1/../../../../arm-none-eabi/lib/armv7-m\libg_nano.a(lib_a-dtoa.o)
 .debug_frame   0x000028d8       0x98 c:/program files (x86)/cypress/psoc creator/4.4/psoc creator/import/gnu/arm/5.4.1/bin/../lib/gcc/arm-none-eabi/5.4.1/../../../../arm-none-eabi/lib/armv7-m\libg_nano.a(lib_a-locale.o)
 .debug_frame   0x00002970       0x30 c:/program files (x86)/cypress/psoc creator/4.4/psoc creator/import/gnu/arm/5.4.1/bin/../lib/gcc/arm-none-eabi/5.4.1/../../../../arm-none-eabi/lib/armv7-m\libg_nano.a(lib_a-malloc.o)
 .debug_frame   0x000029a0       0x28 c:/program files (x86)/cypress/psoc creator/4.4/psoc creator/import/gnu/arm/5.4.1/bin/../lib/gcc/arm-none-eabi/5.4.1/../../../../arm-none-eabi/lib/armv7-m\libg_nano.a(lib_a-memchr-stub.o)
 .debug_frame   0x000029c8      0x234 c:/program files (x86)/cypress/psoc creator/4.4/psoc creator/import/gnu/arm/5.4.1/bin/../lib/gcc/arm-none-eabi/5.4.1/../../../../arm-none-eabi/lib/armv7-m\libg_nano.a(lib_a-mprec.o)
 .debug_frame   0x00002bfc       0x2c c:/program files (x86)/cypress/psoc creator/4.4/psoc creator/import/gnu/arm/5.4.1/bin/../lib/gcc/arm-none-eabi/5.4.1/../../../../arm-none-eabi/lib/armv7-m\libg_nano.a(lib_a-nano-callocr.o)
 .debug_frame   0x00002c28       0x38 c:/program files (x86)/cypress/psoc creator/4.4/psoc creator/import/gnu/arm/5.4.1/bin/../lib/gcc/arm-none-eabi/5.4.1/../../../../arm-none-eabi/lib/armv7-m\libg_nano.a(lib_a-nano-freer.o)
 .debug_frame   0x00002c60       0x2c c:/program files (x86)/cypress/psoc creator/4.4/psoc creator/import/gnu/arm/5.4.1/bin/../lib/gcc/arm-none-eabi/5.4.1/../../../../arm-none-eabi/lib/armv7-m\libg_nano.a(lib_a-nano-mallocr.o)
 .debug_frame   0x00002c8c       0x90 c:/program files (x86)/cypress/psoc creator/4.4/psoc creator/import/gnu/arm/5.4.1/bin/../lib/gcc/arm-none-eabi/5.4.1/../../../../arm-none-eabi/lib/armv7-m\libg_nano.a(lib_a-nano-svfprintf.o)
 .debug_frame   0x00002d1c       0x2c c:/program files (x86)/cypress/psoc creator/4.4/psoc creator/import/gnu/arm/5.4.1/bin/../lib/gcc/arm-none-eabi/5.4.1/../../../../arm-none-eabi/lib/armv7-m\libg_nano.a(lib_a-sbrkr.o)
 .debug_frame   0x00002d48       0x20 c:/program files (x86)/cypress/psoc creator/4.4/psoc creator/import/gnu/arm/5.4.1/bin/../lib/gcc/arm-none-eabi/5.4.1/../../../../arm-none-eabi/lib/armv7-m\libg_nano.a(lib_a-strcmp.o)
 .debug_frame   0x00002d68       0x28 c:/program files (x86)/cypress/psoc creator/4.4/psoc creator/import/gnu/arm/5.4.1/bin/../lib/gcc/arm-none-eabi/5.4.1/../../../../arm-none-eabi/lib/armv7-m\libg_nano.a(lib_a-memmove.o)
 .debug_frame   0x00002d90       0x30 c:/program files (x86)/cypress/psoc creator/4.4/psoc creator/import/gnu/arm/5.4.1/bin/../lib/gcc/arm-none-eabi/5.4.1/../../../../arm-none-eabi/lib/armv7-m\libg_nano.a(lib_a-mlock.o)
 .debug_frame   0x00002dc0       0x3c c:/program files (x86)/cypress/psoc creator/4.4/psoc creator/import/gnu/arm/5.4.1/bin/../lib/gcc/arm-none-eabi/5.4.1/../../../../arm-none-eabi/lib/armv7-m\libg_nano.a(lib_a-nano-reallocr.o)
 .debug_frame   0x00002dfc       0x5c c:/program files (x86)/cypress/psoc creator/4.4/psoc creator/import/gnu/arm/5.4.1/bin/../lib/gcc/arm-none-eabi/5.4.1/../../../../arm-none-eabi/lib/armv7-m\libg_nano.a(lib_a-reent.o)
 .debug_frame   0x00002e58       0x20 c:/program files (x86)/cypress/psoc creator/4.4/psoc creator/import/gnu/arm/5.4.1/bin/../lib/gcc/arm-none-eabi/5.4.1/../../../../arm-none-eabi/lib/armv7-m\libg_nano.a(lib_a-nano-msizer.o)

.debug_str      0x00000000     0x3354
 *(.debug_str)
 .debug_str     0x00000000      0x7af .\CortexM3\ARM_GCC_541\Debug\main.o
                                0x802 (size before relaxing)
 .debug_str     0x000007af       0x8c .\CortexM3\ARM_GCC_541\Debug\lcd_functions.o
                                0x234 (size before relaxing)
 .debug_str     0x0000083b       0x2f .\CortexM3\ARM_GCC_541\Debug\lp_filter.o
                                0x1f3 (size before relaxing)
 .debug_str     0x0000086a      0x17f .\CortexM3\ARM_GCC_541\Debug\cyfitter_cfg.o
                                0x30b (size before relaxing)
 .debug_str     0x000009e9       0x7f .\CortexM3\ARM_GCC_541\Debug\cymetadata.o
                                0x1da (size before relaxing)
 .debug_str     0x00000a68      0x13e .\CortexM3\ARM_GCC_541\Debug\Cm3Start.o
                                0x300 (size before relaxing)
 .debug_str     0x00000ba6      0x151 .\CortexM3\ARM_GCC_541\Debug\Design.a(LCD.o)
                                0x321 (size before relaxing)
 .debug_str     0x00000cf7      0x824 .\CortexM3\ARM_GCC_541\Debug\Design.a(CyLib.o)
                                0xa3d (size before relaxing)
 .debug_str     0x0000151b      0x365 .\CortexM3\ARM_GCC_541\Debug\Design.a(cyPm.o)
                                0x729 (size before relaxing)
 .debug_str     0x00001880      0x142 .\CortexM3\ARM_GCC_541\Debug\Design.a(Frame_Interrupt.o)
                                0x328 (size before relaxing)
 .debug_str     0x000019c2       0xb5 .\CortexM3\ARM_GCC_541\Debug\Design.a(Reference.o)
                                0x23d (size before relaxing)
 .debug_str     0x00001a77      0x150 .\CortexM3\ARM_GCC_541\Debug\Design.a(Analog_CMP.o)
                                0x302 (size before relaxing)
 .debug_str     0x00001bc7      0x1bc .\CortexM3\ARM_GCC_541\Debug\Design.a(Servo_PWM.o)
                                0x3a0 (size before relaxing)
 .debug_str     0x00001d83      0x136 .\CortexM3\ARM_GCC_541\Debug\Design.a(Hall_Interrupt.o)
                                0x31a (size before relaxing)
 .debug_str     0x00001eb9      0x196 .\CortexM3\ARM_GCC_541\Debug\Design.a(Hall_Timer.o)
                                0x3b7 (size before relaxing)
 .debug_str     0x0000204f      0x1bd .\CortexM3\ARM_GCC_541\Debug\Design.a(Throttle_PWM.o)
                                0x3d9 (size before relaxing)
 .debug_str     0x0000220c      0x18e .\CortexM3\ARM_GCC_541\Debug\Design.a(PID_Timer.o)
                                0x379 (size before relaxing)
 .debug_str     0x0000239a      0x12a .\CortexM3\ARM_GCC_541\Debug\Design.a(PID_Interrupt.o)
                                0x30c (size before relaxing)
 .debug_str     0x000024c4      0x1c7 .\CortexM3\ARM_GCC_541\Debug\Design.a(Dark_Timer_100.o)
                                0x403 (size before relaxing)
 .debug_str     0x0000268b      0x136 .\CortexM3\ARM_GCC_541\Debug\Design.a(Target_Int_100.o)
                                0x31a (size before relaxing)
 .debug_str     0x000027c1      0x11e .\CortexM3\ARM_GCC_541\Debug\Design.a(Dark_Int_100.o)
                                0x2fe (size before relaxing)
 .debug_str     0x000028df      0x1c7 .\CortexM3\ARM_GCC_541\Debug\Design.a(Dark_Timer_150.o)
                                0x403 (size before relaxing)
 .debug_str     0x00002aa6      0x11e .\CortexM3\ARM_GCC_541\Debug\Design.a(Dark_Int_150.o)
                                0x2fe (size before relaxing)
 .debug_str     0x00002bc4      0x1b7 .\CortexM3\ARM_GCC_541\Debug\Design.a(Dark_Timer_50.o)
                                0x3f0 (size before relaxing)
 .debug_str     0x00002d7b      0x112 .\CortexM3\ARM_GCC_541\Debug\Design.a(Dark_Int_50.o)
                                0x2f0 (size before relaxing)
 .debug_str     0x00002e8d      0x12a .\CortexM3\ARM_GCC_541\Debug\Design.a(Target_Int_50.o)
                                0x30c (size before relaxing)
 .debug_str     0x00002fb7      0x136 .\CortexM3\ARM_GCC_541\Debug\Design.a(Target_Int_150.o)
                                0x31a (size before relaxing)
 .debug_str     0x000030ed      0x1bb .\CortexM3\ARM_GCC_541\Debug\Design.a(CyFlash.o)
                                0x3b6 (size before relaxing)
 .debug_str     0x000032a8       0xac .\CortexM3\ARM_GCC_541\Debug\Design.a(CySpc.o)
                                0x32e (size before relaxing)

.debug_loc      0x00000000     0x282f
 *(.debug_loc)
 .debug_loc     0x00000000      0x2c4 .\CortexM3\ARM_GCC_541\Debug\main.o
 .debug_loc     0x000002c4      0x143 .\CortexM3\ARM_GCC_541\Debug\lcd_functions.o
 .debug_loc     0x00000407      0x10c .\CortexM3\ARM_GCC_541\Debug\lp_filter.o
 .debug_loc     0x00000513      0x1d7 .\CortexM3\ARM_GCC_541\Debug\cyfitter_cfg.o
 .debug_loc     0x000006ea      0x144 .\CortexM3\ARM_GCC_541\Debug\Cm3Start.o
 .debug_loc     0x0000082e      0x3c6 .\CortexM3\ARM_GCC_541\Debug\Design.a(LCD.o)
 .debug_loc     0x00000bf4      0xa11 .\CortexM3\ARM_GCC_541\Debug\Design.a(CyLib.o)
 .debug_loc     0x00001605      0x1e4 .\CortexM3\ARM_GCC_541\Debug\Design.a(cyPm.o)
 .debug_loc     0x000017e9       0x56 .\CortexM3\ARM_GCC_541\Debug\Design.a(Frame_Interrupt.o)
 .debug_loc     0x0000183f       0x79 .\CortexM3\ARM_GCC_541\Debug\Design.a(Reference.o)
 .debug_loc     0x000018b8       0xed .\CortexM3\ARM_GCC_541\Debug\Design.a(Analog_CMP.o)
 .debug_loc     0x000019a5       0x26 .\CortexM3\ARM_GCC_541\Debug\Design.a(Servo_PWM.o)
 .debug_loc     0x000019cb       0x56 .\CortexM3\ARM_GCC_541\Debug\Design.a(Hall_Interrupt.o)
 .debug_loc     0x00001a21       0x31 .\CortexM3\ARM_GCC_541\Debug\Design.a(Hall_Timer.o)
 .debug_loc     0x00001a52       0x26 .\CortexM3\ARM_GCC_541\Debug\Design.a(Throttle_PWM.o)
 .debug_loc     0x00001a78       0x13 .\CortexM3\ARM_GCC_541\Debug\Design.a(PID_Timer.o)
 .debug_loc     0x00001a8b       0x56 .\CortexM3\ARM_GCC_541\Debug\Design.a(PID_Interrupt.o)
 .debug_loc     0x00001ae1       0x31 .\CortexM3\ARM_GCC_541\Debug\Design.a(Dark_Timer_100.o)
 .debug_loc     0x00001b12       0x56 .\CortexM3\ARM_GCC_541\Debug\Design.a(Target_Int_100.o)
 .debug_loc     0x00001b68       0x56 .\CortexM3\ARM_GCC_541\Debug\Design.a(Dark_Int_100.o)
 .debug_loc     0x00001bbe       0x31 .\CortexM3\ARM_GCC_541\Debug\Design.a(Dark_Timer_150.o)
 .debug_loc     0x00001bef       0x56 .\CortexM3\ARM_GCC_541\Debug\Design.a(Dark_Int_150.o)
 .debug_loc     0x00001c45       0x31 .\CortexM3\ARM_GCC_541\Debug\Design.a(Dark_Timer_50.o)
 .debug_loc     0x00001c76       0x56 .\CortexM3\ARM_GCC_541\Debug\Design.a(Dark_Int_50.o)
 .debug_loc     0x00001ccc       0x56 .\CortexM3\ARM_GCC_541\Debug\Design.a(Target_Int_50.o)
 .debug_loc     0x00001d22       0x56 .\CortexM3\ARM_GCC_541\Debug\Design.a(Target_Int_150.o)
 .debug_loc     0x00001d78      0x3b2 .\CortexM3\ARM_GCC_541\Debug\Design.a(CyFlash.o)
 .debug_loc     0x0000212a      0x705 .\CortexM3\ARM_GCC_541\Debug\Design.a(CySpc.o)

.debug_macinfo
 *(.debug_macinfo)

.debug_ranges   0x00000000      0xe18
 *(.debug_ranges)
 .debug_ranges  0x00000000       0x70 .\CortexM3\ARM_GCC_541\Debug\main.o
 .debug_ranges  0x00000070       0x38 .\CortexM3\ARM_GCC_541\Debug\lcd_functions.o
 .debug_ranges  0x000000a8       0x20 .\CortexM3\ARM_GCC_541\Debug\lp_filter.o
 .debug_ranges  0x000000c8       0x48 .\CortexM3\ARM_GCC_541\Debug\cyfitter_cfg.o
 .debug_ranges  0x00000110       0x38 .\CortexM3\ARM_GCC_541\Debug\Cm3Start.o
 .debug_ranges  0x00000148       0x88 .\CortexM3\ARM_GCC_541\Debug\Design.a(LCD.o)
 .debug_ranges  0x000001d0      0x290 .\CortexM3\ARM_GCC_541\Debug\Design.a(CyLib.o)
 .debug_ranges  0x00000460       0x88 .\CortexM3\ARM_GCC_541\Debug\Design.a(cyPm.o)
 .debug_ranges  0x000004e8       0x70 .\CortexM3\ARM_GCC_541\Debug\Design.a(Frame_Interrupt.o)
 .debug_ranges  0x00000558       0x48 .\CortexM3\ARM_GCC_541\Debug\Design.a(Reference.o)
 .debug_ranges  0x000005a0       0x60 .\CortexM3\ARM_GCC_541\Debug\Design.a(Analog_CMP.o)
 .debug_ranges  0x00000600       0x88 .\CortexM3\ARM_GCC_541\Debug\Design.a(Servo_PWM.o)
 .debug_ranges  0x00000688       0x70 .\CortexM3\ARM_GCC_541\Debug\Design.a(Hall_Interrupt.o)