Archive member included to satisfy reference by file (symbol)

.\CortexM3\ARM_GCC_541\Debug\Design.a(LCD.o)
                              .\CortexM3\ARM_GCC_541\Debug\lcd_functions.o (LCD_PrintString)
.\CortexM3\ARM_GCC_541\Debug\Design.a(CyLib.o)
                              .\CortexM3\ARM_GCC_541\Debug\Cm3Start.o (CyHalt)
.\CortexM3\ARM_GCC_541\Debug\Design.a(cyPm.o)
                              .\CortexM3\ARM_GCC_541\Debug\Design.a(CyLib.o) (CyPmReadStatus)
.\CortexM3\ARM_GCC_541\Debug\Design.a(Frame_Interrupt.o)
                              .\CortexM3\ARM_GCC_541\Debug\main.o (Frame_Interrupt_SetVector)
.\CortexM3\ARM_GCC_541\Debug\Design.a(XBee.o)
                              .\CortexM3\ARM_GCC_541\Debug\main.o (XBee_Start)
.\CortexM3\ARM_GCC_541\Debug\Design.a(XBee_IntClock.o)
                              .\CortexM3\ARM_GCC_541\Debug\Design.a(XBee.o) (XBee_IntClock_Start)
.\CortexM3\ARM_GCC_541\Debug\Design.a(Target_Interrupt.o)
                              .\CortexM3\ARM_GCC_541\Debug\main.o (Target_Interrupt_SetVector)
.\CortexM3\ARM_GCC_541\Debug\Design.a(Reference.o)
                              .\CortexM3\ARM_GCC_541\Debug\main.o (Reference_Start)
.\CortexM3\ARM_GCC_541\Debug\Design.a(Analog_CMP.o)
                              .\CortexM3\ARM_GCC_541\Debug\main.o (Analog_CMP_Start)
.\CortexM3\ARM_GCC_541\Debug\Design.a(Dark_Timer.o)
                              .\CortexM3\ARM_GCC_541\Debug\main.o (Dark_Timer_ReadStatusRegister)
.\CortexM3\ARM_GCC_541\Debug\Design.a(Dark_Interrupt.o)
                              .\CortexM3\ARM_GCC_541\Debug\main.o (Dark_Interrupt_SetVector)
.\CortexM3\ARM_GCC_541\Debug\Design.a(CyBootAsmGnu.o)
                              .\CortexM3\ARM_GCC_541\Debug\cyfitter_cfg.o (CyDelayCycles)
.\CortexM3\ARM_GCC_541\Debug\Design.a(CyFlash.o)
                              .\CortexM3\ARM_GCC_541\Debug\Design.a(cyPm.o) (CyFlash_SetWaitCycles)
.\CortexM3\ARM_GCC_541\Debug\Design.a(CySpc.o)
                              .\CortexM3\ARM_GCC_541\Debug\Design.a(CyFlash.o) (CySpcStart)
c:/program files (x86)/cypress/psoc creator/4.4/psoc creator/import/gnu/arm/5.4.1/bin/../lib/gcc/arm-none-eabi/5.4.1/../../../../arm-none-eabi/lib/armv7-m\libg_nano.a(lib_a-errno.o)
                              .\CortexM3\ARM_GCC_541\Debug\Cm3Start.o (__errno)
c:/program files (x86)/cypress/psoc creator/4.4/psoc creator/import/gnu/arm/5.4.1/bin/../lib/gcc/arm-none-eabi/5.4.1/../../../../arm-none-eabi/lib/armv7-m\libg_nano.a(lib_a-exit.o)
                              c:/program files (x86)/cypress/psoc creator/4.4/psoc creator/import/gnu/arm/5.4.1/bin/../lib/gcc/arm-none-eabi/5.4.1/../../../../arm-none-eabi/lib/armv7-m/crt0.o (exit)
c:/program files (x86)/cypress/psoc creator/4.4/psoc creator/import/gnu/arm/5.4.1/bin/../lib/gcc/arm-none-eabi/5.4.1/../../../../arm-none-eabi/lib/armv7-m\libg_nano.a(lib_a-impure.o)
                              c:/program files (x86)/cypress/psoc creator/4.4/psoc creator/import/gnu/arm/5.4.1/bin/../lib/gcc/arm-none-eabi/5.4.1/../../../../arm-none-eabi/lib/armv7-m\libg_nano.a(lib_a-exit.o) (_global_impure_ptr)
c:/program files (x86)/cypress/psoc creator/4.4/psoc creator/import/gnu/arm/5.4.1/bin/../lib/gcc/arm-none-eabi/5.4.1/../../../../arm-none-eabi/lib/armv7-m\libg_nano.a(lib_a-init.o)
                              c:/program files (x86)/cypress/psoc creator/4.4/psoc creator/import/gnu/arm/5.4.1/bin/../lib/gcc/arm-none-eabi/5.4.1/../../../../arm-none-eabi/lib/armv7-m/crt0.o (__libc_init_array)
c:/program files (x86)/cypress/psoc creator/4.4/psoc creator/import/gnu/arm/5.4.1/bin/../lib/gcc/arm-none-eabi/5.4.1/../../../../arm-none-eabi/lib/armv7-m\libg_nano.a(lib_a-memcpy-stub.o)
                              .\CortexM3\ARM_GCC_541\Debug\cyfitter_cfg.o (memcpy)
c:/program files (x86)/cypress/psoc creator/4.4/psoc creator/import/gnu/arm/5.4.1/bin/../lib/gcc/arm-none-eabi/5.4.1/../../../../arm-none-eabi/lib/armv7-m\libg_nano.a(lib_a-memset.o)
                              c:/program files (x86)/cypress/psoc creator/4.4/psoc creator/import/gnu/arm/5.4.1/bin/../lib/gcc/arm-none-eabi/5.4.1/../../../../arm-none-eabi/lib/armv7-m/crt0.o (memset)
c:/program files (x86)/cypress/psoc creator/4.4/psoc creator/import/gnu/arm/5.4.1/bin/../lib/gcc/arm-none-eabi/5.4.1/../../../../arm-none-eabi/lib/armv7-m\libg_nano.a(lib_a-sprintf.o)
                              .\CortexM3\ARM_GCC_541\Debug\main.o (sprintf)
c:/program files (x86)/cypress/psoc creator/4.4/psoc creator/import/gnu/arm/5.4.1/bin/../lib/gcc/arm-none-eabi/5.4.1/../../../../arm-none-eabi/lib/armv7-m\libg_nano.a(lib_a-nano-svfprintf.o)
                              c:/program files (x86)/cypress/psoc creator/4.4/psoc creator/import/gnu/arm/5.4.1/bin/../lib/gcc/arm-none-eabi/5.4.1/../../../../arm-none-eabi/lib/armv7-m\libg_nano.a(lib_a-sprintf.o) (_svfprintf_r)
[...]
Memory Configuration

Name             Origin             Length             Attributes
rom              0x00000000         0x00040000         xr
ram              0x1fff8000         0x00010000         xrw
*default*        0x00000000         0xffffffff

Linker script and memory map

LOAD c:/program files (x86)/cypress/psoc creator/4.4/psoc creator/import/gnu/arm/5.4.1/bin/../lib/gcc/arm-none-eabi/5.4.1/armv7-m/crti.o
LOAD c:/program files (x86)/cypress/psoc creator/4.4/psoc creator/import/gnu/arm/5.4.1/bin/../lib/gcc/arm-none-eabi/5.4.1/armv7-m/crtbegin.o
LOAD c:/program files (x86)/cypress/psoc creator/4.4/psoc creator/import/gnu/arm/5.4.1/bin/../lib/gcc/arm-none-eabi/5.4.1/../../../../arm-none-eabi/lib/armv7-m/crt0.o
START GROUP
LOAD .\CortexM3\ARM_GCC_541\Debug\main.o
LOAD .\CortexM3\ARM_GCC_541\Debug\lcd_functions.o
LOAD .\CortexM3\ARM_GCC_541\Debug\cyfitter_cfg.o
LOAD .\CortexM3\ARM_GCC_541\Debug\cymetadata.o
LOAD .\CortexM3\ARM_GCC_541\Debug\Cm3Start.o
LOAD .\CortexM3\ARM_GCC_541\Debug\Design.a
LOAD C:\Program Files (x86)\Cypress\PSoC Creator\4.4\PSoC Creator\psoc\content\cycomponentlibrary\CyComponentLibrary.cylib\CortexM3\ARM_GCC_541\Debug\CyComponentLibrary.a
END GROUP
START GROUP
LOAD c:/program files (x86)/cypress/psoc creator/4.4/psoc creator/import/gnu/arm/5.4.1/bin/../lib/gcc/arm-none-eabi/5.4.1/armv7-m\libgcc.a
LOAD c:/program files (x86)/cypress/psoc creator/4.4/psoc creator/import/gnu/arm/5.4.1/bin/../lib/gcc/arm-none-eabi/5.4.1/../../../../arm-none-eabi/lib/armv7-m\libg_nano.a
LOAD c:/program files (x86)/cypress/psoc creator/4.4/psoc creator/import/gnu/arm/5.4.1/bin/../lib/gcc/arm-none-eabi/5.4.1/../../../../arm-none-eabi/lib/armv7-m\libc_nano.a
END GROUP
START GROUP
LOAD c:/program files (x86)/cypress/psoc creator/4.4/psoc creator/import/gnu/arm/5.4.1/bin/../lib/gcc/arm-none-eabi/5.4.1/armv7-m\libgcc.a
LOAD c:/program files (x86)/cypress/psoc creator/4.4/psoc creator/import/gnu/arm/5.4.1/bin/../lib/gcc/arm-none-eabi/5.4.1/../../../../arm-none-eabi/lib/armv7-m\libc_nano.a
END GROUP
LOAD c:/program files (x86)/cypress/psoc creator/4.4/psoc creator/import/gnu/arm/5.4.1/bin/../lib/gcc/arm-none-eabi/5.4.1/armv7-m/crtend.o
LOAD c:/program files (x86)/cypress/psoc creator/4.4/psoc creator/import/gnu/arm/5.4.1/bin/../lib/gcc/arm-none-eabi/5.4.1/armv7-m/crtn.o
START GROUP
LOAD c:/program files (x86)/cypress/psoc creator/4.4/psoc creator/import/gnu/arm/5.4.1/bin/../lib/gcc/arm-none-eabi/5.4.1/armv7-m\libgcc.a
LOAD c:/program files (x86)/cypress/psoc creator/4.4/psoc creator/import/gnu/arm/5.4.1/bin/../lib/gcc/arm-none-eabi/5.4.1/../../../../arm-none-eabi/lib/armv7-m\libc.a
LOAD c:/program files (x86)/cypress/psoc creator/4.4/psoc creator/import/gnu/arm/5.4.1/bin/../lib/gcc/arm-none-eabi/5.4.1/../../../../arm-none-eabi/lib/armv7-m\libnosys.a
END GROUP
                0x00000000                CY_APPL_ORIGIN = 0x0
                0x00000100                CY_FLASH_ROW_SIZE = 0x100
                0x00000020                CY_ECC_ROW_SIZE = 0x20
                0x00000000                CY_EE_IN_BTLDR = 0x0
                0x00000000                CY_APPL_LOADABLE = 0x0
                0x00000800                CY_EE_SIZE = 0x800
                0x00000001                CY_APPL_NUM = 0x1
                0x00000001                CY_APPL_MAX = 0x1
                0x00000040                CY_METADATA_SIZE = 0x40
                0x00000000                CY_APPL_LOADABLE = 0x0
                0x00000000                CY_CHECKSUM_EXCLUDE_SIZE = ALIGN (0x0, CY_FLASH_ROW_SIZE)
                [!provide]                PROVIDE (__cy_heap_start, _end)
                0x00000001                PROVIDE (__cy_region_num, ((__cy_regions_end - __cy_regions) / 0x10))
                0x20008000                PROVIDE (__cy_stack, (ORIGIN (ram) + LENGTH (ram)))
                [!provide]                PROVIDE (__cy_heap_end, (__cy_stack - 0x800))

.cybootloader   0x00000000        0x0
 *(.cybootloader)
                0x00000000                appl1_start = CY_APPL_ORIGIN?CY_APPL_ORIGIN:ALIGN (CY_FLASH_ROW_SIZE)
                0x0001ff00                appl2_start = (appl1_start + ALIGN ((((LENGTH (rom) - appl1_start) - (0x2 * CY_FLASH_ROW_SIZE)) / 0x2), CY_FLASH_ROW_SIZE))
                0x00000000                appl_start = (CY_APPL_NUM == 0x1)?appl1_start:appl2_start
                0x00000000                ecc_offset = ((appl_start / CY_FLASH_ROW_SIZE) * CY_ECC_ROW_SIZE)
                0x00000000                ee_offset = (CY_APPL_LOADABLE && ! (CY_EE_IN_BTLDR))?((CY_EE_SIZE / CY_APPL_MAX) * (CY_APPL_NUM - 0x1)):0x0
                0x00000800                ee_size = (CY_APPL_LOADABLE && ! (CY_EE_IN_BTLDR))?(CY_EE_SIZE / CY_APPL_MAX):CY_EE_SIZE
                [!provide]                PROVIDE (CY_ECC_OFFSET, ecc_offset)

.text           0x00000000     0x14b8
 CREATE_OBJECT_SYMBOLS
                0x00000000                PROVIDE (__cy_interrupt_vector, RomVectors)
 *(.romvectors)
 .romvectors    0x00000000       0x10 .\CortexM3\ARM_GCC_541\Debug\Cm3Start.o
                0x00000000                RomVectors
                0x00000001                ASSERT ((. != __cy_interrupt_vector), No interrupt vector)
                0x00000001                ASSERT (CY_APPL_ORIGIN?(SIZEOF (.cybootloader) <= CY_APPL_ORIGIN):0x1, Wrong image location)
                0x00000010                PROVIDE (__cy_reset, Reset)
 *(.text.Reset)
 .text.Reset    0x00000010       0x18 .\CortexM3\ARM_GCC_541\Debug\Cm3Start.o
                0x00000010                Reset
                0x00000001                ASSERT ((. != __cy_reset), No reset code)
 *(.dma_init)
                0x00000001                ASSERT ((((appl_start + .) <= 0x10000) || 0x1), DMA Init must be within the first 64k of flash)
 *(.text .text.* .gnu.linkonce.t.*)
 .text          0x00000028       0x5c c:/program files (x86)/cypress/psoc creator/4.4/psoc creator/import/gnu/arm/5.4.1/bin/../lib/gcc/arm-none-eabi/5.4.1/armv7-m/crtbegin.o
 .text.frame_int
                0x00000084       0x14 .\CortexM3\ARM_GCC_541\Debug\main.o
                0x00000084                frame_int
 .text.target_int
                0x00000098        0x8 .\CortexM3\ARM_GCC_541\Debug\main.o
                0x00000098                target_int
 .text.dark_int
                0x000000a0       0x34 .\CortexM3\ARM_GCC_541\Debug\main.o
                0x000000a0                dark_int
 .text.main     0x000000d4       0x50 .\CortexM3\ARM_GCC_541\Debug\main.o
                0x000000d4                main
 .text.initLCD  0x00000124       0x1c .\CortexM3\ARM_GCC_541\Debug\lcd_functions.o
                0x00000124                initLCD
 .text.CyClockStartupError
                0x00000140        0x4 .\CortexM3\ARM_GCC_541\Debug\cyfitter_cfg.o
 .text.cfg_write_bytes32
                0x00000144       0x34 .\CortexM3\ARM_GCC_541\Debug\cyfitter_cfg.o
 .text.AnalogSetDefault
                0x00000178       0x48 .\CortexM3\ARM_GCC_541\Debug\cyfitter_cfg.o
 .text.CYMEMZERO
                0x000001c0        0xc .\CortexM3\ARM_GCC_541\Debug\cyfitter_cfg.o
 .text.ClockSetup
                0x000001cc       0xc0 .\CortexM3\ARM_GCC_541\Debug\cyfitter_cfg.o
 .text.CYCONFIGCPY
                0x0000028c        0x8 .\CortexM3\ARM_GCC_541\Debug\cyfitter_cfg.o
 .text.cyfitter_cfg
                0x00000294      0x14c .\CortexM3\ARM_GCC_541\Debug\cyfitter_cfg.o
                0x00000294                cyfitter_cfg
 .text.IntDefaultHandler
                0x000003e0       0x10 .\CortexM3\ARM_GCC_541\Debug\Cm3Start.o
                0x000003e0                IntDefaultHandler
 .text._sbrk    0x000003f0       0x30 .\CortexM3\ARM_GCC_541\Debug\Cm3Start.o
                0x000003f0                _sbrk
 .text.Start_c  0x00000420       0x4c .\CortexM3\ARM_GCC_541\Debug\Cm3Start.o
                0x00000420                Start_c
 .text.initialize_psoc
                0x0000046c       0x68 .\CortexM3\ARM_GCC_541\Debug\Cm3Start.o
                0x0000046c                initialize_psoc
 .text.LCD_WrCntrlNib
                0x000004d4       0x34 .\CortexM3\ARM_GCC_541\Debug\Design.a(LCD.o)
 .text.LCD_WrDatNib
                0x00000508       0x44 .\CortexM3\ARM_GCC_541\Debug\Design.a(LCD.o)
 .text.LCD_IsReady
                0x0000054c       0xe4 .\CortexM3\ARM_GCC_541\Debug\Design.a(LCD.o)
                0x0000054c                LCD_IsReady
 .text.LCD_WriteData
                0x00000630       0x18 .\CortexM3\ARM_GCC_541\Debug\Design.a(LCD.o)
                0x00000630                LCD_WriteData
 .text.LCD_PrintString
                0x00000648       0x1c .\CortexM3\ARM_GCC_541\Debug\Design.a(LCD.o)
                0x00000648                LCD_PrintString
 .text.LCD_WriteControl
                0x00000664       0x18 .\CortexM3\ARM_GCC_541\Debug\Design.a(LCD.o)
                0x00000664                LCD_WriteControl
 .text.LCD_Init
                0x0000067c       0x6c .\CortexM3\ARM_GCC_541\Debug\Design.a(LCD.o)
                0x0000067c                LCD_Init
 .text.LCD_Enable
                0x000006e8       0x14 .\CortexM3\ARM_GCC_541\Debug\Design.a(LCD.o)
                0x000006e8                LCD_Enable
 .text.LCD_Start
                0x000006fc       0x1c .\CortexM3\ARM_GCC_541\Debug\Design.a(LCD.o)
                0x000006fc                LCD_Start
 .text.LCD_Position
                0x00000718       0x3c .\CortexM3\ARM_GCC_541\Debug\Design.a(LCD.o)
                0x00000718                LCD_Position
 .text.CyDelay  0x00000754       0x2c .\CortexM3\ARM_GCC_541\Debug\Design.a(CyLib.o)
                0x00000754                CyDelay
 .text.CyDelayUs
                0x00000780       0x14 .\CortexM3\ARM_GCC_541\Debug\Design.a(CyLib.o)
                0x00000780                CyDelayUs
 .text.Frame_Interrupt_Interrupt
                0x00000794        0x4 .\CortexM3\ARM_GCC_541\Debug\Design.a(Frame_Interrupt.o)
                0x00000794                Frame_Interrupt_Interrupt
 .text.Frame_Interrupt_SetVector
                0x00000798        0xc .\CortexM3\ARM_GCC_541\Debug\Design.a(Frame_Interrupt.o)
                0x00000798                Frame_Interrupt_SetVector
 .text.Frame_Interrupt_SetPriority
                0x000007a4       0x10 .\CortexM3\ARM_GCC_541\Debug\Design.a(Frame_Interrupt.o)
                0x000007a4                Frame_Interrupt_SetPriority
 .text.Frame_Interrupt_Enable
                0x000007b4        0xc .\CortexM3\ARM_GCC_541\Debug\Design.a(Frame_Interrupt.o)
                0x000007b4                Frame_Interrupt_Enable
 .text.Frame_Interrupt_Disable
                0x000007c0        0xc .\CortexM3\ARM_GCC_541\Debug\Design.a(Frame_Interrupt.o)
                0x000007c0                Frame_Interrupt_Disable
 .text.Frame_Interrupt_Start
                0x000007cc       0x1c .\CortexM3\ARM_GCC_541\Debug\Design.a(Frame_Interrupt.o)
                0x000007cc                Frame_Interrupt_Start
 .text.XBee_Init
                0x000007e8       0x28 .\CortexM3\ARM_GCC_541\Debug\Design.a(XBee.o)
                0x000007e8                XBee_Init
 .text.XBee_Enable
                0x00000810       0x38 .\CortexM3\ARM_GCC_541\Debug\Design.a(XBee.o)
                0x00000810                XBee_Enable
 .text.XBee_Start
                0x00000848       0x1c .\CortexM3\ARM_GCC_541\Debug\Design.a(XBee.o)
                0x00000848                XBee_Start
 .text.XBee_PutChar
                0x00000864       0x18 .\CortexM3\ARM_GCC_541\Debug\Design.a(XBee.o)
                0x00000864                XBee_PutChar
 .text.XBee_PutString
                0x0000087c       0x24 .\CortexM3\ARM_GCC_541\Debug\Design.a(XBee.o)
                0x0000087c                XBee_PutString
 .text.XBee_IntClock_Start
                0x000008a0       0x1c .\CortexM3\ARM_GCC_541\Debug\Design.a(XBee_IntClock.o)
                0x000008a0                XBee_IntClock_Start
 .text.Target_Interrupt_Interrupt
                0x000008bc        0x4 .\CortexM3\ARM_GCC_541\Debug\Design.a(Target_Interrupt.o)
                0x000008bc                Target_Interrupt_Interrupt
 .text.Target_Interrupt_SetVector
                0x000008c0        0xc .\CortexM3\ARM_GCC_541\Debug\Design.a(Target_Interrupt.o)
                0x000008c0                Target_Interrupt_SetVector
 .text.Target_Interrupt_SetPriority
                0x000008cc       0x10 .\CortexM3\ARM_GCC_541\Debug\Design.a(Target_Interrupt.o)
                0x000008cc                Target_Interrupt_SetPriority
 .text.Target_Interrupt_Enable
                0x000008dc        0xc .\CortexM3\ARM_GCC_541\Debug\Design.a(Target_Interrupt.o)
                0x000008dc                Target_Interrupt_Enable
 .text.Target_Interrupt_Disable
                0x000008e8        0xc .\CortexM3\ARM_GCC_541\Debug\Design.a(Target_Interrupt.o)
                0x000008e8                Target_Interrupt_Disable
 .text.Target_Interrupt_Start
                0x000008f4       0x1c .\CortexM3\ARM_GCC_541\Debug\Design.a(Target_Interrupt.o)
                0x000008f4                Target_Interrupt_Start
 .text.Reference_Enable
                0x00000910       0x1c .\CortexM3\ARM_GCC_541\Debug\Design.a(Reference.o)
                0x00000910                Reference_Enable
 .text.Reference_SetSpeed
                0x0000092c       0x1c .\CortexM3\ARM_GCC_541\Debug\Design.a(Reference.o)
                0x0000092c                Reference_SetSpeed
 .text.Reference_SetValue
                0x00000948        0xc .\CortexM3\ARM_GCC_541\Debug\Design.a(Reference.o)
                0x00000948                Reference_SetValue
 .text.Reference_DacTrim
                0x00000954       0x24 .\CortexM3\ARM_GCC_541\Debug\Design.a(Reference.o)
                0x00000954                Reference_DacTrim
 .text.Reference_SetRange
                0x00000978       0x20 .\CortexM3\ARM_GCC_541\Debug\Design.a(Reference.o)
                0x00000978                Reference_SetRange
 .text.Reference_Init
                0x00000998       0x1c .\CortexM3\ARM_GCC_541\Debug\Design.a(Reference.o)
                0x00000998                Reference_Init
 .text.Reference_Start
                0x000009b4       0x24 .\CortexM3\ARM_GCC_541\Debug\Design.a(Reference.o)
                0x000009b4                Reference_Start
 .text.Analog_CMP_Enable
                0x000009d8       0x1c .\CortexM3\ARM_GCC_541\Debug\Design.a(Analog_CMP.o)
                0x000009d8                Analog_CMP_Enable
 .text.Analog_CMP_SetSpeed
                0x000009f4       0x58 .\CortexM3\ARM_GCC_541\Debug\Design.a(Analog_CMP.o)
                0x000009f4                Analog_CMP_SetSpeed
 .text.Analog_CMP_Init
                0x00000a4c       0x3c .\CortexM3\ARM_GCC_541\Debug\Design.a(Analog_CMP.o)
                0x00000a4c                Analog_CMP_Init
 .text.Analog_CMP_Start
                0x00000a88       0x1c .\CortexM3\ARM_GCC_541\Debug\Design.a(Analog_CMP.o)
                0x00000a88                Analog_CMP_Start
 .text.Dark_Timer_Enable
                0x00000aa4       0x10 .\CortexM3\ARM_GCC_541\Debug\Design.a(Dark_Timer.o)
                0x00000aa4                Dark_Timer_Enable
 .text.Dark_Timer_SetInterruptMode
                0x00000ab4        0xc .\CortexM3\ARM_GCC_541\Debug\Design.a(Dark_Timer.o)
                0x00000ab4                Dark_Timer_SetInterruptMode
 .text.Dark_Timer_ReadStatusRegister
                0x00000ac0        0xc .\CortexM3\ARM_GCC_541\Debug\Design.a(Dark_Timer.o)
                0x00000ac0                Dark_Timer_ReadStatusRegister
 .text.Dark_Timer_WritePeriod
                0x00000acc        0xc .\CortexM3\ARM_GCC_541\Debug\Design.a(Dark_Timer.o)
                0x00000acc                Dark_Timer_WritePeriod
 .text.Dark_Timer_ReadCapture
                0x00000ad8        0xc .\CortexM3\ARM_GCC_541\Debug\Design.a(Dark_Timer.o)
                0x00000ad8                Dark_Timer_ReadCapture
 .text.Dark_Timer_WriteCounter
                0x00000ae4        0xc .\CortexM3\ARM_GCC_541\Debug\Design.a(Dark_Timer.o)
                0x00000ae4                Dark_Timer_WriteCounter
 .text.Dark_Timer_SetInterruptCount
                0x00000af0       0x1c .\CortexM3\ARM_GCC_541\Debug\Design.a(Dark_Timer.o)
                0x00000af0                Dark_Timer_SetInterruptCount
 .text.Dark_Timer_ClearFIFO
                0x00000b0c       0x14 .\CortexM3\ARM_GCC_541\Debug\Design.a(Dark_Timer.o)
                0x00000b0c                Dark_Timer_ClearFIFO
 .text.Dark_Timer_Init
                0x00000b20       0x3c .\CortexM3\ARM_GCC_541\Debug\Design.a(Dark_Timer.o)
                0x00000b20                Dark_Timer_Init
 .text.Dark_Timer_Start
                0x00000b5c       0x1c .\CortexM3\ARM_GCC_541\Debug\Design.a(Dark_Timer.o)
                0x00000b5c                Dark_Timer_Start
 .text.Dark_Interrupt_Interrupt
                0x00000b78        0x4 .\CortexM3\ARM_GCC_541\Debug\Design.a(Dark_Interrupt.o)
                0x00000b78                Dark_Interrupt_Interrupt
 .text.Dark_Interrupt_SetVector
                0x00000b7c        0xc .\CortexM3\ARM_GCC_541\Debug\Design.a(Dark_Interrupt.o)
                0x00000b7c                Dark_Interrupt_SetVector
 .text.Dark_Interrupt_SetPriority
                0x00000b88       0x10 .\CortexM3\ARM_GCC_541\Debug\Design.a(Dark_Interrupt.o)
                0x00000b88                Dark_Interrupt_SetPriority
 .text.Dark_Interrupt_Enable
                0x00000b98        0xc .\CortexM3\ARM_GCC_541\Debug\Design.a(Dark_Interrupt.o)
                0x00000b98                Dark_Interrupt_Enable
 .text.Dark_Interrupt_Disable
                0x00000ba4        0xc .\CortexM3\ARM_GCC_541\Debug\Design.a(Dark_Interrupt.o)
                0x00000ba4                Dark_Interrupt_Disable
 .text.Dark_Interrupt_Start
                0x00000bb0       0x1c .\CortexM3\ARM_GCC_541\Debug\Design.a(Dark_Interrupt.o)
                0x00000bb0                Dark_Interrupt_Start
 *fill*         0x00000bcc        0x4 
 .text          0x00000bd0       0x20 .\CortexM3\ARM_GCC_541\Debug\Design.a(CyBootAsmGnu.o)
                0x00000bd0                CyDelayCycles
                0x00000be0                CyEnterCriticalSection
                0x00000be8                CyExitCriticalSection
 .text.__errno  0x00000bf0        0xc c:/program files (x86)/cypress/psoc creator/4.4/psoc creator/import/gnu/arm/5.4.1/bin/../lib/gcc/arm-none-eabi/5.4.1/../../../../arm-none-eabi/lib/armv7-m\libg_nano.a(lib_a-errno.o)
                0x00000bf0                __errno
 .text.__libc_init_array
                0x00000bfc       0x4c c:/program files (x86)/cypress/psoc creator/4.4/psoc creator/import/gnu/arm/5.4.1/bin/../lib/gcc/arm-none-eabi/5.4.1/../../../../arm-none-eabi/lib/armv7-m\libg_nano.a(lib_a-init.o)
                0x00000bfc                __libc_init_array
 .text.memcpy   0x00000c48       0x16 c:/program files (x86)/cypress/psoc creator/4.4/psoc creator/import/gnu/arm/5.4.1/bin/../lib/gcc/arm-none-eabi/5.4.1/../../../../arm-none-eabi/lib/armv7-m\libg_nano.a(lib_a-memcpy-stub.o)
                0x00000c48                memcpy
 .text.memset   0x00000c5e       0x10 c:/program files (x86)/cypress/psoc creator/4.4/psoc creator/import/gnu/arm/5.4.1/bin/../lib/gcc/arm-none-eabi/5.4.1/../../../../arm-none-eabi/lib/armv7-m\libg_nano.a(lib_a-memset.o)
                0x00000c5e                memset
 *fill*         0x00000c6e        0x2 
 .text.sprintf  0x00000c70       0x48 c:/program files (x86)/cypress/psoc creator/4.4/psoc creator/import/gnu/arm/5.4.1/bin/../lib/gcc/arm-none-eabi/5.4.1/../../../../arm-none-eabi/lib/armv7-m\libg_nano.a(lib_a-sprintf.o)
                0x00000c70                siprintf
                0x00000c70                sprintf
 .text.__ssputs_r
                0x00000cb8       0xb2 c:/program files (x86)/cypress/psoc creator/4.4/psoc creator/import/gnu/arm/5.4.1/bin/../lib/gcc/arm-none-eabi/5.4.1/../../../../arm-none-eabi/lib/armv7-m\libg_nano.a(lib_a-nano-svfprintf.o)
                0x00000cb8                __ssputs_r
 *fill*         0x00000d6a        0x2 
 .text._svfprintf_r
                0x00000d6c      0x1e8 c:/program files (x86)/cypress/psoc creator/4.4/psoc creator/import/gnu/arm/5.4.1/bin/../lib/gcc/arm-none-eabi/5.4.1/../../../../arm-none-eabi/lib/armv7-m\libg_nano.a(lib_a-nano-svfprintf.o)
                0x00000d6c                _svfiprintf_r
                0x00000d6c                _svfprintf_r
 .text._printf_common
                0x00000f54       0xec c:/program files (x86)/cypress/psoc creator/4.4/psoc creator/import/gnu/arm/5.4.1/bin/../lib/gcc/arm-none-eabi/5.4.1/../../../../arm-none-eabi/lib/armv7-m\libg_nano.a(lib_a-nano-vfprintf_i.o)
                0x00000f54                _printf_common
 .text._printf_i
                0x00001040      0x24c c:/program files (x86)/cypress/psoc creator/4.4/psoc creator/import/gnu/arm/5.4.1/bin/../lib/gcc/arm-none-eabi/5.4.1/../../../../arm-none-eabi/lib/armv7-m\libg_nano.a(lib_a-nano-vfprintf_i.o)
                0x00001040                _printf_i
 .text.memchr   0x0000128c       0x1c c:/program files (x86)/cypress/psoc creator/4.4/psoc creator/import/gnu/arm/5.4.1/bin/../lib/gcc/arm-none-eabi/5.4.1/../../../../arm-none-eabi/lib/armv7-m\libg_nano.a(lib_a-memchr-stub.o)
                0x0000128c                memchr
 .text.memmove  0x000012a8       0x36 c:/program files (x86)/cypress/psoc creator/4.4/psoc creator/import/gnu/arm/5.4.1/bin/../lib/gcc/arm-none-eabi/5.4.1/../../../../arm-none-eabi/lib/armv7-m\libg_nano.a(lib_a-memmove.o)
                0x000012a8                memmove
 *fill*         0x000012de        0x2 
 .text._free_r  0x000012e0       0x98 c:/program files (x86)/cypress/psoc creator/4.4/psoc creator/import/gnu/arm/5.4.1/bin/../lib/gcc/arm-none-eabi/5.4.1/../../../../arm-none-eabi/lib/armv7-m\libg_nano.a(lib_a-nano-freer.o)
                0x000012e0                _free_r
 .text._malloc_r
                0x00001378       0xbc c:/program files (x86)/cypress/psoc creator/4.4/psoc creator/import/gnu/arm/5.4.1/bin/../lib/gcc/arm-none-eabi/5.4.1/../../../../arm-none-eabi/lib/armv7-m\libg_nano.a(lib_a-nano-mallocr.o)
                0x00001378                _malloc_r
 .text._realloc_r
                0x00001434       0x4c c:/program files (x86)/cypress/psoc creator/4.4/psoc creator/import/gnu/arm/5.4.1/bin/../lib/gcc/arm-none-eabi/5.4.1/../../../../arm-none-eabi/lib/armv7-m\libg_nano.a(lib_a-nano-reallocr.o)
                0x00001434                _realloc_r
 .text._sbrk_r  0x00001480       0x20 c:/program files (x86)/cypress/psoc creator/4.4/psoc creator/import/gnu/arm/5.4.1/bin/../lib/gcc/arm-none-eabi/5.4.1/../../../../arm-none-eabi/lib/armv7-m\libg_nano.a(lib_a-sbrkr.o)
                0x00001480                _sbrk_r
 .text.__malloc_lock
                0x000014a0        0x2 c:/program files (x86)/cypress/psoc creator/4.4/psoc creator/import/gnu/arm/5.4.1/bin/../lib/gcc/arm-none-eabi/5.4.1/../../../../arm-none-eabi/lib/armv7-m\libg_nano.a(lib_a-mlock.o)
                0x000014a0                __malloc_lock
 .text.__malloc_unlock
                0x000014a2        0x2 c:/program files (x86)/cypress/psoc creator/4.4/psoc creator/import/gnu/arm/5.4.1/bin/../lib/gcc/arm-none-eabi/5.4.1/../../../../arm-none-eabi/lib/armv7-m\libg_nano.a(lib_a-mlock.o)
                0x000014a2                __malloc_unlock
 .text._malloc_usable_size_r
                0x000014a4       0x14 c:/program files (x86)/cypress/psoc creator/4.4/psoc creator/import/gnu/arm/5.4.1/bin/../lib/gcc/arm-none-eabi/5.4.1/../../../../arm-none-eabi/lib/armv7-m\libg_nano.a(lib_a-nano-msizer.o)
                0x000014a4                _malloc_usable_size_r
 *(.plt)
 *(.gnu.warning)
 *(.glue_7t)
 .glue_7t       0x000014b8        0x0 linker stubs
 *(.glue_7)
 .glue_7        0x000014b8        0x0 linker stubs
 *(.vfp11_veneer)
 .vfp11_veneer  0x000014b8        0x0 linker stubs
 *(.bootloader)
 *(.ARM.extab* .gnu.linkonce.armextab.*)
 *(.gcc_except_table)

.v4_bx          0x000014b8        0x0
 .v4_bx         0x000014b8        0x0 linker stubs

.iplt           0x000014b8        0x0
 .iplt          0x000014b8        0x0 c:/program files (x86)/cypress/psoc creator/4.4/psoc creator/import/gnu/arm/5.4.1/bin/../lib/gcc/arm-none-eabi/5.4.1/armv7-m/crtbegin.o

.eh_frame_hdr
 *(.eh_frame_hdr)

.eh_frame       0x000014b8        0x4
 *(.eh_frame)
 .eh_frame      0x000014b8        0x0 c:/program files (x86)/cypress/psoc creator/4.4/psoc creator/import/gnu/arm/5.4.1/bin/../lib/gcc/arm-none-eabi/5.4.1/armv7-m/crtbegin.o
 .eh_frame      0x000014b8        0x4 c:/program files (x86)/cypress/psoc creator/4.4/psoc creator/import/gnu/arm/5.4.1/bin/../lib/gcc/arm-none-eabi/5.4.1/armv7-m/crtend.o
                [!provide]                PROVIDE (__exidx_start, .)

.ARM.exidx
 *(.ARM.exidx* .gnu.linkonce.armexidx.*)
                0x000014bc                __exidx_end = .

.rodata         0x000014bc       0xe4
 *(.rodata .rodata.* .gnu.linkonce.r.*)
 .rodata.str1.4
                0x000014bc       0x19 .\CortexM3\ARM_GCC_541\Debug\main.o
 *fill*         0x000014d5        0x3 
 .rodata.str1.4
                0x000014d8       0x18 .\CortexM3\ARM_GCC_541\Debug\lcd_functions.o
                                 0x17 (size before relaxing)
 .rodata        0x000014f0       0x46 .\CortexM3\ARM_GCC_541\Debug\cyfitter_cfg.o
 .rodata.str1.1
                0x00001536        0x2 c:/program files (x86)/cypress/psoc creator/4.4/psoc creator/import/gnu/arm/5.4.1/bin/../lib/gcc/arm-none-eabi/5.4.1/../../../../arm-none-eabi/lib/armv7-m\libg_nano.a(lib_a-impure.o)
 .rodata.str1.1
                0x00001538       0x11 c:/program files (x86)/cypress/psoc creator/4.4/psoc creator/import/gnu/arm/5.4.1/bin/../lib/gcc/arm-none-eabi/5.4.1/../../../../arm-none-eabi/lib/armv7-m\libg_nano.a(lib_a-nano-svfprintf.o)
 .rodata.str1.1
                0x00001549       0x22 c:/program files (x86)/cypress/psoc creator/4.4/psoc creator/import/gnu/arm/5.4.1/bin/../lib/gcc/arm-none-eabi/5.4.1/../../../../arm-none-eabi/lib/armv7-m\libg_nano.a(lib_a-nano-vfprintf_i.o)
                0x0000156c                . = ALIGN (0x4)
 *fill*         0x0000156b        0x1 
 *(.init)
 .init          0x0000156c        0x4 c:/program files (x86)/cypress/psoc creator/4.4/psoc creator/import/gnu/arm/5.4.1/bin/../lib/gcc/arm-none-eabi/5.4.1/armv7-m/crti.o
                0x0000156c                _init
 .init          0x00001570        0x8 c:/program files (x86)/cypress/psoc creator/4.4/psoc creator/import/gnu/arm/5.4.1/bin/../lib/gcc/arm-none-eabi/5.4.1/armv7-m/crtn.o
                0x00001578                . = ALIGN (0x4)
                0x00001578                __preinit_array_start = .
 *(.preinit_array)
                0x00001578                __preinit_array_end = .
                0x00001578                . = ALIGN (0x4)
                0x00001578                __init_array_start = .
 *(SORT(.init_array.*))
 *(.init_array)
 .init_array    0x00001578        0x4 c:/program files (x86)/cypress/psoc creator/4.4/psoc creator/import/gnu/arm/5.4.1/bin/../lib/gcc/arm-none-eabi/5.4.1/armv7-m/crtbegin.o
 .init_array    0x0000157c        0x4 .\CortexM3\ARM_GCC_541\Debug\Cm3Start.o
                0x00001580                __init_array_end = .
                0x00001580                . = ALIGN (0x4)
 *(.fini)
 .fini          0x00001580        0x4 c:/program files (x86)/cypress/psoc creator/4.4/psoc creator/import/gnu/arm/5.4.1/bin/../lib/gcc/arm-none-eabi/5.4.1/armv7-m/crti.o
                0x00001580                _fini
 .fini          0x00001584        0x8 c:/program files (x86)/cypress/psoc creator/4.4/psoc creator/import/gnu/arm/5.4.1/bin/../lib/gcc/arm-none-eabi/5.4.1/armv7-m/crtn.o
                0x0000158c                . = ALIGN (0x4)
                0x0000158c                __fini_array_start = .
 *(.fini_array)
 .fini_array    0x0000158c        0x4 c:/program files (x86)/cypress/psoc creator/4.4/psoc creator/import/gnu/arm/5.4.1/bin/../lib/gcc/arm-none-eabi/5.4.1/armv7-m/crtbegin.o
 *(SORT(.fini_array.*))
                0x00001590                __fini_array_end = .
                0x00001590                . = ALIGN (0x4)
 *crtbegin.o(.ctors)
 *(EXCLUDE_FILE(*crtend.o) .ctors)
 *(SORT(.ctors.*))
 *crtend.o(.ctors)
                0x00001590                . = ALIGN (0x4)
 *crtbegin.o(.dtors)
 *(EXCLUDE_FILE(*crtend.o) .dtors)
 *(SORT(.dtors.*))
 *crtend.o(.dtors)
                0x00001590                . = ALIGN (0x4)
                0x00001590                __cy_regions = .
                0x00001590        0x4 LONG 0x15a0 __cy_region_init_ram
                0x00001594        0x4 LONG 0x1fff80c8 __cy_region_start_data
                0x00001598        0x4 LONG 0x80 __cy_region_init_size_ram
                0x0000159c        0x4 LONG 0x38 __cy_region_zero_size_ram
                0x000015a0                __cy_regions_end = .
                0x000015a0                . = ALIGN (0x8)
                0x000015a0                _etext = .

.cy_checksum_exclude
                0x000015a0        0x0
 *(.cy_checksum_exclude)

.ramvectors     0x1fff8000       0xc0
                0x1fff8000                __cy_region_start_ram = .
 *(.ramvectors)
 .ramvectors    0x1fff8000       0xc0 .\CortexM3\ARM_GCC_541\Debug\Cm3Start.o
                0x1fff8000                CyRamVectors

.noinit         0x1fff80c0        0x1
 *(.noinit)
 .noinit        0x1fff80c0        0x1 .\CortexM3\ARM_GCC_541\Debug\Design.a(CyLib.o)
                0x1fff80c0                CyResetStatus

.data           0x1fff80c8       0x80 load address 0x000015a0
                0x1fff80c8                __cy_region_start_data = .
 *(.jcr)
 .jcr           0x1fff80c8        0x0 c:/program files (x86)/cypress/psoc creator/4.4/psoc creator/import/gnu/arm/5.4.1/bin/../lib/gcc/arm-none-eabi/5.4.1/armv7-m/crtbegin.o
 .jcr           0x1fff80c8        0x4 c:/program files (x86)/cypress/psoc creator/4.4/psoc creator/import/gnu/arm/5.4.1/bin/../lib/gcc/arm-none-eabi/5.4.1/armv7-m/crtend.o
 *(.got.plt)
 *(.got)
 *(.shdata)
 *(.data .data.* .gnu.linkonce.d.*)
 .data          0x1fff80cc        0x4 .\CortexM3\ARM_GCC_541\Debug\Cm3Start.o
 .data          0x1fff80d0       0x10 .\CortexM3\ARM_GCC_541\Debug\Design.a(CyLib.o)
                0x1fff80d0                cydelay_32k_ms
                0x1fff80d4                cydelay_freq_khz
                0x1fff80d8                cydelay_freq_mhz
                0x1fff80dc                cydelay_freq_hz
 .data.impure_data
                0x1fff80e0       0x60 c:/program files (x86)/cypress/psoc creator/4.4/psoc creator/import/gnu/arm/5.4.1/bin/../lib/gcc/arm-none-eabi/5.4.1/../../../../arm-none-eabi/lib/armv7-m\libg_nano.a(lib_a-impure.o)
 .data._impure_ptr
                0x1fff8140        0x4 c:/program files (x86)/cypress/psoc creator/4.4/psoc creator/import/gnu/arm/5.4.1/bin/../lib/gcc/arm-none-eabi/5.4.1/../../../../arm-none-eabi/lib/armv7-m\libg_nano.a(lib_a-impure.o)
                0x1fff8140                _impure_ptr
                0x1fff8148                . = ALIGN (0x8)
 *fill*         0x1fff8144        0x4 
 *(.ram)
                0x1fff8148                _edata = .

.igot.plt       0x1fff8148        0x0 load address 0x00001620
 .igot.plt      0x1fff8148        0x0 c:/program files (x86)/cypress/psoc creator/4.4/psoc creator/import/gnu/arm/5.4.1/bin/../lib/gcc/arm-none-eabi/5.4.1/armv7-m/crtbegin.o

.bss            0x1fff8148       0x38 load address 0x00001620
                0x1fff8148                PROVIDE (__bss_start__, .)
 *(.shbss)
 *(.bss .bss.* .gnu.linkonce.b.*)
 .bss           0x1fff8148       0x1c c:/program files (x86)/cypress/psoc creator/4.4/psoc creator/import/gnu/arm/5.4.1/bin/../lib/gcc/arm-none-eabi/5.4.1/armv7-m/crtbegin.o
 .bss           0x1fff8164        0x8 .\CortexM3\ARM_GCC_541\Debug\main.o
                0x1fff8164                numFrames
                0x1fff8168                numRows
 .bss           0x1fff816c        0x2 .\CortexM3\ARM_GCC_541\Debug\Design.a(LCD.o)
                0x1fff816c                LCD_enableState
                0x1fff816d                LCD_initVar
 .bss           0x1fff816e        0x2 .\CortexM3\ARM_GCC_541\Debug\Design.a(XBee.o)
                0x1fff816e                XBee_initVar
 .bss           0x1fff8170        0x1 .\CortexM3\ARM_GCC_541\Debug\Design.a(Reference.o)
                0x1fff8170                Reference_initVar
 .bss           0x1fff8171        0x1 .\CortexM3\ARM_GCC_541\Debug\Design.a(Analog_CMP.o)
                0x1fff8171                Analog_CMP_initVar
 .bss           0x1fff8172        0x1 .\CortexM3\ARM_GCC_541\Debug\Design.a(Dark_Timer.o)
                0x1fff8172                Dark_Timer_initVar
 *fill*         0x1fff8173        0x1 
 .bss.__malloc_sbrk_start
                0x1fff8174        0x4 c:/program files (x86)/cypress/psoc creator/4.4/psoc creator/import/gnu/arm/5.4.1/bin/../lib/gcc/arm-none-eabi/5.4.1/../../../../arm-none-eabi/lib/armv7-m\libg_nano.a(lib_a-nano-mallocr.o)
                0x1fff8174                __malloc_sbrk_start
 .bss.__malloc_free_list
                0x1fff8178        0x4 c:/program files (x86)/cypress/psoc creator/4.4/psoc creator/import/gnu/arm/5.4.1/bin/../lib/gcc/arm-none-eabi/5.4.1/../../../../arm-none-eabi/lib/armv7-m\libg_nano.a(lib_a-nano-mallocr.o)
                0x1fff8178                __malloc_free_list
 *(COMMON)
 COMMON         0x1fff817c        0x4 c:/program files (x86)/cypress/psoc creator/4.4/psoc creator/import/gnu/arm/5.4.1/bin/../lib/gcc/arm-none-eabi/5.4.1/../../../../arm-none-eabi/lib/armv7-m\libg_nano.a(lib_a-reent.o)
                0x1fff817c                errno
                0x1fff8180                . = ALIGN (0x8)
 *(.ram.b)
                0x1fff8180                _end = .
                0x1fff8180                __end = .
                0x1fff8180                PROVIDE (end, .)
                0x1fff8180                PROVIDE (__bss_end__, .)
                0x000015a0                __cy_region_init_ram = LOADADDR (.data)
                0x00000080                __cy_region_init_size_ram = (_edata - ADDR (.data))
                0x00000038                __cy_region_zero_size_ram = (_end - _edata)

.heap           0x1fff8180       0x80 load address 0x00001620
                0x1fff8180                . = _end
                0x1fff8200                . = (. + 0x80)
 *fill*         0x1fff8180       0x80 
                0x1fff8200                __cy_heap_limit = .

.stack          0x20007800      0x800
                0x20007800                __cy_stack_limit = .
                0x20008000                . = (. + 0x800)
 *fill*         0x20007800      0x800 
                0x00000001                ASSERT ((__cy_stack_limit >= __cy_heap_limit), region RAM overflowed with stack)
                0x00000000                cy_checksum_exclude_size = (CY_APPL_LOADABLE == 0x1)?SIZEOF (.cy_checksum_exclude):0x0
                0x00000001                ASSERT ((cy_checksum_exclude_size <= CY_CHECKSUM_EXCLUDE_SIZE), CY_BOOT: Section .cy_checksum_exclude size exceedes specified limit.)

.cyloadermeta
 *(.cyloadermeta)

.cyloadablemeta
 *(.cyloadablemeta)

.cyconfigecc    0x80000000      0x70c
 *(.cyconfigecc)
 .cyconfigecc   0x80000000      0x70c .\CortexM3\ARM_GCC_541\Debug\cymetadata.o
                0x80000000                cy_meta_configecc

.cycustnvl      0x90000000        0x4
 *(.cycustnvl)
 .cycustnvl     0x90000000        0x4 .\CortexM3\ARM_GCC_541\Debug\cymetadata.o
                0x90000000                cy_meta_custnvl

.cywolatch      0x90100000        0x4
 *(.cywolatch)
 .cywolatch     0x90100000        0x4 .\CortexM3\ARM_GCC_541\Debug\cymetadata.o
                0x90100000                cy_meta_wonvl

.cyeeprom       0x90200000        0x0
 *(.cyeeprom)
                0x00000001                ASSERT ((. <= ((0x90200000 + ee_offset) + ee_size)), .cyeeprom data will not fit in EEPROM)

.cyflashprotect
                0x90400000      0x100
 *(.cyflashprotect)
 .cyflashprotect
                0x90400000      0x100 .\CortexM3\ARM_GCC_541\Debug\cymetadata.o
                0x90400000                cy_meta_flashprotect

.cymeta         0x90500000        0xc
 *(.cymeta)
 .cymeta        0x90500000        0xc .\CortexM3\ARM_GCC_541\Debug\cymetadata.o
                0x90500000                cy_metadata

.rel.dyn        0x00001620        0x0 load address 0x9050000c
 .rel.iplt      0x00001620        0x0 c:/program files (x86)/cypress/psoc creator/4.4/psoc creator/import/gnu/arm/5.4.1/bin/../lib/gcc/arm-none-eabi/5.4.1/armv7-m/crtbegin.o

.stab
 *(.stab)

.stabstr
 *(.stabstr)

.debug
 *(.debug)

.line
 *(.line)

.debug_srcinfo
 *(.debug_srcinfo)

.debug_sfnames
 *(.debug_sfnames)

.debug_aranges  0x00000000      0xa70
 *(.debug_aranges)
 .debug_aranges
                0x00000000       0x38 .\CortexM3\ARM_GCC_541\Debug\main.o
 .debug_aranges
                0x00000038       0x48 .\CortexM3\ARM_GCC_541\Debug\lcd_functions.o
 .debug_aranges
                0x00000080       0x58 .\CortexM3\ARM_GCC_541\Debug\cyfitter_cfg.o
 .debug_aranges
                0x000000d8       0x18 .\CortexM3\ARM_GCC_541\Debug\cymetadata.o
 .debug_aranges
                0x000000f0       0x48 .\CortexM3\ARM_GCC_541\Debug\Cm3Start.o
 .debug_aranges
                0x00000138       0x98 .\CortexM3\ARM_GCC_541\Debug\Design.a(LCD.o)
 .debug_aranges
                0x000001d0      0x2a0 .\CortexM3\ARM_GCC_541\Debug\Design.a(CyLib.o)
 .debug_aranges
                0x00000470       0x98 .\CortexM3\ARM_GCC_541\Debug\Design.a(cyPm.o)
 .debug_aranges
                0x00000508       0x80 .\CortexM3\ARM_GCC_541\Debug\Design.a(Frame_Interrupt.o)
 .debug_aranges
                0x00000588       0xf0 .\CortexM3\ARM_GCC_541\Debug\Design.a(XBee.o)
 .debug_aranges
                0x00000678       0x70 .\CortexM3\ARM_GCC_541\Debug\Design.a(XBee_IntClock.o)
 .debug_aranges
                0x000006e8       0x80 .\CortexM3\ARM_GCC_541\Debug\Design.a(Target_Interrupt.o)
 .debug_aranges
                0x00000768       0x58 .\CortexM3\ARM_GCC_541\Debug\Design.a(Reference.o)
 .debug_aranges
                0x000007c0       0x70 .\CortexM3\ARM_GCC_541\Debug\Design.a(Analog_CMP.o)
 .debug_aranges
                0x00000830       0x98 .\CortexM3\ARM_GCC_541\Debug\Design.a(Dark_Timer.o)
 .debug_aranges
                0x000008c8       0x80 .\CortexM3\ARM_GCC_541\Debug\Design.a(Dark_Interrupt.o)
 .debug_aranges
                0x00000948       0x20 .\CortexM3\ARM_GCC_541\Debug\Design.a(CyBootAsmGnu.o)
 .debug_aranges
                0x00000968       0x88 .\CortexM3\ARM_GCC_541\Debug\Design.a(CyFlash.o)
 .debug_aranges
                0x000009f0       0x80 .\CortexM3\ARM_GCC_541\Debug\Design.a(CySpc.o)

.debug_pubnames
 *(.debug_pubnames)

.debug_info     0x00000000     0x5ad3
 *(.debug_info .gnu.linkonce.wi.*)
 .debug_info    0x00000000      0x2f2 .\CortexM3\ARM_GCC_541\Debug\main.o
 .debug_info    0x000002f2      0x349 .\CortexM3\ARM_GCC_541\Debug\lcd_functions.o
 .debug_info    0x0000063b      0x5f0 .\CortexM3\ARM_GCC_541\Debug\cyfitter_cfg.o
 .debug_info    0x00000c2b      0x139 .\CortexM3\ARM_GCC_541\Debug\cymetadata.o
 .debug_info    0x00000d64      0x3bb .\CortexM3\ARM_GCC_541\Debug\Cm3Start.o
 .debug_info    0x0000111f      0x715 .\CortexM3\ARM_GCC_541\Debug\Design.a(LCD.o)
 .debug_info    0x00001834     0x1374 .\CortexM3\ARM_GCC_541\Debug\Design.a(CyLib.o)
 .debug_info    0x00002ba8      0xa2a .\CortexM3\ARM_GCC_541\Debug\Design.a(cyPm.o)
 .debug_info    0x000035d2      0x2d2 .\CortexM3\ARM_GCC_541\Debug\Design.a(Frame_Interrupt.o)
 .debug_info    0x000038a4      0x60c .\CortexM3\ARM_GCC_541\Debug\Design.a(XBee.o)
 .debug_info    0x00003eb0      0x283 .\CortexM3\ARM_GCC_541\Debug\Design.a(XBee_IntClock.o)
 .debug_info    0x00004133      0x2d2 .\CortexM3\ARM_GCC_541\Debug\Design.a(Target_Interrupt.o)
 .debug_info    0x00004405      0x1de .\CortexM3\ARM_GCC_541\Debug\Design.a(Reference.o)
 .debug_info    0x000045e3      0x2c8 .\CortexM3\ARM_GCC_541\Debug\Design.a(Analog_CMP.o)
 .debug_info    0x000048ab      0x328 .\CortexM3\ARM_GCC_541\Debug\Design.a(Dark_Timer.o)
 .debug_info    0x00004bd3      0x2d2 .\CortexM3\ARM_GCC_541\Debug\Design.a(Dark_Interrupt.o)
 .debug_info    0x00004ea5       0x91 .\CortexM3\ARM_GCC_541\Debug\Design.a(CyBootAsmGnu.o)
 .debug_info    0x00004f36      0x64d .\CortexM3\ARM_GCC_541\Debug\Design.a(CyFlash.o)
 .debug_info    0x00005583      0x550 .\CortexM3\ARM_GCC_541\Debug\Design.a(CySpc.o)

.debug_abbrev   0x00000000     0x19fb
 *(.debug_abbrev)
 .debug_abbrev  0x00000000      0x12e .\CortexM3\ARM_GCC_541\Debug\main.o
 .debug_abbrev  0x0000012e      0x116 .\CortexM3\ARM_GCC_541\Debug\lcd_functions.o
 .debug_abbrev  0x00000244      0x20d .\CortexM3\ARM_GCC_541\Debug\cyfitter_cfg.o
 .debug_abbrev  0x00000451       0x77 .\CortexM3\ARM_GCC_541\Debug\cymetadata.o
 .debug_abbrev  0x000004c8      0x1e8 .\CortexM3\ARM_GCC_541\Debug\Cm3Start.o
 .debug_abbrev  0x000006b0      0x157 .\CortexM3\ARM_GCC_541\Debug\Design.a(LCD.o)
 .debug_abbrev  0x00000807      0x254 .\CortexM3\ARM_GCC_541\Debug\Design.a(CyLib.o)
 .debug_abbrev  0x00000a5b      0x1ab .\CortexM3\ARM_GCC_541\Debug\Design.a(cyPm.o)
 .debug_abbrev  0x00000c06      0x173 .\CortexM3\ARM_GCC_541\Debug\Design.a(Frame_Interrupt.o)
 .debug_abbrev  0x00000d79      0x175 .\CortexM3\ARM_GCC_541\Debug\Design.a(XBee.o)
 .debug_abbrev  0x00000eee      0x139 .\CortexM3\ARM_GCC_541\Debug\Design.a(XBee_IntClock.o)
 .debug_abbrev  0x00001027      0x173 .\CortexM3\ARM_GCC_541\Debug\Design.a(Target_Interrupt.o)
 .debug_abbrev  0x0000119a       0xf7 .\CortexM3\ARM_GCC_541\Debug\Design.a(Reference.o)
 .debug_abbrev  0x00001291      0x16e .\CortexM3\ARM_GCC_541\Debug\Design.a(Analog_CMP.o)
 .debug_abbrev  0x000013ff      0x13a .\CortexM3\ARM_GCC_541\Debug\Design.a(Dark_Timer.o)
 .debug_abbrev  0x00001539      0x173 .\CortexM3\ARM_GCC_541\Debug\Design.a(Dark_Interrupt.o)
 .debug_abbrev  0x000016ac       0x14 .\CortexM3\ARM_GCC_541\Debug\Design.a(CyBootAsmGnu.o)
 .debug_abbrev  0x000016c0      0x1a7 .\CortexM3\ARM_GCC_541\Debug\Design.a(CyFlash.o)
 .debug_abbrev  0x00001867      0x194 .\CortexM3\ARM_GCC_541\Debug\Design.a(CySpc.o)

.debug_line     0x00000000     0x2857
 *(.debug_line)
 .debug_line    0x00000000      0x2a5 .\CortexM3\ARM_GCC_541\Debug\main.o
 .debug_line    0x000002a5      0x244 .\CortexM3\ARM_GCC_541\Debug\lcd_functions.o
 .debug_line    0x000004e9      0x1fe .\CortexM3\ARM_GCC_541\Debug\cyfitter_cfg.o
 .debug_line    0x000006e7      0x141 .\CortexM3\ARM_GCC_541\Debug\cymetadata.o
 .debug_line    0x00000828      0x234 .\CortexM3\ARM_GCC_541\Debug\Cm3Start.o
 .debug_line    0x00000a5c      0x1dc .\CortexM3\ARM_GCC_541\Debug\Design.a(LCD.o)
 .debug_line    0x00000c38      0x816 .\CortexM3\ARM_GCC_541\Debug\Design.a(CyLib.o)
 .debug_line    0x0000144e      0x367 .\CortexM3\ARM_GCC_541\Debug\Design.a(cyPm.o)
 .debug_line    0x000017b5      0x13c .\CortexM3\ARM_GCC_541\Debug\Design.a(Frame_Interrupt.o)
 .debug_line    0x000018f1      0x2bc .\CortexM3\ARM_GCC_541\Debug\Design.a(XBee.o)
 .debug_line    0x00001bad      0x17c .\CortexM3\ARM_GCC_541\Debug\Design.a(XBee_IntClock.o)
 .debug_line    0x00001d29      0x13d .\CortexM3\ARM_GCC_541\Debug\Design.a(Target_Interrupt.o)
 .debug_line    0x00001e66       0xe6 .\CortexM3\ARM_GCC_541\Debug\Design.a(Reference.o)
 .debug_line    0x00001f4c      0x169 .\CortexM3\ARM_GCC_541\Debug\Design.a(Analog_CMP.o)
 .debug_line    0x000020b5      0x187 .\CortexM3\ARM_GCC_541\Debug\Design.a(Dark_Timer.o)
 .debug_line    0x0000223c      0x13b .\CortexM3\ARM_GCC_541\Debug\Design.a(Dark_Interrupt.o)
 .debug_line    0x00002377       0x66 .\CortexM3\ARM_GCC_541\Debug\Design.a(CyBootAsmGnu.o)
 .debug_line    0x000023dd      0x21a .\CortexM3\ARM_GCC_541\Debug\Design.a(CyFlash.o)
 .debug_line    0x000025f7      0x260 .\CortexM3\ARM_GCC_541\Debug\Design.a(CySpc.o)

.debug_frame    0x00000000     0x1e14
 *(.debug_frame)
 .debug_frame   0x00000000       0x78 .\CortexM3\ARM_GCC_541\Debug\main.o
 .debug_frame   0x00000078       0xc4 .\CortexM3\ARM_GCC_541\Debug\lcd_functions.o
 .debug_frame   0x0000013c       0xe4 .\CortexM3\ARM_GCC_541\Debug\cyfitter_cfg.o
 .debug_frame   0x00000220       0xb8 .\CortexM3\ARM_GCC_541\Debug\Cm3Start.o
 .debug_frame   0x000002d8      0x1e8 .\CortexM3\ARM_GCC_541\Debug\Design.a(LCD.o)
 .debug_frame   0x000004c0      0x738 .\CortexM3\ARM_GCC_541\Debug\Design.a(CyLib.o)
 .debug_frame   0x00000bf8      0x1f8 .\CortexM3\ARM_GCC_541\Debug\Design.a(cyPm.o)
 .debug_frame   0x00000df0      0x104 .\CortexM3\ARM_GCC_541\Debug\Design.a(Frame_Interrupt.o)
 .debug_frame   0x00000ef4      0x250 .\CortexM3\ARM_GCC_541\Debug\Design.a(XBee.o)
 .debug_frame   0x00001144       0xe0 .\CortexM3\ARM_GCC_541\Debug\Design.a(XBee_IntClock.o)
 .debug_frame   0x00001224      0x104 .\CortexM3\ARM_GCC_541\Debug\Design.a(Target_Interrupt.o)
 .debug_frame   0x00001328       0xb4 .\CortexM3\ARM_GCC_541\Debug\Design.a(Reference.o)
 .debug_frame   0x000013dc      0x108 .\CortexM3\ARM_GCC_541\Debug\Design.a(Analog_CMP.o)
 .debug_frame   0x000014e4      0x134 .\CortexM3\ARM_GCC_541\Debug\Design.a(Dark_Timer.o)
 .debug_frame   0x00001618      0x104 .\CortexM3\ARM_GCC_541\Debug\Design.a(Dark_Interrupt.o)
 .debug_frame   0x0000171c      0x194 .\CortexM3\ARM_GCC_541\Debug\Design.a(CyFlash.o)
 .debug_frame   0x000018b0      0x180 .\CortexM3\ARM_GCC_541\Debug\Design.a(CySpc.o)
 .debug_frame   0x00001a30       0x20 c:/program files (x86)/cypress/psoc creator/4.4/psoc creator/import/gnu/arm/5.4.1/bin/../lib/gcc/arm-none-eabi/5.4.1/../../../../arm-none-eabi/lib/armv7-m\libg_nano.a(lib_a-errno.o)
 .debug_frame   0x00001a50       0x28 c:/program files (x86)/cypress/psoc creator/4.4/psoc creator/import/gnu/arm/5.4.1/bin/../lib/gcc/arm-none-eabi/5.4.1/../../../../arm-none-eabi/lib/armv7-m\libg_nano.a(lib_a-exit.o)
 .debug_frame   0x00001a78       0x2c c:/program files (x86)/cypress/psoc creator/4.4/psoc creator/import/gnu/arm/5.4.1/bin/../lib/gcc/arm-none-eabi/5.4.1/../../../../arm-none-eabi/lib/armv7-m\libg_nano.a(lib_a-init.o)
 .debug_frame   0x00001aa4       0x28 c:/program files (x86)/cypress/psoc creator/4.4/psoc creator/import/gnu/arm/5.4.1/bin/../lib/gcc/arm-none-eabi/5.4.1/../../../../arm-none-eabi/lib/armv7-m\libg_nano.a(lib_a-memcpy-stub.o)
 .debug_frame   0x00001acc       0x20 c:/program files (x86)/cypress/psoc creator/4.4/psoc creator/import/gnu/arm/5.4.1/bin/../lib/gcc/arm-none-eabi/5.4.1/../../../../arm-none-eabi/lib/armv7-m\libg_nano.a(lib_a-memset.o)
 .debug_frame   0x00001aec       0x70 c:/program files (x86)/cypress/psoc creator/4.4/psoc creator/import/gnu/arm/5.4.1/bin/../lib/gcc/arm-none-eabi/5.4.1/../../../../arm-none-eabi/lib/armv7-m\libg_nano.a(lib_a-sprintf.o)
 .debug_frame   0x00001b5c       0x90 c:/program files (x86)/cypress/psoc creator/4.4/psoc creator/import/gnu/arm/5.4.1/bin/../lib/gcc/arm-none-eabi/5.4.1/../../../../arm-none-eabi/lib/armv7-m\libg_nano.a(lib_a-nano-svfprintf.o)
 .debug_frame   0x00001bec       0x60 c:/program files (x86)/cypress/psoc creator/4.4/psoc creator/import/gnu/arm/5.4.1/bin/../lib/gcc/arm-none-eabi/5.4.1/../../../../arm-none-eabi/lib/armv7-m\libg_nano.a(lib_a-nano-vfprintf_i.o)
 .debug_frame   0x00001c4c       0x28 c:/program files (x86)/cypress/psoc creator/4.4/psoc creator/import/gnu/arm/5.4.1/bin/../lib/gcc/arm-none-eabi/5.4.1/../../../../arm-none-eabi/lib/armv7-m\libg_nano.a(lib_a-memchr-stub.o)
 .debug_frame   0x00001c74       0x28 c:/program files (x86)/cypress/psoc creator/4.4/psoc creator/import/gnu/arm/5.4.1/bin/../lib/gcc/arm-none-eabi/5.4.1/../../../../arm-none-eabi/lib/armv7-m\libg_nano.a(lib_a-memmove.o)
 .debug_frame   0x00001c9c       0x38 c:/program files (x86)/cypress/psoc creator/4.4/psoc creator/import/gnu/arm/5.4.1/bin/../lib/gcc/arm-none-eabi/5.4.1/../../../../arm-none-eabi/lib/armv7-m\libg_nano.a(lib_a-nano-freer.o)
 .debug_frame   0x00001cd4       0x2c c:/program files (x86)/cypress/psoc creator/4.4/psoc creator/import/gnu/arm/5.4.1/bin/../lib/gcc/arm-none-eabi/5.4.1/../../../../arm-none-eabi/lib/armv7-m\libg_nano.a(lib_a-nano-mallocr.o)
 .debug_frame   0x00001d00       0x3c c:/program files (x86)/cypress/psoc creator/4.4/psoc creator/import/gnu/arm/5.4.1/bin/../lib/gcc/arm-none-eabi/5.4.1/../../../../arm-none-eabi/lib/armv7-m\libg_nano.a(lib_a-nano-reallocr.o)
 .debug_frame   0x00001d3c       0x2c c:/program files (x86)/cypress/psoc creator/4.4/psoc creator/import/gnu/arm/5.4.1/bin/../lib/gcc/arm-none-eabi/5.4.1/../../../../arm-none-eabi/lib/armv7-m\libg_nano.a(lib_a-sbrkr.o)
 .debug_frame   0x00001d68       0x30 c:/program files (x86)/cypress/psoc creator/4.4/psoc creator/import/gnu/arm/5.4.1/bin/../lib/gcc/arm-none-eabi/5.4.1/../../../../arm-none-eabi/lib/armv7-m\libg_nano.a(lib_a-mlock.o)
 .debug_frame   0x00001d98       0x20 c:/program files (x86)/cypress/psoc creator/4.4/psoc creator/import/gnu/arm/5.4.1/bin/../lib/gcc/arm-none-eabi/5.4.1/../../../../arm-none-eabi/lib/armv7-m\libg_nano.a(lib_a-nano-msizer.o)
 .debug_frame   0x00001db8       0x5c c:/program files (x86)/cypress/psoc creator/4.4/psoc creator/import/gnu/arm/5.4.1/bin/../lib/gcc/arm-none-eabi/5.4.1/../../../../arm-none-eabi/lib/armv7-m\libg_nano.a(lib_a-reent.o)

.debug_str      0x00000000     0x2190
 *(.debug_str)
 .debug_str     0x00000000      0x2c3 .\CortexM3\ARM_GCC_541\Debug\main.o
                                0x30b (size before relaxing)
 .debug_str     0x000002c3       0x8d .\CortexM3\ARM_GCC_541\Debug\lcd_functions.o
                                0x23f (size before relaxing)
 .debug_str     0x00000350      0x1bb .\CortexM3\ARM_GCC_541\Debug\cyfitter_cfg.o
                                0x34b (size before relaxing)
 .debug_str     0x0000050b       0x7f .\CortexM3\ARM_GCC_541\Debug\cymetadata.o
                                0x1e5 (size before relaxing)
 .debug_str     0x0000058a      0x13e .\CortexM3\ARM_GCC_541\Debug\Cm3Start.o
                                0x30b (size before relaxing)
 .debug_str     0x000006c8      0x151 .\CortexM3\ARM_GCC_541\Debug\Design.a(LCD.o)
                                0x32c (size before relaxing)
 .debug_str     0x00000819      0x824 .\CortexM3\ARM_GCC_541\Debug\Design.a(CyLib.o)
                                0xa48 (size before relaxing)
 .debug_str     0x0000103d      0x365 .\CortexM3\ARM_GCC_541\Debug\Design.a(cyPm.o)
                                0x734 (size before relaxing)
 .debug_str     0x000013a2      0x142 .\CortexM3\ARM_GCC_541\Debug\Design.a(Frame_Interrupt.o)
                                0x333 (size before relaxing)
 .debug_str     0x000014e4      0x280 .\CortexM3\ARM_GCC_541\Debug\Design.a(XBee.o)
                                0x476 (size before relaxing)
 .debug_str     0x00001764      0x183 .\CortexM3\ARM_GCC_541\Debug\Design.a(XBee_IntClock.o)
                                0x337 (size before relaxing)
 .debug_str     0x000018e7      0x14e .\CortexM3\ARM_GCC_541\Debug\Design.a(Target_Interrupt.o)
                                0x341 (size before relaxing)
 .debug_str     0x00001a35       0xbb .\CortexM3\ARM_GCC_541\Debug\Design.a(Reference.o)
                                0x248 (size before relaxing)
 .debug_str     0x00001af0      0x150 .\CortexM3\ARM_GCC_541\Debug\Design.a(Analog_CMP.o)
                                0x30d (size before relaxing)
 .debug_str     0x00001c40      0x1b3 .\CortexM3\ARM_GCC_541\Debug\Design.a(Dark_Timer.o)
                                0x3c2 (size before relaxing)
 .debug_str     0x00001df3      0x136 .\CortexM3\ARM_GCC_541\Debug\Design.a(Dark_Interrupt.o)
                                0x325 (size before relaxing)
 .debug_str     0x00001f29      0x1bb .\CortexM3\ARM_GCC_541\Debug\Design.a(CyFlash.o)
                                0x3c1 (size before relaxing)
 .debug_str     0x000020e4       0xac .\CortexM3\ARM_GCC_541\Debug\Design.a(CySpc.o)
                                0x339 (size before relaxing)

.debug_loc      0x00000000     0x257f
 *(.debug_loc)
 .debug_loc     0x00000000       0x13 .\CortexM3\ARM_GCC_541\Debug\main.o
 .debug_loc     0x00000013      0x143 .\CortexM3\ARM_GCC_541\Debug\lcd_functions.o
 .debug_loc     0x00000156      0x25a .\CortexM3\ARM_GCC_541\Debug\cyfitter_cfg.o
 .debug_loc     0x000003b0      0x144 .\CortexM3\ARM_GCC_541\Debug\Cm3Start.o
 .debug_loc     0x000004f4      0x3c6 .\CortexM3\ARM_GCC_541\Debug\Design.a(LCD.o)
 .debug_loc     0x000008ba      0xa11 .\CortexM3\ARM_GCC_541\Debug\Design.a(CyLib.o)
 .debug_loc     0x000012cb      0x1e4 .\CortexM3\ARM_GCC_541\Debug\Design.a(cyPm.o)
 .debug_loc     0x000014af       0x56 .\CortexM3\ARM_GCC_541\Debug\Design.a(Frame_Interrupt.o)
 .debug_loc     0x00001505      0x258 .\CortexM3\ARM_GCC_541\Debug\Design.a(XBee.o)
 .debug_loc     0x0000175d      0x128 .\CortexM3\ARM_GCC_541\Debug\Design.a(XBee_IntClock.o)
 .debug_loc     0x00001885       0x56 .\CortexM3\ARM_GCC_541\Debug\Design.a(Target_Interrupt.o)
 .debug_loc     0x000018db       0x79 .\CortexM3\ARM_GCC_541\Debug\Design.a(Reference.o)
 .debug_loc     0x00001954       0xed .\CortexM3\ARM_GCC_541\Debug\Design.a(Analog_CMP.o)
 .debug_loc     0x00001a41       0x31 .\CortexM3\ARM_GCC_541\Debug\Design.a(Dark_Timer.o)
 .debug_loc     0x00001a72       0x56 .\CortexM3\ARM_GCC_541\Debug\Design.a(Dark_Interrupt.o)
 .debug_loc     0x00001ac8      0x3b2 .\CortexM3\ARM_GCC_541\Debug\Design.a(CyFlash.o)
 .debug_loc     0x00001e7a      0x705 .\CortexM3\ARM_GCC_541\Debug\Design.a(CySpc.o)

.debug_macinfo
 *(.debug_macinfo)

.debug_ranges   0x00000000      0x928
 *(.debug_ranges)
 .debug_ranges  0x00000000       0x28 .\CortexM3\ARM_GCC_541\Debug\main.o
 .debug_ranges  0x00000028       0x38 .\CortexM3\ARM_GCC_541\Debug\lcd_functions.o
 .debug_ranges  0x00000060       0x48 .\CortexM3\ARM_GCC_541\Debug\cyfitter_cfg.o
 .debug_ranges  0x000000a8       0x38 .\CortexM3\ARM_GCC_541\Debug\Cm3Start.o
 .debug_ranges  0x000000e0       0x88 .\CortexM3\ARM_GCC_541\Debug\Design.a(LCD.o)
 .debug_ranges  0x00000168      0x290 .\CortexM3\ARM_GCC_541\Debug\Design.a(CyLib.o)
 .debug_ranges  0x000003f8       0x88 .\CortexM3\ARM_GCC_541\Debug\Design.a(cyPm.o)
 .debug_ranges  0x00000480       0x70 .\CortexM3\ARM_GCC_541\Debug\Design.a(Frame_Interrupt.o)
 .debug_ranges  0x000004f0       0xe0 .\CortexM3\ARM_GCC_541\Debug\Design.a(XBee.o)
 .debug_ranges  0x000005d0       0x60 .\CortexM3\ARM_GCC_541\Debug\Design.a(XBee_IntClock.o)
 .debug_ranges  0x00000630       0x70 .\CortexM3\ARM_GCC_541\Debug\Design.a(Target_Interrupt.o)
 .debug_ranges  0x000006a0       0x48 .\CortexM3\ARM_GCC_541\Debug\Design.a(Reference.o)
 .debug_ranges  0x000006e8       0x60 .\CortexM3\ARM_GCC_541\Debug\Design.a(Analog_CMP.o)
 .debug_ranges  0x00000748       0x88 .\CortexM3\ARM_GCC_541\Debug\Design.a(Dark_Timer.o)
 .debug_ranges  0x000007d0       0x70 .\CortexM3\ARM_GCC_541\Debug\Design.a(Dark_Interrupt.o)
 .debug_ranges  0x00000840       0x78 .\CortexM3\ARM_GCC_541\Debug\Design.a(CyFlash.o)
 .debug_ranges  0x000008b8       0x70 .\CortexM3\ARM_GCC_541\Debug\Design.a(CySpc.o)

.comment        0x00000000       0x6e
 .comment       0x00000000       0x6e .\CortexM3\ARM_GCC_541\Debug\main.o
                                 0x6f (size before relaxing)
 .comment       0x0000006e       0x6f .\CortexM3\ARM_GCC_541\Debug\lcd_functions.o
 .comment       0x0000006e       0x6f .\CortexM3\ARM_GCC_541\Debug\cyfitter_cfg.o
 .comment       0x0000006e       0x6f .\CortexM3\ARM_GCC_541\Debug\cymetadata.o
 .comment       0x0000006e       0x6f .\CortexM3\ARM_GCC_541\Debug\Cm3Start.o
 .comment       0x0000006e       0x6f .\CortexM3\ARM_GCC_541\Debug\Design.a(LCD.o)
 .comment       0x0000006e       0x6f .\CortexM3\ARM_GCC_541\Debug\Design.a(CyLib.o)
 .comment       0x0000006e       0x6f .\CortexM3\ARM_GCC_541\Debug\Design.a(cyPm.o)
 .comment       0x0000006e       0x6f .\CortexM3\ARM_GCC_541\Debug\Design.a(Frame_Interrupt.o)
 .comment       0x0000006e       0x6f .\CortexM3\ARM_GCC_541\Debug\Design.a(XBee.o)
 .comment       0x0000006e       0x6f .\CortexM3\ARM_GCC_541\Debug\Design.a(XBee_IntClock.o)
 .comment       0x0000006e       0x6f .\CortexM3\ARM_GCC_541\Debug\Design.a(Target_Interrupt.o)
 .comment       0x0000006e       0x6f .\CortexM3\ARM_GCC_541\Debug\Design.a(Reference.o)
 .comment       0x0000006e       0x6f .\CortexM3\ARM_GCC_541\Debug\Design.a(Analog_CMP.o)
 .comment       0x0000006e       0x6f .\CortexM3\ARM_GCC_541\Debug\Design.a(Dark_Timer.o)
 .comment       0x0000006e       0x6f .\CortexM3\ARM_GCC_541\Debug\Design.a(Dark_Interrupt.o)
 .comment       0x0000006e       0x6f .\CortexM3\ARM_GCC_541\Debug\Design.a(CyFlash.o)
 .comment       0x0000006e       0x6f .\CortexM3\ARM_GCC_541\Debug\Design.a(CySpc.o)

.debug_weaknames
 *(.debug_weaknames)

.debug_funcnames
 *(.debug_funcnames)

.debug_typenames
 *(.debug_typenames)

.debug_varnames
 *(.debug_varnames)

.note.gnu.arm.ident
 *(.note.gnu.arm.ident)

.ARM.attributes
                0x00000000       0x29
 *(.ARM.attributes)
 .ARM.attributes
                0x00000000       0x1d c:/program files (x86)/cypress/psoc creator/4.4/psoc creator/import/gnu/arm/5.4.1/bin/../lib/gcc/arm-none-eabi/5.4.1/armv7-m/crti.o
 .ARM.attributes
                0x0000001d       0x2d c:/program files (x86)/cypress/psoc creator/4.4/psoc creator/import/gnu/arm/5.4.1/bin/../lib/gcc/arm-none-eabi/5.4.1/armv7-m/crtbegin.o
 .ARM.attributes
                0x0000004a       0x1b c:/program files (x86)/cypress/psoc creator/4.4/psoc creator/import/gnu/arm/5.4.1/bin/../lib/gcc/arm-none-eabi/5.4.1/../../../../arm-none-eabi/lib/armv7-m/crt0.o
 .ARM.attributes
                0x00000065       0x33 .\CortexM3\ARM_GCC_541\Debug\main.o
 .ARM.attributes
                0x00000098       0x33 .\CortexM3\ARM_GCC_541\Debug\lcd_functions.o
 .ARM.attributes
                0x000000cb       0x33 .\CortexM3\ARM_GCC_541\Debug\cyfitter_cfg.o
 .ARM.attributes
                0x000000fe       0x33 .\CortexM3\ARM_GCC_541\Debug\cymetadata.o
 .ARM.attributes
                0x00000131       0x33 .\CortexM3\ARM_GCC_541\Debug\Cm3Start.o
 .ARM.attributes
                0x00000164       0x33 .\CortexM3\ARM_GCC_541\Debug\Design.a(LCD.o)
 .ARM.attributes
                0x00000197       0x33 .\CortexM3\ARM_GCC_541\Debug\Design.a(CyLib.o)
 .ARM.attributes
                0x000001ca       0x33 .\CortexM3\ARM_GCC_541\Debug\Design.a(cyPm.o)
 .ARM.attributes
                0x000001fd       0x33 .\CortexM3\ARM_GCC_541\Debug\Design.a(Frame_Interrupt.o)
 .ARM.attributes
                0x00000230       0x33 .\CortexM3\ARM_GCC_541\Debug\Design.a(XBee.o)
 .ARM.attributes
                0x00000263       0x33 .\CortexM3\ARM_GCC_541\Debug\Design.a(XBee_IntClock.o)
 .ARM.attributes
                0x00000296       0x33 .\CortexM3\ARM_GCC_541\Debug\Design.a(Target_Interrupt.o)
 .ARM.attributes
                0x000002c9       0x33 .\CortexM3\ARM_GCC_541\Debug\Design.a(Reference.o)
 .ARM.attributes
                0x000002fc       0x33 .\CortexM3\ARM_GCC_541\Debug\Design.a(Analog_CMP.o)
 .ARM.attributes
                0x0000032f       0x33 .\CortexM3\ARM_GCC_541\Debug\Design.a(Dark_Timer.o)
 .ARM.attributes
                0x00000362       0x33 .\CortexM3\ARM_GCC_541\Debug\Design.a(Dark_Interrupt.o)
 .ARM.attributes
                0x00000395       0x21 .\CortexM3\ARM_GCC_541\Debug\Design.a(CyBootAsmGnu.o)
 .ARM.attributes
                0x000003b6       0x33 .\CortexM3\ARM_GCC_541\Debug\Design.a(CyFlash.o)
 .ARM.attributes
                0x000003e9       0x33 .\CortexM3\ARM_GCC_541\Debug\Design.a(CySpc.o)
 .ARM.attributes
                0x0000041c       0x2d c:/program files (x86)/cypress/psoc creator/4.4/psoc creator/import/gnu/arm/5.4.1/bin/../lib/gcc/arm-none-eabi/5.4.1/../../../../arm-none-eabi/lib/armv7-m\libg_nano.a(lib_a-errno.o)
 .ARM.attributes
                0x00000449       0x2d c:/program files (x86)/cypress/psoc creator/4.4/psoc creator/import/gnu/arm/5.4.1/bin/../lib/gcc/arm-none-eabi/5.4.1/../../../../arm-none-eabi/lib/armv7-m\libg_nano.a(lib_a-exit.o)
 .ARM.attributes
                0x00000476       0x2d c:/program files (x86)/cypress/psoc creator/4.4/psoc creator/import/gnu/arm/5.4.1/bin/../lib/gcc/arm-none-eabi/5.4.1/../../../../arm-none-eabi/lib/armv7-m\libg_nano.a(lib_a-impure.o)
 .ARM.attributes
                0x000004a3       0x2d c:/program files (x86)/cypress/psoc creator/4.4/psoc creator/import/gnu/arm/5.4.1/bin/../lib/gcc/arm-none-eabi/5.4.1/../../../../arm-none-eabi/lib/armv7-m\libg_nano.a(lib_a-init.o)
 .ARM.attributes
                0x000004d0       0x2d c:/program files (x86)/cypress/psoc creator/4.4/psoc creator/import/gnu/arm/5.4.1/bin/../lib/gcc/arm-none-eabi/5.4.1/../../../../arm-none-eabi/lib/armv7-m\libg_nano.a(lib_a-memcpy-stub.o)
 .ARM.attributes
                0x000004fd       0x2d c:/program files (x86)/cypress/psoc creator/4.4/psoc creator/import/gnu/arm/5.4.1/bin/../lib/gcc/arm-none-eabi/5.4.1/../../../../arm-none-eabi/lib/armv7-m\libg_nano.a(lib_a-memset.o)
 .ARM.attributes
                0x0000052a       0x2d c:/program files (x86)/cypress/psoc creator/4.4/psoc creator/import/gnu/arm/5.4.1/bin/../lib/gcc/arm-none-eabi/5.4.1/../../../../arm-none-eabi/lib/armv7-m\libg_nano.a(lib_a-sprintf.o)
 .ARM.attributes
                0x00000557       0x2d c:/program files (x86)/cypress/psoc creator/4.4/psoc creator/import/gnu/arm/5.4.1/bin/../lib/gcc/arm-none-eabi/5.4.1/../../../../arm-none-eabi/lib/armv7-m\libg_nano.a(lib_a-nano-svfprintf.o)
 .ARM.attributes
                0x00000584       0x2d c:/program files (x86)/cypress/psoc creator/4.4/psoc creator/import/gnu/arm/5.4.1/bin/../lib/gcc/arm-none-eabi/5.4.1/../../../../arm-none-eabi/lib/armv7-m\libg_nano.a(lib_a-nano-vfprintf_i.o)
 .ARM.attributes
                0x000005b1       0x2d c:/program files (x86)/cypress/psoc creator/4.4/psoc creator/import/gnu/arm/5.4.1/bin/../lib/gcc/arm-none-eabi/5.4.1/../../../../arm-none-eabi/lib/armv7-m\libg_nano.a(lib_a-memchr-stub.o)
 .ARM.attributes
                0x000005de       0x2d c:/program files (x86)/cypress/psoc creator/4.4/psoc creator/import/gnu/arm/5.4.1/bin/../lib/gcc/arm-none-eabi/5.4.1/../../../../arm-none-eabi/lib/armv7-m\libg_nano.a(lib_a-memmove.o)
 .ARM.attributes
                0x0000060b       0x2d c:/program files (x86)/cypress/psoc creator/4.4/psoc creator/import/gnu/arm/5.4.1/bin/../lib/gcc/arm-none-eabi/5.4.1/../../../../arm-none-eabi/lib/armv7-m\libg_nano.a(lib_a-nano-freer.o)
 .ARM.attributes
                0x00000638       0x2d c:/program files (x86)/cypress/psoc creator/4.4/psoc creator/import/gnu/arm/5.4.1/bin/../lib/gcc/arm-none-eabi/5.4.1/../../../../arm-none-eabi/lib/armv7-m\libg_nano.a(lib_a-nano-mallocr.o)
 .ARM.attributes
                0x00000665       0x2d c:/program files (x86)/cypress/psoc creator/4.4/psoc creator/import/gnu/arm/5.4.1/bin/../lib/gcc/arm-none-eabi/5.4.1/../../../../arm-none-eabi/lib/armv7-m\libg_nano.a(lib_a-nano-reallocr.o)
 .ARM.attributes
                0x00000692       0x2d c:/program files (x86)/cypress/psoc creator/4.4/psoc creator/import/gnu/arm/5.4.1/bin/../lib/gcc/arm-none-eabi/5.4.1/../../../../arm-none-eabi/lib/armv7-m\libg_nano.a(lib_a-sbrkr.o)
 .ARM.attributes
                0x000006bf       0x2d c:/program files (x86)/cypress/psoc creator/4.4/psoc creator/import/gnu/arm/5.4.1/bin/../lib/gcc/arm-none-eabi/5.4.1/../../../../arm-none-eabi/lib/armv7-m\libg_nano.a(lib_a-mlock.o)
 .ARM.attributes
                0x000006ec       0x2d c:/program files (x86)/cypress/psoc creator/4.4/psoc creator/import/gnu/arm/5.4.1/bin/../lib/gcc/arm-none-eabi/5.4.1/../../../../arm-none-eabi/lib/armv7-m\libg_nano.a(lib_a-nano-msizer.o)
 .ARM.attributes
                0x00000719       0x2d c:/program files (x86)/cypress/psoc creator/4.4/psoc creator/import/gnu/arm/5.4.1/bin/../lib/gcc/arm-none-eabi/5.4.1/../../../../arm-none-eabi/lib/armv7-m\libg_nano.a(lib_a-reent.o)
 .ARM.attributes
                0x00000746       0x2d c:/program files (x86)/cypress/psoc creator/4.4/psoc creator/import/gnu/arm/5.4.1/bin/../lib/gcc/arm-none-eabi/5.4.1/armv7-m/crtend.o
 .ARM.attributes
                0x00000773       0x1d c:/program files (x86)/cypress/psoc creator/4.4/psoc creator/import/gnu/arm/5.4.1/bin/../lib/gcc/arm-none-eabi/5.4.1/armv7-m/crtn.o

/DISCARD/
 *(.note.GNU-stack)
OUTPUT(C:\Users\ianh\Documents\Car Lab\Navigation\Navigation\Design.cydsn\CortexM3\ARM_GCC_541\Debug\Design.elf elf32-littlearm)
